'getOption("repos")' replaces Bioconductor standard repositories, see
'help("repositories", package = "BiocManager")' for details.
Replacement repositories:
    CRAN: https://p3m.dev/cran/__linux__/noble/latest
Bioconductor version 3.20 (BiocManager 1.30.25), R 4.4.2 (2024-10-31)
Installing package(s) 'CuratedAtlasQueryR'
also installing the dependencies ‘ttservice’, ‘tidySingleCellExperiment’

trying URL 'https://p3m.dev/cran/__linux__/noble/latest/src/contrib/ttservice_0.4.1.tar.gz'
Content type 'binary/octet-stream' length 31837 bytes (31 KB)
==================================================
downloaded 31 KB

trying URL 'https://bioconductor.org/packages/3.20/bioc/src/contrib/tidySingleCellExperiment_1.16.0.tar.gz'
Content type 'application/x-gzip' length 1878976 bytes (1.8 MB)
==================================================
downloaded 1.8 MB

trying URL 'https://bioconductor.org/packages/3.20/bioc/src/contrib/CuratedAtlasQueryR_1.4.0.tar.gz'
Content type 'application/x-gzip' length 1002196 bytes (978 KB)
==================================================
downloaded 978 KB

* installing *binary* package ‘ttservice’ ...
* ‘ttservice’ was already a binary package and will not be rebuilt
* creating tarball
packaged installation of ‘ttservice’ as ‘ttservice_0.4.1_R_x86_64-pc-linux-gnu.tar.gz’
* DONE (ttservice)
* installing *source* package ‘CuratedAtlasQueryR’ ...
** package ‘CuratedAtlasQueryR’ successfully unpacked and MD5 sums checked
** using staged installation
** R
** inst
** byte-compile and prepare package for lazy loading
** help
*** installing help indices
*** copying figures
** building package indices
** installing vignettes
** testing if installed package can be loaded from temporary location
** testing if installed package can be loaded from final location
** testing if installed package keeps a record of temporary installation path
* creating tarball
packaged installation of ‘CuratedAtlasQueryR’ as ‘CuratedAtlasQueryR_1.4.0_R_x86_64-pc-linux-gnu.tar.gz’
* DONE (CuratedAtlasQueryR)
* installing *source* package ‘tidySingleCellExperiment’ ...
** package ‘tidySingleCellExperiment’ successfully unpacked and MD5 sums checked
** using staged installation
** R
** data
** inst
** byte-compile and prepare package for lazy loading
** help
*** installing help indices
** building package indices
** installing vignettes
** testing if installed package can be loaded from temporary location
** testing if installed package can be loaded from final location
** testing if installed package keeps a record of temporary installation path
* creating tarball
packaged installation of ‘tidySingleCellExperiment’ as ‘tidySingleCellExperiment_1.16.0_R_x86_64-pc-linux-gnu.tar.gz’
* DONE (tidySingleCellExperiment)

The downloaded source packages are in
	‘/tmp/RtmpvoTIuZ/downloaded_packages’
Old packages: 'bslib', 'cli', 'cpp11', 'curl', 'evaluate', 'httr2', 'jsonlite',
  'openssl', 'pillar', 'pkgbuild', 'processx', 'ps', 'purrr', 'R6', 'Rcpp',
  'rlang', 'sessioninfo', 'systemfonts', 'testthat', 'textshaping', 'tinytex',
  'xfun', 'xml2', 'zip', 'class', 'foreign', 'KernSmooth', 'MASS', 'Matrix',
  'nlme', 'nnet', 'rpart', 'spatial'

real	2m50.795s
user	0m53.712s
sys	0m10.084s
