+ Rscript -e 'Sys.setenv(BIOCONDUCTOR_USE_CONTAINER_REPOSITORY=FALSE);
  p <- .libPaths();
  p <- c('\'''\'', '\'''\'', p);
  .libPaths(p);
  if(BiocManager::install('\''ramr'\'', INSTALL_opts = '\''--build'\'', update = TRUE, quiet = FALSE, dependencies=TRUE, force = TRUE, keep_outputs = TRUE) %in% rownames(installed.packages())) q(status = 0) else q(status = 1)'
'getOption("repos")' replaces Bioconductor standard repositories, see
'help("repositories", package = "BiocManager")' for details.
Replacement repositories:
    CRAN: https://cloud.r-project.org
Bioconductor version 3.21 (BiocManager 1.30.25), R 4.5.0 (2025-04-11)
Installing package(s) 'ramr'
also installing the dependencies ‘BSgenome’, ‘nloptr’, ‘pracma’, ‘regioneR’, ‘iterators’, ‘rngtools’, ‘nortest’, ‘numDeriv’, ‘optimx’, ‘gamlss.data’, ‘RUnit’, ‘annotatr’, ‘LOLA’, ‘org.Hs.eg.db’, ‘TxDb.Hsapiens.UCSC.hg19.knownGene’, ‘doParallel’, ‘foreach’, ‘doRNG’, ‘EnvStats’, ‘ExtDist’, ‘gamlss’, ‘gamlss.dist’

trying URL 'https://bioconductor.org/packages/3.21/bioc/src/contrib/BSgenome_1.76.0.tar.gz'
trying URL 'https://cloud.r-project.org/src/contrib/nloptr_2.2.1.tar.gz'
trying URL 'https://cloud.r-project.org/src/contrib/pracma_2.4.4.tar.gz'
trying URL 'https://bioconductor.org/packages/3.21/bioc/src/contrib/regioneR_1.39.0.tar.gz'
trying URL 'https://cloud.r-project.org/src/contrib/iterators_1.0.14.tar.gz'
trying URL 'https://cloud.r-project.org/src/contrib/rngtools_1.5.2.tar.gz'
trying URL 'https://cloud.r-project.org/src/contrib/nortest_1.0-4.tar.gz'
trying URL 'https://cloud.r-project.org/src/contrib/numDeriv_2016.8-1.1.tar.gz'
trying URL 'https://cloud.r-project.org/src/contrib/optimx_2025-4.9.tar.gz'
trying URL 'https://cloud.r-project.org/src/contrib/gamlss.data_6.0-6.tar.gz'
trying URL 'https://cloud.r-project.org/src/contrib/RUnit_0.4.33.tar.gz'
trying URL 'https://bioconductor.org/packages/3.21/bioc/src/contrib/annotatr_1.34.0.tar.gz'
trying URL 'https://bioconductor.org/packages/3.21/bioc/src/contrib/LOLA_1.38.0.tar.gz'
trying URL 'https://bioconductor.org/packages/3.21/data/annotation/src/contrib/org.Hs.eg.db_3.21.0.tar.gz'
trying URL 'https://bioconductor.org/packages/3.21/data/annotation/src/contrib/TxDb.Hsapiens.UCSC.hg19.knownGene_3.2.2.tar.gz'
trying URL 'https://cloud.r-project.org/src/contrib/doParallel_1.0.17.tar.gz'
trying URL 'https://cloud.r-project.org/src/contrib/foreach_1.5.2.tar.gz'
trying URL 'https://cloud.r-project.org/src/contrib/doRNG_1.8.6.2.tar.gz'
trying URL 'https://cloud.r-project.org/src/contrib/EnvStats_3.1.0.tar.gz'
trying URL 'https://cloud.r-project.org/src/contrib/ExtDist_0.7-2.tar.gz'
trying URL 'https://cloud.r-project.org/src/contrib/gamlss_5.4-22.tar.gz'
trying URL 'https://cloud.r-project.org/src/contrib/gamlss.dist_6.1-1.tar.gz'
trying URL 'https://bioconductor.org/packages/3.21/bioc/src/contrib/ramr_1.16.0.tar.gz'
