+ Rscript -e 'Sys.setenv(BIOCONDUCTOR_USE_CONTAINER_REPOSITORY=FALSE);
  p <- .libPaths();
  p <- c('\'''\'', '\'''\'', p);
  .libPaths(p);
  if(BiocManager::install('\''IntramiRExploreR'\'', INSTALL_opts = '\''--build'\'', update = TRUE, quiet = FALSE, dependencies=TRUE, force = TRUE, keep_outputs = TRUE) %in% rownames(installed.packages())) q(status = 0) else q(status = 1)'
'getOption("repos")' replaces Bioconductor standard repositories, see
'help("repositories", package = "BiocManager")' for details.
Replacement repositories:
    CRAN: https://cloud.r-project.org
Bioconductor version 3.21 (BiocManager 1.30.25), R 4.5.0 (2025-04-11)
Installing package(s) 'IntramiRExploreR'
also installing the dependencies ‘R.oo’, ‘R.methodsS3’, ‘R.utils’, ‘plotrix’, ‘graph’, ‘GO.db’, ‘SparseM’, ‘FGNet’, ‘gProfileR’, ‘topGO’, ‘org.Dm.eg.db’

trying URL 'https://cloud.r-project.org/src/contrib/R.oo_1.27.1.tar.gz'
trying URL 'https://cloud.r-project.org/src/contrib/R.methodsS3_1.8.2.tar.gz'
trying URL 'https://cloud.r-project.org/src/contrib/R.utils_2.13.0.tar.gz'
trying URL 'https://cloud.r-project.org/src/contrib/plotrix_3.8-4.tar.gz'
trying URL 'https://bioconductor.org/packages/3.21/bioc/src/contrib/graph_1.86.0.tar.gz'
trying URL 'https://bioconductor.org/packages/3.21/data/annotation/src/contrib/GO.db_3.21.0.tar.gz'
trying URL 'https://cloud.r-project.org/src/contrib/SparseM_1.84-2.tar.gz'
trying URL 'https://bioconductor.org/packages/3.21/bioc/src/contrib/FGNet_3.42.0.tar.gz'
trying URL 'https://cloud.r-project.org/src/contrib/gProfileR_0.7.0.tar.gz'
trying URL 'https://bioconductor.org/packages/3.21/bioc/src/contrib/topGO_2.59.0.tar.gz'
trying URL 'https://bioconductor.org/packages/3.21/data/annotation/src/contrib/org.Dm.eg.db_3.21.0.tar.gz'
trying URL 'https://bioconductor.org/packages/3.21/bioc/src/contrib/IntramiRExploreR_1.30.0.tar.gz'
* installing *source* package ‘R.methodsS3’ ...
** this is package ‘R.methodsS3’ version ‘1.8.2’
** package ‘R.methodsS3’ successfully unpacked and MD5 sums checked
** using staged installation
** R
** inst
** byte-compile and prepare package for lazy loading
** help
*** installing help indices
** building package indices
** testing if installed package can be loaded from temporary location
** testing if installed package can be loaded from final location
** testing if installed package keeps a record of temporary installation path
* creating tarball
packaged installation of ‘R.methodsS3’ as ‘R.methodsS3_1.8.2_R_x86_64-pc-linux-gnu.tar.gz’
* DONE (R.methodsS3)
* installing *source* package ‘plotrix’ ...
** this is package ‘plotrix’ version ‘3.8-4’
** package ‘plotrix’ successfully unpacked and MD5 sums checked
** using staged installation
** R
** data
** demo
** inst
** byte-compile and prepare package for lazy loading
** help
*** installing help indices
** building package indices
** testing if installed package can be loaded from temporary location
** testing if installed package can be loaded from final location
** testing if installed package keeps a record of temporary installation path
* creating tarball
packaged installation of ‘plotrix’ as ‘plotrix_3.8-4_R_x86_64-pc-linux-gnu.tar.gz’
* DONE (plotrix)
* installing *source* package ‘graph’ ...
** this is package ‘graph’ version ‘1.86.0’
** using staged installation
** libs
using C compiler: ‘gcc (Ubuntu 11.4.0-1ubuntu1~22.04) 11.4.0’
gcc -I"/usr/share/R/include" -DNDEBUG       -fpic  -g -O2 -ffile-prefix-map=/build/r-base-rgGXCp/r-base-4.5.0=. -fstack-protector-strong -Wformat -Werror=format-security -Wdate-time -D_FORTIFY_SOURCE=2  -c graph.c -o graph.o
gcc -shared -L/usr/lib/R/lib -Wl,-Bsymbolic-functions -flto=auto -ffat-lto-objects -flto=auto -Wl,-z,relro -o graph.so graph.o -L/usr/lib/R/lib -lR
mv graph.so BioC_graph.so
installing to /usr/local/lib/R/site-library/00LOCK-graph/00new/graph/libs
** R
** data
** inst
** byte-compile and prepare package for lazy loading
** help
*** installing help indices
** building package indices
** installing vignettes
** testing if installed package can be loaded from temporary location
** checking absolute paths in shared objects and dynamic libraries
** testing if installed package can be loaded from final location
** testing if installed package keeps a record of temporary installation path
* creating tarball
packaged installation of ‘graph’ as ‘graph_1.86.0_R_x86_64-pc-linux-gnu.tar.gz’
* DONE (graph)
* installing *source* package ‘GO.db’ ...
** this is package ‘GO.db’ version ‘3.21.0’
** using staged installation
** R
** inst
** byte-compile and prepare package for lazy loading
** help
*** installing help indices
** building package indices
** testing if installed package can be loaded from temporary location
** testing if installed package can be loaded from final location
** testing if installed package keeps a record of temporary installation path
* creating tarball
packaged installation of ‘GO.db’ as ‘GO.db_3.21.0_R_x86_64-pc-linux-gnu.tar.gz’
* DONE (GO.db)
* installing *source* package ‘SparseM’ ...
** this is package ‘SparseM’ version ‘1.84-2’
** package ‘SparseM’ successfully unpacked and MD5 sums checked
** using staged installation
** libs
using C compiler: ‘gcc (Ubuntu 11.4.0-1ubuntu1~22.04) 11.4.0’
using Fortran compiler: ‘GNU Fortran (Ubuntu 11.4.0-1ubuntu1~22.04) 11.4.0’
gfortran  -fpic  -g -O2 -ffile-prefix-map=/build/r-base-rgGXCp/r-base-4.5.0=. -fstack-protector-strong  -c bckslv.f -o bckslv.o
gfortran  -fpic  -g -O2 -ffile-prefix-map=/build/r-base-rgGXCp/r-base-4.5.0=. -fstack-protector-strong  -c chol.f -o chol.o
gfortran  -fpic  -g -O2 -ffile-prefix-map=/build/r-base-rgGXCp/r-base-4.5.0=. -fstack-protector-strong  -c chol2csr.f -o chol2csr.o
gfortran  -fpic  -g -O2 -ffile-prefix-map=/build/r-base-rgGXCp/r-base-4.5.0=. -fstack-protector-strong  -c cholesky.f -o cholesky.o
gfortran  -fpic  -g -O2 -ffile-prefix-map=/build/r-base-rgGXCp/r-base-4.5.0=. -fstack-protector-strong  -c csr.f -o csr.o
gfortran  -fpic  -g -O2 -ffile-prefix-map=/build/r-base-rgGXCp/r-base-4.5.0=. -fstack-protector-strong  -c extract.f -o extract.o
gcc -I"/usr/share/R/include" -DNDEBUG       -fpic  -g -O2 -ffile-prefix-map=/build/r-base-rgGXCp/r-base-4.5.0=. -fstack-protector-strong -Wformat -Werror=format-security -Wdate-time -D_FORTIFY_SOURCE=2  -c init.c -o init.o
gfortran  -fpic  -g -O2 -ffile-prefix-map=/build/r-base-rgGXCp/r-base-4.5.0=. -fstack-protector-strong  -c sparskit.f -o sparskit.o
gfortran  -fpic  -g -O2 -ffile-prefix-map=/build/r-base-rgGXCp/r-base-4.5.0=. -fstack-protector-strong  -c subscr.f -o subscr.o
gcc -shared -L/usr/lib/R/lib -Wl,-Bsymbolic-functions -flto=auto -ffat-lto-objects -flto=auto -Wl,-z,relro -o SparseM.so bckslv.o chol.o chol2csr.o cholesky.o csr.o extract.o init.o sparskit.o subscr.o -lgfortran -lm -lquadmath -L/usr/lib/R/lib -lR
installing to /usr/local/lib/R/site-library/00LOCK-SparseM/00new/SparseM/libs
** R
** data
** demo
** inst
** byte-compile and prepare package for lazy loading
Creating a generic function for ‘diag’ from package ‘base’ in package ‘SparseM’
Creating a generic function for ‘diag<-’ from package ‘base’ in package ‘SparseM’
Creating a generic function for ‘norm’ from package ‘base’ in package ‘SparseM’
Creating a generic function for ‘backsolve’ from package ‘base’ in package ‘SparseM’
Creating a generic function for ‘forwardsolve’ from package ‘base’ in package ‘SparseM’
Creating a generic function for ‘model.response’ from package ‘stats’ in package ‘SparseM’
** help
*** installing help indices
** building package indices
** installing vignettes
** testing if installed package can be loaded from temporary location
** checking absolute paths in shared objects and dynamic libraries
** testing if installed package can be loaded from final location
** testing if installed package keeps a record of temporary installation path
* creating tarball
packaged installation of ‘SparseM’ as ‘SparseM_1.84-2_R_x86_64-pc-linux-gnu.tar.gz’
* DONE (SparseM)
* installing *source* package ‘gProfileR’ ...
** this is package ‘gProfileR’ version ‘0.7.0’
** package ‘gProfileR’ successfully unpacked and MD5 sums checked
** using staged installation
** R
** byte-compile and prepare package for lazy loading
** help
*** installing help indices
** building package indices
** testing if installed package can be loaded from temporary location
** testing if installed package can be loaded from final location
** testing if installed package keeps a record of temporary installation path
* creating tarball
packaged installation of ‘gProfileR’ as ‘gProfileR_0.7.0_R_x86_64-pc-linux-gnu.tar.gz’
* DONE (gProfileR)
* installing *source* package ‘org.Dm.eg.db’ ...
** this is package ‘org.Dm.eg.db’ version ‘3.21.0’
** using staged installation
** R
** inst
** byte-compile and prepare package for lazy loading
** help
*** installing help indices
** building package indices
** testing if installed package can be loaded from temporary location
** testing if installed package can be loaded from final location
** testing if installed package keeps a record of temporary installation path
* creating tarball
packaged installation of ‘org.Dm.eg.db’ as ‘org.Dm.eg.db_3.21.0_R_x86_64-pc-linux-gnu.tar.gz’
* DONE (org.Dm.eg.db)
* installing *source* package ‘R.oo’ ...
** this is package ‘R.oo’ version ‘1.27.1’
** package ‘R.oo’ successfully unpacked and MD5 sums checked
** using staged installation
** R
** inst
** byte-compile and prepare package for lazy loading
Warning in setGenericS3.default(name, export = exportGeneric, envir = envir,  :
  Renamed the preexisting function getClasses to getClasses.default, which was defined in environment R.oo.
** help
*** installing help indices
** building package indices
** testing if installed package can be loaded from temporary location
** testing if installed package can be loaded from final location
** testing if installed package keeps a record of temporary installation path
* creating tarball
packaged installation of ‘R.oo’ as ‘R.oo_1.27.1_R_x86_64-pc-linux-gnu.tar.gz’
* DONE (R.oo)
* installing *source* package ‘topGO’ ...
** this is package ‘topGO’ version ‘2.59.0’
** using staged installation
** R
** data
** inst
** byte-compile and prepare package for lazy loading
** help
*** installing help indices
** building package indices
** installing vignettes
** testing if installed package can be loaded from temporary location

groupGOTerms: 	GOBPTerm, GOMFTerm, GOCCTerm environments built.
** testing if installed package can be loaded from final location

groupGOTerms: 	GOBPTerm, GOMFTerm, GOCCTerm environments built.
** testing if installed package keeps a record of temporary installation path
* creating tarball
packaged installation of ‘topGO’ as ‘topGO_2.59.0_R_x86_64-pc-linux-gnu.tar.gz’
* DONE (topGO)
* installing *source* package ‘R.utils’ ...
** this is package ‘R.utils’ version ‘2.13.0’
** package ‘R.utils’ successfully unpacked and MD5 sums checked
** using staged installation
** R
** inst
** byte-compile and prepare package for lazy loading
Warning in setGenericS3.default(name, export = exportGeneric, envir = envir,  :
  Renamed the preexisting function warnings to warnings.default, which was defined in environment R.utils.
Warning in setGenericS3.default("use") :
  Renamed the preexisting function use to use.default, which was defined in environment R.utils.
Warning in setMethodS3.default("use", "default", function(pkg = "R.utils",  :
  Method already existed and was overwritten: use.default
** help
*** installing help indices
** building package indices
** testing if installed package can be loaded from temporary location
** testing if installed package can be loaded from final location
** testing if installed package keeps a record of temporary installation path
* creating tarball
packaged installation of ‘R.utils’ as ‘R.utils_2.13.0_R_x86_64-pc-linux-gnu.tar.gz’
* DONE (R.utils)
* installing *source* package ‘FGNet’ ...
** this is package ‘FGNet’ version ‘3.42.0’
** using staged installation
** R
** data
** inst
** byte-compile and prepare package for lazy loading
** help
*** installing help indices
** building package indices
** installing vignettes
** testing if installed package can be loaded from temporary location
** testing if installed package can be loaded from final location
** testing if installed package keeps a record of temporary installation path
* creating tarball
packaged installation of ‘FGNet’ as ‘FGNet_3.42.0_R_x86_64-pc-linux-gnu.tar.gz’
* DONE (FGNet)
* installing *source* package ‘IntramiRExploreR’ ...
** this is package ‘IntramiRExploreR’ version ‘1.30.0’
** using staged installation
** R
** data
*** moving datasets to lazyload DB
** inst
** byte-compile and prepare package for lazy loading
Note: possible error in 'FGNet_report(feaResults_topGO, ': unused argument (plotKeggPw = FALSE) 
** help
*** installing help indices
** building package indices
** installing vignettes
** testing if installed package can be loaded from temporary location
Warning in fun(libname, pkgname) :
  Package 'IntramiRExploreR' is deprecated and will be removed from
  Bioconductor version 3.14
** testing if installed package can be loaded from final location
Warning in fun(libname, pkgname) :
  Package 'IntramiRExploreR' is deprecated and will be removed from
  Bioconductor version 3.14
** testing if installed package keeps a record of temporary installation path
* creating tarball
packaged installation of ‘IntramiRExploreR’ as ‘IntramiRExploreR_1.30.0_R_x86_64-pc-linux-gnu.tar.gz’
* DONE (IntramiRExploreR)

The downloaded source packages are in
	‘/tmp/RtmpNf3wU7/downloaded_packages’
Old packages: 'cli', 'data.table', 'DelayedArray', 'DESeq2', 'diffobj',
  'edgeR', 'future', 'generics', 'globals', 'parallelly', 'pkgdown',
  'RcppArmadillo', 'RSQLite', 'scales', 'sctransform', 'Seurat',
  'SeuratObject', 'SingleCellExperiment', 'spatstat.univar', 'spatstat.utils',
  'SummarizedExperiment', 'systemfonts', 'textshaping', 'utf8', 'zip'

real	3m27.824s
user	3m5.536s
sys	0m36.609s
