'getOption("repos")' replaces Bioconductor standard repositories, see
'help("repositories", package = "BiocManager")' for details.
Replacement repositories:
    CRAN: https://p3m.dev/cran/__linux__/noble/latest
Bioconductor version 3.20 (BiocManager 1.30.25), R 4.4.2 (2024-10-31)
Installing package(s) 'npGSEA'
trying URL 'https://bioconductor.org/packages/3.20/bioc/src/contrib/npGSEA_1.42.0.tar.gz'
Content type 'application/x-gzip' length 396611 bytes (387 KB)
==================================================
downloaded 387 KB

* installing *source* package ‘npGSEA’ ...
** package ‘npGSEA’ successfully unpacked and MD5 sums checked
** using staged installation
** R
** inst
** byte-compile and prepare package for lazy loading
No methods found in package ‘BiocGenerics’ for request: ‘unlist’ when loading ‘npGSEA’
** help
*** installing help indices
** building package indices
** installing vignettes
** testing if installed package can be loaded from temporary location
No methods found in package ‘BiocGenerics’ for request: ‘unlist’ when loading ‘npGSEA’
** testing if installed package can be loaded from final location
No methods found in package ‘BiocGenerics’ for request: ‘unlist’ when loading ‘npGSEA’
** testing if installed package keeps a record of temporary installation path
* creating tarball
packaged installation of ‘npGSEA’ as ‘npGSEA_1.42.0_R_x86_64-pc-linux-gnu.tar.gz’
* DONE (npGSEA)

The downloaded source packages are in
	‘/tmp/Rtmpw7HW3d/downloaded_packages’
Old packages: 'bslib', 'cli', 'cpp11', 'curl', 'evaluate', 'httr2', 'jsonlite',
  'openssl', 'pillar', 'pkgbuild', 'processx', 'ps', 'purrr', 'R6', 'Rcpp',
  'rlang', 'sessioninfo', 'systemfonts', 'testthat', 'textshaping', 'tinytex',
  'xfun', 'xml2', 'zip', 'class', 'foreign', 'KernSmooth', 'MASS', 'Matrix',
  'nlme', 'nnet', 'rpart', 'spatial'

real	0m44.270s
user	0m19.612s
sys	0m4.290s
