+ Rscript -e 'Sys.setenv(BIOCONDUCTOR_USE_CONTAINER_REPOSITORY=FALSE);
  p <- .libPaths();
  p <- c('\'''\'', '\'''\'', p);
  .libPaths(p);
  if(BiocManager::install('\''seqTools'\'', INSTALL_opts = '\''--build'\'', update = TRUE, quiet = FALSE, dependencies=TRUE, force = TRUE, keep_outputs = TRUE) %in% rownames(installed.packages())) q(status = 0) else q(status = 1)'
'getOption("repos")' replaces Bioconductor standard repositories, see
'help("repositories", package = "BiocManager")' for details.
Replacement repositories:
    CRAN: https://cloud.r-project.org
Bioconductor version 3.21 (BiocManager 1.30.25), R 4.5.0 (2025-04-11)
Installing package(s) 'seqTools'
also installing the dependencies ‘zlibbioc’, ‘RUnit’

trying URL 'https://bioconductor.org/packages/3.21/bioc/src/contrib/zlibbioc_1.54.0.tar.gz'
trying URL 'https://cloud.r-project.org/src/contrib/RUnit_0.4.33.tar.gz'
trying URL 'https://bioconductor.org/packages/3.21/bioc/src/contrib/seqTools_1.42.0.tar.gz'
* installing *source* package ‘zlibbioc’ ...
** this is package ‘zlibbioc’ version ‘1.54.0’
** using staged installation
configure: creating ./config.status
config.status: creating src/Makevars
** libs
using C compiler: ‘gcc (Ubuntu 11.4.0-1ubuntu1~22.04) 11.4.0’
mkdir -p "/usr/local/lib/R/site-library/00LOCK-zlibbioc/00new/zlibbioc/include"
gcc -I"/usr/share/R/include" -DNDEBUG       -fpic  -g -O2 -ffile-prefix-map=/build/r-base-rgGXCp/r-base-4.5.0=. -fstack-protector-strong -Wformat -Werror=format-security -Wdate-time -D_FORTIFY_SOURCE=2  -c R_init_zlibbioc.c -o R_init_zlibbioc.o
gcc -shared -L/usr/lib/R/lib -Wl,-Bsymbolic-functions -flto=auto -ffat-lto-objects -flto=auto -Wl,-z,relro -o zlibbioc.so R_init_zlibbioc.o -L/usr/lib/R/lib -lR
installing to /usr/local/lib/R/site-library/00LOCK-zlibbioc/00new/zlibbioc/libs
** R
** inst
** byte-compile and prepare package for lazy loading
** help
*** installing help indices
** building package indices
** installing vignettes
** testing if installed package can be loaded from temporary location
Warning in fun(libname, pkgname) :
  Package 'zlibbioc' is deprecated and will be removed from Bioconductor
  version 3.22
** checking absolute paths in shared objects and dynamic libraries
** testing if installed package can be loaded from final location
Warning in fun(libname, pkgname) :
  Package 'zlibbioc' is deprecated and will be removed from Bioconductor
  version 3.22
** testing if installed package keeps a record of temporary installation path
* creating tarball
packaged installation of ‘zlibbioc’ as ‘zlibbioc_1.54.0_R_x86_64-pc-linux-gnu.tar.gz’
* DONE (zlibbioc)
* installing *source* package ‘RUnit’ ...
** this is package ‘RUnit’ version ‘0.4.33’
** package ‘RUnit’ successfully unpacked and MD5 sums checked
** using staged installation
** R
** inst
** byte-compile and prepare package for lazy loading
** help
*** installing help indices
** building package indices
** installing vignettes
** testing if installed package can be loaded from temporary location
** testing if installed package can be loaded from final location
** testing if installed package keeps a record of temporary installation path
* creating tarball
packaged installation of ‘RUnit’ as ‘RUnit_0.4.33_R_x86_64-pc-linux-gnu.tar.gz’
* DONE (RUnit)
* installing *source* package ‘seqTools’ ...
** this is package ‘seqTools’ version ‘1.42.0’
** using staged installation
** libs
using C compiler: ‘gcc (Ubuntu 11.4.0-1ubuntu1~22.04) 11.4.0’
gcc -I"/usr/share/R/include" -DNDEBUG  -I'/usr/local/lib/R/site-library/zlibbioc/include'     -fpic  -g -O2 -ffile-prefix-map=/build/r-base-rgGXCp/r-base-4.5.0=. -fstack-protector-strong -Wformat -Werror=format-security -Wdate-time -D_FORTIFY_SOURCE=2  -c seqTools.c -o seqTools.o
seqTools.c: In function ‘count_genome_Kmers’:
seqTools.c:851:93: warning: format ‘%u’ expects a matching ‘unsigned int’ argument [-Wformat=]
  851 |                                 error("[count_genome_Kmers] character mismatch at position %u!");
      |                                                                                            ~^
      |                                                                                             |
      |                                                                                             unsigned int
seqTools.c: In function ‘scale_kmer_matrix’:
seqTools.c:3296:55: warning: format ‘%i’ expects argument of type ‘int’, but argument 3 has type ‘double’ [-Wformat=]
 3296 |                 error("[scale_kmer_matrix] scale[%i]=%i must be >1!", column_index, scale);
      |                                                      ~^                             ~~~~~
      |                                                       |                             |
      |                                                       int                           double
      |                                                      %f
seqTools.c:3306:73: warning: format ‘%i’ expects argument of type ‘int’, but argument 3 has type ‘double’ [-Wformat=]
 3306 |                                 error("[scale_kmer_matrix] scale[%i] = %i must be >1!", column_index, scale);
      |                                                                        ~^                             ~~~~~
      |                                                                         |                             |
      |                                                                         int                           double
      |                                                                        %f
gcc -shared -L/usr/lib/R/lib -Wl,-Bsymbolic-functions -flto=auto -ffat-lto-objects -flto=auto -Wl,-z,relro -o seqTools.so seqTools.o -lm -lz -L/usr/lib/R/lib -lR
installing to /usr/local/lib/R/site-library/00LOCK-seqTools/00new/seqTools/libs
** R
** inst
** byte-compile and prepare package for lazy loading
Warning message:
In fun(libname, pkgname) :
  Package 'zlibbioc' is deprecated and will be removed from Bioconductor
  version 3.22
** help
*** installing help indices
** building package indices
** installing vignettes
** testing if installed package can be loaded from temporary location
Warning in fun(libname, pkgname) :
  Package 'zlibbioc' is deprecated and will be removed from Bioconductor
  version 3.22
** checking absolute paths in shared objects and dynamic libraries
** testing if installed package can be loaded from final location
Warning in fun(libname, pkgname) :
  Package 'zlibbioc' is deprecated and will be removed from Bioconductor
  version 3.22
** testing if installed package keeps a record of temporary installation path
* creating tarball
packaged installation of ‘seqTools’ as ‘seqTools_1.42.0_R_x86_64-pc-linux-gnu.tar.gz’
* DONE (seqTools)

The downloaded source packages are in
	‘/tmp/RtmpuR5DxC/downloaded_packages’
Old packages: 'cli', 'data.table', 'DelayedArray', 'DESeq2', 'diffobj',
  'edgeR', 'future', 'generics', 'globals', 'parallelly', 'pkgdown',
  'RcppArmadillo', 'RSQLite', 'scales', 'sctransform', 'Seurat',
  'SeuratObject', 'SingleCellExperiment', 'spatstat.univar', 'spatstat.utils',
  'SummarizedExperiment', 'systemfonts', 'textshaping', 'utf8', 'zip'

real	0m15.881s
user	0m10.106s
sys	0m9.681s
