'getOption("repos")' replaces Bioconductor standard repositories, see
'help("repositories", package = "BiocManager")' for details.
Replacement repositories:
    CRAN: https://p3m.dev/cran/__linux__/noble/latest
Bioconductor version 3.20 (BiocManager 1.30.25), R 4.4.2 (2024-10-31)
Installing package(s) 'tidybulk'
also installing the dependencies ‘sn’, ‘SpatialExperiment’, ‘TFisher’, ‘mutoss’, ‘qqconf’, ‘gage’, ‘topGO’, ‘pathview’, ‘PADOG’, ‘GSVA’, ‘globaltest’, ‘HTMLUtils’, ‘metap’, ‘org.Rn.eg.db’, ‘EGSEAdata’, ‘ttservice’, ‘org.Mm.eg.db’, ‘sva’, ‘widyr’, ‘pasilla’, ‘functional’, ‘tidySummarizedExperiment’, ‘EGSEA’, ‘glmmSeq’

trying URL 'https://p3m.dev/cran/__linux__/noble/latest/src/contrib/sn_2.1.1.tar.gz'
Content type 'binary/octet-stream' length 1841103 bytes (1.8 MB)
==================================================
downloaded 1.8 MB

trying URL 'https://bioconductor.org/packages/3.20/bioc/src/contrib/SpatialExperiment_1.16.0.tar.gz'
Content type 'application/x-gzip' length 5408846 bytes (5.2 MB)
==================================================
downloaded 5.2 MB

trying URL 'https://p3m.dev/cran/__linux__/noble/latest/src/contrib/TFisher_0.2.0.tar.gz'
Content type 'binary/octet-stream' length 80201 bytes (78 KB)
==================================================
downloaded 78 KB

trying URL 'https://p3m.dev/cran/__linux__/noble/latest/src/contrib/mutoss_0.1-13.tar.gz'
Content type 'application/x-tar' length 910291 bytes (888 KB)
==================================================
downloaded 888 KB

trying URL 'https://p3m.dev/cran/__linux__/noble/latest/src/contrib/qqconf_1.3.2.tar.gz'
Content type 'binary/octet-stream' length 586206 bytes (572 KB)
==================================================
downloaded 572 KB

trying URL 'https://bioconductor.org/packages/3.20/bioc/src/contrib/gage_2.56.0.tar.gz'
Content type 'application/x-gzip' length 4542996 bytes (4.3 MB)
==================================================
downloaded 4.3 MB

trying URL 'https://bioconductor.org/packages/3.20/bioc/src/contrib/topGO_2.58.0.tar.gz'
Content type 'application/x-gzip' length 2002683 bytes (1.9 MB)
==================================================
downloaded 1.9 MB

trying URL 'https://bioconductor.org/packages/3.20/bioc/src/contrib/pathview_1.46.0.tar.gz'
Content type 'application/x-gzip' length 2656685 bytes (2.5 MB)
==================================================
downloaded 2.5 MB

trying URL 'https://bioconductor.org/packages/3.20/bioc/src/contrib/PADOG_1.48.0.tar.gz'
Content type 'application/x-gzip' length 379338 bytes (370 KB)
==================================================
downloaded 370 KB

trying URL 'https://bioconductor.org/packages/3.20/bioc/src/contrib/GSVA_2.0.5.tar.gz'
Content type 'application/x-gzip' length 2541243 bytes (2.4 MB)
==================================================
downloaded 2.4 MB

trying URL 'https://bioconductor.org/packages/3.20/bioc/src/contrib/globaltest_5.60.0.tar.gz'
Content type 'application/x-gzip' length 572852 bytes (559 KB)
==================================================
downloaded 559 KB

trying URL 'https://p3m.dev/cran/__linux__/noble/latest/src/contrib/HTMLUtils_0.1.9.tar.gz'
Content type 'binary/octet-stream' length 92266 bytes (90 KB)
==================================================
downloaded 90 KB

trying URL 'https://p3m.dev/cran/__linux__/noble/latest/src/contrib/metap_1.11.tar.gz'
Content type 'binary/octet-stream' length 906187 bytes (884 KB)
==================================================
downloaded 884 KB

trying URL 'https://bioconductor.org/packages/3.20/data/annotation/src/contrib/org.Rn.eg.db_3.20.0.tar.gz'
Content type 'application/x-gzip' length 59117044 bytes (56.4 MB)
==================================================
downloaded 56.4 MB

trying URL 'https://bioconductor.org/packages/3.20/data/experiment/src/contrib/EGSEAdata_1.34.0.tar.gz'
Content type 'application/x-gzip' length 69814480 bytes (66.6 MB)
==================================================
downloaded 66.6 MB

trying URL 'https://p3m.dev/cran/__linux__/noble/latest/src/contrib/ttservice_0.4.1.tar.gz'
Content type 'binary/octet-stream' length 31837 bytes (31 KB)
==================================================
downloaded 31 KB

trying URL 'https://bioconductor.org/packages/3.20/data/annotation/src/contrib/org.Mm.eg.db_3.20.0.tar.gz'
Content type 'application/x-gzip' length 87483231 bytes (83.4 MB)
==================================================
downloaded 83.4 MB

trying URL 'https://bioconductor.org/packages/3.20/bioc/src/contrib/sva_3.54.0.tar.gz'
Content type 'application/x-gzip' length 454419 bytes (443 KB)
==================================================
downloaded 443 KB

trying URL 'https://p3m.dev/cran/__linux__/noble/latest/src/contrib/widyr_0.1.5.tar.gz'
Content type 'binary/octet-stream' length 373875 bytes (365 KB)
==================================================
downloaded 365 KB

trying URL 'https://bioconductor.org/packages/3.20/data/experiment/src/contrib/pasilla_1.34.0.tar.gz'
Content type 'application/x-gzip' length 3303801 bytes (3.2 MB)
==================================================
downloaded 3.2 MB

trying URL 'https://p3m.dev/cran/__linux__/noble/latest/src/contrib/functional_0.6.tar.gz'
Content type 'binary/octet-stream' length 19270 bytes (18 KB)
==================================================
downloaded 18 KB

trying URL 'https://bioconductor.org/packages/3.20/bioc/src/contrib/tidySummarizedExperiment_1.16.0.tar.gz'
Content type 'application/x-gzip' length 366664 bytes (358 KB)
==================================================
downloaded 358 KB

trying URL 'https://bioconductor.org/packages/3.20/bioc/src/contrib/EGSEA_1.34.0.tar.gz'
Content type 'application/x-gzip' length 2227192 bytes (2.1 MB)
==================================================
downloaded 2.1 MB

trying URL 'https://p3m.dev/cran/__linux__/noble/latest/src/contrib/glmmSeq_0.5.5.tar.gz'
Content type 'application/x-tar' length 1760140 bytes (1.7 MB)
==================================================
downloaded 1.7 MB

trying URL 'https://bioconductor.org/packages/3.20/bioc/src/contrib/tidybulk_1.18.0.tar.gz'
Content type 'application/x-gzip' length 2976881 bytes (2.8 MB)
==================================================
downloaded 2.8 MB

* installing *binary* package ‘sn’ ...
* ‘sn’ was already a binary package and will not be rebuilt
* creating tarball
packaged installation of ‘sn’ as ‘sn_2.1.1_R_x86_64-pc-linux-gnu.tar.gz’
* DONE (sn)
* installing *source* package ‘SpatialExperiment’ ...
** package ‘SpatialExperiment’ successfully unpacked and MD5 sums checked
** using staged installation
** R
** inst
** byte-compile and prepare package for lazy loading
** help
*** installing help indices
** building package indices
** installing vignettes
** testing if installed package can be loaded from temporary location
** testing if installed package can be loaded from final location
** testing if installed package keeps a record of temporary installation path
* creating tarball
packaged installation of ‘SpatialExperiment’ as ‘SpatialExperiment_1.16.0_R_x86_64-pc-linux-gnu.tar.gz’
* DONE (SpatialExperiment)
* installing *source* package ‘mutoss’ ...
** package ‘mutoss’ successfully unpacked and MD5 sums checked
** using staged installation
** R
** data
*** moving datasets to lazyload DB
** inst
** byte-compile and prepare package for lazy loading
** help
*** installing help indices
** building package indices
** installing vignettes
** testing if installed package can be loaded from temporary location
** testing if installed package can be loaded from final location
** testing if installed package keeps a record of temporary installation path
* creating tarball
packaged installation of ‘mutoss’ as ‘mutoss_0.1-13_R_x86_64-pc-linux-gnu.tar.gz’
* DONE (mutoss)
* installing *binary* package ‘qqconf’ ...
* ‘qqconf’ was already a binary package and will not be rebuilt
* creating tarball
packaged installation of ‘qqconf’ as ‘qqconf_1.3.2_R_x86_64-pc-linux-gnu.tar.gz’
* DONE (qqconf)
* installing *source* package ‘gage’ ...
** package ‘gage’ successfully unpacked and MD5 sums checked
** using staged installation
** R
** data
** inst
** byte-compile and prepare package for lazy loading
** help
*** installing help indices
** building package indices
** installing vignettes
** testing if installed package can be loaded from temporary location
** testing if installed package can be loaded from final location
** testing if installed package keeps a record of temporary installation path
* creating tarball
packaged installation of ‘gage’ as ‘gage_2.56.0_R_x86_64-pc-linux-gnu.tar.gz’
* DONE (gage)
* installing *source* package ‘topGO’ ...
** package ‘topGO’ successfully unpacked and MD5 sums checked
** using staged installation
** R
** data
** inst
** byte-compile and prepare package for lazy loading
** help
*** installing help indices
** building package indices
** installing vignettes
** testing if installed package can be loaded from temporary location

groupGOTerms: 	GOBPTerm, GOMFTerm, GOCCTerm environments built.
** testing if installed package can be loaded from final location

groupGOTerms: 	GOBPTerm, GOMFTerm, GOCCTerm environments built.
** testing if installed package keeps a record of temporary installation path
* creating tarball
packaged installation of ‘topGO’ as ‘topGO_2.58.0_R_x86_64-pc-linux-gnu.tar.gz’
* DONE (topGO)
* installing *source* package ‘pathview’ ...
** package ‘pathview’ successfully unpacked and MD5 sums checked
** using staged installation
** R
** data
*** moving datasets to lazyload DB
** inst
** byte-compile and prepare package for lazy loading
** help
*** installing help indices
** building package indices
** installing vignettes
** testing if installed package can be loaded from temporary location
** testing if installed package can be loaded from final location
** testing if installed package keeps a record of temporary installation path
* creating tarball
packaged installation of ‘pathview’ as ‘pathview_1.46.0_R_x86_64-pc-linux-gnu.tar.gz’
* DONE (pathview)
* installing *source* package ‘PADOG’ ...
** package ‘PADOG’ successfully unpacked and MD5 sums checked
** using staged installation
** R
** inst
** byte-compile and prepare package for lazy loading
** help
*** installing help indices
** building package indices
** installing vignettes
** testing if installed package can be loaded from temporary location
** testing if installed package can be loaded from final location
** testing if installed package keeps a record of temporary installation path
* creating tarball
packaged installation of ‘PADOG’ as ‘PADOG_1.48.0_R_x86_64-pc-linux-gnu.tar.gz’
* DONE (PADOG)
* installing *source* package ‘globaltest’ ...
** package ‘globaltest’ successfully unpacked and MD5 sums checked
** using staged installation
** R
** inst
** byte-compile and prepare package for lazy loading
** help
*** installing help indices
** building package indices
** installing vignettes
** testing if installed package can be loaded from temporary location
** testing if installed package can be loaded from final location
** testing if installed package keeps a record of temporary installation path
* creating tarball
packaged installation of ‘globaltest’ as ‘globaltest_5.60.0_R_x86_64-pc-linux-gnu.tar.gz’
* DONE (globaltest)
* installing *binary* package ‘HTMLUtils’ ...
* ‘HTMLUtils’ was already a binary package and will not be rebuilt
* creating tarball
packaged installation of ‘HTMLUtils’ as ‘HTMLUtils_0.1.9_R_x86_64-pc-linux-gnu.tar.gz’
* DONE (HTMLUtils)
* installing *source* package ‘org.Rn.eg.db’ ...
** using staged installation
** R
** inst
** byte-compile and prepare package for lazy loading
** help
*** installing help indices
** building package indices
** testing if installed package can be loaded from temporary location
** testing if installed package can be loaded from final location
** testing if installed package keeps a record of temporary installation path
* creating tarball
packaged installation of ‘org.Rn.eg.db’ as ‘org.Rn.eg.db_3.20.0_R_x86_64-pc-linux-gnu.tar.gz’
* DONE (org.Rn.eg.db)
* installing *source* package ‘EGSEAdata’ ...
** using staged installation
** R
** data
** byte-compile and prepare package for lazy loading
** help
*** installing help indices
** building package indices
** testing if installed package can be loaded from temporary location
** testing if installed package can be loaded from final location
** testing if installed package keeps a record of temporary installation path
* creating tarball
packaged installation of ‘EGSEAdata’ as ‘EGSEAdata_1.34.0_R_x86_64-pc-linux-gnu.tar.gz’
* DONE (EGSEAdata)
* installing *binary* package ‘ttservice’ ...
* ‘ttservice’ was already a binary package and will not be rebuilt
* creating tarball
packaged installation of ‘ttservice’ as ‘ttservice_0.4.1_R_x86_64-pc-linux-gnu.tar.gz’
* DONE (ttservice)
* installing *source* package ‘org.Mm.eg.db’ ...
** using staged installation
** R
** inst
** byte-compile and prepare package for lazy loading
** help
*** installing help indices
** building package indices
** testing if installed package can be loaded from temporary location
** testing if installed package can be loaded from final location
** testing if installed package keeps a record of temporary installation path
* creating tarball
packaged installation of ‘org.Mm.eg.db’ as ‘org.Mm.eg.db_3.20.0_R_x86_64-pc-linux-gnu.tar.gz’
* DONE (org.Mm.eg.db)
* installing *source* package ‘sva’ ...
** package ‘sva’ successfully unpacked and MD5 sums checked
** using staged installation
** libs
using C compiler: ‘gcc (Ubuntu 13.3.0-6ubuntu2~24.04) 13.3.0’
gcc -I"/usr/local/lib/R/include" -DNDEBUG   -I/usr/local/include    -fpic  -g -O2 -fstack-protector-strong -Wformat -Wformat-security -Wdate-time -D_FORTIFY_SOURCE=2 -g  -c sva.c -o sva.o
gcc -shared -L/usr/local/lib/R/lib -L/usr/local/lib -o sva.so sva.o -L/usr/local/lib/R/lib -lR
installing to /mnt/library/00LOCK-sva/00new/sva/libs
** R
** inst
** byte-compile and prepare package for lazy loading
** help
*** installing help indices
** building package indices
** installing vignettes
** testing if installed package can be loaded from temporary location
** checking absolute paths in shared objects and dynamic libraries
** testing if installed package can be loaded from final location
** testing if installed package keeps a record of temporary installation path
* creating tarball
packaged installation of ‘sva’ as ‘sva_3.54.0_R_x86_64-pc-linux-gnu.tar.gz’
* DONE (sva)
* installing *binary* package ‘widyr’ ...
* ‘widyr’ was already a binary package and will not be rebuilt
* creating tarball
packaged installation of ‘widyr’ as ‘widyr_0.1.5_R_x86_64-pc-linux-gnu.tar.gz’
* DONE (widyr)
* installing *source* package ‘pasilla’ ...
** using staged installation
** R
** data
** inst
** byte-compile and prepare package for lazy loading
** help
*** installing help indices
** building package indices
** installing vignettes
** testing if installed package can be loaded from temporary location
** testing if installed package can be loaded from final location
** testing if installed package keeps a record of temporary installation path
* creating tarball
packaged installation of ‘pasilla’ as ‘pasilla_1.34.0_R_x86_64-pc-linux-gnu.tar.gz’
* DONE (pasilla)
* installing *binary* package ‘functional’ ...
* ‘functional’ was already a binary package and will not be rebuilt
* creating tarball
packaged installation of ‘functional’ as ‘functional_0.6_R_x86_64-pc-linux-gnu.tar.gz’
* DONE (functional)
* installing *source* package ‘glmmSeq’ ...
** package ‘glmmSeq’ successfully unpacked and MD5 sums checked
** using staged installation
** R
** data
*** moving datasets to lazyload DB
** inst
** byte-compile and prepare package for lazy loading
** help
*** installing help indices
** building package indices
** installing vignettes
** testing if installed package can be loaded from temporary location
** testing if installed package can be loaded from final location
** testing if installed package keeps a record of temporary installation path
* creating tarball
packaged installation of ‘glmmSeq’ as ‘glmmSeq_0.5.5_R_x86_64-pc-linux-gnu.tar.gz’
* DONE (glmmSeq)
* installing *binary* package ‘TFisher’ ...
* ‘TFisher’ was already a binary package and will not be rebuilt
* creating tarball
packaged installation of ‘TFisher’ as ‘TFisher_0.2.0_R_x86_64-pc-linux-gnu.tar.gz’
* DONE (TFisher)
* installing *source* package ‘GSVA’ ...
** package ‘GSVA’ successfully unpacked and MD5 sums checked
** using staged installation
** libs
using C compiler: ‘gcc (Ubuntu 13.3.0-6ubuntu2~24.04) 13.3.0’
gcc -I"/usr/local/lib/R/include" -DNDEBUG  -I'/usr/local/lib/R/site-library/cli/include' -I/usr/local/include    -fpic  -g -O2 -fstack-protector-strong -Wformat -Wformat-security -Wdate-time -D_FORTIFY_SOURCE=2 -g  -c ecdfvals.c -o ecdfvals.o
gcc -I"/usr/local/lib/R/include" -DNDEBUG  -I'/usr/local/lib/R/site-library/cli/include' -I/usr/local/include    -fpic  -g -O2 -fstack-protector-strong -Wformat -Wformat-security -Wdate-time -D_FORTIFY_SOURCE=2 -g  -c kcdfvals.c -o kcdfvals.o
gcc -I"/usr/local/lib/R/include" -DNDEBUG  -I'/usr/local/lib/R/site-library/cli/include' -I/usr/local/include    -fpic  -g -O2 -fstack-protector-strong -Wformat -Wformat-security -Wdate-time -D_FORTIFY_SOURCE=2 -g  -c kernel_estimation.c -o kernel_estimation.o
gcc -I"/usr/local/lib/R/include" -DNDEBUG  -I'/usr/local/lib/R/site-library/cli/include' -I/usr/local/include    -fpic  -g -O2 -fstack-protector-strong -Wformat -Wformat-security -Wdate-time -D_FORTIFY_SOURCE=2 -g  -c ks_test.c -o ks_test.o
gcc -I"/usr/local/lib/R/include" -DNDEBUG  -I'/usr/local/lib/R/site-library/cli/include' -I/usr/local/include    -fpic  -g -O2 -fstack-protector-strong -Wformat -Wformat-security -Wdate-time -D_FORTIFY_SOURCE=2 -g  -c register_cmethods.c -o register_cmethods.o
gcc -I"/usr/local/lib/R/include" -DNDEBUG  -I'/usr/local/lib/R/site-library/cli/include' -I/usr/local/include    -fpic  -g -O2 -fstack-protector-strong -Wformat -Wformat-security -Wdate-time -D_FORTIFY_SOURCE=2 -g  -c utils.c -o utils.o
gcc -shared -L/usr/local/lib/R/lib -L/usr/local/lib -o GSVA.so ecdfvals.o kcdfvals.o kernel_estimation.o ks_test.o register_cmethods.o utils.o -L/usr/local/lib/R/lib -lR
installing to /mnt/library/00LOCK-GSVA/00new/GSVA/libs
** R
** inst
** byte-compile and prepare package for lazy loading
** help
*** installing help indices
** building package indices
** installing vignettes
** testing if installed package can be loaded from temporary location
** checking absolute paths in shared objects and dynamic libraries
** testing if installed package can be loaded from final location
** testing if installed package keeps a record of temporary installation path
* creating tarball
packaged installation of ‘GSVA’ as ‘GSVA_2.0.5_R_x86_64-pc-linux-gnu.tar.gz’
* DONE (GSVA)
* installing *source* package ‘tidySummarizedExperiment’ ...
** package ‘tidySummarizedExperiment’ successfully unpacked and MD5 sums checked
** using staged installation
** R
** data
*** moving datasets to lazyload DB
** inst
** byte-compile and prepare package for lazy loading
Note: wrong number of arguments to '>' 
** help
*** installing help indices
*** copying figures
** building package indices
** installing vignettes
** testing if installed package can be loaded from temporary location
** testing if installed package can be loaded from final location
** testing if installed package keeps a record of temporary installation path
* creating tarball
packaged installation of ‘tidySummarizedExperiment’ as ‘tidySummarizedExperiment_1.16.0_R_x86_64-pc-linux-gnu.tar.gz’
* DONE (tidySummarizedExperiment)
* installing *source* package ‘tidybulk’ ...
** package ‘tidybulk’ successfully unpacked and MD5 sums checked
** using staged installation
** R
** data
*** moving datasets to lazyload DB
** inst
** byte-compile and prepare package for lazy loading
Note: wrong number of arguments to 'expm1' 
Note: wrong number of arguments to 'expm1' 
Note: wrong number of arguments to 'expm1' 
Note: wrong number of arguments to 'expm1' 
Note: wrong number of arguments to 'expm1' 
Note: wrong number of arguments to 'expm1' 
Note: wrong number of arguments to 'expm1' 
Note: wrong number of arguments to 'floor' 
Note: wrong number of arguments to 'floor' 
** help
*** installing help indices
*** copying figures
** building package indices
** installing vignettes
** testing if installed package can be loaded from temporary location
** testing if installed package can be loaded from final location
** testing if installed package keeps a record of temporary installation path
* creating tarball
packaged installation of ‘tidybulk’ as ‘tidybulk_1.18.0_R_x86_64-pc-linux-gnu.tar.gz’
* DONE (tidybulk)
* installing *source* package ‘metap’ ...
** package ‘metap’ successfully unpacked and MD5 sums checked
** using staged installation
** R
** data
** inst
** byte-compile and prepare package for lazy loading
** help
*** installing help indices
** building package indices
** installing vignettes
** testing if installed package can be loaded from temporary location
** testing if installed package can be loaded from final location
** testing if installed package keeps a record of temporary installation path
* creating tarball
packaged installation of ‘metap’ as ‘metap_1.11_R_x86_64-pc-linux-gnu.tar.gz’
* DONE (metap)
* installing *source* package ‘EGSEA’ ...
** package ‘EGSEA’ successfully unpacked and MD5 sums checked
** using staged installation
** R
** data
** inst
** byte-compile and prepare package for lazy loading

groupGOTerms: 	GOBPTerm, GOMFTerm, GOCCTerm environments built.
** help
*** installing help indices
** building package indices
** installing vignettes
** testing if installed package can be loaded from temporary location

groupGOTerms: 	GOBPTerm, GOMFTerm, GOCCTerm environments built.
** testing if installed package can be loaded from final location

groupGOTerms: 	GOBPTerm, GOMFTerm, GOCCTerm environments built.
Error : package ‘pathview’ required by ‘EGSEA’ could not be found
Error: loading failed
Execution halted
ERROR: loading failed
* removing ‘/mnt/library/EGSEA’

The downloaded source packages are in
	‘/tmp/RtmpzHd7Qi/downloaded_packages’
Old packages: 'bslib', 'cli', 'cpp11', 'curl', 'evaluate', 'httr2', 'jsonlite',
  'openssl', 'pillar', 'pkgbuild', 'processx', 'ps', 'purrr', 'R6', 'Rcpp',
  'rlang', 'sessioninfo', 'systemfonts', 'testthat', 'textshaping', 'tinytex',
  'xfun', 'xml2', 'zip', 'class', 'foreign', 'KernSmooth', 'MASS', 'Matrix',
  'nlme', 'nnet', 'rpart', 'spatial'
Warning message:
In install.packages(...) :
  installation of package ‘EGSEA’ had non-zero exit status

real	18m6.268s
user	10m20.912s
sys	0m50.145s
