'getOption("repos")' replaces Bioconductor standard repositories, see
'help("repositories", package = "BiocManager")' for details.
Replacement repositories:
    CRAN: https://p3m.dev/cran/__linux__/noble/latest
Bioconductor version 3.20 (BiocManager 1.30.25), R 4.4.2 (2024-10-31)
Installing package(s) 'RITAN'
also installing the dependency ‘RITANdata’

trying URL 'https://bioconductor.org/packages/3.20/data/experiment/src/contrib/RITANdata_1.30.0.tar.gz'
Content type 'application/x-gzip' length 7774899 bytes (7.4 MB)
==================================================
downloaded 7.4 MB

trying URL 'https://bioconductor.org/packages/3.20/bioc/src/contrib/RITAN_1.30.0.tar.gz'
Content type 'application/x-gzip' length 810784 bytes (791 KB)
==================================================
downloaded 791 KB

* installing *source* package ‘RITANdata’ ...
** using staged installation
** R
** data
*** moving datasets to lazyload DB
** inst
** byte-compile and prepare package for lazy loading
** help
*** installing help indices
** building package indices
** installing vignettes
** testing if installed package can be loaded from temporary location
** testing if installed package can be loaded from final location
** testing if installed package keeps a record of temporary installation path
* creating tarball
packaged installation of ‘RITANdata’ as ‘RITANdata_1.30.0_R_x86_64-pc-linux-gnu.tar.gz’
* DONE (RITANdata)
* installing *source* package ‘RITAN’ ...
** package ‘RITAN’ successfully unpacked and MD5 sums checked
** using staged installation
** R
** data
*** moving datasets to lazyload DB
** inst
** byte-compile and prepare package for lazy loading
Warning: replacing previous import 'ensembldb::keys' by 'hash::keys' when loading 'RITAN'
Warning: replacing previous import 'ensembldb::filter' by 'stats::filter' when loading 'RITAN'
** help
*** installing help indices
** building package indices
** installing vignettes
** testing if installed package can be loaded from temporary location
Warning: replacing previous import 'ensembldb::keys' by 'hash::keys' when loading 'RITAN'
Warning: replacing previous import 'ensembldb::filter' by 'stats::filter' when loading 'RITAN'
** testing if installed package can be loaded from final location
Warning: replacing previous import 'ensembldb::keys' by 'hash::keys' when loading 'RITAN'
Warning: replacing previous import 'ensembldb::filter' by 'stats::filter' when loading 'RITAN'
** testing if installed package keeps a record of temporary installation path
* creating tarball
packaged installation of ‘RITAN’ as ‘RITAN_1.30.0_R_x86_64-pc-linux-gnu.tar.gz’
* DONE (RITAN)

The downloaded source packages are in
	‘/tmp/RtmpczQbFz/downloaded_packages’
Old packages: 'bslib', 'cli', 'cpp11', 'curl', 'evaluate', 'httr2', 'jsonlite',
  'openssl', 'pillar', 'pkgbuild', 'processx', 'ps', 'purrr', 'R6', 'Rcpp',
  'rlang', 'sessioninfo', 'systemfonts', 'testthat', 'textshaping', 'tinytex',
  'xfun', 'xml2', 'zip', 'class', 'foreign', 'KernSmooth', 'MASS', 'Matrix',
  'nlme', 'nnet', 'rpart', 'spatial'

real	2m10.568s
user	1m10.245s
sys	0m8.822s
