'getOption("repos")' replaces Bioconductor standard repositories, see
'help("repositories", package = "BiocManager")' for details.
Replacement repositories:
    CRAN: https://p3m.dev/cran/__linux__/noble/latest
Bioconductor version 3.20 (BiocManager 1.30.25), R 4.4.2 (2024-10-31)
Installing package(s) 'GSgalgoR'
Warning: dependency ‘genefu’ is not available
also installing the dependencies ‘mco’, ‘matchingR’, ‘nsga2R’, ‘breastCancerTRANSBIG’, ‘breastCancerUPP’, ‘iC10TrainingData’, ‘pamr’

trying URL 'https://p3m.dev/cran/__linux__/noble/latest/src/contrib/mco_1.17.tar.gz'
Content type 'binary/octet-stream' length 67274 bytes (65 KB)
==================================================
downloaded 65 KB

trying URL 'https://p3m.dev/cran/__linux__/noble/latest/src/contrib/matchingR_1.3.3.tar.gz'
Content type 'binary/octet-stream' length 193999 bytes (189 KB)
==================================================
downloaded 189 KB

trying URL 'https://p3m.dev/cran/__linux__/noble/latest/src/contrib/nsga2R_1.1.tar.gz'
Content type 'binary/octet-stream' length 38507 bytes (37 KB)
==================================================
downloaded 37 KB

trying URL 'https://bioconductor.org/packages/3.20/data/experiment/src/contrib/breastCancerTRANSBIG_1.44.0.tar.gz'
Content type 'application/x-gzip' length 36157377 bytes (34.5 MB)
==================================================
downloaded 34.5 MB

trying URL 'https://bioconductor.org/packages/3.20/data/experiment/src/contrib/breastCancerUPP_1.44.0.tar.gz'
Content type 'application/x-gzip' length 31031138 bytes (29.6 MB)
==================================================
downloaded 29.6 MB

trying URL 'https://p3m.dev/cran/__linux__/noble/latest/src/contrib/iC10TrainingData_2.0.1.tar.gz'
Content type 'binary/octet-stream' length 5856774 bytes (5.6 MB)
==================================================
downloaded 5.6 MB

trying URL 'https://p3m.dev/cran/__linux__/noble/latest/src/contrib/pamr_1.57.tar.gz'
Content type 'binary/octet-stream' length 664378 bytes (648 KB)
==================================================
downloaded 648 KB

trying URL 'https://bioconductor.org/packages/3.20/bioc/src/contrib/GSgalgoR_1.16.0.tar.gz'
Content type 'application/x-gzip' length 2903794 bytes (2.8 MB)
==================================================
downloaded 2.8 MB

* installing *binary* package ‘mco’ ...
* ‘mco’ was already a binary package and will not be rebuilt
* creating tarball
packaged installation of ‘mco’ as ‘mco_1.17_R_x86_64-pc-linux-gnu.tar.gz’
* DONE (mco)
* installing *binary* package ‘matchingR’ ...
* ‘matchingR’ was already a binary package and will not be rebuilt
* creating tarball
packaged installation of ‘matchingR’ as ‘matchingR_1.3.3_R_x86_64-pc-linux-gnu.tar.gz’
* DONE (matchingR)
* installing *source* package ‘breastCancerTRANSBIG’ ...
** using staged installation
** data
** help
*** installing help indices
** building package indices
** testing if installed package can be loaded from temporary location
** testing if installed package can be loaded from final location
** testing if installed package keeps a record of temporary installation path
* creating tarball
packaged installation of ‘breastCancerTRANSBIG’ as ‘breastCancerTRANSBIG_1.44.0_R_x86_64-pc-linux-gnu.tar.gz’
* DONE (breastCancerTRANSBIG)
* installing *source* package ‘breastCancerUPP’ ...
** using staged installation
** data
** help
*** installing help indices
** building package indices
** testing if installed package can be loaded from temporary location
** testing if installed package can be loaded from final location
** testing if installed package keeps a record of temporary installation path
* creating tarball
packaged installation of ‘breastCancerUPP’ as ‘breastCancerUPP_1.44.0_R_x86_64-pc-linux-gnu.tar.gz’
* DONE (breastCancerUPP)
* installing *binary* package ‘iC10TrainingData’ ...
* ‘iC10TrainingData’ was already a binary package and will not be rebuilt
* creating tarball
packaged installation of ‘iC10TrainingData’ as ‘iC10TrainingData_2.0.1_R_x86_64-pc-linux-gnu.tar.gz’
* DONE (iC10TrainingData)
* installing *binary* package ‘pamr’ ...
* ‘pamr’ was already a binary package and will not be rebuilt
* creating tarball
packaged installation of ‘pamr’ as ‘pamr_1.57_R_x86_64-pc-linux-gnu.tar.gz’
* DONE (pamr)
* installing *binary* package ‘nsga2R’ ...
* ‘nsga2R’ was already a binary package and will not be rebuilt
* creating tarball
packaged installation of ‘nsga2R’ as ‘nsga2R_1.1_R_x86_64-pc-linux-gnu.tar.gz’
* DONE (nsga2R)
* installing *source* package ‘GSgalgoR’ ...
** package ‘GSgalgoR’ successfully unpacked and MD5 sums checked
** using staged installation
** R
** inst
** byte-compile and prepare package for lazy loading
** help
*** installing help indices
** building package indices
** installing vignettes
** testing if installed package can be loaded from temporary location
** testing if installed package can be loaded from final location
** testing if installed package keeps a record of temporary installation path
* creating tarball
packaged installation of ‘GSgalgoR’ as ‘GSgalgoR_1.16.0_R_x86_64-pc-linux-gnu.tar.gz’
* DONE (GSgalgoR)

The downloaded source packages are in
	‘/tmp/Rtmp9QZBXZ/downloaded_packages’
Old packages: 'bslib', 'cli', 'cpp11', 'curl', 'evaluate', 'httr2', 'jsonlite',
  'openssl', 'pillar', 'pkgbuild', 'processx', 'ps', 'purrr', 'R6', 'Rcpp',
  'rlang', 'sessioninfo', 'systemfonts', 'testthat', 'textshaping', 'tinytex',
  'xfun', 'xml2', 'zip', 'class', 'foreign', 'KernSmooth', 'MASS', 'Matrix',
  'nlme', 'nnet', 'rpart', 'spatial'

real	0m59.447s
user	0m13.989s
sys	0m6.372s
