'getOption("repos")' replaces Bioconductor standard repositories, see
'help("repositories", package = "BiocManager")' for details.
Replacement repositories:
    CRAN: https://p3m.dev/cran/__linux__/noble/latest
Bioconductor version 3.20 (BiocManager 1.30.25), R 4.4.2 (2024-10-31)
Installing package(s) 'planet'
also installing the dependencies ‘GenomicAlignments’, ‘rtracklayer’, ‘GenomicFeatures’, ‘rhdf5’, ‘Rhdf5lib’, ‘SummarizedExperiment’, ‘bumphunter’, ‘DelayedMatrixStats’, ‘genefilter’, ‘GEOquery’, ‘DelayedArray’, ‘HDF5Array’, ‘minfi’, ‘EpiDISH’

trying URL 'https://bioconductor.org/packages/3.20/bioc/src/contrib/GenomicAlignments_1.42.0.tar.gz'
Content type 'application/x-gzip' length 2273284 bytes (2.2 MB)
==================================================
downloaded 2.2 MB

trying URL 'https://bioconductor.org/packages/3.20/bioc/src/contrib/rtracklayer_1.66.0.tar.gz'
Content type 'application/x-gzip' length 4112666 bytes (3.9 MB)
==================================================
downloaded 3.9 MB

trying URL 'https://bioconductor.org/packages/3.20/bioc/src/contrib/GenomicFeatures_1.58.0.tar.gz'
Content type 'application/x-gzip' length 571678 bytes (558 KB)
==================================================
downloaded 558 KB

trying URL 'https://bioconductor.org/packages/3.20/bioc/src/contrib/rhdf5_2.50.2.tar.gz'
Content type 'application/x-gzip' length 1310189 bytes (1.2 MB)
==================================================
downloaded 1.2 MB

trying URL 'https://bioconductor.org/packages/3.20/bioc/src/contrib/Rhdf5lib_1.28.0.tar.gz'
Content type 'application/x-gzip' length 12065121 bytes (11.5 MB)
==================================================
downloaded 11.5 MB

trying URL 'https://bioconductor.org/packages/3.20/bioc/src/contrib/SummarizedExperiment_1.36.0.tar.gz'
Content type 'application/x-gzip' length 690951 bytes (674 KB)
==================================================
downloaded 674 KB

trying URL 'https://bioconductor.org/packages/3.20/bioc/src/contrib/bumphunter_1.48.0.tar.gz'
Content type 'application/x-gzip' length 2483243 bytes (2.4 MB)
==================================================
downloaded 2.4 MB

trying URL 'https://bioconductor.org/packages/3.20/bioc/src/contrib/DelayedMatrixStats_1.28.1.tar.gz'
Content type 'application/x-gzip' length 274322 bytes (267 KB)
==================================================
downloaded 267 KB

trying URL 'https://bioconductor.org/packages/3.20/bioc/src/contrib/genefilter_1.88.0.tar.gz'
Content type 'application/x-gzip' length 1122416 bytes (1.1 MB)
==================================================
downloaded 1.1 MB

trying URL 'https://bioconductor.org/packages/3.20/bioc/src/contrib/GEOquery_2.74.0.tar.gz'
Content type 'application/x-gzip' length 13708435 bytes (13.1 MB)
==================================================
downloaded 13.1 MB

trying URL 'https://bioconductor.org/packages/3.20/bioc/src/contrib/DelayedArray_0.32.0.tar.gz'
Content type 'application/x-gzip' length 825598 bytes (806 KB)
==================================================
downloaded 806 KB

trying URL 'https://bioconductor.org/packages/3.20/bioc/src/contrib/HDF5Array_1.34.0.tar.gz'
Content type 'application/x-gzip' length 8107009 bytes (7.7 MB)
==================================================
downloaded 7.7 MB

trying URL 'https://bioconductor.org/packages/3.20/bioc/src/contrib/minfi_1.52.1.tar.gz'
Content type 'application/x-gzip' length 517515 bytes (505 KB)
==================================================
downloaded 505 KB

trying URL 'https://bioconductor.org/packages/3.20/bioc/src/contrib/EpiDISH_2.22.0.tar.gz'
Content type 'application/x-gzip' length 3270974 bytes (3.1 MB)
==================================================
downloaded 3.1 MB

trying URL 'https://bioconductor.org/packages/3.20/bioc/src/contrib/planet_1.14.0.tar.gz'
Content type 'application/x-gzip' length 2898627 bytes (2.8 MB)
==================================================
downloaded 2.8 MB

ERROR: failed to lock directory ‘/mnt/library’ for modifying
Try removing ‘/mnt/library/00LOCK-Rhdf5lib’
ERROR: failed to lock directory ‘/mnt/library’ for modifying
Try removing ‘/mnt/library/00LOCK-genefilter’
ERROR: failed to lock directory ‘/mnt/library’ for modifying
Try removing ‘/mnt/library/00LOCK-DelayedArray’
* installing *source* package ‘EpiDISH’ ...
** package ‘EpiDISH’ successfully unpacked and MD5 sums checked
** using staged installation
** R
** data
*** moving datasets to lazyload DB
** inst
** byte-compile and prepare package for lazy loading
** help
*** installing help indices
** building package indices
** installing vignettes
** testing if installed package can be loaded from temporary location
** testing if installed package can be loaded from final location
** testing if installed package keeps a record of temporary installation path
* creating tarball
packaged installation of ‘EpiDISH’ as ‘EpiDISH_2.22.0_R_x86_64-pc-linux-gnu.tar.gz’
* DONE (EpiDISH)
* installing *source* package ‘planet’ ...
** package ‘planet’ successfully unpacked and MD5 sums checked
** using staged installation
** R
** data
** inst
** byte-compile and prepare package for lazy loading
** help
*** installing help indices
*** copying figures
** building package indices
** installing vignettes
** testing if installed package can be loaded from temporary location
** testing if installed package can be loaded from final location
** testing if installed package keeps a record of temporary installation path
* creating tarball
packaged installation of ‘planet’ as ‘planet_1.14.0_R_x86_64-pc-linux-gnu.tar.gz’
* DONE (planet)
ERROR: dependency ‘Rhdf5lib’ is not available for package ‘rhdf5’
* removing ‘/mnt/library/rhdf5’
* installing *source* package ‘SummarizedExperiment’ ...
** package ‘SummarizedExperiment’ successfully unpacked and MD5 sums checked
** using staged installation
** R
** inst
** byte-compile and prepare package for lazy loading
** help
*** installing help indices
** building package indices
** installing vignettes
** testing if installed package can be loaded from temporary location
** testing if installed package can be loaded from final location
** testing if installed package keeps a record of temporary installation path
* creating tarball
packaged installation of ‘SummarizedExperiment’ as ‘SummarizedExperiment_1.36.0_R_x86_64-pc-linux-gnu.tar.gz’
* DONE (SummarizedExperiment)
* installing *source* package ‘DelayedMatrixStats’ ...
** package ‘DelayedMatrixStats’ successfully unpacked and MD5 sums checked
** using staged installation
** R
** inst
** byte-compile and prepare package for lazy loading
** help
*** installing help indices
** building package indices
** installing vignettes
** testing if installed package can be loaded from temporary location
** testing if installed package can be loaded from final location
** testing if installed package keeps a record of temporary installation path
* creating tarball
packaged installation of ‘DelayedMatrixStats’ as ‘DelayedMatrixStats_1.28.1_R_x86_64-pc-linux-gnu.tar.gz’
* DONE (DelayedMatrixStats)
ERROR: dependency ‘Rsamtools’ is not available for package ‘GenomicAlignments’
* removing ‘/mnt/library/GenomicAlignments’
ERROR: failed to lock directory ‘/mnt/library’ for modifying
Try removing ‘/mnt/library/00LOCK-GEOquery’
* installing *source* package ‘HDF5Array’ ...
** package ‘HDF5Array’ successfully unpacked and MD5 sums checked
** using staged installation
** libs
using C compiler: ‘gcc (Ubuntu 13.3.0-6ubuntu2~24.04) 13.3.0’
gcc -I"/usr/local/lib/R/include" -DNDEBUG  -I'/mnt/library/S4Vectors/include' -I'/mnt/library/Rhdf5lib/include' -I/usr/local/include    -fpic  -g -O2 -fstack-protector-strong -Wformat -Wformat-security -Wdate-time -D_FORTIFY_SOURCE=2 -g  -c S4Vectors_stubs.c -o S4Vectors_stubs.o
gcc -I"/usr/local/lib/R/include" -DNDEBUG  -I'/mnt/library/S4Vectors/include' -I'/mnt/library/Rhdf5lib/include' -I/usr/local/include    -fpic  -g -O2 -fstack-protector-strong -Wformat -Wformat-security -Wdate-time -D_FORTIFY_SOURCE=2 -g  -c H5File.c -o H5File.o
gcc -I"/usr/local/lib/R/include" -DNDEBUG  -I'/mnt/library/S4Vectors/include' -I'/mnt/library/Rhdf5lib/include' -I/usr/local/include    -fpic  -g -O2 -fstack-protector-strong -Wformat -Wformat-security -Wdate-time -D_FORTIFY_SOURCE=2 -g  -c global_errmsg_buf.c -o global_errmsg_buf.o
gcc -I"/usr/local/lib/R/include" -DNDEBUG  -I'/mnt/library/S4Vectors/include' -I'/mnt/library/Rhdf5lib/include' -I/usr/local/include    -fpic  -g -O2 -fstack-protector-strong -Wformat -Wformat-security -Wdate-time -D_FORTIFY_SOURCE=2 -g  -c H5DSetDescriptor.c -o H5DSetDescriptor.o
gcc -I"/usr/local/lib/R/include" -DNDEBUG  -I'/mnt/library/S4Vectors/include' -I'/mnt/library/Rhdf5lib/include' -I/usr/local/include    -fpic  -g -O2 -fstack-protector-strong -Wformat -Wformat-security -Wdate-time -D_FORTIFY_SOURCE=2 -g  -c h5dimscales.c -o h5dimscales.o
gcc -I"/usr/local/lib/R/include" -DNDEBUG  -I'/mnt/library/S4Vectors/include' -I'/mnt/library/Rhdf5lib/include' -I/usr/local/include    -fpic  -g -O2 -fstack-protector-strong -Wformat -Wformat-security -Wdate-time -D_FORTIFY_SOURCE=2 -g  -c uaselection.c -o uaselection.o
gcc -I"/usr/local/lib/R/include" -DNDEBUG  -I'/mnt/library/S4Vectors/include' -I'/mnt/library/Rhdf5lib/include' -I/usr/local/include    -fpic  -g -O2 -fstack-protector-strong -Wformat -Wformat-security -Wdate-time -D_FORTIFY_SOURCE=2 -g  -c h5mread_helpers.c -o h5mread_helpers.o
gcc -I"/usr/local/lib/R/include" -DNDEBUG  -I'/mnt/library/S4Vectors/include' -I'/mnt/library/Rhdf5lib/include' -I/usr/local/include    -fpic  -g -O2 -fstack-protector-strong -Wformat -Wformat-security -Wdate-time -D_FORTIFY_SOURCE=2 -g  -c h5mread_startscounts.c -o h5mread_startscounts.o
gcc -I"/usr/local/lib/R/include" -DNDEBUG  -I'/mnt/library/S4Vectors/include' -I'/mnt/library/Rhdf5lib/include' -I/usr/local/include    -fpic  -g -O2 -fstack-protector-strong -Wformat -Wformat-security -Wdate-time -D_FORTIFY_SOURCE=2 -g  -c ChunkIterator.c -o ChunkIterator.o
gcc -I"/usr/local/lib/R/include" -DNDEBUG  -I'/mnt/library/S4Vectors/include' -I'/mnt/library/Rhdf5lib/include' -I/usr/local/include    -fpic  -g -O2 -fstack-protector-strong -Wformat -Wformat-security -Wdate-time -D_FORTIFY_SOURCE=2 -g  -c h5mread_index.c -o h5mread_index.o
gcc -I"/usr/local/lib/R/include" -DNDEBUG  -I'/mnt/library/S4Vectors/include' -I'/mnt/library/Rhdf5lib/include' -I/usr/local/include    -fpic  -g -O2 -fstack-protector-strong -Wformat -Wformat-security -Wdate-time -D_FORTIFY_SOURCE=2 -g  -c h5mread_sparse.c -o h5mread_sparse.o
gcc -I"/usr/local/lib/R/include" -DNDEBUG  -I'/mnt/library/S4Vectors/include' -I'/mnt/library/Rhdf5lib/include' -I/usr/local/include    -fpic  -g -O2 -fstack-protector-strong -Wformat -Wformat-security -Wdate-time -D_FORTIFY_SOURCE=2 -g  -c h5mread.c -o h5mread.o
gcc -I"/usr/local/lib/R/include" -DNDEBUG  -I'/mnt/library/S4Vectors/include' -I'/mnt/library/Rhdf5lib/include' -I/usr/local/include    -fpic  -g -O2 -fstack-protector-strong -Wformat -Wformat-security -Wdate-time -D_FORTIFY_SOURCE=2 -g  -c h5summarize.c -o h5summarize.o
gcc -I"/usr/local/lib/R/include" -DNDEBUG  -I'/mnt/library/S4Vectors/include' -I'/mnt/library/Rhdf5lib/include' -I/usr/local/include    -fpic  -g -O2 -fstack-protector-strong -Wformat -Wformat-security -Wdate-time -D_FORTIFY_SOURCE=2 -g  -c R_init_HDF5Array.c -o R_init_HDF5Array.o
gcc -shared -L/usr/local/lib/R/lib -L/usr/local/lib -o HDF5Array.so S4Vectors_stubs.o H5File.o global_errmsg_buf.o H5DSetDescriptor.o h5dimscales.o uaselection.o h5mread_helpers.o h5mread_startscounts.o ChunkIterator.o h5mread_index.o h5mread_sparse.o h5mread.o h5summarize.o R_init_HDF5Array.o /mnt/library/Rhdf5lib/lib/libhdf5_hl.a /mnt/library/Rhdf5lib/lib/libhdf5.a -lcrypto -lcurl -lsz -laec -lz -ldl -lm -L/usr/local/lib/R/lib -lR
installing to /mnt/library/00LOCK-HDF5Array/00new/HDF5Array/libs
** R
** inst
** byte-compile and prepare package for lazy loading
** help
*** installing help indices
** building package indices
** testing if installed package can be loaded from temporary location
** checking absolute paths in shared objects and dynamic libraries
** testing if installed package can be loaded from final location
** testing if installed package keeps a record of temporary installation path
* creating tarball
packaged installation of ‘HDF5Array’ as ‘HDF5Array_1.34.0_R_x86_64-pc-linux-gnu.tar.gz’
* DONE (HDF5Array)
ERROR: dependency ‘GenomicAlignments’ is not available for package ‘rtracklayer’
* removing ‘/mnt/library/rtracklayer’
ERROR: dependencies ‘AnnotationDbi’, ‘rtracklayer’ are not available for package ‘GenomicFeatures’
* removing ‘/mnt/library/GenomicFeatures’
ERROR: dependencies ‘GenomicFeatures’, ‘AnnotationDbi’ are not available for package ‘bumphunter’
* removing ‘/mnt/library/bumphunter’
ERROR: dependency ‘bumphunter’ is not available for package ‘minfi’
* removing ‘/mnt/library/minfi’

The downloaded source packages are in
	‘/tmp/RtmpzTpI9l/downloaded_packages’
Old packages: 'bslib', 'cli', 'cpp11', 'curl', 'evaluate', 'httr2', 'jsonlite',
  'openssl', 'pillar', 'pkgbuild', 'processx', 'ps', 'purrr', 'R6', 'Rcpp',
  'rlang', 'sessioninfo', 'systemfonts', 'testthat', 'textshaping', 'tinytex',
  'xfun', 'xml2', 'zip', 'class', 'foreign', 'KernSmooth', 'MASS', 'Matrix',
  'nlme', 'nnet', 'rpart', 'spatial'
Warning messages:
1: In install.packages(...) :
  installation of package ‘Rhdf5lib’ had non-zero exit status
2: In install.packages(...) :
  installation of package ‘genefilter’ had non-zero exit status
3: In install.packages(...) :
  installation of package ‘DelayedArray’ had non-zero exit status
4: In install.packages(...) :
  installation of package ‘rhdf5’ had non-zero exit status
5: In install.packages(...) :
  installation of package ‘GenomicAlignments’ had non-zero exit status
6: In install.packages(...) :
  installation of package ‘GEOquery’ had non-zero exit status
7: In install.packages(...) :
  installation of package ‘rtracklayer’ had non-zero exit status
8: In install.packages(...) :
  installation of package ‘GenomicFeatures’ had non-zero exit status
9: In install.packages(...) :
  installation of package ‘bumphunter’ had non-zero exit status
10: In install.packages(...) :
  installation of package ‘minfi’ had non-zero exit status

real	2m7.549s
user	1m8.443s
sys	0m15.077s
