'getOption("repos")' replaces Bioconductor standard repositories, see
'help("repositories", package = "BiocManager")' for details.
Replacement repositories:
    CRAN: https://p3m.dev/cran/__linux__/noble/latest
Bioconductor version 3.20 (BiocManager 1.30.25), R 4.4.2 (2024-10-31)
Installing package(s) 'rrvgo'
also installing the dependencies ‘treemap’, ‘org.Ag.eg.db’, ‘org.Bt.eg.db’, ‘org.Ce.eg.db’, ‘org.Cf.eg.db’, ‘org.Dm.eg.db’, ‘org.Dr.eg.db’, ‘org.EcK12.eg.db’, ‘org.EcSakai.eg.db’, ‘org.Gg.eg.db’, ‘org.Mmu.eg.db’, ‘org.Pt.eg.db’, ‘org.Ss.eg.db’, ‘org.Xl.eg.db’

trying URL 'https://p3m.dev/cran/__linux__/noble/latest/src/contrib/treemap_2.4-4.tar.gz'
Content type 'binary/octet-stream' length 330292 bytes (322 KB)
==================================================
downloaded 322 KB

trying URL 'https://bioconductor.org/packages/3.20/data/annotation/src/contrib/org.Ag.eg.db_3.20.0.tar.gz'
Content type 'application/x-gzip' length 6479327 bytes (6.2 MB)
==================================================
downloaded 6.2 MB

trying URL 'https://bioconductor.org/packages/3.20/data/annotation/src/contrib/org.Bt.eg.db_3.20.0.tar.gz'
Content type 'application/x-gzip' length 22017375 bytes (21.0 MB)
==================================================
downloaded 21.0 MB

trying URL 'https://bioconductor.org/packages/3.20/data/annotation/src/contrib/org.Ce.eg.db_3.20.0.tar.gz'
Content type 'application/x-gzip' length 20144955 bytes (19.2 MB)
==================================================
downloaded 19.2 MB

trying URL 'https://bioconductor.org/packages/3.20/data/annotation/src/contrib/org.Cf.eg.db_3.20.0.tar.gz'
Content type 'application/x-gzip' length 27275067 bytes (26.0 MB)
==================================================
downloaded 26.0 MB

trying URL 'https://bioconductor.org/packages/3.20/data/annotation/src/contrib/org.Dm.eg.db_3.20.0.tar.gz'
Content type 'application/x-gzip' length 30994818 bytes (29.6 MB)
==================================================
downloaded 29.6 MB

trying URL 'https://bioconductor.org/packages/3.20/data/annotation/src/contrib/org.Dr.eg.db_3.20.0.tar.gz'
Content type 'application/x-gzip' length 33409893 bytes (31.9 MB)
==================================================
downloaded 31.9 MB

trying URL 'https://bioconductor.org/packages/3.20/data/annotation/src/contrib/org.EcK12.eg.db_3.20.0.tar.gz'
Content type 'application/x-gzip' length 5857405 bytes (5.6 MB)
==================================================
downloaded 5.6 MB

trying URL 'https://bioconductor.org/packages/3.20/data/annotation/src/contrib/org.EcSakai.eg.db_3.20.0.tar.gz'
Content type 'application/x-gzip' length 674124 bytes (658 KB)
==================================================
downloaded 658 KB

trying URL 'https://bioconductor.org/packages/3.20/data/annotation/src/contrib/org.Gg.eg.db_3.20.0.tar.gz'
Content type 'application/x-gzip' length 18949509 bytes (18.1 MB)
==================================================
downloaded 18.1 MB

trying URL 'https://bioconductor.org/packages/3.20/data/annotation/src/contrib/org.Mmu.eg.db_3.20.0.tar.gz'
Content type 'application/x-gzip' length 19929293 bytes (19.0 MB)
==================================================
downloaded 19.0 MB

trying URL 'https://bioconductor.org/packages/3.20/data/annotation/src/contrib/org.Pt.eg.db_3.20.0.tar.gz'
Content type 'application/x-gzip' length 27099049 bytes (25.8 MB)
==================================================
downloaded 25.8 MB

trying URL 'https://bioconductor.org/packages/3.20/data/annotation/src/contrib/org.Ss.eg.db_3.20.0.tar.gz'
Content type 'application/x-gzip' length 16772001 bytes (16.0 MB)
==================================================
downloaded 16.0 MB

trying URL 'https://bioconductor.org/packages/3.20/data/annotation/src/contrib/org.Xl.eg.db_3.20.0.tar.gz'
Content type 'application/x-gzip' length 22236630 bytes (21.2 MB)
==================================================
downloaded 21.2 MB

trying URL 'https://bioconductor.org/packages/3.20/bioc/src/contrib/rrvgo_1.18.0.tar.gz'
Content type 'application/x-gzip' length 2077443 bytes (2.0 MB)
==================================================
downloaded 2.0 MB

* installing *binary* package ‘treemap’ ...
* ‘treemap’ was already a binary package and will not be rebuilt
* creating tarball
packaged installation of ‘treemap’ as ‘treemap_2.4-4_R_x86_64-pc-linux-gnu.tar.gz’
* DONE (treemap)
* installing *source* package ‘org.Ag.eg.db’ ...
** using staged installation
** R
** inst
** byte-compile and prepare package for lazy loading
** help
*** installing help indices
** building package indices
** testing if installed package can be loaded from temporary location
** testing if installed package can be loaded from final location
** testing if installed package keeps a record of temporary installation path
* creating tarball
packaged installation of ‘org.Ag.eg.db’ as ‘org.Ag.eg.db_3.20.0_R_x86_64-pc-linux-gnu.tar.gz’
* DONE (org.Ag.eg.db)
ERROR: failed to lock directory ‘/mnt/library’ for modifying
Try removing ‘/mnt/library/00LOCK-org.Bt.eg.db’
* installing *source* package ‘org.Ce.eg.db’ ...
** using staged installation
** R
** inst
** byte-compile and prepare package for lazy loading
** help
*** installing help indices
** building package indices
** testing if installed package can be loaded from temporary location
** testing if installed package can be loaded from final location
** testing if installed package keeps a record of temporary installation path
* creating tarball
packaged installation of ‘org.Ce.eg.db’ as ‘org.Ce.eg.db_3.20.0_R_x86_64-pc-linux-gnu.tar.gz’
* DONE (org.Ce.eg.db)
* installing *source* package ‘org.Cf.eg.db’ ...
** using staged installation
** R
** inst
** byte-compile and prepare package for lazy loading
** help
*** installing help indices
** building package indices
** testing if installed package can be loaded from temporary location
** testing if installed package can be loaded from final location
** testing if installed package keeps a record of temporary installation path
* creating tarball
packaged installation of ‘org.Cf.eg.db’ as ‘org.Cf.eg.db_3.20.0_R_x86_64-pc-linux-gnu.tar.gz’
* DONE (org.Cf.eg.db)
ERROR: failed to lock directory ‘/mnt/library’ for modifying
Try removing ‘/mnt/library/00LOCK-org.Dm.eg.db’
* installing *source* package ‘org.Dr.eg.db’ ...
** using staged installation
** R
** inst
** byte-compile and prepare package for lazy loading
** help
*** installing help indices
** building package indices
** testing if installed package can be loaded from temporary location
** testing if installed package can be loaded from final location
** testing if installed package keeps a record of temporary installation path
* creating tarball
packaged installation of ‘org.Dr.eg.db’ as ‘org.Dr.eg.db_3.20.0_R_x86_64-pc-linux-gnu.tar.gz’
* DONE (org.Dr.eg.db)
* installing *source* package ‘org.EcK12.eg.db’ ...
** using staged installation
** R
** inst
** byte-compile and prepare package for lazy loading
** help
*** installing help indices
** building package indices
** testing if installed package can be loaded from temporary location
** testing if installed package can be loaded from final location
** testing if installed package keeps a record of temporary installation path
* creating tarball
packaged installation of ‘org.EcK12.eg.db’ as ‘org.EcK12.eg.db_3.20.0_R_x86_64-pc-linux-gnu.tar.gz’
* DONE (org.EcK12.eg.db)
* installing *source* package ‘org.EcSakai.eg.db’ ...
** using staged installation
** R
** inst
** byte-compile and prepare package for lazy loading
** help
*** installing help indices
** building package indices
** testing if installed package can be loaded from temporary location
** testing if installed package can be loaded from final location
** testing if installed package keeps a record of temporary installation path
* creating tarball
packaged installation of ‘org.EcSakai.eg.db’ as ‘org.EcSakai.eg.db_3.20.0_R_x86_64-pc-linux-gnu.tar.gz’
* DONE (org.EcSakai.eg.db)
ERROR: failed to lock directory ‘/mnt/library’ for modifying
Try removing ‘/mnt/library/00LOCK-org.Gg.eg.db’
* installing *source* package ‘org.Mmu.eg.db’ ...
** using staged installation
** R
** inst
** byte-compile and prepare package for lazy loading
** help
*** installing help indices
** building package indices
** testing if installed package can be loaded from temporary location
** testing if installed package can be loaded from final location
** testing if installed package keeps a record of temporary installation path
* creating tarball
packaged installation of ‘org.Mmu.eg.db’ as ‘org.Mmu.eg.db_3.20.0_R_x86_64-pc-linux-gnu.tar.gz’
* DONE (org.Mmu.eg.db)
ERROR: failed to lock directory ‘/mnt/library’ for modifying
Try removing ‘/mnt/library/00LOCK-org.Pt.eg.db’
* installing *source* package ‘org.Ss.eg.db’ ...
** using staged installation
** R
** inst
** byte-compile and prepare package for lazy loading
** help
*** installing help indices
** building package indices
** testing if installed package can be loaded from temporary location
** testing if installed package can be loaded from final location
** testing if installed package keeps a record of temporary installation path
* creating tarball
packaged installation of ‘org.Ss.eg.db’ as ‘org.Ss.eg.db_3.20.0_R_x86_64-pc-linux-gnu.tar.gz’
* DONE (org.Ss.eg.db)
ERROR: failed to lock directory ‘/mnt/library’ for modifying
Try removing ‘/mnt/library/00LOCK-org.Xl.eg.db’
* installing *source* package ‘rrvgo’ ...
** package ‘rrvgo’ successfully unpacked and MD5 sums checked
** using staged installation
** R
** inst
** byte-compile and prepare package for lazy loading
** help
*** installing help indices
** building package indices
** installing vignettes
** testing if installed package can be loaded from temporary location
** testing if installed package can be loaded from final location
** testing if installed package keeps a record of temporary installation path
* creating tarball
packaged installation of ‘rrvgo’ as ‘rrvgo_1.18.0_R_x86_64-pc-linux-gnu.tar.gz’
* DONE (rrvgo)

The downloaded source packages are in
	‘/tmp/RtmpiBGT0h/downloaded_packages’
Old packages: 'bslib', 'cli', 'cpp11', 'curl', 'evaluate', 'httr2', 'jsonlite',
  'openssl', 'pillar', 'pkgbuild', 'processx', 'ps', 'purrr', 'R6', 'Rcpp',
  'rlang', 'sessioninfo', 'systemfonts', 'testthat', 'textshaping', 'tinytex',
  'xfun', 'xml2', 'zip', 'class', 'foreign', 'KernSmooth', 'MASS', 'Matrix',
  'nlme', 'nnet', 'rpart', 'spatial'
Warning messages:
1: In install.packages(...) :
  installation of package ‘org.Bt.eg.db’ had non-zero exit status
2: In install.packages(...) :
  installation of package ‘org.Dm.eg.db’ had non-zero exit status
3: In install.packages(...) :
  installation of package ‘org.Gg.eg.db’ had non-zero exit status
4: In install.packages(...) :
  installation of package ‘org.Pt.eg.db’ had non-zero exit status
5: In install.packages(...) :
  installation of package ‘org.Xl.eg.db’ had non-zero exit status

real	8m0.927s
user	6m27.704s
sys	0m27.113s
