'getOption("repos")' replaces Bioconductor standard repositories, see
'help("repositories", package = "BiocManager")' for details.
Replacement repositories:
    CRAN: https://p3m.dev/cran/__linux__/noble/latest
Bioconductor version 3.20 (BiocManager 1.30.25), R 4.4.2 (2024-10-31)
Installing package(s) 'ecolitk'
also installing the dependencies ‘ecoliLeucine’, ‘ecolicdf’

trying URL 'https://bioconductor.org/packages/3.20/data/experiment/src/contrib/ecoliLeucine_1.46.0.tar.gz'
Content type 'application/x-gzip' length 6224796 bytes (5.9 MB)
==================================================
downloaded 5.9 MB

trying URL 'https://bioconductor.org/packages/3.20/data/annotation/src/contrib/ecolicdf_2.18.0.tar.gz'
Content type 'application/x-gzip' length 572814 bytes (559 KB)
==================================================
downloaded 559 KB

trying URL 'https://bioconductor.org/packages/3.20/bioc/src/contrib/ecolitk_1.78.0.tar.gz'
Content type 'application/x-gzip' length 1918897 bytes (1.8 MB)
==================================================
downloaded 1.8 MB

* installing *source* package ‘ecolicdf’ ...
** using staged installation
** R
** data
** byte-compile and prepare package for lazy loading
Warning: replacing previous import ‘AnnotationDbi::tail’ by ‘utils::tail’ when loading ‘ecolicdf’
Warning: replacing previous import ‘AnnotationDbi::head’ by ‘utils::head’ when loading ‘ecolicdf’
** help
*** installing help indices
** building package indices
** testing if installed package can be loaded from temporary location
Warning: replacing previous import ‘AnnotationDbi::tail’ by ‘utils::tail’ when loading ‘ecolicdf’
Warning: replacing previous import ‘AnnotationDbi::head’ by ‘utils::head’ when loading ‘ecolicdf’
** testing if installed package can be loaded from final location
Warning: replacing previous import ‘AnnotationDbi::tail’ by ‘utils::tail’ when loading ‘ecolicdf’
Warning: replacing previous import ‘AnnotationDbi::head’ by ‘utils::head’ when loading ‘ecolicdf’
** testing if installed package keeps a record of temporary installation path
* creating tarball
packaged installation of ‘ecolicdf’ as ‘ecolicdf_2.18.0_R_x86_64-pc-linux-gnu.tar.gz’
* DONE (ecolicdf)
* installing *source* package ‘ecolitk’ ...
** package ‘ecolitk’ successfully unpacked and MD5 sums checked
** using staged installation
** R
** data
** inst
** byte-compile and prepare package for lazy loading
Note: possible error in 'strsplit(line, "\t", ': unused argument (extended = TRUE) 
** help
*** installing help indices
** building package indices
** installing vignettes
** testing if installed package can be loaded from temporary location
** testing if installed package can be loaded from final location
** testing if installed package keeps a record of temporary installation path
* creating tarball
packaged installation of ‘ecolitk’ as ‘ecolitk_1.78.0_R_x86_64-pc-linux-gnu.tar.gz’
* DONE (ecolitk)
* installing *source* package ‘ecoliLeucine’ ...
** using staged installation
** data
** help
*** installing help indices
** building package indices
** testing if installed package can be loaded from temporary location
Warning: replacing previous import ‘AnnotationDbi::tail’ by ‘utils::tail’ when loading ‘ecolicdf’
Warning: replacing previous import ‘AnnotationDbi::head’ by ‘utils::head’ when loading ‘ecolicdf’
** testing if installed package can be loaded from final location
Warning: replacing previous import ‘AnnotationDbi::tail’ by ‘utils::tail’ when loading ‘ecolicdf’
Warning: replacing previous import ‘AnnotationDbi::head’ by ‘utils::head’ when loading ‘ecolicdf’
** testing if installed package keeps a record of temporary installation path
* creating tarball
packaged installation of ‘ecoliLeucine’ as ‘ecoliLeucine_1.46.0_R_x86_64-pc-linux-gnu.tar.gz’
* DONE (ecoliLeucine)

The downloaded source packages are in
	‘/tmp/RtmpqtM8iM/downloaded_packages’
Old packages: 'bslib', 'cli', 'cpp11', 'curl', 'evaluate', 'httr2', 'jsonlite',
  'openssl', 'pillar', 'pkgbuild', 'processx', 'ps', 'purrr', 'R6', 'Rcpp',
  'rlang', 'sessioninfo', 'systemfonts', 'testthat', 'textshaping', 'tinytex',
  'xfun', 'xml2', 'zip', 'class', 'foreign', 'KernSmooth', 'MASS', 'Matrix',
  'nlme', 'nnet', 'rpart', 'spatial'

real	1m24.729s
user	0m21.372s
sys	0m5.846s
