'getOption("repos")' replaces Bioconductor standard repositories, see
'help("repositories", package = "BiocManager")' for details.
Replacement repositories:
    CRAN: https://p3m.dev/cran/__linux__/noble/latest
Bioconductor version 3.20 (BiocManager 1.30.25), R 4.4.2 (2024-10-31)
Installing package(s) 'simona'
also installing the dependencies ‘proxyC’, ‘InteractiveComplexHeatmap’, ‘UniProtKeywords’, ‘simplifyEnrichment’

trying URL 'https://p3m.dev/cran/__linux__/noble/latest/src/contrib/proxyC_0.4.1.tar.gz'
Content type 'binary/octet-stream' length 169110 bytes (165 KB)
==================================================
downloaded 165 KB

trying URL 'https://bioconductor.org/packages/3.20/bioc/src/contrib/InteractiveComplexHeatmap_1.14.0.tar.gz'
Content type 'application/x-gzip' length 975883 bytes (953 KB)
==================================================
downloaded 953 KB

trying URL 'https://bioconductor.org/packages/3.20/data/annotation/src/contrib/UniProtKeywords_0.99.7.tar.gz'
Content type 'application/x-gzip' length 1229435 bytes (1.2 MB)
==================================================
downloaded 1.2 MB

trying URL 'https://bioconductor.org/packages/3.20/bioc/src/contrib/simplifyEnrichment_2.0.0.tar.gz'
Content type 'application/x-gzip' length 1076198 bytes (1.0 MB)
==================================================
downloaded 1.0 MB

trying URL 'https://bioconductor.org/packages/3.20/bioc/src/contrib/simona_1.4.0.tar.gz'
Content type 'application/x-gzip' length 970497 bytes (947 KB)
==================================================
downloaded 947 KB

* installing *binary* package ‘proxyC’ ...
* ‘proxyC’ was already a binary package and will not be rebuilt
* creating tarball
packaged installation of ‘proxyC’ as ‘proxyC_0.4.1_R_x86_64-pc-linux-gnu.tar.gz’
* DONE (proxyC)
* installing *source* package ‘InteractiveComplexHeatmap’ ...
** package ‘InteractiveComplexHeatmap’ successfully unpacked and MD5 sums checked
** using staged installation
** R
** data
** inst
** byte-compile and prepare package for lazy loading
** help
*** installing help indices
** building package indices
** installing vignettes
** testing if installed package can be loaded from temporary location
** testing if installed package can be loaded from final location
** testing if installed package keeps a record of temporary installation path
* creating tarball
packaged installation of ‘InteractiveComplexHeatmap’ as ‘InteractiveComplexHeatmap_1.14.0_R_x86_64-pc-linux-gnu.tar.gz’
* DONE (InteractiveComplexHeatmap)
* installing *source* package ‘UniProtKeywords’ ...
** using staged installation
** R
** data
** inst
** byte-compile and prepare package for lazy loading
** help
*** installing help indices
** building package indices
** installing vignettes
** testing if installed package can be loaded from temporary location
** testing if installed package can be loaded from final location
** testing if installed package keeps a record of temporary installation path
* creating tarball
packaged installation of ‘UniProtKeywords’ as ‘UniProtKeywords_0.99.7_R_x86_64-pc-linux-gnu.tar.gz’
* DONE (UniProtKeywords)
* installing *source* package ‘simona’ ...
** package ‘simona’ successfully unpacked and MD5 sums checked
** using staged installation
** libs
using C++ compiler: ‘g++ (Ubuntu 13.3.0-6ubuntu2~24.04) 13.3.0’
using C++11
g++ -std=gnu++11 -I"/usr/local/lib/R/include" -DNDEBUG  -I'/usr/local/lib/R/site-library/Rcpp/include' -I/usr/local/include    -fpic  -g -O2 -fstack-protector-strong -Wformat -Wformat-security -Wdate-time -D_FORTIFY_SOURCE=2 -g  -DR_NO_REMAP -c RcppExports.cpp -o RcppExports.o
g++ -std=gnu++11 -I"/usr/local/lib/R/include" -DNDEBUG  -I'/usr/local/lib/R/site-library/Rcpp/include' -I/usr/local/include    -fpic  -g -O2 -fstack-protector-strong -Wformat -Wformat-security -Wdate-time -D_FORTIFY_SOURCE=2 -g  -DR_NO_REMAP -c annotation.cpp -o annotation.o
g++ -std=gnu++11 -I"/usr/local/lib/R/include" -DNDEBUG  -I'/usr/local/lib/R/site-library/Rcpp/include' -I/usr/local/include    -fpic  -g -O2 -fstack-protector-strong -Wformat -Wformat-security -Wdate-time -D_FORTIFY_SOURCE=2 -g  -DR_NO_REMAP -c common_ancestor.cpp -o common_ancestor.o
g++ -std=gnu++11 -I"/usr/local/lib/R/include" -DNDEBUG  -I'/usr/local/lib/R/site-library/Rcpp/include' -I/usr/local/include    -fpic  -g -O2 -fstack-protector-strong -Wformat -Wformat-security -Wdate-time -D_FORTIFY_SOURCE=2 -g  -DR_NO_REMAP -c dist.cpp -o dist.o
g++ -std=gnu++11 -I"/usr/local/lib/R/include" -DNDEBUG  -I'/usr/local/lib/R/site-library/Rcpp/include' -I/usr/local/include    -fpic  -g -O2 -fstack-protector-strong -Wformat -Wformat-security -Wdate-time -D_FORTIFY_SOURCE=2 -g  -DR_NO_REMAP -c intersectToList_logical.cpp -o intersectToList_logical.o
g++ -std=gnu++11 -I"/usr/local/lib/R/include" -DNDEBUG  -I'/usr/local/lib/R/site-library/Rcpp/include' -I/usr/local/include    -fpic  -g -O2 -fstack-protector-strong -Wformat -Wformat-security -Wdate-time -D_FORTIFY_SOURCE=2 -g  -DR_NO_REMAP -c partition.cpp -o partition.o
g++ -std=gnu++11 -I"/usr/local/lib/R/include" -DNDEBUG  -I'/usr/local/lib/R/site-library/Rcpp/include' -I/usr/local/include    -fpic  -g -O2 -fstack-protector-strong -Wformat -Wformat-security -Wdate-time -D_FORTIFY_SOURCE=2 -g  -DR_NO_REMAP -c permutation.cpp -o permutation.o
g++ -std=gnu++11 -I"/usr/local/lib/R/include" -DNDEBUG  -I'/usr/local/lib/R/site-library/Rcpp/include' -I/usr/local/include    -fpic  -g -O2 -fstack-protector-strong -Wformat -Wformat-security -Wdate-time -D_FORTIFY_SOURCE=2 -g  -DR_NO_REMAP -c plot.cpp -o plot.o
g++ -std=gnu++11 -I"/usr/local/lib/R/include" -DNDEBUG  -I'/usr/local/lib/R/site-library/Rcpp/include' -I/usr/local/include    -fpic  -g -O2 -fstack-protector-strong -Wformat -Wformat-security -Wdate-time -D_FORTIFY_SOURCE=2 -g  -DR_NO_REMAP -c reorder.cpp -o reorder.o
g++ -std=gnu++11 -I"/usr/local/lib/R/include" -DNDEBUG  -I'/usr/local/lib/R/site-library/Rcpp/include' -I/usr/local/include    -fpic  -g -O2 -fstack-protector-strong -Wformat -Wformat-security -Wdate-time -D_FORTIFY_SOURCE=2 -g  -DR_NO_REMAP -c sim.cpp -o sim.o
g++ -std=gnu++11 -I"/usr/local/lib/R/include" -DNDEBUG  -I'/usr/local/lib/R/site-library/Rcpp/include' -I/usr/local/include    -fpic  -g -O2 -fstack-protector-strong -Wformat -Wformat-security -Wdate-time -D_FORTIFY_SOURCE=2 -g  -DR_NO_REMAP -c term.cpp -o term.o
g++ -std=gnu++11 -I"/usr/local/lib/R/include" -DNDEBUG  -I'/usr/local/lib/R/site-library/Rcpp/include' -I/usr/local/include    -fpic  -g -O2 -fstack-protector-strong -Wformat -Wformat-security -Wdate-time -D_FORTIFY_SOURCE=2 -g  -DR_NO_REMAP -c traverse.cpp -o traverse.o
g++ -std=gnu++11 -I"/usr/local/lib/R/include" -DNDEBUG  -I'/usr/local/lib/R/site-library/Rcpp/include' -I/usr/local/include    -fpic  -g -O2 -fstack-protector-strong -Wformat -Wformat-security -Wdate-time -D_FORTIFY_SOURCE=2 -g  -DR_NO_REMAP -c tree.cpp -o tree.o
g++ -std=gnu++11 -I"/usr/local/lib/R/include" -DNDEBUG  -I'/usr/local/lib/R/site-library/Rcpp/include' -I/usr/local/include    -fpic  -g -O2 -fstack-protector-strong -Wformat -Wformat-security -Wdate-time -D_FORTIFY_SOURCE=2 -g  -DR_NO_REMAP -c utils.cpp -o utils.o
g++ -std=gnu++11 -shared -L/usr/local/lib/R/lib -L/usr/local/lib -o simona.so RcppExports.o annotation.o common_ancestor.o dist.o intersectToList_logical.o partition.o permutation.o plot.o reorder.o sim.o term.o traverse.o tree.o utils.o -L/usr/local/lib/R/lib -lR
installing to /mnt/library/00LOCK-simona/00new/simona/libs
** R
** inst
** byte-compile and prepare package for lazy loading
** help
*** installing help indices
** building package indices
** installing vignettes
** testing if installed package can be loaded from temporary location
** checking absolute paths in shared objects and dynamic libraries
** testing if installed package can be loaded from final location
** testing if installed package keeps a record of temporary installation path
* creating tarball
packaged installation of ‘simona’ as ‘simona_1.4.0_R_x86_64-pc-linux-gnu.tar.gz’
* DONE (simona)
* installing *source* package ‘simplifyEnrichment’ ...
** package ‘simplifyEnrichment’ successfully unpacked and MD5 sums checked
** using staged installation
** R
** inst
** byte-compile and prepare package for lazy loading
** help
*** installing help indices
** building package indices
** installing vignettes
** testing if installed package can be loaded from temporary location
Warning: S3 method ‘print.ontology_tree’ was declared in NAMESPACE but not found
Error: package or namespace load failed for ‘simplifyEnrichment’ in find.package(package, lib.loc, verbose = verbose):
 there is no package called ‘simona’
Error: loading failed
Execution halted
ERROR: loading failed
* removing ‘/mnt/library/simplifyEnrichment’

The downloaded source packages are in
	‘/tmp/RtmpqAFLGT/downloaded_packages’
Old packages: 'bslib', 'cli', 'cpp11', 'curl', 'evaluate', 'httr2', 'jsonlite',
  'openssl', 'pillar', 'pkgbuild', 'processx', 'ps', 'purrr', 'R6', 'Rcpp',
  'rlang', 'sessioninfo', 'systemfonts', 'testthat', 'textshaping', 'tinytex',
  'xfun', 'xml2', 'zip', 'class', 'foreign', 'KernSmooth', 'MASS', 'Matrix',
  'nlme', 'nnet', 'rpart', 'spatial'
Warning message:
In install.packages(...) :
  installation of package ‘simplifyEnrichment’ had non-zero exit status
Error: unexpected 'else' in "  else"
Execution halted

real	2m40.372s
user	1m19.742s
sys	0m14.435s
