'getOption("repos")' replaces Bioconductor standard repositories, see
'help("repositories", package = "BiocManager")' for details.
Replacement repositories:
    CRAN: https://p3m.dev/cran/__linux__/noble/latest
Bioconductor version 3.20 (BiocManager 1.30.25), R 4.4.2 (2024-10-31)
Installing package(s) 'statTarget'
also installing the dependency ‘pls’

trying URL 'https://p3m.dev/cran/__linux__/noble/latest/src/contrib/pls_2.8-5.tar.gz'
Content type 'binary/octet-stream' length 1195174 bytes (1.1 MB)
==================================================
downloaded 1.1 MB

trying URL 'https://bioconductor.org/packages/3.20/bioc/src/contrib/statTarget_1.36.0.tar.gz'
Content type 'application/x-gzip' length 799933 bytes (781 KB)
==================================================
downloaded 781 KB

* installing *binary* package ‘pls’ ...
* ‘pls’ was already a binary package and will not be rebuilt
* creating tarball
packaged installation of ‘pls’ as ‘pls_2.8-5_R_x86_64-pc-linux-gnu.tar.gz’
* DONE (pls)
* installing *source* package ‘statTarget’ ...
** package ‘statTarget’ successfully unpacked and MD5 sums checked
** using staged installation
** R
** inst
** byte-compile and prepare package for lazy loading
** help
*** installing help indices
** building package indices
** installing vignettes
** testing if installed package can be loaded from temporary location
** testing if installed package can be loaded from final location
** testing if installed package keeps a record of temporary installation path
* creating tarball
packaged installation of ‘statTarget’ as ‘statTarget_1.36.0_R_x86_64-pc-linux-gnu.tar.gz’
* DONE (statTarget)

The downloaded source packages are in
	‘/tmp/RtmpvEGyX5/downloaded_packages’
Old packages: 'bslib', 'cli', 'cpp11', 'curl', 'evaluate', 'httr2', 'jsonlite',
  'openssl', 'pillar', 'pkgbuild', 'processx', 'ps', 'purrr', 'R6', 'Rcpp',
  'rlang', 'sessioninfo', 'systemfonts', 'testthat', 'textshaping', 'tinytex',
  'xfun', 'xml2', 'zip', 'class', 'foreign', 'KernSmooth', 'MASS', 'Matrix',
  'nlme', 'nnet', 'rpart', 'spatial'

real	0m21.235s
user	0m9.317s
sys	0m3.798s
