'getOption("repos")' replaces Bioconductor standard repositories, see
'help("repositories", package = "BiocManager")' for details.
Replacement repositories:
    CRAN: https://p3m.dev/cran/__linux__/noble/latest
Bioconductor version 3.20 (BiocManager 1.30.25), R 4.4.2 (2024-10-31)
Installing package(s) 'HPiP'
also installing the dependencies ‘protr’, ‘SummarizedExperiment’

trying URL 'https://p3m.dev/cran/__linux__/noble/latest/src/contrib/protr_1.7-4.tar.gz'
Content type 'binary/octet-stream' length 1657542 bytes (1.6 MB)
==================================================
downloaded 1.6 MB

trying URL 'https://bioconductor.org/packages/3.20/bioc/src/contrib/SummarizedExperiment_1.36.0.tar.gz'
Content type 'application/x-gzip' length 690951 bytes (674 KB)
==================================================
downloaded 674 KB

trying URL 'https://bioconductor.org/packages/3.20/bioc/src/contrib/HPiP_1.12.0.tar.gz'
Content type 'application/x-gzip' length 4361710 bytes (4.2 MB)
==================================================
downloaded 4.2 MB

* installing *binary* package ‘protr’ ...
* ‘protr’ was already a binary package and will not be rebuilt
* creating tarball
packaged installation of ‘protr’ as ‘protr_1.7-4_R_x86_64-pc-linux-gnu.tar.gz’
* DONE (protr)
* installing *source* package ‘SummarizedExperiment’ ...
** package ‘SummarizedExperiment’ successfully unpacked and MD5 sums checked
** using staged installation
** R
** inst
** byte-compile and prepare package for lazy loading
Error: package or namespace load failed for ‘GenomicRanges’ in loadNamespace(i, c(lib.loc, .libPaths()), versionCheck = vI[[i]]):
 there is no package called ‘XVector’
Execution halted
ERROR: lazy loading failed for package ‘SummarizedExperiment’
* removing ‘/mnt/library/SummarizedExperiment’
* installing *source* package ‘HPiP’ ...
** package ‘HPiP’ successfully unpacked and MD5 sums checked
** using staged installation
** R
** data
** inst
** byte-compile and prepare package for lazy loading
** help
*** installing help indices
** building package indices
** installing vignettes
** testing if installed package can be loaded from temporary location
** testing if installed package can be loaded from final location
** testing if installed package keeps a record of temporary installation path
* creating tarball
packaged installation of ‘HPiP’ as ‘HPiP_1.12.0_R_x86_64-pc-linux-gnu.tar.gz’
* DONE (HPiP)

The downloaded source packages are in
	‘/tmp/RtmpdynefS/downloaded_packages’
Old packages: 'bslib', 'cli', 'cpp11', 'curl', 'evaluate', 'httr2', 'jsonlite',
  'openssl', 'pillar', 'pkgbuild', 'processx', 'ps', 'purrr', 'R6', 'Rcpp',
  'rlang', 'sessioninfo', 'systemfonts', 'testthat', 'textshaping', 'tinytex',
  'xfun', 'xml2', 'zip', 'class', 'foreign', 'KernSmooth', 'MASS', 'Matrix',
  'nlme', 'nnet', 'rpart', 'spatial'
Warning message:
In install.packages(...) :
  installation of package ‘SummarizedExperiment’ had non-zero exit status

real	0m32.904s
user	0m14.623s
sys	0m3.891s
