'getOption("repos")' replaces Bioconductor standard repositories, see
'help("repositories", package = "BiocManager")' for details.
Replacement repositories:
    CRAN: https://p3m.dev/cran/__linux__/noble/latest
Bioconductor version 3.20 (BiocManager 1.30.25), R 4.4.2 (2024-10-31)
Installing package(s) 'QTLExperiment'
also installing the dependency ‘collapse’

trying URL 'https://p3m.dev/cran/__linux__/noble/latest/src/contrib/collapse_2.0.19.tar.gz'
Content type 'binary/octet-stream' length 3417716 bytes (3.3 MB)
==================================================
downloaded 3.3 MB

trying URL 'https://bioconductor.org/packages/3.20/bioc/src/contrib/QTLExperiment_1.4.0.tar.gz'
Content type 'application/x-gzip' length 629909 bytes (615 KB)
==================================================
downloaded 615 KB

* installing *binary* package ‘collapse’ ...
* ‘collapse’ was already a binary package and will not be rebuilt
* creating tarball
packaged installation of ‘collapse’ as ‘collapse_2.0.19_R_x86_64-pc-linux-gnu.tar.gz’
* DONE (collapse)
* installing *source* package ‘QTLExperiment’ ...
** package ‘QTLExperiment’ successfully unpacked and MD5 sums checked
** using staged installation
** R
** inst
** byte-compile and prepare package for lazy loading
** help
*** installing help indices
** building package indices
** installing vignettes
** testing if installed package can be loaded from temporary location
** testing if installed package can be loaded from final location
** testing if installed package keeps a record of temporary installation path
* creating tarball
packaged installation of ‘QTLExperiment’ as ‘QTLExperiment_1.4.0_R_x86_64-pc-linux-gnu.tar.gz’
* DONE (QTLExperiment)

The downloaded source packages are in
	‘/tmp/RtmpS6sDwj/downloaded_packages’
Old packages: 'bslib', 'cli', 'cpp11', 'curl', 'evaluate', 'httr2', 'jsonlite',
  'openssl', 'pillar', 'pkgbuild', 'processx', 'ps', 'purrr', 'R6', 'Rcpp',
  'rlang', 'sessioninfo', 'systemfonts', 'testthat', 'textshaping', 'tinytex',
  'xfun', 'xml2', 'zip', 'class', 'foreign', 'KernSmooth', 'MASS', 'Matrix',
  'nlme', 'nnet', 'rpart', 'spatial'

real	1m6.074s
user	0m28.569s
sys	0m5.505s
