'getOption("repos")' replaces Bioconductor standard repositories, see
'help("repositories", package = "BiocManager")' for details.
Replacement repositories:
    CRAN: https://p3m.dev/cran/__linux__/noble/latest
Bioconductor version 3.20 (BiocManager 1.30.25), R 4.4.2 (2024-10-31)
Installing package(s) 'MSnbase'
also installing the dependencies ‘ggvis’, ‘threejs’, ‘MLInterfaces’, ‘sampling’, ‘pRoloc’, ‘pRolocdata’

trying URL 'https://p3m.dev/cran/__linux__/noble/latest/src/contrib/ggvis_0.4.9.tar.gz'
Content type 'binary/octet-stream' length 1156579 bytes (1.1 MB)
==================================================
downloaded 1.1 MB

trying URL 'https://p3m.dev/cran/__linux__/noble/latest/src/contrib/threejs_0.3.3.tar.gz'
Content type 'binary/octet-stream' length 945581 bytes (923 KB)
==================================================
downloaded 923 KB

trying URL 'https://bioconductor.org/packages/3.20/bioc/src/contrib/MLInterfaces_1.86.0.tar.gz'
Content type 'application/x-gzip' length 2938636 bytes (2.8 MB)
==================================================
downloaded 2.8 MB

trying URL 'https://p3m.dev/cran/__linux__/noble/latest/src/contrib/sampling_2.10.tar.gz'
Content type 'binary/octet-stream' length 829734 bytes (810 KB)
==================================================
downloaded 810 KB

trying URL 'https://bioconductor.org/packages/3.20/bioc/src/contrib/pRoloc_1.46.1.tar.gz'
Content type 'application/x-gzip' length 10826693 bytes (10.3 MB)
==================================================
downloaded 10.3 MB

trying URL 'https://bioconductor.org/packages/3.20/data/experiment/src/contrib/pRolocdata_1.44.1.tar.gz'
Content type 'application/x-gzip' length 200415493 bytes (191.1 MB)
==================================================
downloaded 191.1 MB

trying URL 'https://bioconductor.org/packages/3.20/bioc/src/contrib/MSnbase_2.32.0.tar.gz'
Content type 'application/x-gzip' length 6551432 bytes (6.2 MB)
==================================================
downloaded 6.2 MB

* installing *binary* package ‘ggvis’ ...
* ‘ggvis’ was already a binary package and will not be rebuilt
* creating tarball
packaged installation of ‘ggvis’ as ‘ggvis_0.4.9_R_x86_64-pc-linux-gnu.tar.gz’
* DONE (ggvis)
* installing *binary* package ‘threejs’ ...
* ‘threejs’ was already a binary package and will not be rebuilt
* creating tarball
packaged installation of ‘threejs’ as ‘threejs_0.3.3_R_x86_64-pc-linux-gnu.tar.gz’
* DONE (threejs)
* installing *binary* package ‘sampling’ ...
* ‘sampling’ was already a binary package and will not be rebuilt
* creating tarball
packaged installation of ‘sampling’ as ‘sampling_2.10_R_x86_64-pc-linux-gnu.tar.gz’
* DONE (sampling)
* installing *source* package ‘MSnbase’ ...
** package ‘MSnbase’ successfully unpacked and MD5 sums checked
** using staged installation
** libs
using C compiler: ‘gcc (Ubuntu 13.3.0-6ubuntu2~24.04) 13.3.0’
using C++ compiler: ‘g++ (Ubuntu 13.3.0-6ubuntu2~24.04) 13.3.0’
g++ -std=gnu++17 -I"/usr/local/lib/R/include" -DNDEBUG  -I'/usr/local/lib/R/site-library/Rcpp/include' -I/usr/local/include    -fpic  -g -O2 -fstack-protector-strong -Wformat -Wformat-security -Wdate-time -D_FORTIFY_SOURCE=2 -g  -DR_NO_REMAP -c RcppExports.cpp -o RcppExports.o
gcc -I"/usr/local/lib/R/include" -DNDEBUG  -I'/usr/local/lib/R/site-library/Rcpp/include' -I/usr/local/include    -fpic  -g -O2 -fstack-protector-strong -Wformat -Wformat-security -Wdate-time -D_FORTIFY_SOURCE=2 -g  -c Spectrum1_class.c -o Spectrum1_class.o
gcc -I"/usr/local/lib/R/include" -DNDEBUG  -I'/usr/local/lib/R/site-library/Rcpp/include' -I/usr/local/include    -fpic  -g -O2 -fstack-protector-strong -Wformat -Wformat-security -Wdate-time -D_FORTIFY_SOURCE=2 -g  -c Spectrum2_class.c -o Spectrum2_class.o
g++ -std=gnu++17 -I"/usr/local/lib/R/include" -DNDEBUG  -I'/usr/local/lib/R/site-library/Rcpp/include' -I/usr/local/include    -fpic  -g -O2 -fstack-protector-strong -Wformat -Wformat-security -Wdate-time -D_FORTIFY_SOURCE=2 -g  -DR_NO_REMAP -c imp_neighbour_avg.cpp -o imp_neighbour_avg.o
gcc -I"/usr/local/lib/R/include" -DNDEBUG  -I'/usr/local/lib/R/site-library/Rcpp/include' -I/usr/local/include    -fpic  -g -O2 -fstack-protector-strong -Wformat -Wformat-security -Wdate-time -D_FORTIFY_SOURCE=2 -g  -c utils.c -o utils.o
g++ -std=gnu++17 -shared -L/usr/local/lib/R/lib -L/usr/local/lib -o MSnbase.so RcppExports.o Spectrum1_class.o Spectrum2_class.o imp_neighbour_avg.o utils.o -L/usr/local/lib/R/lib -lR
installing to /mnt/library/00LOCK-MSnbase/00new/MSnbase/libs
** R
** data
*** moving datasets to lazyload DB
Creating a new generic function for ‘trimws’ in package ‘MSnbase’
in method for ‘coerce’ with signature ‘"IBSpectra","MSnSet"’: no definition for class “IBSpectra”
in method for ‘plotMzDelta’ with signature ‘"mzRramp"’: no definition for class “mzRramp”
** inst
** byte-compile and prepare package for lazy loading
Creating a new generic function for ‘trimws’ in package ‘MSnbase’
in method for ‘coerce’ with signature ‘"IBSpectra","MSnSet"’: no definition for class “IBSpectra”
in method for ‘plotMzDelta’ with signature ‘"mzRramp"’: no definition for class “mzRramp”
** help
*** installing help indices
** building package indices
** installing vignettes
** testing if installed package can be loaded from temporary location
** checking absolute paths in shared objects and dynamic libraries
** testing if installed package can be loaded from final location
** testing if installed package keeps a record of temporary installation path
* creating tarball
packaged installation of ‘MSnbase’ as ‘MSnbase_2.32.0_R_x86_64-pc-linux-gnu.tar.gz’
* DONE (MSnbase)
* installing *source* package ‘MLInterfaces’ ...
** package ‘MLInterfaces’ successfully unpacked and MD5 sums checked
** using staged installation
** R
** data
** inst
** byte-compile and prepare package for lazy loading
** help
*** installing help indices
** building package indices
** installing vignettes
** testing if installed package can be loaded from temporary location
** testing if installed package can be loaded from final location
** testing if installed package keeps a record of temporary installation path
* creating tarball
packaged installation of ‘MLInterfaces’ as ‘MLInterfaces_1.86.0_R_x86_64-pc-linux-gnu.tar.gz’
* DONE (MLInterfaces)
* installing *source* package ‘pRolocdata’ ...
** using staged installation
** R
** data
** inst
** byte-compile and prepare package for lazy loading
** help
*** installing help indices
** building package indices
** testing if installed package can be loaded from temporary location
** testing if installed package can be loaded from final location
** testing if installed package keeps a record of temporary installation path
* creating tarball
packaged installation of ‘pRolocdata’ as ‘pRolocdata_1.44.1_R_x86_64-pc-linux-gnu.tar.gz’
* DONE (pRolocdata)
* installing *source* package ‘pRoloc’ ...
** package ‘pRoloc’ successfully unpacked and MD5 sums checked
** using staged installation
** libs
using C++ compiler: ‘g++ (Ubuntu 13.3.0-6ubuntu2~24.04) 13.3.0’
g++ -std=gnu++17 -I"/usr/local/lib/R/include" -DNDEBUG  -I'/usr/local/lib/R/site-library/Rcpp/include' -I'/mnt/library/RcppArmadillo/include' -I/usr/local/include    -fpic  -g -O2 -fstack-protector-strong -Wformat -Wformat-security -Wdate-time -D_FORTIFY_SOURCE=2 -g  -DR_NO_REMAP -c RcppExports.cpp -o RcppExports.o
g++ -std=gnu++17 -I"/usr/local/lib/R/include" -DNDEBUG  -I'/usr/local/lib/R/site-library/Rcpp/include' -I'/mnt/library/RcppArmadillo/include' -I/usr/local/include    -fpic  -g -O2 -fstack-protector-strong -Wformat -Wformat-security -Wdate-time -D_FORTIFY_SOURCE=2 -g  -DR_NO_REMAP -c dmvtCpp.cpp -o dmvtCpp.o
g++ -std=gnu++17 -I"/usr/local/lib/R/include" -DNDEBUG  -I'/usr/local/lib/R/site-library/Rcpp/include' -I'/mnt/library/RcppArmadillo/include' -I/usr/local/include    -fpic  -g -O2 -fstack-protector-strong -Wformat -Wformat-security -Wdate-time -D_FORTIFY_SOURCE=2 -g  -DR_NO_REMAP -c pRoloc.cpp -o pRoloc.o
g++ -std=gnu++17 -shared -L/usr/local/lib/R/lib -L/usr/local/lib -o pRoloc.so RcppExports.o dmvtCpp.o pRoloc.o -llapack -lblas -lgfortran -lm -lquadmath -L/usr/local/lib/R/lib -lR
installing to /mnt/library/00LOCK-pRoloc/00new/pRoloc/libs
** R
** data
** inst
** byte-compile and prepare package for lazy loading
** help
*** installing help indices
** building package indices
** installing vignettes
** testing if installed package can be loaded from temporary location
** checking absolute paths in shared objects and dynamic libraries
** testing if installed package can be loaded from final location
** testing if installed package keeps a record of temporary installation path
* creating tarball
packaged installation of ‘pRoloc’ as ‘pRoloc_1.46.1_R_x86_64-pc-linux-gnu.tar.gz’
* DONE (pRoloc)

The downloaded source packages are in
	‘/tmp/RtmppoFyIX/downloaded_packages’
Old packages: 'bslib', 'cli', 'cpp11', 'curl', 'evaluate', 'httr2', 'jsonlite',
  'openssl', 'pillar', 'pkgbuild', 'processx', 'ps', 'purrr', 'R6', 'Rcpp',
  'rlang', 'sessioninfo', 'systemfonts', 'testthat', 'textshaping', 'tinytex',
  'xfun', 'xml2', 'zip', 'class', 'foreign', 'KernSmooth', 'MASS', 'Matrix',
  'nlme', 'nnet', 'rpart', 'spatial'

real	7m3.969s
user	3m5.327s
sys	0m25.717s
