'getOption("repos")' replaces Bioconductor standard repositories, see
'help("repositories", package = "BiocManager")' for details.
Replacement repositories:
    CRAN: https://p3m.dev/cran/__linux__/noble/latest
Bioconductor version 3.20 (BiocManager 1.30.25), R 4.4.2 (2024-10-31)
Installing package(s) 'retrofit'
also installing the dependencies ‘mapproj’, ‘pals’

trying URL 'https://p3m.dev/cran/__linux__/noble/latest/src/contrib/mapproj_1.2.11.tar.gz'
Content type 'binary/octet-stream' length 50976 bytes (49 KB)
==================================================
downloaded 49 KB

trying URL 'https://p3m.dev/cran/__linux__/noble/latest/src/contrib/pals_1.10.tar.gz'
Content type 'binary/octet-stream' length 1901453 bytes (1.8 MB)
==================================================
downloaded 1.8 MB

trying URL 'https://bioconductor.org/packages/3.20/bioc/src/contrib/retrofit_1.6.0.tar.gz'
Content type 'application/x-gzip' length 4945840 bytes (4.7 MB)
==================================================
downloaded 4.7 MB

* installing *binary* package ‘mapproj’ ...
* ‘mapproj’ was already a binary package and will not be rebuilt
* creating tarball
packaged installation of ‘mapproj’ as ‘mapproj_1.2.11_R_x86_64-pc-linux-gnu.tar.gz’
* DONE (mapproj)
* installing *source* package ‘retrofit’ ...
** package ‘retrofit’ successfully unpacked and MD5 sums checked
** using staged installation
** libs
using C++ compiler: ‘g++ (Ubuntu 13.3.0-6ubuntu2~24.04) 13.3.0’
g++ -std=gnu++17 -I"/usr/local/lib/R/include" -DNDEBUG  -I'/usr/local/lib/R/site-library/Rcpp/include' -I/usr/local/include    -fpic  -g -O2 -fstack-protector-strong -Wformat -Wformat-security -Wdate-time -D_FORTIFY_SOURCE=2 -g  -DR_NO_REMAP -c RcppExports.cpp -o RcppExports.o
g++ -std=gnu++17 -I"/usr/local/lib/R/include" -DNDEBUG  -I'/usr/local/lib/R/site-library/Rcpp/include' -I/usr/local/include    -fpic  -g -O2 -fstack-protector-strong -Wformat -Wformat-security -Wdate-time -D_FORTIFY_SOURCE=2 -g  -DR_NO_REMAP -c decompose_measure_error.cpp -o decompose_measure_error.o
g++ -std=gnu++17 -I"/usr/local/lib/R/include" -DNDEBUG  -I'/usr/local/lib/R/site-library/Rcpp/include' -I/usr/local/include    -fpic  -g -O2 -fstack-protector-strong -Wformat -Wformat-security -Wdate-time -D_FORTIFY_SOURCE=2 -g  -DR_NO_REMAP -c decompose_step2.cpp -o decompose_step2.o
g++ -std=gnu++17 -I"/usr/local/lib/R/include" -DNDEBUG  -I'/usr/local/lib/R/site-library/Rcpp/include' -I/usr/local/include    -fpic  -g -O2 -fstack-protector-strong -Wformat -Wformat-security -Wdate-time -D_FORTIFY_SOURCE=2 -g  -DR_NO_REMAP -c decompose_step3.cpp -o decompose_step3.o
g++ -std=gnu++17 -I"/usr/local/lib/R/include" -DNDEBUG  -I'/usr/local/lib/R/site-library/Rcpp/include' -I/usr/local/include    -fpic  -g -O2 -fstack-protector-strong -Wformat -Wformat-security -Wdate-time -D_FORTIFY_SOURCE=2 -g  -DR_NO_REMAP -c decompose_step4.cpp -o decompose_step4.o
g++ -std=gnu++17 -I"/usr/local/lib/R/include" -DNDEBUG  -I'/usr/local/lib/R/site-library/Rcpp/include' -I/usr/local/include    -fpic  -g -O2 -fstack-protector-strong -Wformat -Wformat-security -Wdate-time -D_FORTIFY_SOURCE=2 -g  -DR_NO_REMAP -c decompose_step5.cpp -o decompose_step5.o
g++ -std=gnu++17 -shared -L/usr/local/lib/R/lib -L/usr/local/lib -o retrofit.so RcppExports.o decompose_measure_error.o decompose_step2.o decompose_step3.o decompose_step4.o decompose_step5.o -L/usr/local/lib/R/lib -lR
installing to /mnt/library/00LOCK-retrofit/00new/retrofit/libs
** R
** data
** inst
** byte-compile and prepare package for lazy loading
** help
*** installing help indices
** building package indices
** installing vignettes
** testing if installed package can be loaded from temporary location
** checking absolute paths in shared objects and dynamic libraries
** testing if installed package can be loaded from final location
** testing if installed package keeps a record of temporary installation path
* creating tarball
packaged installation of ‘retrofit’ as ‘retrofit_1.6.0_R_x86_64-pc-linux-gnu.tar.gz’
* DONE (retrofit)
* installing *binary* package ‘pals’ ...
* ‘pals’ was already a binary package and will not be rebuilt
* creating tarball
packaged installation of ‘pals’ as ‘pals_1.10_R_x86_64-pc-linux-gnu.tar.gz’
* DONE (pals)

The downloaded source packages are in
	‘/tmp/RtmpTyxFxC/downloaded_packages’
Old packages: 'bslib', 'cli', 'cpp11', 'curl', 'evaluate', 'httr2', 'jsonlite',
  'openssl', 'pillar', 'pkgbuild', 'processx', 'ps', 'purrr', 'R6', 'Rcpp',
  'rlang', 'sessioninfo', 'systemfonts', 'testthat', 'textshaping', 'tinytex',
  'xfun', 'xml2', 'zip', 'class', 'foreign', 'KernSmooth', 'MASS', 'Matrix',
  'nlme', 'nnet', 'rpart', 'spatial'

real	0m44.722s
user	0m18.198s
sys	0m5.100s
