'getOption("repos")' replaces Bioconductor standard repositories, see
'help("repositories", package = "BiocManager")' for details.
Replacement repositories:
    CRAN: https://p3m.dev/cran/__linux__/noble/latest
Bioconductor version 3.20 (BiocManager 1.30.25), R 4.4.2 (2024-10-31)
Installing package(s) 'doppelgangR'
also installing the dependency ‘curatedOvarianData’

trying URL 'https://bioconductor.org/packages/3.20/data/experiment/src/contrib/curatedOvarianData_1.44.0.tar.gz'
Content type 'application/x-gzip' length 400072625 bytes (381.5 MB)
==================================================
downloaded 381.5 MB

trying URL 'https://bioconductor.org/packages/3.20/bioc/src/contrib/doppelgangR_1.34.0.tar.gz'
Content type 'application/x-gzip' length 470911 bytes (459 KB)
==================================================
downloaded 459 KB

* installing *source* package ‘curatedOvarianData’ ...
** using staged installation
** data
** inst
** help
*** installing help indices
** building package indices
** installing vignettes
** testing if installed package can be loaded from temporary location
** testing if installed package can be loaded from final location
** testing if installed package keeps a record of temporary installation path
* creating tarball
packaged installation of ‘curatedOvarianData’ as ‘curatedOvarianData_1.44.0_R_x86_64-pc-linux-gnu.tar.gz’
* DONE (curatedOvarianData)
* installing *source* package ‘doppelgangR’ ...
** package ‘doppelgangR’ successfully unpacked and MD5 sums checked
** using staged installation
** R
** inst
** byte-compile and prepare package for lazy loading
** help
*** installing help indices
** building package indices
** installing vignettes
** testing if installed package can be loaded from temporary location
** testing if installed package can be loaded from final location
** testing if installed package keeps a record of temporary installation path
* creating tarball
packaged installation of ‘doppelgangR’ as ‘doppelgangR_1.34.0_R_x86_64-pc-linux-gnu.tar.gz’
* DONE (doppelgangR)

The downloaded source packages are in
	‘/tmp/RtmpLBlEwk/downloaded_packages’
Old packages: 'bslib', 'cli', 'cpp11', 'curl', 'evaluate', 'httr2', 'jsonlite',
  'openssl', 'pillar', 'pkgbuild', 'processx', 'ps', 'purrr', 'R6', 'Rcpp',
  'rlang', 'sessioninfo', 'systemfonts', 'testthat', 'textshaping', 'tinytex',
  'xfun', 'xml2', 'zip', 'class', 'foreign', 'KernSmooth', 'MASS', 'Matrix',
  'nlme', 'nnet', 'rpart', 'spatial'

real	3m18.486s
user	1m4.091s
sys	0m13.568s
