'getOption("repos")' replaces Bioconductor standard repositories, see
'help("repositories", package = "BiocManager")' for details.
Replacement repositories:
    CRAN: https://p3m.dev/cran/__linux__/noble/latest
Bioconductor version 3.20 (BiocManager 1.30.25), R 4.4.2 (2024-10-31)
Installing package(s) 'miRBaseConverter'
also installing the dependencies ‘DelayedArray’, ‘SummarizedExperiment’, ‘GenomicAlignments’, ‘rtracklayer’

trying URL 'https://bioconductor.org/packages/3.20/bioc/src/contrib/DelayedArray_0.32.0.tar.gz'
Content type 'application/x-gzip' length 825598 bytes (806 KB)
==================================================
downloaded 806 KB

trying URL 'https://bioconductor.org/packages/3.20/bioc/src/contrib/SummarizedExperiment_1.36.0.tar.gz'
Content type 'application/x-gzip' length 690951 bytes (674 KB)
==================================================
downloaded 674 KB

trying URL 'https://bioconductor.org/packages/3.20/bioc/src/contrib/GenomicAlignments_1.42.0.tar.gz'
Content type 'application/x-gzip' length 2273284 bytes (2.2 MB)
==================================================
downloaded 2.2 MB

trying URL 'https://bioconductor.org/packages/3.20/bioc/src/contrib/rtracklayer_1.66.0.tar.gz'
Content type 'application/x-gzip' length 4112666 bytes (3.9 MB)
==================================================
downloaded 3.9 MB

trying URL 'https://bioconductor.org/packages/3.20/bioc/src/contrib/miRBaseConverter_1.30.0.tar.gz'
Content type 'application/x-gzip' length 2034063 bytes (1.9 MB)
==================================================
downloaded 1.9 MB

ERROR: failed to lock directory ‘/mnt/library’ for modifying
Try removing ‘/mnt/library/00LOCK-DelayedArray’
* installing *source* package ‘miRBaseConverter’ ...
** package ‘miRBaseConverter’ successfully unpacked and MD5 sums checked
** using staged installation
** R
** data
*** moving datasets to lazyload DB
** inst
** byte-compile and prepare package for lazy loading
** help
*** installing help indices
** building package indices
** installing vignettes
** testing if installed package can be loaded from temporary location
** testing if installed package can be loaded from final location
** testing if installed package keeps a record of temporary installation path
* creating tarball
packaged installation of ‘miRBaseConverter’ as ‘miRBaseConverter_1.30.0_R_x86_64-pc-linux-gnu.tar.gz’
* DONE (miRBaseConverter)
* installing *source* package ‘SummarizedExperiment’ ...
** package ‘SummarizedExperiment’ successfully unpacked and MD5 sums checked
** using staged installation
** R
** inst
** byte-compile and prepare package for lazy loading
** help
*** installing help indices
** building package indices
** installing vignettes
** testing if installed package can be loaded from temporary location
Error: package or namespace load failed for ‘SummarizedExperiment’ in loadNamespace(i, c(lib.loc, .libPaths()), versionCheck = vI[[i]]):
 there is no package called ‘DelayedArray’
Error: loading failed
Execution halted
ERROR: loading failed
* removing ‘/mnt/library/SummarizedExperiment’
ERROR: dependency ‘SummarizedExperiment’ is not available for package ‘GenomicAlignments’
* removing ‘/mnt/library/GenomicAlignments’
ERROR: dependency ‘GenomicAlignments’ is not available for package ‘rtracklayer’
* removing ‘/mnt/library/rtracklayer’

The downloaded source packages are in
	‘/tmp/RtmpXBvzgE/downloaded_packages’
Old packages: 'bslib', 'cli', 'cpp11', 'curl', 'evaluate', 'httr2', 'jsonlite',
  'openssl', 'pillar', 'pkgbuild', 'processx', 'ps', 'purrr', 'R6', 'Rcpp',
  'rlang', 'sessioninfo', 'systemfonts', 'testthat', 'textshaping', 'tinytex',
  'xfun', 'xml2', 'zip', 'class', 'foreign', 'KernSmooth', 'MASS', 'Matrix',
  'nlme', 'nnet', 'rpart', 'spatial'
Warning messages:
1: In install.packages(...) :
  installation of package ‘DelayedArray’ had non-zero exit status
2: In install.packages(...) :
  installation of package ‘SummarizedExperiment’ had non-zero exit status
3: In install.packages(...) :
  installation of package ‘GenomicAlignments’ had non-zero exit status
4: In install.packages(...) :
  installation of package ‘rtracklayer’ had non-zero exit status

real	0m45.929s
user	0m26.893s
sys	0m5.291s
