+ Rscript -e 'Sys.setenv(BIOCONDUCTOR_USE_CONTAINER_REPOSITORY=FALSE);
  p <- .libPaths();
  p <- c('\'''\'', '\'''\'', p);
  .libPaths(p);
  if(BiocManager::install('\''GIGSEA'\'', INSTALL_opts = '\''--build'\'', update = TRUE, quiet = FALSE, dependencies=TRUE, force = TRUE, keep_outputs = TRUE) %in% rownames(installed.packages())) q(status = 0) else q(status = 1)'
'getOption("repos")' replaces Bioconductor standard repositories, see
'help("repositories", package = "BiocManager")' for details.
Replacement repositories:
    CRAN: https://p3m.dev/cran/__linux__/noble/latest
Bioconductor version 3.20 (BiocManager 1.30.25), R 4.4.2 (2024-10-31)
Installing package(s) 'GIGSEA'
also installing the dependency ‘locfdr’

trying URL 'https://p3m.dev/cran/__linux__/noble/latest/src/contrib/locfdr_1.1-8.tar.gz'
Content type 'binary/octet-stream' length 305341 bytes (298 KB)
==================================================
downloaded 298 KB

trying URL 'https://bioconductor.org/packages/3.20/bioc/src/contrib/GIGSEA_1.24.0.tar.gz'
Content type 'application/x-gzip' length 1391594 bytes (1.3 MB)
==================================================
downloaded 1.3 MB

* installing *binary* package ‘locfdr’ ...
* ‘locfdr’ was already a binary package and will not be rebuilt
* creating tarball
packaged installation of ‘locfdr’ as ‘locfdr_1.1-8_R_x86_64-pc-linux-gnu.tar.gz’
* DONE (locfdr)
* installing *source* package ‘GIGSEA’ ...
** package ‘GIGSEA’ successfully unpacked and MD5 sums checked
** using staged installation
** R
** data
*** moving datasets to lazyload DB
** inst
** byte-compile and prepare package for lazy loading
** help
*** installing help indices
** building package indices
** installing vignettes
** testing if installed package can be loaded from temporary location
** testing if installed package can be loaded from final location
** testing if installed package keeps a record of temporary installation path
* creating tarball
packaged installation of ‘GIGSEA’ as ‘GIGSEA_1.24.0_R_x86_64-pc-linux-gnu.tar.gz’
* DONE (GIGSEA)

The downloaded source packages are in
	‘/tmp/RtmpmiGth6/downloaded_packages’
Old packages: 'bslib', 'cli', 'cpp11', 'curl', 'evaluate', 'httr2', 'jsonlite',
  'openssl', 'pillar', 'pkgbuild', 'processx', 'ps', 'purrr', 'R6', 'Rcpp',
  'rlang', 'sessioninfo', 'systemfonts', 'testthat', 'textshaping', 'tinytex',
  'xfun', 'xml2', 'zip', 'class', 'foreign', 'KernSmooth', 'MASS', 'Matrix',
  'nlme', 'nnet', 'rpart', 'spatial'

real	0m7.930s
user	0m5.680s
sys	0m2.243s
