'getOption("repos")' replaces Bioconductor standard repositories, see
'help("repositories", package = "BiocManager")' for details.
Replacement repositories:
    CRAN: https://p3m.dev/cran/__linux__/noble/latest
Bioconductor version 3.20 (BiocManager 1.30.25), R 4.4.2 (2024-10-31)
Installing package(s) 'condiments'
also installing the dependency ‘Ecume’

trying URL 'https://p3m.dev/cran/__linux__/noble/latest/src/contrib/Ecume_0.9.2.tar.gz'
Content type 'binary/octet-stream' length 267920 bytes (261 KB)
==================================================
downloaded 261 KB

trying URL 'https://bioconductor.org/packages/3.20/bioc/src/contrib/condiments_1.14.0.tar.gz'
Content type 'application/x-gzip' length 2099613 bytes (2.0 MB)
==================================================
downloaded 2.0 MB

* installing *binary* package ‘Ecume’ ...
* ‘Ecume’ was already a binary package and will not be rebuilt
* creating tarball
packaged installation of ‘Ecume’ as ‘Ecume_0.9.2_R_x86_64-pc-linux-gnu.tar.gz’
* DONE (Ecume)
* installing *source* package ‘condiments’ ...
** package ‘condiments’ successfully unpacked and MD5 sums checked
** using staged installation
** R
** data
** inst
** byte-compile and prepare package for lazy loading
** help
*** installing help indices
*** copying figures
** building package indices
** installing vignettes
** testing if installed package can be loaded from temporary location
** testing if installed package can be loaded from final location
** testing if installed package keeps a record of temporary installation path
* creating tarball
packaged installation of ‘condiments’ as ‘condiments_1.14.0_R_x86_64-pc-linux-gnu.tar.gz’
* DONE (condiments)

The downloaded source packages are in
	‘/tmp/RtmphgouMB/downloaded_packages’
Old packages: 'bslib', 'cli', 'cpp11', 'curl', 'evaluate', 'httr2', 'jsonlite',
  'openssl', 'pillar', 'pkgbuild', 'processx', 'ps', 'purrr', 'R6', 'Rcpp',
  'rlang', 'sessioninfo', 'systemfonts', 'testthat', 'textshaping', 'tinytex',
  'xfun', 'xml2', 'zip', 'class', 'foreign', 'KernSmooth', 'MASS', 'Matrix',
  'nlme', 'nnet', 'rpart', 'spatial'

real	1m16.730s
user	0m36.215s
sys	0m5.972s
