+ Rscript -e 'Sys.setenv(BIOCONDUCTOR_USE_CONTAINER_REPOSITORY=FALSE);
  p <- .libPaths();
  p <- c('\'''\'', '\'''\'', p);
  .libPaths(p);
  if(BiocManager::install('\''BulkSignalR'\'', INSTALL_opts = '\''--build'\'', update = TRUE, quiet = FALSE, dependencies=TRUE, force = TRUE, keep_outputs = TRUE) %in% rownames(installed.packages())) q(status = 0) else q(status = 1)'
'getOption("repos")' replaces Bioconductor standard repositories, see
'help("repositories", package = "BiocManager")' for details.
Replacement repositories:
    CRAN: https://p3m.dev/cran/__linux__/noble/latest
Bioconductor version 3.22 (BiocManager 1.30.25), R 4.5.0 (2025-04-11)
Installing package(s) 'BulkSignalR'
also installing the dependencies ‘rbibutils’, ‘Deriv’, ‘modelr’, ‘microbenchmark’, ‘Rdpack’, ‘numDeriv’, ‘doBy’, ‘SparseM’, ‘MatrixModels’, ‘minqa’, ‘nloptr’, ‘reformulas’, ‘Biostrings’, ‘progress’, ‘backports’, ‘carData’, ‘Formula’, ‘pbkrtest’, ‘quantreg’, ‘lme4’, ‘gridGraphics’, ‘KEGGREST’, ‘hms’, ‘vroom’, ‘tzdb’, ‘R.oo’, ‘R.methodsS3’, ‘bitops’, ‘broom’, ‘corrplot’, ‘car’, ‘ggplotify’, ‘AnnotationDbi’, ‘bit’, ‘readr’, ‘R.utils’, ‘RCurl’, ‘plotly’, ‘crosstalk’, ‘ggsci’, ‘cowplot’, ‘ggsignif’, ‘polynom’, ‘rstatix’, ‘SparseArray’, ‘plyr’, ‘R.cache’, ‘ape’, ‘aplot’, ‘ggfun’, ‘yulab.utils’, ‘tidytree’, ‘treeio’, ‘XVector’, ‘UCSC.utils’, ‘abind’, ‘AnnotationHub’, ‘dbplyr’, ‘filelock’, ‘bit64’, ‘blob’, ‘plogr’, ‘generics’, ‘tidyselect’, ‘iterators’, ‘shape’, ‘RcppEigen’, ‘tidyr’, ‘lazyeval’, ‘gtable’, ‘isoband’, ‘BiocGenerics’, ‘Biobase’, ‘homologene’, ‘gprofiler2’, ‘babelgene’, ‘data.table’, ‘ggpubr’, ‘patchwork’, ‘DelayedArray’, ‘grr’, ‘repmis’, ‘ggtree’, ‘GlobalOptions’, ‘colorspace’, ‘GetoptLong’, ‘clue’, ‘RColorBrewer’, ‘png’, ‘IRanges’, ‘farver’, ‘labeling’, ‘viridisLite’, ‘SingleCellExperiment’, ‘rjson’, ‘magick’, ‘S4Vectors’, ‘MatrixGenerics’, ‘GenomicRanges’, ‘GenomeInfoDb’, ‘S4Arrays’, ‘litedown’, ‘ExperimentHub’, ‘BiocFileCache’, ‘httr’, ‘DBI’, ‘RSQLite’, ‘dplyr’, ‘matrixStats’, ‘doParallel’, ‘glmnet’, ‘ggalluvial’, ‘ggplot2’, ‘gridExtra’, ‘Rtsne’, ‘ggrepel’, ‘foreach’, ‘multtest’, ‘igraph’, ‘orthogene’, ‘stabledist’, ‘circlize’, ‘ComplexHeatmap’, ‘scales’, ‘RANN’, ‘SpatialExperiment’, ‘SummarizedExperiment’, ‘markdown’, ‘STexampleData’

trying URL 'https://p3m.dev/cran/__linux__/noble/latest/src/contrib/rbibutils_2.3.tar.gz'
trying URL 'https://p3m.dev/cran/__linux__/noble/latest/src/contrib/Deriv_4.1.6.tar.gz'
trying URL 'https://p3m.dev/cran/__linux__/noble/latest/src/contrib/modelr_0.1.11.tar.gz'
trying URL 'https://p3m.dev/cran/__linux__/noble/latest/src/contrib/microbenchmark_1.5.0.tar.gz'
trying URL 'https://p3m.dev/cran/__linux__/noble/latest/src/contrib/Rdpack_2.6.4.tar.gz'
trying URL 'https://p3m.dev/cran/__linux__/noble/latest/src/contrib/numDeriv_2016.8-1.1.tar.gz'
trying URL 'https://p3m.dev/cran/__linux__/noble/latest/src/contrib/doBy_4.6.26.tar.gz'
trying URL 'https://p3m.dev/cran/__linux__/noble/latest/src/contrib/SparseM_1.84-2.tar.gz'
trying URL 'https://p3m.dev/cran/__linux__/noble/latest/src/contrib/MatrixModels_0.5-4.tar.gz'
trying URL 'https://p3m.dev/cran/__linux__/noble/latest/src/contrib/minqa_1.2.8.tar.gz'
trying URL 'https://p3m.dev/cran/__linux__/noble/latest/src/contrib/nloptr_2.2.1.tar.gz'
trying URL 'https://p3m.dev/cran/__linux__/noble/latest/src/contrib/reformulas_0.4.1.tar.gz'
trying URL 'https://bioconductor.org/packages/3.22/bioc/src/contrib/Biostrings_2.77.1.tar.gz'
trying URL 'https://p3m.dev/cran/__linux__/noble/latest/src/contrib/progress_1.2.3.tar.gz'
trying URL 'https://p3m.dev/cran/__linux__/noble/latest/src/contrib/backports_1.5.0.tar.gz'
trying URL 'https://p3m.dev/cran/__linux__/noble/latest/src/contrib/carData_3.0-5.tar.gz'
trying URL 'https://p3m.dev/cran/__linux__/noble/latest/src/contrib/Formula_1.2-5.tar.gz'
trying URL 'https://p3m.dev/cran/__linux__/noble/latest/src/contrib/pbkrtest_0.5.4.tar.gz'
trying URL 'https://p3m.dev/cran/__linux__/noble/latest/src/contrib/quantreg_6.1.tar.gz'
trying URL 'https://p3m.dev/cran/__linux__/noble/latest/src/contrib/lme4_1.1-37.tar.gz'
trying URL 'https://p3m.dev/cran/__linux__/noble/latest/src/contrib/gridGraphics_0.5-1.tar.gz'
trying URL 'https://bioconductor.org/packages/3.22/bioc/src/contrib/KEGGREST_1.49.0.tar.gz'
trying URL 'https://p3m.dev/cran/__linux__/noble/latest/src/contrib/hms_1.1.3.tar.gz'
trying URL 'https://p3m.dev/cran/__linux__/noble/latest/src/contrib/vroom_1.6.5.tar.gz'
trying URL 'https://p3m.dev/cran/__linux__/noble/latest/src/contrib/tzdb_0.5.0.tar.gz'
trying URL 'https://p3m.dev/cran/__linux__/noble/latest/src/contrib/R.oo_1.27.1.tar.gz'
trying URL 'https://p3m.dev/cran/__linux__/noble/latest/src/contrib/R.methodsS3_1.8.2.tar.gz'
trying URL 'https://p3m.dev/cran/__linux__/noble/latest/src/contrib/bitops_1.0-9.tar.gz'
trying URL 'https://p3m.dev/cran/__linux__/noble/latest/src/contrib/broom_1.0.8.tar.gz'
trying URL 'https://p3m.dev/cran/__linux__/noble/latest/src/contrib/corrplot_0.95.tar.gz'
trying URL 'https://p3m.dev/cran/__linux__/noble/latest/src/contrib/car_3.1-3.tar.gz'
trying URL 'https://p3m.dev/cran/__linux__/noble/latest/src/contrib/ggplotify_0.1.2.tar.gz'
trying URL 'https://bioconductor.org/packages/3.22/bioc/src/contrib/AnnotationDbi_1.71.0.tar.gz'
trying URL 'https://p3m.dev/cran/__linux__/noble/latest/src/contrib/bit_4.6.0.tar.gz'
trying URL 'https://p3m.dev/cran/__linux__/noble/latest/src/contrib/readr_2.1.5.tar.gz'
trying URL 'https://p3m.dev/cran/__linux__/noble/latest/src/contrib/R.utils_2.13.0.tar.gz'
trying URL 'https://p3m.dev/cran/__linux__/noble/latest/src/contrib/RCurl_1.98-1.17.tar.gz'
trying URL 'https://p3m.dev/cran/__linux__/noble/latest/src/contrib/plotly_4.10.4.tar.gz'
trying URL 'https://p3m.dev/cran/__linux__/noble/latest/src/contrib/crosstalk_1.2.1.tar.gz'
trying URL 'https://p3m.dev/cran/__linux__/noble/latest/src/contrib/ggsci_3.2.0.tar.gz'
trying URL 'https://p3m.dev/cran/__linux__/noble/latest/src/contrib/cowplot_1.1.3.tar.gz'
trying URL 'https://p3m.dev/cran/__linux__/noble/latest/src/contrib/ggsignif_0.6.4.tar.gz'
trying URL 'https://p3m.dev/cran/__linux__/noble/latest/src/contrib/polynom_1.4-1.tar.gz'
trying URL 'https://p3m.dev/cran/__linux__/noble/latest/src/contrib/rstatix_0.7.2.tar.gz'
trying URL 'https://bioconductor.org/packages/3.22/bioc/src/contrib/SparseArray_1.9.0.tar.gz'
trying URL 'https://p3m.dev/cran/__linux__/noble/latest/src/contrib/plyr_1.8.9.tar.gz'
trying URL 'https://p3m.dev/cran/__linux__/noble/latest/src/contrib/R.cache_0.17.0.tar.gz'
trying URL 'https://p3m.dev/cran/__linux__/noble/latest/src/contrib/ape_5.8-1.tar.gz'
trying URL 'https://p3m.dev/cran/__linux__/noble/latest/src/contrib/aplot_0.2.5.tar.gz'
trying URL 'https://p3m.dev/cran/__linux__/noble/latest/src/contrib/ggfun_0.1.8.tar.gz'
trying URL 'https://p3m.dev/cran/__linux__/noble/latest/src/contrib/yulab.utils_0.2.0.tar.gz'
trying URL 'https://p3m.dev/cran/__linux__/noble/latest/src/contrib/tidytree_0.4.6.tar.gz'
trying URL 'https://bioconductor.org/packages/3.22/bioc/src/contrib/treeio_1.33.0.tar.gz'
trying URL 'https://bioconductor.org/packages/3.22/bioc/src/contrib/XVector_0.49.0.tar.gz'
trying URL 'https://bioconductor.org/packages/3.22/bioc/src/contrib/UCSC.utils_1.5.0.tar.gz'
trying URL 'https://p3m.dev/cran/__linux__/noble/latest/src/contrib/abind_1.4-8.tar.gz'
trying URL 'https://bioconductor.org/packages/3.22/bioc/src/contrib/AnnotationHub_3.99.1.tar.gz'
trying URL 'https://p3m.dev/cran/__linux__/noble/latest/src/contrib/dbplyr_2.5.0.tar.gz'
trying URL 'https://p3m.dev/cran/__linux__/noble/latest/src/contrib/filelock_1.0.3.tar.gz'
trying URL 'https://p3m.dev/cran/__linux__/noble/latest/src/contrib/bit64_4.6.0-1.tar.gz'
trying URL 'https://p3m.dev/cran/__linux__/noble/latest/src/contrib/blob_1.2.4.tar.gz'
trying URL 'https://p3m.dev/cran/__linux__/noble/latest/src/contrib/plogr_0.2.0.tar.gz'
trying URL 'https://p3m.dev/cran/__linux__/noble/latest/src/contrib/generics_0.1.4.tar.gz'
trying URL 'https://p3m.dev/cran/__linux__/noble/latest/src/contrib/tidyselect_1.2.1.tar.gz'
trying URL 'https://p3m.dev/cran/__linux__/noble/latest/src/contrib/iterators_1.0.14.tar.gz'
trying URL 'https://p3m.dev/cran/__linux__/noble/latest/src/contrib/shape_1.4.6.1.tar.gz'
trying URL 'https://p3m.dev/cran/__linux__/noble/latest/src/contrib/RcppEigen_0.3.4.0.2.tar.gz'
trying URL 'https://p3m.dev/cran/__linux__/noble/latest/src/contrib/tidyr_1.3.1.tar.gz'
trying URL 'https://p3m.dev/cran/__linux__/noble/latest/src/contrib/lazyeval_0.2.2.tar.gz'
trying URL 'https://p3m.dev/cran/__linux__/noble/latest/src/contrib/gtable_0.3.6.tar.gz'
trying URL 'https://p3m.dev/cran/__linux__/noble/latest/src/contrib/isoband_0.2.7.tar.gz'
trying URL 'https://bioconductor.org/packages/3.22/bioc/src/contrib/BiocGenerics_0.55.0.tar.gz'
trying URL 'https://bioconductor.org/packages/3.22/bioc/src/contrib/Biobase_2.69.0.tar.gz'
trying URL 'https://p3m.dev/cran/__linux__/noble/latest/src/contrib/homologene_1.4.68.19.3.27.tar.gz'
trying URL 'https://p3m.dev/cran/__linux__/noble/latest/src/contrib/gprofiler2_0.2.3.tar.gz'
trying URL 'https://p3m.dev/cran/__linux__/noble/latest/src/contrib/babelgene_22.9.tar.gz'
trying URL 'https://p3m.dev/cran/__linux__/noble/latest/src/contrib/data.table_1.17.2.tar.gz'
trying URL 'https://p3m.dev/cran/__linux__/noble/latest/src/contrib/ggpubr_0.6.0.tar.gz'
trying URL 'https://p3m.dev/cran/__linux__/noble/latest/src/contrib/patchwork_1.3.0.tar.gz'
trying URL 'https://bioconductor.org/packages/3.22/bioc/src/contrib/DelayedArray_0.35.1.tar.gz'
trying URL 'https://p3m.dev/cran/__linux__/noble/latest/src/contrib/grr_0.9.5.tar.gz'
trying URL 'https://p3m.dev/cran/__linux__/noble/latest/src/contrib/repmis_0.5.tar.gz'
trying URL 'https://bioconductor.org/packages/3.22/bioc/src/contrib/ggtree_3.17.0.tar.gz'
trying URL 'https://p3m.dev/cran/__linux__/noble/latest/src/contrib/GlobalOptions_0.1.2.tar.gz'
trying URL 'https://p3m.dev/cran/__linux__/noble/latest/src/contrib/colorspace_2.1-1.tar.gz'
trying URL 'https://p3m.dev/cran/__linux__/noble/latest/src/contrib/GetoptLong_1.0.5.tar.gz'
trying URL 'https://p3m.dev/cran/__linux__/noble/latest/src/contrib/clue_0.3-66.tar.gz'
trying URL 'https://p3m.dev/cran/__linux__/noble/latest/src/contrib/RColorBrewer_1.1-3.tar.gz'
trying URL 'https://p3m.dev/cran/__linux__/noble/latest/src/contrib/png_0.1-8.tar.gz'
trying URL 'https://bioconductor.org/packages/3.22/bioc/src/contrib/IRanges_2.43.0.tar.gz'
trying URL 'https://p3m.dev/cran/__linux__/noble/latest/src/contrib/farver_2.1.2.tar.gz'
trying URL 'https://p3m.dev/cran/__linux__/noble/latest/src/contrib/labeling_0.4.3.tar.gz'
trying URL 'https://p3m.dev/cran/__linux__/noble/latest/src/contrib/viridisLite_0.4.2.tar.gz'
trying URL 'https://bioconductor.org/packages/3.22/bioc/src/contrib/SingleCellExperiment_1.31.0.tar.gz'
trying URL 'https://p3m.dev/cran/__linux__/noble/latest/src/contrib/rjson_0.2.23.tar.gz'
trying URL 'https://p3m.dev/cran/__linux__/noble/latest/src/contrib/magick_2.8.6.tar.gz'
trying URL 'https://bioconductor.org/packages/3.22/bioc/src/contrib/S4Vectors_0.47.0.tar.gz'
trying URL 'https://bioconductor.org/packages/3.22/bioc/src/contrib/MatrixGenerics_1.21.0.tar.gz'
trying URL 'https://bioconductor.org/packages/3.22/bioc/src/contrib/GenomicRanges_1.61.0.tar.gz'
trying URL 'https://bioconductor.org/packages/3.22/bioc/src/contrib/GenomeInfoDb_1.45.3.tar.gz'
trying URL 'https://bioconductor.org/packages/3.22/bioc/src/contrib/S4Arrays_1.9.0.tar.gz'
trying URL 'https://p3m.dev/cran/__linux__/noble/latest/src/contrib/litedown_0.7.tar.gz'
trying URL 'https://bioconductor.org/packages/3.22/bioc/src/contrib/ExperimentHub_2.99.0.tar.gz'
trying URL 'https://bioconductor.org/packages/3.22/bioc/src/contrib/BiocFileCache_2.99.3.tar.gz'
trying URL 'https://p3m.dev/cran/__linux__/noble/latest/src/contrib/httr_1.4.7.tar.gz'
trying URL 'https://p3m.dev/cran/__linux__/noble/latest/src/contrib/DBI_1.2.3.tar.gz'
trying URL 'https://p3m.dev/cran/__linux__/noble/latest/src/contrib/RSQLite_2.3.11.tar.gz'
trying URL 'https://p3m.dev/cran/__linux__/noble/latest/src/contrib/dplyr_1.1.4.tar.gz'
trying URL 'https://p3m.dev/cran/__linux__/noble/latest/src/contrib/matrixStats_1.5.0.tar.gz'
trying URL 'https://p3m.dev/cran/__linux__/noble/latest/src/contrib/doParallel_1.0.17.tar.gz'
trying URL 'https://p3m.dev/cran/__linux__/noble/latest/src/contrib/glmnet_4.1-8.tar.gz'
trying URL 'https://p3m.dev/cran/__linux__/noble/latest/src/contrib/ggalluvial_0.12.5.tar.gz'
trying URL 'https://p3m.dev/cran/__linux__/noble/latest/src/contrib/ggplot2_3.5.2.tar.gz'
trying URL 'https://p3m.dev/cran/__linux__/noble/latest/src/contrib/gridExtra_2.3.tar.gz'
trying URL 'https://p3m.dev/cran/__linux__/noble/latest/src/contrib/Rtsne_0.17.tar.gz'
trying URL 'https://p3m.dev/cran/__linux__/noble/latest/src/contrib/ggrepel_0.9.6.tar.gz'
trying URL 'https://p3m.dev/cran/__linux__/noble/latest/src/contrib/foreach_1.5.2.tar.gz'
trying URL 'https://bioconductor.org/packages/3.22/bioc/src/contrib/multtest_2.65.0.tar.gz'
trying URL 'https://p3m.dev/cran/__linux__/noble/latest/src/contrib/igraph_2.1.4.tar.gz'
trying URL 'https://bioconductor.org/packages/3.22/bioc/src/contrib/orthogene_1.15.0.tar.gz'
trying URL 'https://p3m.dev/cran/__linux__/noble/latest/src/contrib/stabledist_0.7-2.tar.gz'
trying URL 'https://p3m.dev/cran/__linux__/noble/latest/src/contrib/circlize_0.4.16.tar.gz'
trying URL 'https://bioconductor.org/packages/3.22/bioc/src/contrib/ComplexHeatmap_2.25.0.tar.gz'
trying URL 'https://p3m.dev/cran/__linux__/noble/latest/src/contrib/scales_1.4.0.tar.gz'
trying URL 'https://p3m.dev/cran/__linux__/noble/latest/src/contrib/RANN_2.6.2.tar.gz'
trying URL 'https://bioconductor.org/packages/3.22/bioc/src/contrib/SpatialExperiment_1.19.1.tar.gz'
trying URL 'https://bioconductor.org/packages/3.22/bioc/src/contrib/SummarizedExperiment_1.39.0.tar.gz'
trying URL 'https://p3m.dev/cran/__linux__/noble/latest/src/contrib/markdown_2.0.tar.gz'
trying URL 'https://bioconductor.org/packages/3.22/data/experiment/src/contrib/STexampleData_1.17.0.tar.gz'
trying URL 'https://bioconductor.org/packages/3.22/bioc/src/contrib/BulkSignalR_1.1.0.tar.gz'
* installing *binary* package ‘rbibutils’ ...
* ‘rbibutils’ was already a binary package and will not be rebuilt
* creating tarball
packaged installation of ‘rbibutils’ as ‘rbibutils_2.3_R_x86_64-pc-linux-gnu.tar.gz’
* DONE (rbibutils)
* installing *binary* package ‘Deriv’ ...
* ‘Deriv’ was already a binary package and will not be rebuilt
* creating tarball
packaged installation of ‘Deriv’ as ‘Deriv_4.1.6_R_x86_64-pc-linux-gnu.tar.gz’
* DONE (Deriv)
* installing *binary* package ‘microbenchmark’ ...
* ‘microbenchmark’ was already a binary package and will not be rebuilt
* creating tarball
packaged installation of ‘microbenchmark’ as ‘microbenchmark_1.5.0_R_x86_64-pc-linux-gnu.tar.gz’
* DONE (microbenchmark)
* installing *binary* package ‘numDeriv’ ...
* ‘numDeriv’ was already a binary package and will not be rebuilt
* creating tarball
packaged installation of ‘numDeriv’ as ‘numDeriv_2016.8-1.1_R_x86_64-pc-linux-gnu.tar.gz’
* DONE (numDeriv)
* installing *binary* package ‘SparseM’ ...
* ‘SparseM’ was already a binary package and will not be rebuilt
* creating tarball
packaged installation of ‘SparseM’ as ‘SparseM_1.84-2_R_x86_64-pc-linux-gnu.tar.gz’
* DONE (SparseM)
* installing *binary* package ‘MatrixModels’ ...
* ‘MatrixModels’ was already a binary package and will not be rebuilt
* creating tarball
packaged installation of ‘MatrixModels’ as ‘MatrixModels_0.5-4_R_x86_64-pc-linux-gnu.tar.gz’
* DONE (MatrixModels)
* installing *binary* package ‘minqa’ ...
* ‘minqa’ was already a binary package and will not be rebuilt
* creating tarball
packaged installation of ‘minqa’ as ‘minqa_1.2.8_R_x86_64-pc-linux-gnu.tar.gz’
* DONE (minqa)
* installing *binary* package ‘nloptr’ ...
* ‘nloptr’ was already a binary package and will not be rebuilt
* creating tarball
packaged installation of ‘nloptr’ as ‘nloptr_2.2.1_R_x86_64-pc-linux-gnu.tar.gz’
* DONE (nloptr)
* installing *binary* package ‘backports’ ...
* ‘backports’ was already a binary package and will not be rebuilt
* creating tarball
packaged installation of ‘backports’ as ‘backports_1.5.0_R_x86_64-pc-linux-gnu.tar.gz’
* DONE (backports)
* installing *binary* package ‘carData’ ...
* ‘carData’ was already a binary package and will not be rebuilt
* creating tarball
packaged installation of ‘carData’ as ‘carData_3.0-5_R_x86_64-pc-linux-gnu.tar.gz’
* DONE (carData)
* installing *binary* package ‘Formula’ ...
* ‘Formula’ was already a binary package and will not be rebuilt
* creating tarball
packaged installation of ‘Formula’ as ‘Formula_1.2-5_R_x86_64-pc-linux-gnu.tar.gz’
* DONE (Formula)
* installing *binary* package ‘gridGraphics’ ...
* ‘gridGraphics’ was already a binary package and will not be rebuilt
* creating tarball
packaged installation of ‘gridGraphics’ as ‘gridGraphics_0.5-1_R_x86_64-pc-linux-gnu.tar.gz’
* DONE (gridGraphics)
* installing *binary* package ‘hms’ ...
* ‘hms’ was already a binary package and will not be rebuilt
* creating tarball
packaged installation of ‘hms’ as ‘hms_1.1.3_R_x86_64-pc-linux-gnu.tar.gz’
* DONE (hms)
* installing *binary* package ‘tzdb’ ...
* ‘tzdb’ was already a binary package and will not be rebuilt
* creating tarball
packaged installation of ‘tzdb’ as ‘tzdb_0.5.0_R_x86_64-pc-linux-gnu.tar.gz’
* DONE (tzdb)
* installing *binary* package ‘R.methodsS3’ ...
* ‘R.methodsS3’ was already a binary package and will not be rebuilt
* creating tarball
packaged installation of ‘R.methodsS3’ as ‘R.methodsS3_1.8.2_R_x86_64-pc-linux-gnu.tar.gz’
* DONE (R.methodsS3)
* installing *binary* package ‘bitops’ ...
* ‘bitops’ was already a binary package and will not be rebuilt
* creating tarball
packaged installation of ‘bitops’ as ‘bitops_1.0-9_R_x86_64-pc-linux-gnu.tar.gz’
* DONE (bitops)
* installing *binary* package ‘corrplot’ ...
* ‘corrplot’ was already a binary package and will not be rebuilt
* creating tarball
packaged installation of ‘corrplot’ as ‘corrplot_0.95_R_x86_64-pc-linux-gnu.tar.gz’
* DONE (corrplot)
* installing *binary* package ‘bit’ ...
* ‘bit’ was already a binary package and will not be rebuilt
* creating tarball
packaged installation of ‘bit’ as ‘bit_4.6.0_R_x86_64-pc-linux-gnu.tar.gz’
* DONE (bit)
* installing *binary* package ‘polynom’ ...
* ‘polynom’ was already a binary package and will not be rebuilt
* creating tarball
packaged installation of ‘polynom’ as ‘polynom_1.4-1_R_x86_64-pc-linux-gnu.tar.gz’
* DONE (polynom)
* installing *binary* package ‘plyr’ ...
* ‘plyr’ was already a binary package and will not be rebuilt
* creating tarball
packaged installation of ‘plyr’ as ‘plyr_1.8.9_R_x86_64-pc-linux-gnu.tar.gz’
* DONE (plyr)
* installing *binary* package ‘ape’ ...
* ‘ape’ was already a binary package and will not be rebuilt
* creating tarball
packaged installation of ‘ape’ as ‘ape_5.8-1_R_x86_64-pc-linux-gnu.tar.gz’
* DONE (ape)
* installing *binary* package ‘yulab.utils’ ...
* ‘yulab.utils’ was already a binary package and will not be rebuilt
* creating tarball
packaged installation of ‘yulab.utils’ as ‘yulab.utils_0.2.0_R_x86_64-pc-linux-gnu.tar.gz’
* DONE (yulab.utils)
* installing *binary* package ‘abind’ ...
* ‘abind’ was already a binary package and will not be rebuilt
* creating tarball
packaged installation of ‘abind’ as ‘abind_1.4-8_R_x86_64-pc-linux-gnu.tar.gz’
* DONE (abind)
* installing *binary* package ‘filelock’ ...
* ‘filelock’ was already a binary package and will not be rebuilt
* creating tarball
packaged installation of ‘filelock’ as ‘filelock_1.0.3_R_x86_64-pc-linux-gnu.tar.gz’
* DONE (filelock)
* installing *binary* package ‘blob’ ...
* ‘blob’ was already a binary package and will not be rebuilt
* creating tarball
packaged installation of ‘blob’ as ‘blob_1.2.4_R_x86_64-pc-linux-gnu.tar.gz’
* DONE (blob)
* installing *binary* package ‘plogr’ ...
* ‘plogr’ was already a binary package and will not be rebuilt
* creating tarball
packaged installation of ‘plogr’ as ‘plogr_0.2.0_R_x86_64-pc-linux-gnu.tar.gz’
* DONE (plogr)
* installing *binary* package ‘generics’ ...
* ‘generics’ was already a binary package and will not be rebuilt
* creating tarball
packaged installation of ‘generics’ as ‘generics_0.1.4_R_x86_64-pc-linux-gnu.tar.gz’
* DONE (generics)
* installing *binary* package ‘tidyselect’ ...
* ‘tidyselect’ was already a binary package and will not be rebuilt
* creating tarball
packaged installation of ‘tidyselect’ as ‘tidyselect_1.2.1_R_x86_64-pc-linux-gnu.tar.gz’
* DONE (tidyselect)
* installing *binary* package ‘iterators’ ...
* ‘iterators’ was already a binary package and will not be rebuilt
* creating tarball
packaged installation of ‘iterators’ as ‘iterators_1.0.14_R_x86_64-pc-linux-gnu.tar.gz’
* DONE (iterators)
* installing *binary* package ‘shape’ ...
* ‘shape’ was already a binary package and will not be rebuilt
* creating tarball
packaged installation of ‘shape’ as ‘shape_1.4.6.1_R_x86_64-pc-linux-gnu.tar.gz’
* DONE (shape)
* installing *binary* package ‘RcppEigen’ ...
* ‘RcppEigen’ was already a binary package and will not be rebuilt
* creating tarball
packaged installation of ‘RcppEigen’ as ‘RcppEigen_0.3.4.0.2_R_x86_64-pc-linux-gnu.tar.gz’
* DONE (RcppEigen)
* installing *binary* package ‘lazyeval’ ...
* ‘lazyeval’ was already a binary package and will not be rebuilt
* creating tarball
packaged installation of ‘lazyeval’ as ‘lazyeval_0.2.2_R_x86_64-pc-linux-gnu.tar.gz’
* DONE (lazyeval)
* installing *binary* package ‘gtable’ ...
* ‘gtable’ was already a binary package and will not be rebuilt
* creating tarball
packaged installation of ‘gtable’ as ‘gtable_0.3.6_R_x86_64-pc-linux-gnu.tar.gz’
* DONE (gtable)
* installing *binary* package ‘isoband’ ...
* ‘isoband’ was already a binary package and will not be rebuilt
* creating tarball
packaged installation of ‘isoband’ as ‘isoband_0.2.7_R_x86_64-pc-linux-gnu.tar.gz’
* DONE (isoband)
* installing *binary* package ‘data.table’ ...
* ‘data.table’ was already a binary package and will not be rebuilt
* creating tarball
packaged installation of ‘data.table’ as ‘data.table_1.17.2_R_x86_64-pc-linux-gnu.tar.gz’
* DONE (data.table)
* installing *binary* package ‘grr’ ...
* ‘grr’ was already a binary package and will not be rebuilt
* creating tarball
packaged installation of ‘grr’ as ‘grr_0.9.5_R_x86_64-pc-linux-gnu.tar.gz’
* DONE (grr)
* installing *binary* package ‘GlobalOptions’ ...
* ‘GlobalOptions’ was already a binary package and will not be rebuilt
* creating tarball
packaged installation of ‘GlobalOptions’ as ‘GlobalOptions_0.1.2_R_x86_64-pc-linux-gnu.tar.gz’
* DONE (GlobalOptions)
* installing *binary* package ‘colorspace’ ...
* ‘colorspace’ was already a binary package and will not be rebuilt
* creating tarball
packaged installation of ‘colorspace’ as ‘colorspace_2.1-1_R_x86_64-pc-linux-gnu.tar.gz’
* DONE (colorspace)
* installing *binary* package ‘clue’ ...
* ‘clue’ was already a binary package and will not be rebuilt
* creating tarball
packaged installation of ‘clue’ as ‘clue_0.3-66_R_x86_64-pc-linux-gnu.tar.gz’
* DONE (clue)
* installing *binary* package ‘RColorBrewer’ ...
* ‘RColorBrewer’ was already a binary package and will not be rebuilt
* creating tarball
packaged installation of ‘RColorBrewer’ as ‘RColorBrewer_1.1-3_R_x86_64-pc-linux-gnu.tar.gz’
* DONE (RColorBrewer)
* installing *binary* package ‘png’ ...
* ‘png’ was already a binary package and will not be rebuilt
* creating tarball
packaged installation of ‘png’ as ‘png_0.1-8_R_x86_64-pc-linux-gnu.tar.gz’
* DONE (png)
* installing *binary* package ‘farver’ ...
* ‘farver’ was already a binary package and will not be rebuilt
* creating tarball
packaged installation of ‘farver’ as ‘farver_2.1.2_R_x86_64-pc-linux-gnu.tar.gz’
* DONE (farver)
* installing *binary* package ‘labeling’ ...
* ‘labeling’ was already a binary package and will not be rebuilt
* creating tarball
packaged installation of ‘labeling’ as ‘labeling_0.4.3_R_x86_64-pc-linux-gnu.tar.gz’
* DONE (labeling)
* installing *binary* package ‘viridisLite’ ...
* ‘viridisLite’ was already a binary package and will not be rebuilt
* creating tarball
packaged installation of ‘viridisLite’ as ‘viridisLite_0.4.2_R_x86_64-pc-linux-gnu.tar.gz’
* DONE (viridisLite)
* installing *binary* package ‘rjson’ ...
* ‘rjson’ was already a binary package and will not be rebuilt
* creating tarball
packaged installation of ‘rjson’ as ‘rjson_0.2.23_R_x86_64-pc-linux-gnu.tar.gz’
* DONE (rjson)
* installing *binary* package ‘magick’ ...
* ‘magick’ was already a binary package and will not be rebuilt
* creating tarball
packaged installation of ‘magick’ as ‘magick_2.8.6_R_x86_64-pc-linux-gnu.tar.gz’
* DONE (magick)
* installing *binary* package ‘litedown’ ...
* ‘litedown’ was already a binary package and will not be rebuilt
* creating tarball
packaged installation of ‘litedown’ as ‘litedown_0.7_R_x86_64-pc-linux-gnu.tar.gz’
* DONE (litedown)
* installing *binary* package ‘httr’ ...
* ‘httr’ was already a binary package and will not be rebuilt
* creating tarball
packaged installation of ‘httr’ as ‘httr_1.4.7_R_x86_64-pc-linux-gnu.tar.gz’
* DONE (httr)
* installing *binary* package ‘DBI’ ...
* ‘DBI’ was already a binary package and will not be rebuilt
* creating tarball
packaged installation of ‘DBI’ as ‘DBI_1.2.3_R_x86_64-pc-linux-gnu.tar.gz’
* DONE (DBI)
* installing *binary* package ‘matrixStats’ ...
* ‘matrixStats’ was already a binary package and will not be rebuilt
* creating tarball
packaged installation of ‘matrixStats’ as ‘matrixStats_1.5.0_R_x86_64-pc-linux-gnu.tar.gz’
* DONE (matrixStats)
* installing *binary* package ‘Rtsne’ ...
* ‘Rtsne’ was already a binary package and will not be rebuilt
* creating tarball
packaged installation of ‘Rtsne’ as ‘Rtsne_0.17_R_x86_64-pc-linux-gnu.tar.gz’
* DONE (Rtsne)
* installing *binary* package ‘igraph’ ...
* ‘igraph’ was already a binary package and will not be rebuilt
* creating tarball
packaged installation of ‘igraph’ as ‘igraph_2.1.4_R_x86_64-pc-linux-gnu.tar.gz’
* DONE (igraph)
* installing *binary* package ‘stabledist’ ...
* ‘stabledist’ was already a binary package and will not be rebuilt
* creating tarball
packaged installation of ‘stabledist’ as ‘stabledist_0.7-2_R_x86_64-pc-linux-gnu.tar.gz’
* DONE (stabledist)
* installing *binary* package ‘RANN’ ...
* ‘RANN’ was already a binary package and will not be rebuilt
* creating tarball
packaged installation of ‘RANN’ as ‘RANN_2.6.2_R_x86_64-pc-linux-gnu.tar.gz’
* DONE (RANN)
* installing *binary* package ‘Rdpack’ ...
* ‘Rdpack’ was already a binary package and will not be rebuilt
* creating tarball
packaged installation of ‘Rdpack’ as ‘Rdpack_2.6.4_R_x86_64-pc-linux-gnu.tar.gz’
* DONE (Rdpack)
* installing *binary* package ‘progress’ ...
* ‘progress’ was already a binary package and will not be rebuilt
* creating tarball
packaged installation of ‘progress’ as ‘progress_1.2.3_R_x86_64-pc-linux-gnu.tar.gz’
* DONE (progress)
* installing *binary* package ‘quantreg’ ...
* ‘quantreg’ was already a binary package and will not be rebuilt
* creating tarball
packaged installation of ‘quantreg’ as ‘quantreg_6.1_R_x86_64-pc-linux-gnu.tar.gz’
* DONE (quantreg)
* installing *binary* package ‘R.oo’ ...
* ‘R.oo’ was already a binary package and will not be rebuilt
* creating tarball
packaged installation of ‘R.oo’ as ‘R.oo_1.27.1_R_x86_64-pc-linux-gnu.tar.gz’
* DONE (R.oo)
* installing *binary* package ‘RCurl’ ...
* ‘RCurl’ was already a binary package and will not be rebuilt
* creating tarball
packaged installation of ‘RCurl’ as ‘RCurl_1.98-1.17_R_x86_64-pc-linux-gnu.tar.gz’
* DONE (RCurl)
* installing *binary* package ‘crosstalk’ ...
* ‘crosstalk’ was already a binary package and will not be rebuilt
* creating tarball
packaged installation of ‘crosstalk’ as ‘crosstalk_1.2.1_R_x86_64-pc-linux-gnu.tar.gz’
* DONE (crosstalk)
* installing *binary* package ‘bit64’ ...
* ‘bit64’ was already a binary package and will not be rebuilt
* creating tarball
packaged installation of ‘bit64’ as ‘bit64_4.6.0-1_R_x86_64-pc-linux-gnu.tar.gz’
* DONE (bit64)
