'getOption("repos")' replaces Bioconductor standard repositories, see
'help("repositories", package = "BiocManager")' for details.
Replacement repositories:
    CRAN: https://p3m.dev/cran/__linux__/noble/latest
Bioconductor version 3.20 (BiocManager 1.30.25), R 4.4.2 (2024-10-31)
Installing package(s) 'proDA'
also installing the dependencies ‘MSnbase’, ‘DEP’

trying URL 'https://bioconductor.org/packages/3.20/bioc/src/contrib/MSnbase_2.32.0.tar.gz'
Content type 'application/x-gzip' length 6551432 bytes (6.2 MB)
==================================================
downloaded 6.2 MB

trying URL 'https://bioconductor.org/packages/3.20/bioc/src/contrib/DEP_1.28.0.tar.gz'
Content type 'application/x-gzip' length 3616409 bytes (3.4 MB)
==================================================
downloaded 3.4 MB

trying URL 'https://bioconductor.org/packages/3.20/bioc/src/contrib/proDA_1.20.0.tar.gz'
Content type 'application/x-gzip' length 1418297 bytes (1.4 MB)
==================================================
downloaded 1.4 MB

* installing *source* package ‘MSnbase’ ...
** package ‘MSnbase’ successfully unpacked and MD5 sums checked
** using staged installation
** libs
using C compiler: ‘gcc (Ubuntu 13.3.0-6ubuntu2~24.04) 13.3.0’
using C++ compiler: ‘g++ (Ubuntu 13.3.0-6ubuntu2~24.04) 13.3.0’
g++ -std=gnu++17 -I"/usr/local/lib/R/include" -DNDEBUG  -I'/usr/local/lib/R/site-library/Rcpp/include' -I/usr/local/include    -fpic  -g -O2 -fstack-protector-strong -Wformat -Wformat-security -Wdate-time -D_FORTIFY_SOURCE=2 -g  -DR_NO_REMAP -c RcppExports.cpp -o RcppExports.o
gcc -I"/usr/local/lib/R/include" -DNDEBUG  -I'/usr/local/lib/R/site-library/Rcpp/include' -I/usr/local/include    -fpic  -g -O2 -fstack-protector-strong -Wformat -Wformat-security -Wdate-time -D_FORTIFY_SOURCE=2 -g  -c Spectrum1_class.c -o Spectrum1_class.o
gcc -I"/usr/local/lib/R/include" -DNDEBUG  -I'/usr/local/lib/R/site-library/Rcpp/include' -I/usr/local/include    -fpic  -g -O2 -fstack-protector-strong -Wformat -Wformat-security -Wdate-time -D_FORTIFY_SOURCE=2 -g  -c Spectrum2_class.c -o Spectrum2_class.o
g++ -std=gnu++17 -I"/usr/local/lib/R/include" -DNDEBUG  -I'/usr/local/lib/R/site-library/Rcpp/include' -I/usr/local/include    -fpic  -g -O2 -fstack-protector-strong -Wformat -Wformat-security -Wdate-time -D_FORTIFY_SOURCE=2 -g  -DR_NO_REMAP -c imp_neighbour_avg.cpp -o imp_neighbour_avg.o
gcc -I"/usr/local/lib/R/include" -DNDEBUG  -I'/usr/local/lib/R/site-library/Rcpp/include' -I/usr/local/include    -fpic  -g -O2 -fstack-protector-strong -Wformat -Wformat-security -Wdate-time -D_FORTIFY_SOURCE=2 -g  -c utils.c -o utils.o
g++ -std=gnu++17 -shared -L/usr/local/lib/R/lib -L/usr/local/lib -o MSnbase.so RcppExports.o Spectrum1_class.o Spectrum2_class.o imp_neighbour_avg.o utils.o -L/usr/local/lib/R/lib -lR
installing to /mnt/library/00LOCK-MSnbase/00new/MSnbase/libs
** R
** data
*** moving datasets to lazyload DB
Creating a new generic function for ‘trimws’ in package ‘MSnbase’
in method for ‘coerce’ with signature ‘"IBSpectra","MSnSet"’: no definition for class “IBSpectra”
in method for ‘plotMzDelta’ with signature ‘"mzRramp"’: no definition for class “mzRramp”
** inst
** byte-compile and prepare package for lazy loading
Creating a new generic function for ‘trimws’ in package ‘MSnbase’
in method for ‘coerce’ with signature ‘"IBSpectra","MSnSet"’: no definition for class “IBSpectra”
in method for ‘plotMzDelta’ with signature ‘"mzRramp"’: no definition for class “mzRramp”
** help
*** installing help indices
** building package indices
** installing vignettes
** testing if installed package can be loaded from temporary location
** checking absolute paths in shared objects and dynamic libraries
** testing if installed package can be loaded from final location
** testing if installed package keeps a record of temporary installation path
* creating tarball
packaged installation of ‘MSnbase’ as ‘MSnbase_2.32.0_R_x86_64-pc-linux-gnu.tar.gz’
* DONE (MSnbase)
* installing *source* package ‘proDA’ ...
** package ‘proDA’ successfully unpacked and MD5 sums checked
** using staged installation
** R
** inst
** byte-compile and prepare package for lazy loading
** help
*** installing help indices
** building package indices
** installing vignettes
** testing if installed package can be loaded from temporary location
** testing if installed package can be loaded from final location
** testing if installed package keeps a record of temporary installation path
* creating tarball
packaged installation of ‘proDA’ as ‘proDA_1.20.0_R_x86_64-pc-linux-gnu.tar.gz’
* DONE (proDA)
* installing *source* package ‘DEP’ ...
** package ‘DEP’ successfully unpacked and MD5 sums checked
** using staged installation
** R
** data
*** moving datasets to lazyload DB
** inst
** byte-compile and prepare package for lazy loading
** help
*** installing help indices
** building package indices
** installing vignettes
** testing if installed package can be loaded from temporary location
** testing if installed package can be loaded from final location
** testing if installed package keeps a record of temporary installation path
* creating tarball
packaged installation of ‘DEP’ as ‘DEP_1.28.0_R_x86_64-pc-linux-gnu.tar.gz’
* DONE (DEP)

The downloaded source packages are in
	‘/tmp/RtmpRBMkUw/downloaded_packages’
Old packages: 'bslib', 'cli', 'cpp11', 'curl', 'evaluate', 'httr2', 'jsonlite',
  'openssl', 'pillar', 'pkgbuild', 'processx', 'ps', 'purrr', 'R6', 'Rcpp',
  'rlang', 'sessioninfo', 'systemfonts', 'testthat', 'textshaping', 'tinytex',
  'xfun', 'xml2', 'zip', 'class', 'foreign', 'KernSmooth', 'MASS', 'Matrix',
  'nlme', 'nnet', 'rpart', 'spatial'

real	3m36.510s
user	1m50.626s
sys	0m13.078s
