'getOption("repos")' replaces Bioconductor standard repositories, see
'help("repositories", package = "BiocManager")' for details.
Replacement repositories:
    CRAN: https://p3m.dev/cran/__linux__/noble/latest
Bioconductor version 3.20 (BiocManager 1.30.25), R 4.4.2 (2024-10-31)
Installing package(s) 'sketchR'
also installing the dependencies ‘alabaster.se’, ‘scuttle’, ‘scran’, ‘scater’, ‘SingleR’, ‘celldex’, ‘beachmat.hdf5’

trying URL 'https://bioconductor.org/packages/3.20/bioc/src/contrib/alabaster.se_1.6.0.tar.gz'
Content type 'application/x-gzip' length 231152 bytes (225 KB)
==================================================
downloaded 225 KB

trying URL 'https://bioconductor.org/packages/3.20/bioc/src/contrib/scuttle_1.16.0.tar.gz'
Content type 'application/x-gzip' length 1034711 bytes (1010 KB)
==================================================
downloaded 1010 KB

trying URL 'https://bioconductor.org/packages/3.20/bioc/src/contrib/scran_1.34.0.tar.gz'
Content type 'application/x-gzip' length 1849559 bytes (1.8 MB)
==================================================
downloaded 1.8 MB

trying URL 'https://bioconductor.org/packages/3.20/bioc/src/contrib/scater_1.34.1.tar.gz'
Content type 'application/x-gzip' length 4638354 bytes (4.4 MB)
==================================================
downloaded 4.4 MB

trying URL 'https://bioconductor.org/packages/3.20/bioc/src/contrib/SingleR_2.8.0.tar.gz'
Content type 'application/x-gzip' length 691650 bytes (675 KB)
==================================================
downloaded 675 KB

trying URL 'https://bioconductor.org/packages/3.20/data/experiment/src/contrib/celldex_1.16.0.tar.gz'
Content type 'application/x-gzip' length 412240 bytes (402 KB)
==================================================
downloaded 402 KB

trying URL 'https://bioconductor.org/packages/3.20/bioc/src/contrib/beachmat.hdf5_1.4.0.tar.gz'
Content type 'application/x-gzip' length 303798 bytes (296 KB)
==================================================
downloaded 296 KB

trying URL 'https://bioconductor.org/packages/3.20/bioc/src/contrib/sketchR_1.2.0.tar.gz'
Content type 'application/x-gzip' length 1016761 bytes (992 KB)
==================================================
downloaded 992 KB

* installing *source* package ‘alabaster.se’ ...
** package ‘alabaster.se’ successfully unpacked and MD5 sums checked
** using staged installation
** R
** inst
** byte-compile and prepare package for lazy loading
** help
*** installing help indices
** building package indices
** installing vignettes
** testing if installed package can be loaded from temporary location
** testing if installed package can be loaded from final location
** testing if installed package keeps a record of temporary installation path
* creating tarball
packaged installation of ‘alabaster.se’ as ‘alabaster.se_1.6.0_R_x86_64-pc-linux-gnu.tar.gz’
* DONE (alabaster.se)
* installing *source* package ‘scuttle’ ...
** package ‘scuttle’ successfully unpacked and MD5 sums checked
** using staged installation
** libs
using C++ compiler: ‘g++ (Ubuntu 13.3.0-6ubuntu2~24.04) 13.3.0’
using C++11
g++ -std=gnu++11 -I"/usr/local/lib/R/include" -DNDEBUG -I../inst/include/ -I'/usr/local/lib/R/site-library/Rcpp/include' -I'/mnt/library/beachmat/include' -I/usr/local/include    -fpic  -g -O2 -fstack-protector-strong -Wformat -Wformat-security -Wdate-time -D_FORTIFY_SOURCE=2 -g  -DR_NO_REMAP -c RcppExports.cpp -o RcppExports.o
g++ -std=gnu++11 -I"/usr/local/lib/R/include" -DNDEBUG -I../inst/include/ -I'/usr/local/lib/R/site-library/Rcpp/include' -I'/mnt/library/beachmat/include' -I/usr/local/include    -fpic  -g -O2 -fstack-protector-strong -Wformat -Wformat-security -Wdate-time -D_FORTIFY_SOURCE=2 -g  -DR_NO_REMAP -c cumulative_prop.cpp -o cumulative_prop.o
g++ -std=gnu++11 -I"/usr/local/lib/R/include" -DNDEBUG -I../inst/include/ -I'/usr/local/lib/R/site-library/Rcpp/include' -I'/mnt/library/beachmat/include' -I/usr/local/include    -fpic  -g -O2 -fstack-protector-strong -Wformat -Wformat-security -Wdate-time -D_FORTIFY_SOURCE=2 -g  -DR_NO_REMAP -c downsample_counts.cpp -o downsample_counts.o
g++ -std=gnu++11 -I"/usr/local/lib/R/include" -DNDEBUG -I../inst/include/ -I'/usr/local/lib/R/site-library/Rcpp/include' -I'/mnt/library/beachmat/include' -I/usr/local/include    -fpic  -g -O2 -fstack-protector-strong -Wformat -Wformat-security -Wdate-time -D_FORTIFY_SOURCE=2 -g  -DR_NO_REMAP -c fit_linear_model.cpp -o fit_linear_model.o
g++ -std=gnu++11 -I"/usr/local/lib/R/include" -DNDEBUG -I../inst/include/ -I'/usr/local/lib/R/site-library/Rcpp/include' -I'/mnt/library/beachmat/include' -I/usr/local/include    -fpic  -g -O2 -fstack-protector-strong -Wformat -Wformat-security -Wdate-time -D_FORTIFY_SOURCE=2 -g  -DR_NO_REMAP -c pool_size_factors.cpp -o pool_size_factors.o
g++ -std=gnu++11 -I"/usr/local/lib/R/include" -DNDEBUG -I../inst/include/ -I'/usr/local/lib/R/site-library/Rcpp/include' -I'/mnt/library/beachmat/include' -I/usr/local/include    -fpic  -g -O2 -fstack-protector-strong -Wformat -Wformat-security -Wdate-time -D_FORTIFY_SOURCE=2 -g  -DR_NO_REMAP -c sparse_summarize.cpp -o sparse_summarize.o
g++ -std=gnu++11 -I"/usr/local/lib/R/include" -DNDEBUG -I../inst/include/ -I'/usr/local/lib/R/site-library/Rcpp/include' -I'/mnt/library/beachmat/include' -I/usr/local/include    -fpic  -g -O2 -fstack-protector-strong -Wformat -Wformat-security -Wdate-time -D_FORTIFY_SOURCE=2 -g  -DR_NO_REMAP -c sum_counts.cpp -o sum_counts.o
g++ -std=gnu++11 -I"/usr/local/lib/R/include" -DNDEBUG -I../inst/include/ -I'/usr/local/lib/R/site-library/Rcpp/include' -I'/mnt/library/beachmat/include' -I/usr/local/include    -fpic  -g -O2 -fstack-protector-strong -Wformat -Wformat-security -Wdate-time -D_FORTIFY_SOURCE=2 -g  -DR_NO_REMAP -c utils.cpp -o utils.o
g++ -std=gnu++11 -shared -L/usr/local/lib/R/lib -L/usr/local/lib -o scuttle.so RcppExports.o cumulative_prop.o downsample_counts.o fit_linear_model.o pool_size_factors.o sparse_summarize.o sum_counts.o utils.o -llapack -lblas -lgfortran -lm -lquadmath -L/usr/local/lib/R/lib -lR
installing to /mnt/library/00LOCK-scuttle/00new/scuttle/libs
** R
** inst
** byte-compile and prepare package for lazy loading
** help
*** installing help indices
** building package indices
** installing vignettes
** testing if installed package can be loaded from temporary location
** checking absolute paths in shared objects and dynamic libraries
** testing if installed package can be loaded from final location
** testing if installed package keeps a record of temporary installation path
* creating tarball
packaged installation of ‘scuttle’ as ‘scuttle_1.16.0_R_x86_64-pc-linux-gnu.tar.gz’
* DONE (scuttle)
* installing *source* package ‘SingleR’ ...
** package ‘SingleR’ successfully unpacked and MD5 sums checked
** using staged installation
** libs
using C++ compiler: ‘g++ (Ubuntu 13.3.0-6ubuntu2~24.04) 13.3.0’
using C++17
g++ -std=gnu++17 -I"/usr/local/lib/R/include" -DNDEBUG  -I'/usr/local/lib/R/site-library/Rcpp/include' -I'/mnt/library/beachmat/include' -I'/mnt/library/assorthead/include' -I'/mnt/library/BiocNeighbors/include' -I/usr/local/include    -fpic  -g -O2 -fstack-protector-strong -Wformat -Wformat-security -Wdate-time -D_FORTIFY_SOURCE=2 -g  -DR_NO_REMAP -c RcppExports.cpp -o RcppExports.o
g++ -std=gnu++17 -I"/usr/local/lib/R/include" -DNDEBUG  -I'/usr/local/lib/R/site-library/Rcpp/include' -I'/mnt/library/beachmat/include' -I'/mnt/library/assorthead/include' -I'/mnt/library/BiocNeighbors/include' -I/usr/local/include    -fpic  -g -O2 -fstack-protector-strong -Wformat -Wformat-security -Wdate-time -D_FORTIFY_SOURCE=2 -g  -DR_NO_REMAP -c classify_integrated.cpp -o classify_integrated.o
g++ -std=gnu++17 -I"/usr/local/lib/R/include" -DNDEBUG  -I'/usr/local/lib/R/site-library/Rcpp/include' -I'/mnt/library/beachmat/include' -I'/mnt/library/assorthead/include' -I'/mnt/library/BiocNeighbors/include' -I/usr/local/include    -fpic  -g -O2 -fstack-protector-strong -Wformat -Wformat-security -Wdate-time -D_FORTIFY_SOURCE=2 -g  -DR_NO_REMAP -c classify_single.cpp -o classify_single.o
g++ -std=gnu++17 -I"/usr/local/lib/R/include" -DNDEBUG  -I'/usr/local/lib/R/site-library/Rcpp/include' -I'/mnt/library/beachmat/include' -I'/mnt/library/assorthead/include' -I'/mnt/library/BiocNeighbors/include' -I/usr/local/include    -fpic  -g -O2 -fstack-protector-strong -Wformat -Wformat-security -Wdate-time -D_FORTIFY_SOURCE=2 -g  -DR_NO_REMAP -c find_classic_markers.cpp -o find_classic_markers.o
g++ -std=gnu++17 -I"/usr/local/lib/R/include" -DNDEBUG  -I'/usr/local/lib/R/site-library/Rcpp/include' -I'/mnt/library/beachmat/include' -I'/mnt/library/assorthead/include' -I'/mnt/library/BiocNeighbors/include' -I/usr/local/include    -fpic  -g -O2 -fstack-protector-strong -Wformat -Wformat-security -Wdate-time -D_FORTIFY_SOURCE=2 -g  -DR_NO_REMAP -c grouped_medians.cpp -o grouped_medians.o
g++ -std=gnu++17 -I"/usr/local/lib/R/include" -DNDEBUG  -I'/usr/local/lib/R/site-library/Rcpp/include' -I'/mnt/library/beachmat/include' -I'/mnt/library/assorthead/include' -I'/mnt/library/BiocNeighbors/include' -I/usr/local/include    -fpic  -g -O2 -fstack-protector-strong -Wformat -Wformat-security -Wdate-time -D_FORTIFY_SOURCE=2 -g  -DR_NO_REMAP -c train_integrated.cpp -o train_integrated.o
g++ -std=gnu++17 -I"/usr/local/lib/R/include" -DNDEBUG  -I'/usr/local/lib/R/site-library/Rcpp/include' -I'/mnt/library/beachmat/include' -I'/mnt/library/assorthead/include' -I'/mnt/library/BiocNeighbors/include' -I/usr/local/include    -fpic  -g -O2 -fstack-protector-strong -Wformat -Wformat-security -Wdate-time -D_FORTIFY_SOURCE=2 -g  -DR_NO_REMAP -c train_single.cpp -o train_single.o
g++ -std=gnu++17 -shared -L/usr/local/lib/R/lib -L/usr/local/lib -o SingleR.so RcppExports.o classify_integrated.o classify_single.o find_classic_markers.o grouped_medians.o train_integrated.o train_single.o -L/usr/local/lib/R/lib -lR
installing to /mnt/library/00LOCK-SingleR/00new/SingleR/libs
** R
** inst
** byte-compile and prepare package for lazy loading
Error: package ‘SummarizedExperiment’ required by ‘SingleR’ could not be found
Execution halted
ERROR: lazy loading failed for package ‘SingleR’
* removing ‘/mnt/library/SingleR’
* installing *source* package ‘beachmat.hdf5’ ...
** package ‘beachmat.hdf5’ successfully unpacked and MD5 sums checked
** using staged installation
** libs
using C++ compiler: ‘g++ (Ubuntu 13.3.0-6ubuntu2~24.04) 13.3.0’
using C++17
g++ -std=gnu++17 -I"/usr/local/lib/R/include" -DNDEBUG -I../inst/include -DNDEBUG -I'/usr/local/lib/R/site-library/Rcpp/include' -I'/mnt/library/assorthead/include' -I'/mnt/library/beachmat/include' -I'/mnt/library/Rhdf5lib/include' -I/usr/local/include    -fpic  -g -O2 -fstack-protector-strong -Wformat -Wformat-security -Wdate-time -D_FORTIFY_SOURCE=2 -g  -DR_NO_REMAP -c RcppExports.cpp -o RcppExports.o
g++ -std=gnu++17 -I"/usr/local/lib/R/include" -DNDEBUG -I../inst/include -DNDEBUG -I'/usr/local/lib/R/site-library/Rcpp/include' -I'/mnt/library/assorthead/include' -I'/mnt/library/beachmat/include' -I'/mnt/library/Rhdf5lib/include' -I/usr/local/include    -fpic  -g -O2 -fstack-protector-strong -Wformat -Wformat-security -Wdate-time -D_FORTIFY_SOURCE=2 -g  -DR_NO_REMAP -c initialize_from_hdf5.cpp -o initialize_from_hdf5.o
g++ -std=gnu++17 -I"/usr/local/lib/R/include" -DNDEBUG -I../inst/include -DNDEBUG -I'/usr/local/lib/R/site-library/Rcpp/include' -I'/mnt/library/assorthead/include' -I'/mnt/library/beachmat/include' -I'/mnt/library/Rhdf5lib/include' -I/usr/local/include    -fpic  -g -O2 -fstack-protector-strong -Wformat -Wformat-security -Wdate-time -D_FORTIFY_SOURCE=2 -g  -DR_NO_REMAP -c load_into_memory.cpp -o load_into_memory.o
g++ -std=gnu++17 -shared -L/usr/local/lib/R/lib -L/usr/local/lib -o beachmat.hdf5.so RcppExports.o initialize_from_hdf5.o load_into_memory.o /mnt/library/Rhdf5lib/lib/libhdf5_cpp.a /mnt/library/Rhdf5lib/lib/libhdf5.a -lcrypto -lcurl -lsz -laec -lz -ldl -lm -L/usr/local/lib/R/lib -lR
installing to /mnt/library/00LOCK-beachmat.hdf5/00new/beachmat.hdf5/libs
** R
** inst
** byte-compile and prepare package for lazy loading
** help
*** installing help indices
** building package indices
** installing vignettes
** testing if installed package can be loaded from temporary location
** checking absolute paths in shared objects and dynamic libraries
** testing if installed package can be loaded from final location
** testing if installed package keeps a record of temporary installation path
* creating tarball
packaged installation of ‘beachmat.hdf5’ as ‘beachmat.hdf5_1.4.0_R_x86_64-pc-linux-gnu.tar.gz’
* DONE (beachmat.hdf5)
* installing *source* package ‘sketchR’ ...
** package ‘sketchR’ successfully unpacked and MD5 sums checked
** using non-staged installation via StagedInstall field
** R
** inst
** byte-compile and prepare package for lazy loading
** help
*** installing help indices
*** copying figures
** building package indices
** installing vignettes
** testing if installed package can be loaded
* creating tarball
packaged installation of ‘sketchR’ as ‘sketchR_1.2.0_R_x86_64-pc-linux-gnu.tar.gz’
* DONE (sketchR)
ERROR: dependency ‘beachmat’ is not available for package ‘scran’
* removing ‘/mnt/library/scran’
ERROR: dependency ‘beachmat’ is not available for package ‘scater’
* removing ‘/mnt/library/scater’
* installing *source* package ‘celldex’ ...
** using staged installation
** R
** inst
** byte-compile and prepare package for lazy loading
** help
*** installing help indices
** building package indices
** installing vignettes
** testing if installed package can be loaded from temporary location
** testing if installed package can be loaded from final location
** testing if installed package keeps a record of temporary installation path
* creating tarball
packaged installation of ‘celldex’ as ‘celldex_1.16.0_R_x86_64-pc-linux-gnu.tar.gz’
* DONE (celldex)

The downloaded source packages are in
	‘/tmp/RtmpIdJZ7b/downloaded_packages’
Old packages: 'bslib', 'cli', 'cpp11', 'curl', 'evaluate', 'httr2', 'jsonlite',
  'openssl', 'pillar', 'pkgbuild', 'processx', 'ps', 'purrr', 'R6', 'Rcpp',
  'rlang', 'sessioninfo', 'systemfonts', 'testthat', 'textshaping', 'tinytex',
  'xfun', 'xml2', 'zip', 'class', 'foreign', 'KernSmooth', 'MASS', 'Matrix',
  'nlme', 'nnet', 'rpart', 'spatial'
Warning messages:
1: In install.packages(...) :
  installation of package ‘SingleR’ had non-zero exit status
2: In install.packages(...) :
  installation of package ‘scran’ had non-zero exit status
3: In install.packages(...) :
  installation of package ‘scater’ had non-zero exit status

real	6m13.924s
user	3m5.451s
sys	0m24.027s
