'getOption("repos")' replaces Bioconductor standard repositories, see
'help("repositories", package = "BiocManager")' for details.
Replacement repositories:
    CRAN: https://p3m.dev/cran/__linux__/noble/latest
Bioconductor version 3.20 (BiocManager 1.30.25), R 4.4.2 (2024-10-31)
Installing package(s) 'tpSVG'
also installing the dependencies ‘BRISC’, ‘nnSVG’, ‘escheR’

trying URL 'https://p3m.dev/cran/__linux__/noble/latest/src/contrib/BRISC_1.0.6.tar.gz'
Content type 'binary/octet-stream' length 153845 bytes (150 KB)
==================================================
downloaded 150 KB

trying URL 'https://bioconductor.org/packages/3.20/bioc/src/contrib/nnSVG_1.10.3.tar.gz'
Content type 'application/x-gzip' length 1401723 bytes (1.3 MB)
==================================================
downloaded 1.3 MB

trying URL 'https://bioconductor.org/packages/3.20/bioc/src/contrib/escheR_1.6.0.tar.gz'
Content type 'application/x-gzip' length 3052270 bytes (2.9 MB)
==================================================
downloaded 2.9 MB

trying URL 'https://bioconductor.org/packages/3.20/bioc/src/contrib/tpSVG_1.2.0.tar.gz'
Content type 'application/x-gzip' length 1297072 bytes (1.2 MB)
==================================================
downloaded 1.2 MB

* installing *binary* package ‘BRISC’ ...
* ‘BRISC’ was already a binary package and will not be rebuilt
* creating tarball
packaged installation of ‘BRISC’ as ‘BRISC_1.0.6_R_x86_64-pc-linux-gnu.tar.gz’
* DONE (BRISC)
* installing *source* package ‘escheR’ ...
** package ‘escheR’ successfully unpacked and MD5 sums checked
** using staged installation
** R
** inst
** byte-compile and prepare package for lazy loading
** help
*** installing help indices
*** copying figures
** building package indices
** installing vignettes
** testing if installed package can be loaded from temporary location
** testing if installed package can be loaded from final location
** testing if installed package keeps a record of temporary installation path
* creating tarball
packaged installation of ‘escheR’ as ‘escheR_1.6.0_R_x86_64-pc-linux-gnu.tar.gz’
* DONE (escheR)
* installing *source* package ‘tpSVG’ ...
** package ‘tpSVG’ successfully unpacked and MD5 sums checked
** using staged installation
** R
** inst
** byte-compile and prepare package for lazy loading
** help
*** installing help indices
** building package indices
** installing vignettes
** testing if installed package can be loaded from temporary location
** testing if installed package can be loaded from final location
** testing if installed package keeps a record of temporary installation path
* creating tarball
packaged installation of ‘tpSVG’ as ‘tpSVG_1.2.0_R_x86_64-pc-linux-gnu.tar.gz’
* DONE (tpSVG)
* installing *source* package ‘nnSVG’ ...
** package ‘nnSVG’ successfully unpacked and MD5 sums checked
** using staged installation
** R
** inst
** byte-compile and prepare package for lazy loading
** help
*** installing help indices
** building package indices
** installing vignettes
** testing if installed package can be loaded from temporary location
** testing if installed package can be loaded from final location
** testing if installed package keeps a record of temporary installation path
* creating tarball
packaged installation of ‘nnSVG’ as ‘nnSVG_1.10.3_R_x86_64-pc-linux-gnu.tar.gz’
* DONE (nnSVG)

The downloaded source packages are in
	‘/tmp/Rtmp8JMyvz/downloaded_packages’
Old packages: 'bslib', 'cli', 'cpp11', 'curl', 'evaluate', 'httr2', 'jsonlite',
  'openssl', 'pillar', 'pkgbuild', 'processx', 'ps', 'purrr', 'R6', 'Rcpp',
  'rlang', 'sessioninfo', 'systemfonts', 'testthat', 'textshaping', 'tinytex',
  'xfun', 'xml2', 'zip', 'class', 'foreign', 'KernSmooth', 'MASS', 'Matrix',
  'nlme', 'nnet', 'rpart', 'spatial'

real	2m21.097s
user	0m59.663s
sys	0m10.851s
