+ Rscript -e 'Sys.setenv(BIOCONDUCTOR_USE_CONTAINER_REPOSITORY=FALSE);
  p <- .libPaths();
  p <- c('\'''\'', '\'''\'', p);
  .libPaths(p);
  if(BiocManager::install('\''matchBox'\'', INSTALL_opts = '\''--build'\'', update = TRUE, quiet = FALSE, dependencies=TRUE, force = TRUE, keep_outputs = TRUE) %in% rownames(installed.packages())) q(status = 0) else q(status = 1)'
'getOption("repos")' replaces Bioconductor standard repositories, see
'help("repositories", package = "BiocManager")' for details.
Replacement repositories:
    CRAN: https://cloud.r-project.org
Bioconductor version 3.21 (BiocManager 1.30.25), R Under development (unstable)
  (2025-03-08 r87910)
Installing package(s) 'matchBox'
trying URL 'https://bioconductor.org/packages/3.21/bioc/src/contrib/matchBox_1.49.0.tar.gz'
Content type 'application/x-gzip' length 619860 bytes (605 KB)
==================================================
downloaded 605 KB

* installing *source* package ‘matchBox’ ...
** this is package ‘matchBox’ version ‘1.49.0’
** using staged installation
** R
** data
** inst
** byte-compile and prepare package for lazy loading
** help
*** installing help indices
** building package indices
** installing vignettes
** testing if installed package can be loaded from temporary location
** testing if installed package can be loaded from final location
** testing if installed package keeps a record of temporary installation path
* creating tarball
packaged installation of ‘matchBox’ as ‘matchBox_1.49.0_R_x86_64-pc-linux-gnu.tar.gz’
* DONE (matchBox)

The downloaded source packages are in
	‘/tmp/RtmpEk3cxx/downloaded_packages’
Old packages: 'commonmark', 'knitr', 'xml2'

real	0m4.385s
user	0m2.973s
sys	0m1.351s
