+ Rscript -e 'Sys.setenv(BIOCONDUCTOR_USE_CONTAINER_REPOSITORY=FALSE);
  p <- .libPaths();
  p <- c('\'''\'', '\'''\'', p);
  .libPaths(p);
  if(BiocManager::install('\''ChAMP'\'', INSTALL_opts = '\''--build'\'', update = TRUE, quiet = FALSE, dependencies=TRUE, force = TRUE, keep_outputs = TRUE) %in% rownames(installed.packages())) q(status = 0) else q(status = 1)'
'getOption("repos")' replaces Bioconductor standard repositories, see
'help("repositories", package = "BiocManager")' for details.
Replacement repositories:
    CRAN: https://cloud.r-project.org
Bioconductor version 3.21 (BiocManager 1.30.25), R 4.5.0 (2025-04-11)
Installing package(s) 'ChAMP'
Warning: dependency ‘kpmt’ is not available
also installing the dependencies ‘R.oo’, ‘R.methodsS3’, ‘dichromat’, ‘VariantAnnotation’, ‘TxDb.Hsapiens.UCSC.hg19.knownGene’, ‘affyio’, ‘multtest’, ‘scrime’, ‘sparseMatrixStats’, ‘rentrez’, ‘R.utils’, ‘permute’, ‘BSgenome’, ‘biovizBase’, ‘checkmate’, ‘FDb.InfiniumMethylation.hg19’, ‘affy’, ‘nleqslv’, ‘txdbmaker’, ‘clue’, ‘rngtools’, ‘beanplot’, ‘nor1mix’, ‘siggenes’, ‘DelayedMatrixStats’, ‘mclust’, ‘genefilter’, ‘reshape’, ‘GEOquery’, ‘bsseq’, ‘Gviz’, ‘biomaRt’, ‘htmlTable’, ‘viridis’, ‘Formula’, ‘annotate’, ‘base64’, ‘methylumi’, ‘lumi’, ‘ROC’, ‘IlluminaHumanMethylation450kanno.ilmn12.hg19’, ‘BiasedUrn’, ‘geneLenDataBase’, ‘GO.db’, ‘IlluminaHumanMethylationEPICv2anno.20a1.hg38’, ‘IlluminaHumanMethylationEPICv2manifest’, ‘org.Hs.eg.db’, ‘ruv’, ‘fastICA’, ‘JADE’, ‘foreach’, ‘iterators’, ‘doRNG’, ‘minfi’, ‘ChAMPdata’, ‘DMRcate’, ‘Illumina450ProbeVariants.db’, ‘IlluminaHumanMethylationEPICmanifest’, ‘RPMM’, ‘prettydoc’, ‘Hmisc’, ‘globaltest’, ‘sva’, ‘illuminaio’, ‘IlluminaHumanMethylation450kmanifest’, ‘IlluminaHumanMethylationEPICanno.ilm10b4.hg19’, ‘DNAcopy’, ‘preprocessCore’, ‘impute’, ‘marray’, ‘wateRmelon’, ‘goseq’, ‘missMethyl’, ‘qvalue’, ‘isva’, ‘doParallel’, ‘bumphunter’, ‘quadprog’, ‘shinythemes’, ‘dendextend’, ‘combinat’

trying URL 'https://cloud.r-project.org/src/contrib/R.oo_1.27.1.tar.gz'
trying URL 'https://cloud.r-project.org/src/contrib/R.methodsS3_1.8.2.tar.gz'
trying URL 'https://cloud.r-project.org/src/contrib/dichromat_2.0-0.1.tar.gz'
trying URL 'https://bioconductor.org/packages/3.21/bioc/src/contrib/VariantAnnotation_1.54.1.tar.gz'
trying URL 'https://bioconductor.org/packages/3.21/data/annotation/src/contrib/TxDb.Hsapiens.UCSC.hg19.knownGene_3.2.2.tar.gz'
trying URL 'https://bioconductor.org/packages/3.21/bioc/src/contrib/affyio_1.78.0.tar.gz'
trying URL 'https://bioconductor.org/packages/3.21/bioc/src/contrib/multtest_2.64.0.tar.gz'
trying URL 'https://cloud.r-project.org/src/contrib/scrime_1.3.5.tar.gz'
trying URL 'https://bioconductor.org/packages/3.21/bioc/src/contrib/sparseMatrixStats_1.20.0.tar.gz'
trying URL 'https://cloud.r-project.org/src/contrib/rentrez_1.2.3.tar.gz'
trying URL 'https://cloud.r-project.org/src/contrib/R.utils_2.13.0.tar.gz'
trying URL 'https://cloud.r-project.org/src/contrib/permute_0.9-7.tar.gz'
trying URL 'https://bioconductor.org/packages/3.21/bioc/src/contrib/BSgenome_1.76.0.tar.gz'
trying URL 'https://bioconductor.org/packages/3.21/bioc/src/contrib/biovizBase_1.56.0.tar.gz'
trying URL 'https://cloud.r-project.org/src/contrib/checkmate_2.3.2.tar.gz'
trying URL 'https://bioconductor.org/packages/3.21/data/annotation/src/contrib/FDb.InfiniumMethylation.hg19_2.2.0.tar.gz'
trying URL 'https://bioconductor.org/packages/3.21/bioc/src/contrib/affy_1.86.0.tar.gz'
trying URL 'https://cloud.r-project.org/src/contrib/nleqslv_3.3.5.tar.gz'
trying URL 'https://bioconductor.org/packages/3.21/bioc/src/contrib/txdbmaker_1.4.1.tar.gz'
trying URL 'https://cloud.r-project.org/src/contrib/clue_0.3-66.tar.gz'
trying URL 'https://cloud.r-project.org/src/contrib/rngtools_1.5.2.tar.gz'
trying URL 'https://cloud.r-project.org/src/contrib/beanplot_1.3.1.tar.gz'
trying URL 'https://cloud.r-project.org/src/contrib/nor1mix_1.3-3.tar.gz'
trying URL 'https://bioconductor.org/packages/3.21/bioc/src/contrib/siggenes_1.82.0.tar.gz'
trying URL 'https://bioconductor.org/packages/3.21/bioc/src/contrib/DelayedMatrixStats_1.30.0.tar.gz'
trying URL 'https://cloud.r-project.org/src/contrib/mclust_6.1.1.tar.gz'
trying URL 'https://bioconductor.org/packages/3.21/bioc/src/contrib/genefilter_1.90.0.tar.gz'
trying URL 'https://cloud.r-project.org/src/contrib/reshape_0.8.9.tar.gz'
trying URL 'https://bioconductor.org/packages/3.21/bioc/src/contrib/GEOquery_2.76.0.tar.gz'
trying URL 'https://bioconductor.org/packages/3.21/bioc/src/contrib/bsseq_1.44.1.tar.gz'
trying URL 'https://bioconductor.org/packages/3.21/bioc/src/contrib/Gviz_1.52.0.tar.gz'
trying URL 'https://bioconductor.org/packages/3.21/bioc/src/contrib/biomaRt_2.64.0.tar.gz'
trying URL 'https://cloud.r-project.org/src/contrib/htmlTable_2.4.3.tar.gz'
trying URL 'https://cloud.r-project.org/src/contrib/viridis_0.6.5.tar.gz'
trying URL 'https://cloud.r-project.org/src/contrib/Formula_1.2-5.tar.gz'
trying URL 'https://bioconductor.org/packages/3.21/bioc/src/contrib/annotate_1.86.0.tar.gz'
trying URL 'https://cloud.r-project.org/src/contrib/base64_2.0.2.tar.gz'
trying URL 'https://bioconductor.org/packages/3.21/bioc/src/contrib/methylumi_2.54.0.tar.gz'
trying URL 'https://bioconductor.org/packages/3.21/bioc/src/contrib/lumi_2.60.0.tar.gz'
trying URL 'https://bioconductor.org/packages/3.21/bioc/src/contrib/ROC_1.84.0.tar.gz'
trying URL 'https://bioconductor.org/packages/3.21/data/annotation/src/contrib/IlluminaHumanMethylation450kanno.ilmn12.hg19_0.6.1.tar.gz'
trying URL 'https://cloud.r-project.org/src/contrib/BiasedUrn_2.0.12.tar.gz'
trying URL 'https://bioconductor.org/packages/3.21/data/experiment/src/contrib/geneLenDataBase_1.44.0.tar.gz'
trying URL 'https://bioconductor.org/packages/3.21/data/annotation/src/contrib/GO.db_3.21.0.tar.gz'
trying URL 'https://bioconductor.org/packages/3.21/data/annotation/src/contrib/IlluminaHumanMethylationEPICv2anno.20a1.hg38_1.0.0.tar.gz'
trying URL 'https://bioconductor.org/packages/3.21/data/annotation/src/contrib/IlluminaHumanMethylationEPICv2manifest_1.0.0.tar.gz'
trying URL 'https://bioconductor.org/packages/3.21/data/annotation/src/contrib/org.Hs.eg.db_3.21.0.tar.gz'
trying URL 'https://cloud.r-project.org/src/contrib/ruv_0.9.7.1.tar.gz'
trying URL 'https://cloud.r-project.org/src/contrib/fastICA_1.2-7.tar.gz'
trying URL 'https://cloud.r-project.org/src/contrib/JADE_2.0-4.tar.gz'
trying URL 'https://cloud.r-project.org/src/contrib/foreach_1.5.2.tar.gz'
trying URL 'https://cloud.r-project.org/src/contrib/iterators_1.0.14.tar.gz'
trying URL 'https://cloud.r-project.org/src/contrib/doRNG_1.8.6.2.tar.gz'
trying URL 'https://bioconductor.org/packages/3.21/bioc/src/contrib/minfi_1.54.1.tar.gz'
trying URL 'https://bioconductor.org/packages/3.21/data/experiment/src/contrib/ChAMPdata_2.40.0.tar.gz'
trying URL 'https://bioconductor.org/packages/3.21/bioc/src/contrib/DMRcate_3.4.0.tar.gz'
trying URL 'https://bioconductor.org/packages/3.21/data/experiment/src/contrib/Illumina450ProbeVariants.db_1.44.0.tar.gz'
trying URL 'https://bioconductor.org/packages/3.21/data/annotation/src/contrib/IlluminaHumanMethylationEPICmanifest_0.3.0.tar.gz'
trying URL 'https://cloud.r-project.org/src/contrib/RPMM_1.25.tar.gz'
trying URL 'https://cloud.r-project.org/src/contrib/prettydoc_0.4.1.tar.gz'
trying URL 'https://cloud.r-project.org/src/contrib/Hmisc_5.2-3.tar.gz'
trying URL 'https://bioconductor.org/packages/3.21/bioc/src/contrib/globaltest_5.62.0.tar.gz'
trying URL 'https://bioconductor.org/packages/3.21/bioc/src/contrib/sva_3.56.0.tar.gz'
trying URL 'https://bioconductor.org/packages/3.21/bioc/src/contrib/illuminaio_0.50.0.tar.gz'
trying URL 'https://bioconductor.org/packages/3.21/data/annotation/src/contrib/IlluminaHumanMethylation450kmanifest_0.4.0.tar.gz'
trying URL 'https://bioconductor.org/packages/3.21/data/annotation/src/contrib/IlluminaHumanMethylationEPICanno.ilm10b4.hg19_0.6.0.tar.gz'
trying URL 'https://bioconductor.org/packages/3.21/bioc/src/contrib/DNAcopy_1.82.0.tar.gz'
trying URL 'https://bioconductor.org/packages/3.21/bioc/src/contrib/preprocessCore_1.70.0.tar.gz'
trying URL 'https://bioconductor.org/packages/3.21/bioc/src/contrib/impute_1.82.0.tar.gz'
trying URL 'https://bioconductor.org/packages/3.21/bioc/src/contrib/marray_1.86.0.tar.gz'
trying URL 'https://bioconductor.org/packages/3.21/bioc/src/contrib/wateRmelon_2.14.0.tar.gz'
trying URL 'https://bioconductor.org/packages/3.21/bioc/src/contrib/goseq_1.60.0.tar.gz'
trying URL 'https://bioconductor.org/packages/3.21/bioc/src/contrib/missMethyl_1.42.0.tar.gz'
trying URL 'https://bioconductor.org/packages/3.21/bioc/src/contrib/qvalue_2.40.0.tar.gz'
trying URL 'https://cloud.r-project.org/src/contrib/isva_1.9.tar.gz'
trying URL 'https://cloud.r-project.org/src/contrib/doParallel_1.0.17.tar.gz'
trying URL 'https://bioconductor.org/packages/3.21/bioc/src/contrib/bumphunter_1.50.0.tar.gz'
trying URL 'https://cloud.r-project.org/src/contrib/quadprog_1.5-8.tar.gz'
trying URL 'https://cloud.r-project.org/src/contrib/shinythemes_1.2.0.tar.gz'
trying URL 'https://cloud.r-project.org/src/contrib/dendextend_1.19.0.tar.gz'
trying URL 'https://cloud.r-project.org/src/contrib/combinat_0.0-8.tar.gz'
trying URL 'https://bioconductor.org/packages/3.21/bioc/src/contrib/ChAMP_2.38.0.tar.gz'
* installing *source* package ‘R.methodsS3’ ...
** this is package ‘R.methodsS3’ version ‘1.8.2’
** package ‘R.methodsS3’ successfully unpacked and MD5 sums checked
** using staged installation
** R
** inst
** byte-compile and prepare package for lazy loading
** help
*** installing help indices
** building package indices
** testing if installed package can be loaded from temporary location
** testing if installed package can be loaded from final location
** testing if installed package keeps a record of temporary installation path
* creating tarball
packaged installation of ‘R.methodsS3’ as ‘R.methodsS3_1.8.2_R_x86_64-pc-linux-gnu.tar.gz’
* DONE (R.methodsS3)
* installing *source* package ‘dichromat’ ...
** this is package ‘dichromat’ version ‘2.0-0.1’
** package ‘dichromat’ successfully unpacked and MD5 sums checked
** using staged installation
** R
** data
** byte-compile and prepare package for lazy loading
** help
*** installing help indices
** building package indices
** testing if installed package can be loaded from temporary location
** testing if installed package can be loaded from final location
** testing if installed package keeps a record of temporary installation path
* creating tarball
packaged installation of ‘dichromat’ as ‘dichromat_2.0-0.1_R_x86_64-pc-linux-gnu.tar.gz’
* DONE (dichromat)
