'getOption("repos")' replaces Bioconductor standard repositories, see
'help("repositories", package = "BiocManager")' for details.
Replacement repositories:
    CRAN: https://p3m.dev/cran/__linux__/noble/latest
Bioconductor version 3.20 (BiocManager 1.30.25), R 4.4.2 (2024-10-31)
Installing package(s) 'dcGSA'
also installing the dependency ‘BiocParallel’

trying URL 'https://bioconductor.org/packages/3.20/bioc/src/contrib/BiocParallel_1.40.0.tar.gz'
Content type 'application/x-gzip' length 1000414 bytes (976 KB)
==================================================
downloaded 976 KB

trying URL 'https://bioconductor.org/packages/3.20/bioc/src/contrib/dcGSA_1.34.0.tar.gz'
Content type 'application/x-gzip' length 38797 bytes (37 KB)
==================================================
downloaded 37 KB

ERROR: failed to lock directory ‘/mnt/library’ for modifying
Try removing ‘/mnt/library/00LOCK-BiocParallel’
ERROR: dependency ‘BiocParallel’ is not available for package ‘dcGSA’
* removing ‘/mnt/library/dcGSA’

The downloaded source packages are in
	‘/tmp/RtmpTXLXHX/downloaded_packages’
Old packages: 'bslib', 'cli', 'cpp11', 'curl', 'evaluate', 'httr2', 'jsonlite',
  'openssl', 'pillar', 'pkgbuild', 'processx', 'ps', 'purrr', 'R6', 'Rcpp',
  'rlang', 'sessioninfo', 'systemfonts', 'testthat', 'textshaping', 'tinytex',
  'xfun', 'xml2', 'zip', 'class', 'foreign', 'KernSmooth', 'MASS', 'Matrix',
  'nlme', 'nnet', 'rpart', 'spatial'
Warning messages:
1: In install.packages(...) :
  installation of package ‘BiocParallel’ had non-zero exit status
2: In install.packages(...) :
  installation of package ‘dcGSA’ had non-zero exit status
Error: unexpected 'else' in "  else"
Execution halted

real	0m11.496s
user	0m4.150s
sys	0m1.581s
