+ Rscript -e 'Sys.setenv(BIOCONDUCTOR_USE_CONTAINER_REPOSITORY=FALSE);
  p <- .libPaths();
  p <- c('\'''\'', '\'''\'', p);
  .libPaths(p);
  if(BiocManager::install('\''abseqR'\'', INSTALL_opts = '\''--build'\'', update = TRUE, quiet = FALSE, dependencies=TRUE, force = TRUE, keep_outputs = TRUE) %in% rownames(installed.packages())) q(status = 0) else q(status = 1)'
'getOption("repos")' replaces Bioconductor standard repositories, see
'help("repositories", package = "BiocManager")' for details.
Replacement repositories:
    CRAN: https://p3m.dev/cran/__linux__/noble/latest
Bioconductor version 3.20 (BiocManager 1.30.25), R 4.4.2 (2024-10-31)
Installing package(s) 'abseqR'
also installing the dependencies ‘formatR’, ‘farver’, ‘labeling’, ‘munsell’, ‘lambda.r’, ‘futile.options’, ‘tidyselect’, ‘generics’, ‘gtable’, ‘isoband’, ‘scales’, ‘GlobalOptions’, ‘shape’, ‘colorspace’, ‘futile.logger’, ‘snow’, ‘BH’, ‘permute’, ‘httr’, ‘viridisLite’, ‘tidyr’, ‘dplyr’, ‘lazyeval’, ‘crosstalk’, ‘data.table’, ‘bookdown’, ‘ggplot2’, ‘RColorBrewer’, ‘circlize’, ‘reshape2’, ‘VennDiagram’, ‘plyr’, ‘flexdashboard’, ‘BiocParallel’, ‘png’, ‘gridExtra’, ‘vegan’, ‘ggcorrplot’, ‘ggdendro’, ‘plotly’, ‘BiocStyle’

trying URL 'https://p3m.dev/cran/__linux__/noble/latest/src/contrib/formatR_1.14.tar.gz'
Content type 'binary/octet-stream' length 151517 bytes (147 KB)
==================================================
downloaded 147 KB

trying URL 'https://p3m.dev/cran/__linux__/noble/latest/src/contrib/farver_2.1.2.tar.gz'
Content type 'binary/octet-stream' length 1466627 bytes (1.4 MB)
==================================================
downloaded 1.4 MB

trying URL 'https://p3m.dev/cran/__linux__/noble/latest/src/contrib/labeling_0.4.3.tar.gz'
Content type 'binary/octet-stream' length 60952 bytes (59 KB)
==================================================
downloaded 59 KB

trying URL 'https://p3m.dev/cran/__linux__/noble/latest/src/contrib/munsell_0.5.1.tar.gz'
Content type 'binary/octet-stream' length 243099 bytes (237 KB)
==================================================
downloaded 237 KB

trying URL 'https://p3m.dev/cran/__linux__/noble/latest/src/contrib/lambda.r_1.2.4.tar.gz'
Content type 'binary/octet-stream' length 110485 bytes (107 KB)
==================================================
downloaded 107 KB

trying URL 'https://p3m.dev/cran/__linux__/noble/latest/src/contrib/futile.options_1.0.1.tar.gz'
Content type 'binary/octet-stream' length 18448 bytes (18 KB)
==================================================
downloaded 18 KB

trying URL 'https://p3m.dev/cran/__linux__/noble/latest/src/contrib/tidyselect_1.2.1.tar.gz'
Content type 'binary/octet-stream' length 225331 bytes (220 KB)
==================================================
downloaded 220 KB

trying URL 'https://p3m.dev/cran/__linux__/noble/latest/src/contrib/generics_0.1.3.tar.gz'
Content type 'binary/octet-stream' length 81013 bytes (79 KB)
==================================================
downloaded 79 KB

trying URL 'https://p3m.dev/cran/__linux__/noble/latest/src/contrib/gtable_0.3.6.tar.gz'
Content type 'binary/octet-stream' length 222627 bytes (217 KB)
==================================================
downloaded 217 KB

trying URL 'https://p3m.dev/cran/__linux__/noble/latest/src/contrib/isoband_0.2.7.tar.gz'
Content type 'binary/octet-stream' length 1644325 bytes (1.6 MB)
==================================================
downloaded 1.6 MB

trying URL 'https://p3m.dev/cran/__linux__/noble/latest/src/contrib/scales_1.3.0.tar.gz'
Content type 'binary/octet-stream' length 710365 bytes (693 KB)
==================================================
downloaded 693 KB

trying URL 'https://p3m.dev/cran/__linux__/noble/latest/src/contrib/GlobalOptions_0.1.2.tar.gz'
Content type 'binary/octet-stream' length 469700 bytes (458 KB)
==================================================
downloaded 458 KB

trying URL 'https://p3m.dev/cran/__linux__/noble/latest/src/contrib/shape_1.4.6.1.tar.gz'
Content type 'binary/octet-stream' length 750076 bytes (732 KB)
==================================================
downloaded 732 KB

trying URL 'https://p3m.dev/cran/__linux__/noble/latest/src/contrib/colorspace_2.1-1.tar.gz'
Content type 'binary/octet-stream' length 2626614 bytes (2.5 MB)
==================================================
downloaded 2.5 MB

trying URL 'https://p3m.dev/cran/__linux__/noble/latest/src/contrib/futile.logger_1.4.3.tar.gz'
Content type 'binary/octet-stream' length 97342 bytes (95 KB)
==================================================
downloaded 95 KB

trying URL 'https://p3m.dev/cran/__linux__/noble/latest/src/contrib/snow_0.4-4.tar.gz'
Content type 'binary/octet-stream' length 96930 bytes (94 KB)
==================================================
downloaded 94 KB

trying URL 'https://p3m.dev/cran/__linux__/noble/latest/src/contrib/BH_1.87.0-1.tar.gz'
Content type 'binary/octet-stream' length 13349384 bytes (12.7 MB)
==================================================
downloaded 12.7 MB

trying URL 'https://p3m.dev/cran/__linux__/noble/latest/src/contrib/permute_0.9-7.tar.gz'
Content type 'binary/octet-stream' length 233484 bytes (228 KB)
==================================================
downloaded 228 KB

trying URL 'https://p3m.dev/cran/__linux__/noble/latest/src/contrib/httr_1.4.7.tar.gz'
Content type 'binary/octet-stream' length 484006 bytes (472 KB)
==================================================
downloaded 472 KB

trying URL 'https://p3m.dev/cran/__linux__/noble/latest/src/contrib/viridisLite_0.4.2.tar.gz'
Content type 'binary/octet-stream' length 1297555 bytes (1.2 MB)
==================================================
downloaded 1.2 MB

trying URL 'https://p3m.dev/cran/__linux__/noble/latest/src/contrib/tidyr_1.3.1.tar.gz'
Content type 'binary/octet-stream' length 1177490 bytes (1.1 MB)
==================================================
downloaded 1.1 MB

trying URL 'https://p3m.dev/cran/__linux__/noble/latest/src/contrib/dplyr_1.1.4.tar.gz'
Content type 'binary/octet-stream' length 1491332 bytes (1.4 MB)
==================================================
downloaded 1.4 MB

trying URL 'https://p3m.dev/cran/__linux__/noble/latest/src/contrib/lazyeval_0.2.2.tar.gz'
Content type 'binary/octet-stream' length 157375 bytes (153 KB)
==================================================
downloaded 153 KB

trying URL 'https://p3m.dev/cran/__linux__/noble/latest/src/contrib/crosstalk_1.2.1.tar.gz'
Content type 'binary/octet-stream' length 410648 bytes (401 KB)
==================================================
downloaded 401 KB

trying URL 'https://p3m.dev/cran/__linux__/noble/latest/src/contrib/data.table_1.17.0.tar.gz'
Content type 'binary/octet-stream' length 2695704 bytes (2.6 MB)
==================================================
downloaded 2.6 MB

trying URL 'https://p3m.dev/cran/__linux__/noble/latest/src/contrib/bookdown_0.42.tar.gz'
Content type 'binary/octet-stream' length 1090748 bytes (1.0 MB)
==================================================
downloaded 1.0 MB

trying URL 'https://p3m.dev/cran/__linux__/noble/latest/src/contrib/ggplot2_3.5.1.tar.gz'
Content type 'binary/octet-stream' length 5005317 bytes (4.8 MB)
==================================================
downloaded 4.8 MB

trying URL 'https://p3m.dev/cran/__linux__/noble/latest/src/contrib/RColorBrewer_1.1-3.tar.gz'
Content type 'binary/octet-stream' length 51823 bytes (50 KB)
==================================================
downloaded 50 KB

trying URL 'https://p3m.dev/cran/__linux__/noble/latest/src/contrib/circlize_0.4.16.tar.gz'
Content type 'binary/octet-stream' length 3314907 bytes (3.2 MB)
==================================================
downloaded 3.2 MB

trying URL 'https://p3m.dev/cran/__linux__/noble/latest/src/contrib/reshape2_1.4.4.tar.gz'
Content type 'binary/octet-stream' length 123102 bytes (120 KB)
==================================================
downloaded 120 KB

trying URL 'https://p3m.dev/cran/__linux__/noble/latest/src/contrib/VennDiagram_1.7.3.tar.gz'
Content type 'binary/octet-stream' length 248167 bytes (242 KB)
==================================================
downloaded 242 KB

trying URL 'https://p3m.dev/cran/__linux__/noble/latest/src/contrib/plyr_1.8.9.tar.gz'
Content type 'binary/octet-stream' length 788070 bytes (769 KB)
==================================================
downloaded 769 KB

trying URL 'https://p3m.dev/cran/__linux__/noble/latest/src/contrib/flexdashboard_0.6.2.tar.gz'
Content type 'binary/octet-stream' length 362122 bytes (353 KB)
==================================================
downloaded 353 KB

trying URL 'https://bioconductor.org/packages/3.20/bioc/src/contrib/BiocParallel_1.40.0.tar.gz'
Content type 'application/x-gzip' length 1000414 bytes (976 KB)
==================================================
downloaded 976 KB

trying URL 'https://p3m.dev/cran/__linux__/noble/latest/src/contrib/png_0.1-8.tar.gz'
Content type 'binary/octet-stream' length 40602 bytes (39 KB)
==================================================
downloaded 39 KB

trying URL 'https://p3m.dev/cran/__linux__/noble/latest/src/contrib/gridExtra_2.3.tar.gz'
Content type 'binary/octet-stream' length 1106795 bytes (1.1 MB)
==================================================
downloaded 1.1 MB

trying URL 'https://p3m.dev/cran/__linux__/noble/latest/src/contrib/vegan_2.6-10.tar.gz'
Content type 'binary/octet-stream' length 3142555 bytes (3.0 MB)
==================================================
downloaded 3.0 MB

trying URL 'https://p3m.dev/cran/__linux__/noble/latest/src/contrib/ggcorrplot_0.1.4.1.tar.gz'
Content type 'binary/octet-stream' length 29021 bytes (28 KB)
==================================================
downloaded 28 KB

trying URL 'https://p3m.dev/cran/__linux__/noble/latest/src/contrib/ggdendro_0.2.0.tar.gz'
Content type 'binary/octet-stream' length 216626 bytes (211 KB)
==================================================
downloaded 211 KB

trying URL 'https://p3m.dev/cran/__linux__/noble/latest/src/contrib/plotly_4.10.4.tar.gz'
Content type 'binary/octet-stream' length 3174154 bytes (3.0 MB)
==================================================
downloaded 3.0 MB

trying URL 'https://bioconductor.org/packages/3.20/bioc/src/contrib/BiocStyle_2.34.0.tar.gz'
Content type 'application/x-gzip' length 908772 bytes (887 KB)
==================================================
downloaded 887 KB

trying URL 'https://bioconductor.org/packages/3.20/bioc/src/contrib/abseqR_1.24.0.tar.gz'
Content type 'application/x-gzip' length 2793983 bytes (2.7 MB)
==================================================
downloaded 2.7 MB

* installing *binary* package ‘formatR’ ...
* ‘formatR’ was already a binary package and will not be rebuilt
* creating tarball
packaged installation of ‘formatR’ as ‘formatR_1.14_R_x86_64-pc-linux-gnu.tar.gz’
* DONE (formatR)
* installing *binary* package ‘farver’ ...
* ‘farver’ was already a binary package and will not be rebuilt
* creating tarball
packaged installation of ‘farver’ as ‘farver_2.1.2_R_x86_64-pc-linux-gnu.tar.gz’
* DONE (farver)
* installing *binary* package ‘labeling’ ...
* ‘labeling’ was already a binary package and will not be rebuilt
* creating tarball
packaged installation of ‘labeling’ as ‘labeling_0.4.3_R_x86_64-pc-linux-gnu.tar.gz’
* DONE (labeling)
* installing *binary* package ‘futile.options’ ...
* ‘futile.options’ was already a binary package and will not be rebuilt
* creating tarball
packaged installation of ‘futile.options’ as ‘futile.options_1.0.1_R_x86_64-pc-linux-gnu.tar.gz’
* DONE (futile.options)
* installing *binary* package ‘tidyselect’ ...
* ‘tidyselect’ was already a binary package and will not be rebuilt
* creating tarball
packaged installation of ‘tidyselect’ as ‘tidyselect_1.2.1_R_x86_64-pc-linux-gnu.tar.gz’
* DONE (tidyselect)
* installing *binary* package ‘generics’ ...
* ‘generics’ was already a binary package and will not be rebuilt
* creating tarball
packaged installation of ‘generics’ as ‘generics_0.1.3_R_x86_64-pc-linux-gnu.tar.gz’
* DONE (generics)
* installing *binary* package ‘gtable’ ...
* ‘gtable’ was already a binary package and will not be rebuilt
* creating tarball
packaged installation of ‘gtable’ as ‘gtable_0.3.6_R_x86_64-pc-linux-gnu.tar.gz’
* DONE (gtable)
* installing *binary* package ‘isoband’ ...
* ‘isoband’ was already a binary package and will not be rebuilt
* creating tarball
packaged installation of ‘isoband’ as ‘isoband_0.2.7_R_x86_64-pc-linux-gnu.tar.gz’
* DONE (isoband)
* installing *binary* package ‘GlobalOptions’ ...
* ‘GlobalOptions’ was already a binary package and will not be rebuilt
* creating tarball
packaged installation of ‘GlobalOptions’ as ‘GlobalOptions_0.1.2_R_x86_64-pc-linux-gnu.tar.gz’
* DONE (GlobalOptions)
* installing *binary* package ‘shape’ ...
* ‘shape’ was already a binary package and will not be rebuilt
* creating tarball
packaged installation of ‘shape’ as ‘shape_1.4.6.1_R_x86_64-pc-linux-gnu.tar.gz’
* DONE (shape)
* installing *binary* package ‘colorspace’ ...
* ‘colorspace’ was already a binary package and will not be rebuilt
* creating tarball
packaged installation of ‘colorspace’ as ‘colorspace_2.1-1_R_x86_64-pc-linux-gnu.tar.gz’
* DONE (colorspace)
* installing *binary* package ‘snow’ ...
* ‘snow’ was already a binary package and will not be rebuilt
* creating tarball
packaged installation of ‘snow’ as ‘snow_0.4-4_R_x86_64-pc-linux-gnu.tar.gz’
* DONE (snow)
* installing *binary* package ‘BH’ ...
* ‘BH’ was already a binary package and will not be rebuilt
* creating tarball
packaged installation of ‘BH’ as ‘BH_1.87.0-1_R_x86_64-pc-linux-gnu.tar.gz’
* DONE (BH)
* installing *binary* package ‘permute’ ...
* ‘permute’ was already a binary package and will not be rebuilt
* creating tarball
packaged installation of ‘permute’ as ‘permute_0.9-7_R_x86_64-pc-linux-gnu.tar.gz’
* DONE (permute)
* installing *binary* package ‘httr’ ...
* ‘httr’ was already a binary package and will not be rebuilt
* creating tarball
packaged installation of ‘httr’ as ‘httr_1.4.7_R_x86_64-pc-linux-gnu.tar.gz’
* DONE (httr)
* installing *binary* package ‘viridisLite’ ...
* ‘viridisLite’ was already a binary package and will not be rebuilt
* creating tarball
packaged installation of ‘viridisLite’ as ‘viridisLite_0.4.2_R_x86_64-pc-linux-gnu.tar.gz’
* DONE (viridisLite)
* installing *binary* package ‘lazyeval’ ...
* ‘lazyeval’ was already a binary package and will not be rebuilt
* creating tarball
packaged installation of ‘lazyeval’ as ‘lazyeval_0.2.2_R_x86_64-pc-linux-gnu.tar.gz’
* DONE (lazyeval)
* installing *binary* package ‘data.table’ ...
* ‘data.table’ was already a binary package and will not be rebuilt
* creating tarball
packaged installation of ‘data.table’ as ‘data.table_1.17.0_R_x86_64-pc-linux-gnu.tar.gz’
* DONE (data.table)
* installing *binary* package ‘bookdown’ ...
* ‘bookdown’ was already a binary package and will not be rebuilt
* creating tarball
packaged installation of ‘bookdown’ as ‘bookdown_0.42_R_x86_64-pc-linux-gnu.tar.gz’
* DONE (bookdown)
* installing *binary* package ‘RColorBrewer’ ...
* ‘RColorBrewer’ was already a binary package and will not be rebuilt
* creating tarball
packaged installation of ‘RColorBrewer’ as ‘RColorBrewer_1.1-3_R_x86_64-pc-linux-gnu.tar.gz’
* DONE (RColorBrewer)
* installing *binary* package ‘plyr’ ...
* ‘plyr’ was already a binary package and will not be rebuilt
* creating tarball
packaged installation of ‘plyr’ as ‘plyr_1.8.9_R_x86_64-pc-linux-gnu.tar.gz’
* DONE (plyr)
* installing *binary* package ‘png’ ...
* ‘png’ was already a binary package and will not be rebuilt
* creating tarball
packaged installation of ‘png’ as ‘png_0.1-8_R_x86_64-pc-linux-gnu.tar.gz’
* DONE (png)
* installing *binary* package ‘munsell’ ...
* ‘munsell’ was already a binary package and will not be rebuilt
* creating tarball
packaged installation of ‘munsell’ as ‘munsell_0.5.1_R_x86_64-pc-linux-gnu.tar.gz’
* DONE (munsell)
* installing *binary* package ‘lambda.r’ ...
* ‘lambda.r’ was already a binary package and will not be rebuilt
* creating tarball
packaged installation of ‘lambda.r’ as ‘lambda.r_1.2.4_R_x86_64-pc-linux-gnu.tar.gz’
* DONE (lambda.r)
* installing *binary* package ‘dplyr’ ...
* ‘dplyr’ was already a binary package and will not be rebuilt
* creating tarball
packaged installation of ‘dplyr’ as ‘dplyr_1.1.4_R_x86_64-pc-linux-gnu.tar.gz’
* DONE (dplyr)
* installing *binary* package ‘crosstalk’ ...
* ‘crosstalk’ was already a binary package and will not be rebuilt
* creating tarball
packaged installation of ‘crosstalk’ as ‘crosstalk_1.2.1_R_x86_64-pc-linux-gnu.tar.gz’
* DONE (crosstalk)
* installing *binary* package ‘circlize’ ...
* ‘circlize’ was already a binary package and will not be rebuilt
* creating tarball
packaged installation of ‘circlize’ as ‘circlize_0.4.16_R_x86_64-pc-linux-gnu.tar.gz’
* DONE (circlize)
* installing *binary* package ‘reshape2’ ...
* ‘reshape2’ was already a binary package and will not be rebuilt
* creating tarball
packaged installation of ‘reshape2’ as ‘reshape2_1.4.4_R_x86_64-pc-linux-gnu.tar.gz’
* DONE (reshape2)
* installing *binary* package ‘gridExtra’ ...
* ‘gridExtra’ was already a binary package and will not be rebuilt
* creating tarball
packaged installation of ‘gridExtra’ as ‘gridExtra_2.3_R_x86_64-pc-linux-gnu.tar.gz’
* DONE (gridExtra)
* installing *binary* package ‘vegan’ ...
* ‘vegan’ was already a binary package and will not be rebuilt
* creating tarball
packaged installation of ‘vegan’ as ‘vegan_2.6-10_R_x86_64-pc-linux-gnu.tar.gz’
* DONE (vegan)
* installing *source* package ‘BiocStyle’ ...
** package ‘BiocStyle’ successfully unpacked and MD5 sums checked
** using staged installation
** R
** inst
** byte-compile and prepare package for lazy loading
** help
*** installing help indices
** building package indices
** installing vignettes
** testing if installed package can be loaded from temporary location
** testing if installed package can be loaded from final location
** testing if installed package keeps a record of temporary installation path
* creating tarball
packaged installation of ‘BiocStyle’ as ‘BiocStyle_2.34.0_R_x86_64-pc-linux-gnu.tar.gz’
* DONE (BiocStyle)
* installing *binary* package ‘scales’ ...
* ‘scales’ was already a binary package and will not be rebuilt
* creating tarball
packaged installation of ‘scales’ as ‘scales_1.3.0_R_x86_64-pc-linux-gnu.tar.gz’
* DONE (scales)
* installing *binary* package ‘futile.logger’ ...
* ‘futile.logger’ was already a binary package and will not be rebuilt
* creating tarball
packaged installation of ‘futile.logger’ as ‘futile.logger_1.4.3_R_x86_64-pc-linux-gnu.tar.gz’
* DONE (futile.logger)
* installing *binary* package ‘tidyr’ ...
* ‘tidyr’ was already a binary package and will not be rebuilt
* creating tarball
packaged installation of ‘tidyr’ as ‘tidyr_1.3.1_R_x86_64-pc-linux-gnu.tar.gz’
* DONE (tidyr)
* installing *binary* package ‘ggplot2’ ...
* ‘ggplot2’ was already a binary package and will not be rebuilt
* creating tarball
packaged installation of ‘ggplot2’ as ‘ggplot2_3.5.1_R_x86_64-pc-linux-gnu.tar.gz’
* DONE (ggplot2)
* installing *binary* package ‘VennDiagram’ ...
* ‘VennDiagram’ was already a binary package and will not be rebuilt
* creating tarball
packaged installation of ‘VennDiagram’ as ‘VennDiagram_1.7.3_R_x86_64-pc-linux-gnu.tar.gz’
* DONE (VennDiagram)
* installing *binary* package ‘flexdashboard’ ...
* ‘flexdashboard’ was already a binary package and will not be rebuilt
* creating tarball
packaged installation of ‘flexdashboard’ as ‘flexdashboard_0.6.2_R_x86_64-pc-linux-gnu.tar.gz’
* DONE (flexdashboard)
* installing *source* package ‘BiocParallel’ ...
** package ‘BiocParallel’ successfully unpacked and MD5 sums checked
** using staged installation
checking whether the C++ compiler works... yes
checking for C++ compiler default output file name... a.out
checking for suffix of executables... 
checking whether we are cross compiling... no
checking for suffix of object files... o
checking whether the compiler supports GNU C++... yes
checking whether g++ -std=gnu++17 accepts -g... yes
checking for g++ -std=gnu++17 option to enable C++11 features... none needed
checking for library containing shm_open... none required
checking for stdio.h... yes
checking for stdlib.h... yes
checking for string.h... yes
checking for inttypes.h... yes
checking for stdint.h... yes
checking for strings.h... yes
checking for sys/stat.h... yes
checking for sys/types.h... yes
checking for unistd.h... yes
checking for sys/mman.h... yes
configure: creating ./config.status
config.status: creating src/Makevars
** libs
using C++ compiler: ‘g++ (Ubuntu 13.3.0-6ubuntu2~24.04) 13.3.0’
using C++11
g++ -std=gnu++11 -I"/usr/local/lib/R/include" -DNDEBUG  -I'/usr/local/lib/R/site-library/BH/include' -I'/usr/local/lib/R/site-library/cpp11/include' -I/usr/local/include    -fpic  -g -O2 -fstack-protector-strong -Wformat -Wformat-security -Wdate-time -D_FORTIFY_SOURCE=2 -g  -DR_NO_REMAP -c cpp11.cpp -o cpp11.o
g++ -std=gnu++11 -I"/usr/local/lib/R/include" -DNDEBUG  -I'/usr/local/lib/R/site-library/BH/include' -I'/usr/local/lib/R/site-library/cpp11/include' -I/usr/local/include    -fpic  -g -O2 -fstack-protector-strong -Wformat -Wformat-security -Wdate-time -D_FORTIFY_SOURCE=2 -g  -DR_NO_REMAP -c ipcmutex.cpp -o ipcmutex.o
g++ -std=gnu++11 -shared -L/usr/local/lib/R/lib -L/usr/local/lib -o BiocParallel.so cpp11.o ipcmutex.o -L/usr/local/lib/R/lib -lR
installing to /usr/local/lib/R/site-library/00LOCK-BiocParallel/00new/BiocParallel/libs
** R
** inst
** byte-compile and prepare package for lazy loading
** help
*** installing help indices
** building package indices
** installing vignettes
** testing if installed package can be loaded from temporary location
** checking absolute paths in shared objects and dynamic libraries
** testing if installed package can be loaded from final location
** testing if installed package keeps a record of temporary installation path
* creating tarball
packaged installation of ‘BiocParallel’ as ‘BiocParallel_1.40.0_R_x86_64-pc-linux-gnu.tar.gz’
* DONE (BiocParallel)
* installing *binary* package ‘ggcorrplot’ ...
* ‘ggcorrplot’ was already a binary package and will not be rebuilt
* creating tarball
packaged installation of ‘ggcorrplot’ as ‘ggcorrplot_0.1.4.1_R_x86_64-pc-linux-gnu.tar.gz’
* DONE (ggcorrplot)
* installing *binary* package ‘ggdendro’ ...
* ‘ggdendro’ was already a binary package and will not be rebuilt
* creating tarball
packaged installation of ‘ggdendro’ as ‘ggdendro_0.2.0_R_x86_64-pc-linux-gnu.tar.gz’
* DONE (ggdendro)
* installing *binary* package ‘plotly’ ...
* ‘plotly’ was already a binary package and will not be rebuilt
* creating tarball
packaged installation of ‘plotly’ as ‘plotly_4.10.4_R_x86_64-pc-linux-gnu.tar.gz’
* DONE (plotly)
* installing *source* package ‘abseqR’ ...
** package ‘abseqR’ successfully unpacked and MD5 sums checked
** using staged installation
** R
** inst
** byte-compile and prepare package for lazy loading
** help
*** installing help indices
*** copying figures
** building package indices
** installing vignettes
** testing if installed package can be loaded from temporary location
** testing if installed package can be loaded from final location
** testing if installed package keeps a record of temporary installation path
* creating tarball
packaged installation of ‘abseqR’ as ‘abseqR_1.24.0_R_x86_64-pc-linux-gnu.tar.gz’
* DONE (abseqR)

The downloaded source packages are in
	‘/tmp/RtmpRBn9nf/downloaded_packages’
Old packages: 'bslib', 'cli', 'cpp11', 'curl', 'evaluate', 'httr2', 'jsonlite',
  'openssl', 'pillar', 'pkgbuild', 'processx', 'ps', 'purrr', 'R6', 'Rcpp',
  'rlang', 'sessioninfo', 'systemfonts', 'testthat', 'textshaping', 'tinytex',
  'xfun', 'xml2', 'zip', 'class', 'foreign', 'KernSmooth', 'MASS', 'Matrix',
  'nlme', 'nnet', 'rpart', 'spatial'

real	1m19.536s
user	0m55.328s
sys	0m18.855s
