+ Rscript -e 'Sys.setenv(BIOCONDUCTOR_USE_CONTAINER_REPOSITORY=FALSE);
  p <- .libPaths();
  p <- c('\'''\'', '\'''\'', p);
  .libPaths(p);
  if(BiocManager::install('\''ttgsea'\'', INSTALL_opts = '\''--build'\'', update = TRUE, quiet = FALSE, dependencies=TRUE, force = TRUE, keep_outputs = TRUE) %in% rownames(installed.packages())) q(status = 0) else q(status = 1)'
'getOption("repos")' replaces Bioconductor standard repositories, see
'help("repositories", package = "BiocManager")' for details.
Replacement repositories:
    CRAN: https://p3m.dev/cran/__linux__/noble/latest
Bioconductor version 3.20 (BiocManager 1.30.25), R 4.4.2 (2024-10-31)
Installing package(s) 'ttgsea'
also installing the dependencies ‘bit’, ‘formatR’, ‘backports’, ‘zoo’, ‘dtt’, ‘bit64’, ‘progress’, ‘colorspace’, ‘lambda.r’, ‘futile.options’, ‘config’, ‘tfautograph’, ‘tidyselect’, ‘MatrixExtra’, ‘float’, ‘RhpcBLASctl’, ‘RcppArmadillo’, ‘sylly.en’, ‘sylly’, ‘syuzhet’, ‘english’, ‘mgsub’, ‘qdapRegex’, ‘hms’, ‘vroom’, ‘tzdb’, ‘farver’, ‘labeling’, ‘munsell’, ‘futile.logger’, ‘snow’, ‘gtable’, ‘isoband’, ‘generics’, ‘tensorflow’, ‘tfruns’, ‘zeallot’, ‘NLP’, ‘slam’, ‘BH’, ‘rsparse’, ‘mlapi’, ‘lgr’, ‘SnowballC’, ‘koRpus.lang.en’, ‘dplyr’, ‘hunspell’, ‘koRpus’, ‘lexicon’, ‘quanteda’, ‘textclean’, ‘textshape’, ‘ISOcodes’, ‘igraph’, ‘RColorBrewer’, ‘readr’, ‘scales’, ‘tidyr’, ‘viridisLite’, ‘visNetwork’, ‘BiocParallel’, ‘ggplot2’, ‘cowplot’, ‘fastmatch’, ‘RcppTOML’, ‘here’, ‘png’, ‘keras’, ‘tm’, ‘text2vec’, ‘tokenizers’, ‘textstem’, ‘stopwords’, ‘data.table’, ‘DiagrammeR’, ‘fgsea’, ‘reticulate’

trying URL 'https://p3m.dev/cran/__linux__/noble/latest/src/contrib/bit_4.6.0.tar.gz'
Content type 'binary/octet-stream' length 628153 bytes (613 KB)
==================================================
downloaded 613 KB

trying URL 'https://p3m.dev/cran/__linux__/noble/latest/src/contrib/formatR_1.14.tar.gz'
Content type 'binary/octet-stream' length 151517 bytes (147 KB)
==================================================
downloaded 147 KB

trying URL 'https://p3m.dev/cran/__linux__/noble/latest/src/contrib/backports_1.5.0.tar.gz'
Content type 'binary/octet-stream' length 115743 bytes (113 KB)
==================================================
downloaded 113 KB

trying URL 'https://p3m.dev/cran/__linux__/noble/latest/src/contrib/zoo_1.8-13.tar.gz'
Content type 'binary/octet-stream' length 1029051 bytes (1004 KB)
==================================================
downloaded 1004 KB

trying URL 'https://p3m.dev/cran/__linux__/noble/latest/src/contrib/dtt_0.1-2.tar.gz'
Content type 'binary/octet-stream' length 19658 bytes (19 KB)
==================================================
downloaded 19 KB

trying URL 'https://p3m.dev/cran/__linux__/noble/latest/src/contrib/bit64_4.6.0-1.tar.gz'
Content type 'binary/octet-stream' length 491805 bytes (480 KB)
==================================================
downloaded 480 KB

trying URL 'https://p3m.dev/cran/__linux__/noble/latest/src/contrib/progress_1.2.3.tar.gz'
Content type 'binary/octet-stream' length 86326 bytes (84 KB)
==================================================
downloaded 84 KB

trying URL 'https://p3m.dev/cran/__linux__/noble/latest/src/contrib/colorspace_2.1-1.tar.gz'
Content type 'binary/octet-stream' length 2626614 bytes (2.5 MB)
==================================================
downloaded 2.5 MB

trying URL 'https://p3m.dev/cran/__linux__/noble/latest/src/contrib/lambda.r_1.2.4.tar.gz'
Content type 'binary/octet-stream' length 110485 bytes (107 KB)
==================================================
downloaded 107 KB

trying URL 'https://p3m.dev/cran/__linux__/noble/latest/src/contrib/futile.options_1.0.1.tar.gz'
Content type 'binary/octet-stream' length 18448 bytes (18 KB)
==================================================
downloaded 18 KB

trying URL 'https://p3m.dev/cran/__linux__/noble/latest/src/contrib/config_0.3.2.tar.gz'
Content type 'binary/octet-stream' length 102879 bytes (100 KB)
==================================================
downloaded 100 KB

trying URL 'https://p3m.dev/cran/__linux__/noble/latest/src/contrib/tfautograph_0.3.2.tar.gz'
Content type 'binary/octet-stream' length 162040 bytes (158 KB)
==================================================
downloaded 158 KB

trying URL 'https://p3m.dev/cran/__linux__/noble/latest/src/contrib/tidyselect_1.2.1.tar.gz'
Content type 'binary/octet-stream' length 225331 bytes (220 KB)
==================================================
downloaded 220 KB

trying URL 'https://p3m.dev/cran/__linux__/noble/latest/src/contrib/MatrixExtra_0.1.15.tar.gz'
Content type 'binary/octet-stream' length 1519021 bytes (1.4 MB)
==================================================
downloaded 1.4 MB

trying URL 'https://p3m.dev/cran/__linux__/noble/latest/src/contrib/float_0.3-2.tar.gz'
Content type 'binary/octet-stream' length 1201949 bytes (1.1 MB)
==================================================
downloaded 1.1 MB

trying URL 'https://p3m.dev/cran/__linux__/noble/latest/src/contrib/RhpcBLASctl_0.23-42.tar.gz'
Content type 'binary/octet-stream' length 14578 bytes (14 KB)
==================================================
downloaded 14 KB

trying URL 'https://p3m.dev/cran/__linux__/noble/latest/src/contrib/RcppArmadillo_14.2.3-1.tar.gz'
Content type 'binary/octet-stream' length 1066881 bytes (1.0 MB)
==================================================
downloaded 1.0 MB

trying URL 'https://p3m.dev/cran/__linux__/noble/latest/src/contrib/sylly.en_0.1-3.tar.gz'
Content type 'binary/octet-stream' length 274561 bytes (268 KB)
==================================================
downloaded 268 KB

trying URL 'https://p3m.dev/cran/__linux__/noble/latest/src/contrib/sylly_0.1-6.tar.gz'
Content type 'binary/octet-stream' length 270462 bytes (264 KB)
==================================================
downloaded 264 KB

trying URL 'https://p3m.dev/cran/__linux__/noble/latest/src/contrib/syuzhet_1.0.7.tar.gz'
Content type 'binary/octet-stream' length 3108644 bytes (3.0 MB)
==================================================
downloaded 3.0 MB

trying URL 'https://p3m.dev/cran/__linux__/noble/latest/src/contrib/english_1.2-6.tar.gz'
Content type 'binary/octet-stream' length 128526 bytes (125 KB)
==================================================
downloaded 125 KB

trying URL 'https://p3m.dev/cran/__linux__/noble/latest/src/contrib/mgsub_1.7.3.tar.gz'
Content type 'binary/octet-stream' length 38042 bytes (37 KB)
==================================================
downloaded 37 KB

trying URL 'https://p3m.dev/cran/__linux__/noble/latest/src/contrib/qdapRegex_0.7.8.tar.gz'
Content type 'binary/octet-stream' length 400521 bytes (391 KB)
==================================================
downloaded 391 KB

trying URL 'https://p3m.dev/cran/__linux__/noble/latest/src/contrib/hms_1.1.3.tar.gz'
Content type 'binary/octet-stream' length 99678 bytes (97 KB)
==================================================
downloaded 97 KB

trying URL 'https://p3m.dev/cran/__linux__/noble/latest/src/contrib/vroom_1.6.5.tar.gz'
Content type 'binary/octet-stream' length 958016 bytes (935 KB)
==================================================
downloaded 935 KB

trying URL 'https://p3m.dev/cran/__linux__/noble/latest/src/contrib/tzdb_0.4.0.tar.gz'
Content type 'binary/octet-stream' length 645343 bytes (630 KB)
==================================================
downloaded 630 KB

trying URL 'https://p3m.dev/cran/__linux__/noble/latest/src/contrib/farver_2.1.2.tar.gz'
Content type 'binary/octet-stream' length 1466627 bytes (1.4 MB)
==================================================
downloaded 1.4 MB

trying URL 'https://p3m.dev/cran/__linux__/noble/latest/src/contrib/labeling_0.4.3.tar.gz'
Content type 'binary/octet-stream' length 60952 bytes (59 KB)
==================================================
downloaded 59 KB

trying URL 'https://p3m.dev/cran/__linux__/noble/latest/src/contrib/munsell_0.5.1.tar.gz'
Content type 'binary/octet-stream' length 243099 bytes (237 KB)
==================================================
downloaded 237 KB

trying URL 'https://p3m.dev/cran/__linux__/noble/latest/src/contrib/futile.logger_1.4.3.tar.gz'
Content type 'binary/octet-stream' length 97342 bytes (95 KB)
==================================================
downloaded 95 KB

trying URL 'https://p3m.dev/cran/__linux__/noble/latest/src/contrib/snow_0.4-4.tar.gz'
Content type 'binary/octet-stream' length 96930 bytes (94 KB)
==================================================
downloaded 94 KB

trying URL 'https://p3m.dev/cran/__linux__/noble/latest/src/contrib/gtable_0.3.6.tar.gz'
Content type 'binary/octet-stream' length 222627 bytes (217 KB)
==================================================
downloaded 217 KB

trying URL 'https://p3m.dev/cran/__linux__/noble/latest/src/contrib/isoband_0.2.7.tar.gz'
Content type 'binary/octet-stream' length 1644325 bytes (1.6 MB)
==================================================
downloaded 1.6 MB

trying URL 'https://p3m.dev/cran/__linux__/noble/latest/src/contrib/generics_0.1.3.tar.gz'
Content type 'binary/octet-stream' length 81013 bytes (79 KB)
==================================================
downloaded 79 KB

trying URL 'https://p3m.dev/cran/__linux__/noble/latest/src/contrib/tensorflow_2.16.0.tar.gz'
Content type 'binary/octet-stream' length 208709 bytes (203 KB)
==================================================
downloaded 203 KB

trying URL 'https://p3m.dev/cran/__linux__/noble/latest/src/contrib/tfruns_1.5.3.tar.gz'
Content type 'binary/octet-stream' length 1485931 bytes (1.4 MB)
==================================================
downloaded 1.4 MB

trying URL 'https://p3m.dev/cran/__linux__/noble/latest/src/contrib/zeallot_0.1.0.tar.gz'
Content type 'binary/octet-stream' length 59135 bytes (57 KB)
==================================================
downloaded 57 KB

trying URL 'https://p3m.dev/cran/__linux__/noble/latest/src/contrib/NLP_0.3-2.tar.gz'
Content type 'binary/octet-stream' length 382054 bytes (373 KB)
==================================================
downloaded 373 KB

trying URL 'https://p3m.dev/cran/__linux__/noble/latest/src/contrib/slam_0.1-55.tar.gz'
Content type 'binary/octet-stream' length 188014 bytes (183 KB)
==================================================
downloaded 183 KB

trying URL 'https://p3m.dev/cran/__linux__/noble/latest/src/contrib/BH_1.87.0-1.tar.gz'
Content type 'binary/octet-stream' length 13349384 bytes (12.7 MB)
==================================================
downloaded 12.7 MB

trying URL 'https://p3m.dev/cran/__linux__/noble/latest/src/contrib/rsparse_0.5.3.tar.gz'
Content type 'binary/octet-stream' length 900281 bytes (879 KB)
==================================================
downloaded 879 KB

trying URL 'https://p3m.dev/cran/__linux__/noble/latest/src/contrib/mlapi_0.1.1.tar.gz'
Content type 'binary/octet-stream' length 241204 bytes (235 KB)
==================================================
downloaded 235 KB

trying URL 'https://p3m.dev/cran/__linux__/noble/latest/src/contrib/lgr_0.4.4.tar.gz'
Content type 'binary/octet-stream' length 1406859 bytes (1.3 MB)
==================================================
downloaded 1.3 MB

trying URL 'https://p3m.dev/cran/__linux__/noble/latest/src/contrib/SnowballC_0.7.1.tar.gz'
Content type 'binary/octet-stream' length 372016 bytes (363 KB)
==================================================
downloaded 363 KB

trying URL 'https://p3m.dev/cran/__linux__/noble/latest/src/contrib/koRpus.lang.en_0.1-4.tar.gz'
Content type 'binary/octet-stream' length 19641 bytes (19 KB)
==================================================
downloaded 19 KB

trying URL 'https://p3m.dev/cran/__linux__/noble/latest/src/contrib/dplyr_1.1.4.tar.gz'
Content type 'binary/octet-stream' length 1491332 bytes (1.4 MB)
==================================================
downloaded 1.4 MB

trying URL 'https://p3m.dev/cran/__linux__/noble/latest/src/contrib/hunspell_3.0.5.tar.gz'
Content type 'binary/octet-stream' length 1169311 bytes (1.1 MB)
==================================================
downloaded 1.1 MB

trying URL 'https://p3m.dev/cran/__linux__/noble/latest/src/contrib/koRpus_0.13-8.tar.gz'
Content type 'binary/octet-stream' length 1482203 bytes (1.4 MB)
==================================================
downloaded 1.4 MB

trying URL 'https://p3m.dev/cran/__linux__/noble/latest/src/contrib/lexicon_1.2.1.tar.gz'
Content type 'binary/octet-stream' length 3296752 bytes (3.1 MB)
==================================================
downloaded 3.1 MB

trying URL 'https://p3m.dev/cran/__linux__/noble/latest/src/contrib/quanteda_4.2.0.tar.gz'
Content type 'binary/octet-stream' length 2228379 bytes (2.1 MB)
==================================================
downloaded 2.1 MB

trying URL 'https://p3m.dev/cran/__linux__/noble/latest/src/contrib/textclean_0.9.3.tar.gz'
Content type 'binary/octet-stream' length 1280987 bytes (1.2 MB)
==================================================
downloaded 1.2 MB

trying URL 'https://p3m.dev/cran/__linux__/noble/latest/src/contrib/textshape_1.7.5.tar.gz'
Content type 'binary/octet-stream' length 519491 bytes (507 KB)
==================================================
downloaded 507 KB

trying URL 'https://p3m.dev/cran/__linux__/noble/latest/src/contrib/ISOcodes_2024.02.12.tar.gz'
Content type 'binary/octet-stream' length 296532 bytes (289 KB)
==================================================
downloaded 289 KB

trying URL 'https://p3m.dev/cran/__linux__/noble/latest/src/contrib/igraph_2.1.4.tar.gz'
Content type 'binary/octet-stream' length 5555697 bytes (5.3 MB)
==================================================
downloaded 5.3 MB

trying URL 'https://p3m.dev/cran/__linux__/noble/latest/src/contrib/RColorBrewer_1.1-3.tar.gz'
Content type 'binary/octet-stream' length 51823 bytes (50 KB)
==================================================
downloaded 50 KB

trying URL 'https://p3m.dev/cran/__linux__/noble/latest/src/contrib/readr_2.1.5.tar.gz'
Content type 'binary/octet-stream' length 867956 bytes (847 KB)
==================================================
downloaded 847 KB

trying URL 'https://p3m.dev/cran/__linux__/noble/latest/src/contrib/scales_1.3.0.tar.gz'
Content type 'binary/octet-stream' length 710365 bytes (693 KB)
==================================================
downloaded 693 KB

trying URL 'https://p3m.dev/cran/__linux__/noble/latest/src/contrib/tidyr_1.3.1.tar.gz'
Content type 'binary/octet-stream' length 1177490 bytes (1.1 MB)
==================================================
downloaded 1.1 MB

trying URL 'https://p3m.dev/cran/__linux__/noble/latest/src/contrib/viridisLite_0.4.2.tar.gz'
Content type 'binary/octet-stream' length 1297555 bytes (1.2 MB)
==================================================
downloaded 1.2 MB

trying URL 'https://p3m.dev/cran/__linux__/noble/latest/src/contrib/visNetwork_2.1.2.tar.gz'
Content type 'binary/octet-stream' length 4654467 bytes (4.4 MB)
==================================================
downloaded 4.4 MB

trying URL 'https://bioconductor.org/packages/3.20/bioc/src/contrib/BiocParallel_1.40.0.tar.gz'
Content type 'application/x-gzip' length 1000414 bytes (976 KB)
==================================================
downloaded 976 KB

trying URL 'https://p3m.dev/cran/__linux__/noble/latest/src/contrib/ggplot2_3.5.1.tar.gz'
Content type 'binary/octet-stream' length 5005317 bytes (4.8 MB)
==================================================
downloaded 4.8 MB

trying URL 'https://p3m.dev/cran/__linux__/noble/latest/src/contrib/cowplot_1.1.3.tar.gz'
Content type 'binary/octet-stream' length 1380686 bytes (1.3 MB)
==================================================
downloaded 1.3 MB

trying URL 'https://p3m.dev/cran/__linux__/noble/latest/src/contrib/fastmatch_1.1-6.tar.gz'
Content type 'binary/octet-stream' length 35901 bytes (35 KB)
==================================================
downloaded 35 KB

trying URL 'https://p3m.dev/cran/__linux__/noble/latest/src/contrib/RcppTOML_0.2.3.tar.gz'
Content type 'binary/octet-stream' length 244006 bytes (238 KB)
==================================================
downloaded 238 KB

trying URL 'https://p3m.dev/cran/__linux__/noble/latest/src/contrib/here_1.0.1.tar.gz'
Content type 'binary/octet-stream' length 53422 bytes (52 KB)
==================================================
downloaded 52 KB

trying URL 'https://p3m.dev/cran/__linux__/noble/latest/src/contrib/png_0.1-8.tar.gz'
Content type 'binary/octet-stream' length 40602 bytes (39 KB)
==================================================
downloaded 39 KB

trying URL 'https://p3m.dev/cran/__linux__/noble/latest/src/contrib/keras_2.15.0.tar.gz'
Content type 'binary/octet-stream' length 3259102 bytes (3.1 MB)
==================================================
downloaded 3.1 MB

trying URL 'https://p3m.dev/cran/__linux__/noble/latest/src/contrib/tm_0.7-16.tar.gz'
Content type 'binary/octet-stream' length 638563 bytes (623 KB)
==================================================
downloaded 623 KB

trying URL 'https://p3m.dev/cran/__linux__/noble/latest/src/contrib/text2vec_0.6.4.tar.gz'
Content type 'binary/octet-stream' length 3592519 bytes (3.4 MB)
==================================================
downloaded 3.4 MB

trying URL 'https://p3m.dev/cran/__linux__/noble/latest/src/contrib/tokenizers_0.3.0.tar.gz'
Content type 'binary/octet-stream' length 643805 bytes (628 KB)
==================================================
downloaded 628 KB

trying URL 'https://p3m.dev/cran/__linux__/noble/latest/src/contrib/textstem_0.1.4.tar.gz'
Content type 'binary/octet-stream' length 125800 bytes (122 KB)
==================================================
downloaded 122 KB

trying URL 'https://p3m.dev/cran/__linux__/noble/latest/src/contrib/stopwords_2.3.tar.gz'
Content type 'binary/octet-stream' length 225274 bytes (219 KB)
==================================================
downloaded 219 KB

trying URL 'https://p3m.dev/cran/__linux__/noble/latest/src/contrib/data.table_1.17.0.tar.gz'
Content type 'binary/octet-stream' length 2695704 bytes (2.6 MB)
==================================================
downloaded 2.6 MB

trying URL 'https://p3m.dev/cran/__linux__/noble/latest/src/contrib/DiagrammeR_1.0.11.tar.gz'
Content type 'binary/octet-stream' length 2251527 bytes (2.1 MB)
==================================================
downloaded 2.1 MB

trying URL 'https://bioconductor.org/packages/3.20/bioc/src/contrib/fgsea_1.32.2.tar.gz'
Content type 'application/x-gzip' length 4980260 bytes (4.7 MB)
==================================================
downloaded 4.7 MB

trying URL 'https://p3m.dev/cran/__linux__/noble/latest/src/contrib/reticulate_1.41.0.1.tar.gz'
Content type 'binary/octet-stream' length 1950778 bytes (1.9 MB)
==================================================
downloaded 1.9 MB

trying URL 'https://bioconductor.org/packages/3.20/bioc/src/contrib/ttgsea_1.14.0.tar.gz'
Content type 'application/x-gzip' length 340100 bytes (332 KB)
==================================================
downloaded 332 KB

* installing *binary* package ‘bit’ ...
* ‘bit’ was already a binary package and will not be rebuilt
* creating tarball
packaged installation of ‘bit’ as ‘bit_4.6.0_R_x86_64-pc-linux-gnu.tar.gz’
* DONE (bit)
* installing *binary* package ‘formatR’ ...
* ‘formatR’ was already a binary package and will not be rebuilt
* creating tarball
packaged installation of ‘formatR’ as ‘formatR_1.14_R_x86_64-pc-linux-gnu.tar.gz’
* DONE (formatR)
* installing *binary* package ‘backports’ ...
* ‘backports’ was already a binary package and will not be rebuilt
* creating tarball
packaged installation of ‘backports’ as ‘backports_1.5.0_R_x86_64-pc-linux-gnu.tar.gz’
* DONE (backports)
* installing *binary* package ‘zoo’ ...
* ‘zoo’ was already a binary package and will not be rebuilt
* creating tarball
packaged installation of ‘zoo’ as ‘zoo_1.8-13_R_x86_64-pc-linux-gnu.tar.gz’
* DONE (zoo)
* installing *binary* package ‘dtt’ ...
* ‘dtt’ was already a binary package and will not be rebuilt
* creating tarball
packaged installation of ‘dtt’ as ‘dtt_0.1-2_R_x86_64-pc-linux-gnu.tar.gz’
* DONE (dtt)
* installing *binary* package ‘colorspace’ ...
* ‘colorspace’ was already a binary package and will not be rebuilt
* creating tarball
packaged installation of ‘colorspace’ as ‘colorspace_2.1-1_R_x86_64-pc-linux-gnu.tar.gz’
* DONE (colorspace)
* installing *binary* package ‘futile.options’ ...
* ‘futile.options’ was already a binary package and will not be rebuilt
* creating tarball
packaged installation of ‘futile.options’ as ‘futile.options_1.0.1_R_x86_64-pc-linux-gnu.tar.gz’
* DONE (futile.options)
* installing *binary* package ‘config’ ...
* ‘config’ was already a binary package and will not be rebuilt
* creating tarball
packaged installation of ‘config’ as ‘config_0.3.2_R_x86_64-pc-linux-gnu.tar.gz’
* DONE (config)
* installing *binary* package ‘tidyselect’ ...
* ‘tidyselect’ was already a binary package and will not be rebuilt
* creating tarball
packaged installation of ‘tidyselect’ as ‘tidyselect_1.2.1_R_x86_64-pc-linux-gnu.tar.gz’
* DONE (tidyselect)
* installing *binary* package ‘float’ ...
* ‘float’ was already a binary package and will not be rebuilt
* creating tarball
packaged installation of ‘float’ as ‘float_0.3-2_R_x86_64-pc-linux-gnu.tar.gz’
* DONE (float)
* installing *binary* package ‘RhpcBLASctl’ ...
* ‘RhpcBLASctl’ was already a binary package and will not be rebuilt
* creating tarball
packaged installation of ‘RhpcBLASctl’ as ‘RhpcBLASctl_0.23-42_R_x86_64-pc-linux-gnu.tar.gz’
* DONE (RhpcBLASctl)
* installing *binary* package ‘RcppArmadillo’ ...
* ‘RcppArmadillo’ was already a binary package and will not be rebuilt
* creating tarball
packaged installation of ‘RcppArmadillo’ as ‘RcppArmadillo_14.2.3-1_R_x86_64-pc-linux-gnu.tar.gz’
* DONE (RcppArmadillo)
* installing *binary* package ‘sylly’ ...
* ‘sylly’ was already a binary package and will not be rebuilt
* creating tarball
packaged installation of ‘sylly’ as ‘sylly_0.1-6_R_x86_64-pc-linux-gnu.tar.gz’
* DONE (sylly)
* installing *binary* package ‘english’ ...
* ‘english’ was already a binary package and will not be rebuilt
* creating tarball
packaged installation of ‘english’ as ‘english_1.2-6_R_x86_64-pc-linux-gnu.tar.gz’
* DONE (english)
* installing *binary* package ‘mgsub’ ...
* ‘mgsub’ was already a binary package and will not be rebuilt
* creating tarball
packaged installation of ‘mgsub’ as ‘mgsub_1.7.3_R_x86_64-pc-linux-gnu.tar.gz’
* DONE (mgsub)
* installing *binary* package ‘qdapRegex’ ...
* ‘qdapRegex’ was already a binary package and will not be rebuilt
* creating tarball
packaged installation of ‘qdapRegex’ as ‘qdapRegex_0.7.8_R_x86_64-pc-linux-gnu.tar.gz’
* DONE (qdapRegex)
* installing *binary* package ‘hms’ ...
* ‘hms’ was already a binary package and will not be rebuilt
* creating tarball
packaged installation of ‘hms’ as ‘hms_1.1.3_R_x86_64-pc-linux-gnu.tar.gz’
* DONE (hms)
* installing *binary* package ‘tzdb’ ...
* ‘tzdb’ was already a binary package and will not be rebuilt
* creating tarball
packaged installation of ‘tzdb’ as ‘tzdb_0.4.0_R_x86_64-pc-linux-gnu.tar.gz’
* DONE (tzdb)
* installing *binary* package ‘farver’ ...
* ‘farver’ was already a binary package and will not be rebuilt
* creating tarball
packaged installation of ‘farver’ as ‘farver_2.1.2_R_x86_64-pc-linux-gnu.tar.gz’
* DONE (farver)
* installing *binary* package ‘labeling’ ...
* ‘labeling’ was already a binary package and will not be rebuilt
* creating tarball
packaged installation of ‘labeling’ as ‘labeling_0.4.3_R_x86_64-pc-linux-gnu.tar.gz’
* DONE (labeling)
* installing *binary* package ‘snow’ ...
* ‘snow’ was already a binary package and will not be rebuilt
* creating tarball
packaged installation of ‘snow’ as ‘snow_0.4-4_R_x86_64-pc-linux-gnu.tar.gz’
* DONE (snow)
* installing *binary* package ‘gtable’ ...
* ‘gtable’ was already a binary package and will not be rebuilt
* creating tarball
packaged installation of ‘gtable’ as ‘gtable_0.3.6_R_x86_64-pc-linux-gnu.tar.gz’
* DONE (gtable)
* installing *binary* package ‘isoband’ ...
* ‘isoband’ was already a binary package and will not be rebuilt
* creating tarball
packaged installation of ‘isoband’ as ‘isoband_0.2.7_R_x86_64-pc-linux-gnu.tar.gz’
* DONE (isoband)
* installing *binary* package ‘generics’ ...
* ‘generics’ was already a binary package and will not be rebuilt
* creating tarball
packaged installation of ‘generics’ as ‘generics_0.1.3_R_x86_64-pc-linux-gnu.tar.gz’
* DONE (generics)
* installing *binary* package ‘zeallot’ ...
* ‘zeallot’ was already a binary package and will not be rebuilt
* creating tarball
packaged installation of ‘zeallot’ as ‘zeallot_0.1.0_R_x86_64-pc-linux-gnu.tar.gz’
* DONE (zeallot)
* installing *binary* package ‘NLP’ ...
* ‘NLP’ was already a binary package and will not be rebuilt
* creating tarball
packaged installation of ‘NLP’ as ‘NLP_0.3-2_R_x86_64-pc-linux-gnu.tar.gz’
* DONE (NLP)
* installing *binary* package ‘slam’ ...
* ‘slam’ was already a binary package and will not be rebuilt
* creating tarball
packaged installation of ‘slam’ as ‘slam_0.1-55_R_x86_64-pc-linux-gnu.tar.gz’
* DONE (slam)
* installing *binary* package ‘BH’ ...
* ‘BH’ was already a binary package and will not be rebuilt
* creating tarball
packaged installation of ‘BH’ as ‘BH_1.87.0-1_R_x86_64-pc-linux-gnu.tar.gz’
* DONE (BH)
* installing *binary* package ‘mlapi’ ...
* ‘mlapi’ was already a binary package and will not be rebuilt
* creating tarball
packaged installation of ‘mlapi’ as ‘mlapi_0.1.1_R_x86_64-pc-linux-gnu.tar.gz’
* DONE (mlapi)
* installing *binary* package ‘lgr’ ...
* ‘lgr’ was already a binary package and will not be rebuilt
* creating tarball
packaged installation of ‘lgr’ as ‘lgr_0.4.4_R_x86_64-pc-linux-gnu.tar.gz’
* DONE (lgr)
* installing *binary* package ‘SnowballC’ ...
* ‘SnowballC’ was already a binary package and will not be rebuilt
* creating tarball
packaged installation of ‘SnowballC’ as ‘SnowballC_0.7.1_R_x86_64-pc-linux-gnu.tar.gz’
* DONE (SnowballC)
* installing *binary* package ‘hunspell’ ...
* ‘hunspell’ was already a binary package and will not be rebuilt
* creating tarball
packaged installation of ‘hunspell’ as ‘hunspell_3.0.5_R_x86_64-pc-linux-gnu.tar.gz’
* DONE (hunspell)
* installing *binary* package ‘ISOcodes’ ...
* ‘ISOcodes’ was already a binary package and will not be rebuilt
* creating tarball
packaged installation of ‘ISOcodes’ as ‘ISOcodes_2024.02.12_R_x86_64-pc-linux-gnu.tar.gz’
* DONE (ISOcodes)
* installing *binary* package ‘igraph’ ...
* ‘igraph’ was already a binary package and will not be rebuilt
* creating tarball
packaged installation of ‘igraph’ as ‘igraph_2.1.4_R_x86_64-pc-linux-gnu.tar.gz’
* DONE (igraph)
* installing *binary* package ‘RColorBrewer’ ...
* ‘RColorBrewer’ was already a binary package and will not be rebuilt
* creating tarball
packaged installation of ‘RColorBrewer’ as ‘RColorBrewer_1.1-3_R_x86_64-pc-linux-gnu.tar.gz’
* DONE (RColorBrewer)
* installing *binary* package ‘viridisLite’ ...
* ‘viridisLite’ was already a binary package and will not be rebuilt
* creating tarball
packaged installation of ‘viridisLite’ as ‘viridisLite_0.4.2_R_x86_64-pc-linux-gnu.tar.gz’
* DONE (viridisLite)
* installing *binary* package ‘visNetwork’ ...
* ‘visNetwork’ was already a binary package and will not be rebuilt
* creating tarball
packaged installation of ‘visNetwork’ as ‘visNetwork_2.1.2_R_x86_64-pc-linux-gnu.tar.gz’
* DONE (visNetwork)
* installing *binary* package ‘fastmatch’ ...
* ‘fastmatch’ was already a binary package and will not be rebuilt
* creating tarball
packaged installation of ‘fastmatch’ as ‘fastmatch_1.1-6_R_x86_64-pc-linux-gnu.tar.gz’
* DONE (fastmatch)
* installing *binary* package ‘RcppTOML’ ...
* ‘RcppTOML’ was already a binary package and will not be rebuilt
* creating tarball
packaged installation of ‘RcppTOML’ as ‘RcppTOML_0.2.3_R_x86_64-pc-linux-gnu.tar.gz’
* DONE (RcppTOML)
* installing *binary* package ‘here’ ...
* ‘here’ was already a binary package and will not be rebuilt
* creating tarball
packaged installation of ‘here’ as ‘here_1.0.1_R_x86_64-pc-linux-gnu.tar.gz’
* DONE (here)
* installing *binary* package ‘png’ ...
* ‘png’ was already a binary package and will not be rebuilt
* creating tarball
packaged installation of ‘png’ as ‘png_0.1-8_R_x86_64-pc-linux-gnu.tar.gz’
* DONE (png)
* installing *binary* package ‘data.table’ ...
* ‘data.table’ was already a binary package and will not be rebuilt
* creating tarball
packaged installation of ‘data.table’ as ‘data.table_1.17.0_R_x86_64-pc-linux-gnu.tar.gz’
* DONE (data.table)
* installing *binary* package ‘bit64’ ...
* ‘bit64’ was already a binary package and will not be rebuilt
* creating tarball
packaged installation of ‘bit64’ as ‘bit64_4.6.0-1_R_x86_64-pc-linux-gnu.tar.gz’
* DONE (bit64)
* installing *binary* package ‘progress’ ...
* ‘progress’ was already a binary package and will not be rebuilt
* creating tarball
packaged installation of ‘progress’ as ‘progress_1.2.3_R_x86_64-pc-linux-gnu.tar.gz’
* DONE (progress)
* installing *binary* package ‘lambda.r’ ...
* ‘lambda.r’ was already a binary package and will not be rebuilt
* creating tarball
packaged installation of ‘lambda.r’ as ‘lambda.r_1.2.4_R_x86_64-pc-linux-gnu.tar.gz’
* DONE (lambda.r)
* installing *binary* package ‘MatrixExtra’ ...
* ‘MatrixExtra’ was already a binary package and will not be rebuilt
* creating tarball
packaged installation of ‘MatrixExtra’ as ‘MatrixExtra_0.1.15_R_x86_64-pc-linux-gnu.tar.gz’
* DONE (MatrixExtra)
* installing *binary* package ‘sylly.en’ ...
* ‘sylly.en’ was already a binary package and will not be rebuilt
* creating tarball
packaged installation of ‘sylly.en’ as ‘sylly.en_0.1-3_R_x86_64-pc-linux-gnu.tar.gz’
* DONE (sylly.en)
* installing *binary* package ‘munsell’ ...
* ‘munsell’ was already a binary package and will not be rebuilt
* creating tarball
packaged installation of ‘munsell’ as ‘munsell_0.5.1_R_x86_64-pc-linux-gnu.tar.gz’
* DONE (munsell)
* installing *binary* package ‘dplyr’ ...
* ‘dplyr’ was already a binary package and will not be rebuilt
* creating tarball
packaged installation of ‘dplyr’ as ‘dplyr_1.1.4_R_x86_64-pc-linux-gnu.tar.gz’
* DONE (dplyr)
* installing *binary* package ‘koRpus’ ...
* ‘koRpus’ was already a binary package and will not be rebuilt
* creating tarball
packaged installation of ‘koRpus’ as ‘koRpus_0.13-8_R_x86_64-pc-linux-gnu.tar.gz’
* DONE (koRpus)
* installing *binary* package ‘textshape’ ...
* ‘textshape’ was already a binary package and will not be rebuilt
* creating tarball
packaged installation of ‘textshape’ as ‘textshape_1.7.5_R_x86_64-pc-linux-gnu.tar.gz’
* DONE (textshape)
* installing *binary* package ‘tm’ ...
* ‘tm’ was already a binary package and will not be rebuilt
* creating tarball
packaged installation of ‘tm’ as ‘tm_0.7-16_R_x86_64-pc-linux-gnu.tar.gz’
* DONE (tm)
* installing *binary* package ‘tokenizers’ ...
* ‘tokenizers’ was already a binary package and will not be rebuilt
* creating tarball
packaged installation of ‘tokenizers’ as ‘tokenizers_0.3.0_R_x86_64-pc-linux-gnu.tar.gz’
* DONE (tokenizers)
* installing *binary* package ‘stopwords’ ...
* ‘stopwords’ was already a binary package and will not be rebuilt
* creating tarball
packaged installation of ‘stopwords’ as ‘stopwords_2.3_R_x86_64-pc-linux-gnu.tar.gz’
* DONE (stopwords)
* installing *binary* package ‘reticulate’ ...
* ‘reticulate’ was already a binary package and will not be rebuilt
* creating tarball
packaged installation of ‘reticulate’ as ‘reticulate_1.41.0.1_R_x86_64-pc-linux-gnu.tar.gz’
* DONE (reticulate)
* installing *binary* package ‘tfautograph’ ...
* ‘tfautograph’ was already a binary package and will not be rebuilt
* creating tarball
packaged installation of ‘tfautograph’ as ‘tfautograph_0.3.2_R_x86_64-pc-linux-gnu.tar.gz’
* DONE (tfautograph)
* installing *binary* package ‘vroom’ ...
* ‘vroom’ was already a binary package and will not be rebuilt
* creating tarball
packaged installation of ‘vroom’ as ‘vroom_1.6.5_R_x86_64-pc-linux-gnu.tar.gz’
* DONE (vroom)
* installing *binary* package ‘futile.logger’ ...
* ‘futile.logger’ was already a binary package and will not be rebuilt
* creating tarball
packaged installation of ‘futile.logger’ as ‘futile.logger_1.4.3_R_x86_64-pc-linux-gnu.tar.gz’
* DONE (futile.logger)
* installing *binary* package ‘tfruns’ ...
* ‘tfruns’ was already a binary package and will not be rebuilt
* creating tarball
packaged installation of ‘tfruns’ as ‘tfruns_1.5.3_R_x86_64-pc-linux-gnu.tar.gz’
* DONE (tfruns)
* installing *binary* package ‘rsparse’ ...
* ‘rsparse’ was already a binary package and will not be rebuilt
* creating tarball
packaged installation of ‘rsparse’ as ‘rsparse_0.5.3_R_x86_64-pc-linux-gnu.tar.gz’
* DONE (rsparse)
* installing *binary* package ‘koRpus.lang.en’ ...
* ‘koRpus.lang.en’ was already a binary package and will not be rebuilt
* creating tarball
packaged installation of ‘koRpus.lang.en’ as ‘koRpus.lang.en_0.1-4_R_x86_64-pc-linux-gnu.tar.gz’
* DONE (koRpus.lang.en)
* installing *binary* package ‘quanteda’ ...
* ‘quanteda’ was already a binary package and will not be rebuilt
* creating tarball
packaged installation of ‘quanteda’ as ‘quanteda_4.2.0_R_x86_64-pc-linux-gnu.tar.gz’
* DONE (quanteda)
* installing *binary* package ‘scales’ ...
* ‘scales’ was already a binary package and will not be rebuilt
* creating tarball
packaged installation of ‘scales’ as ‘scales_1.3.0_R_x86_64-pc-linux-gnu.tar.gz’
* DONE (scales)
* installing *binary* package ‘tidyr’ ...
* ‘tidyr’ was already a binary package and will not be rebuilt
* creating tarball
packaged installation of ‘tidyr’ as ‘tidyr_1.3.1_R_x86_64-pc-linux-gnu.tar.gz’
* DONE (tidyr)
* installing *binary* package ‘syuzhet’ ...
* ‘syuzhet’ was already a binary package and will not be rebuilt
* creating tarball
packaged installation of ‘syuzhet’ as ‘syuzhet_1.0.7_R_x86_64-pc-linux-gnu.tar.gz’
* DONE (syuzhet)
* installing *binary* package ‘tensorflow’ ...
* ‘tensorflow’ was already a binary package and will not be rebuilt
* creating tarball
packaged installation of ‘tensorflow’ as ‘tensorflow_2.16.0_R_x86_64-pc-linux-gnu.tar.gz’
* DONE (tensorflow)
* installing *binary* package ‘readr’ ...
* ‘readr’ was already a binary package and will not be rebuilt
* creating tarball
packaged installation of ‘readr’ as ‘readr_2.1.5_R_x86_64-pc-linux-gnu.tar.gz’
* DONE (readr)
* installing *source* package ‘BiocParallel’ ...
** package ‘BiocParallel’ successfully unpacked and MD5 sums checked
** using staged installation
checking whether the C++ compiler works... yes
checking for C++ compiler default output file name... a.out
checking for suffix of executables... 
checking whether we are cross compiling... no
checking for suffix of object files... o
checking whether the compiler supports GNU C++... yes
checking whether g++ -std=gnu++17 accepts -g... yes
checking for g++ -std=gnu++17 option to enable C++11 features... none needed
checking for library containing shm_open... none required
checking for stdio.h... yes
checking for stdlib.h... yes
checking for string.h... yes
checking for inttypes.h... yes
checking for stdint.h... yes
checking for strings.h... yes
checking for sys/stat.h... yes
checking for sys/types.h... yes
checking for unistd.h... yes
checking for sys/mman.h... yes
configure: creating ./config.status
config.status: creating src/Makevars
** libs
using C++ compiler: ‘g++ (Ubuntu 13.3.0-6ubuntu2~24.04) 13.3.0’
using C++11
g++ -std=gnu++11 -I"/usr/local/lib/R/include" -DNDEBUG  -I'/usr/local/lib/R/site-library/BH/include' -I'/usr/local/lib/R/site-library/cpp11/include' -I/usr/local/include    -fpic  -g -O2 -fstack-protector-strong -Wformat -Wformat-security -Wdate-time -D_FORTIFY_SOURCE=2 -g  -DR_NO_REMAP -c cpp11.cpp -o cpp11.o
g++ -std=gnu++11 -I"/usr/local/lib/R/include" -DNDEBUG  -I'/usr/local/lib/R/site-library/BH/include' -I'/usr/local/lib/R/site-library/cpp11/include' -I/usr/local/include    -fpic  -g -O2 -fstack-protector-strong -Wformat -Wformat-security -Wdate-time -D_FORTIFY_SOURCE=2 -g  -DR_NO_REMAP -c ipcmutex.cpp -o ipcmutex.o
g++ -std=gnu++11 -shared -L/usr/local/lib/R/lib -L/usr/local/lib -o BiocParallel.so cpp11.o ipcmutex.o -L/usr/local/lib/R/lib -lR
installing to /usr/local/lib/R/site-library/00LOCK-BiocParallel/00new/BiocParallel/libs
** R
** inst
** byte-compile and prepare package for lazy loading
** help
*** installing help indices
** building package indices
** installing vignettes
** testing if installed package can be loaded from temporary location
** checking absolute paths in shared objects and dynamic libraries
** testing if installed package can be loaded from final location
** testing if installed package keeps a record of temporary installation path
* creating tarball
packaged installation of ‘BiocParallel’ as ‘BiocParallel_1.40.0_R_x86_64-pc-linux-gnu.tar.gz’
* DONE (BiocParallel)
* installing *binary* package ‘ggplot2’ ...
* ‘ggplot2’ was already a binary package and will not be rebuilt
* creating tarball
packaged installation of ‘ggplot2’ as ‘ggplot2_3.5.1_R_x86_64-pc-linux-gnu.tar.gz’
* DONE (ggplot2)
* installing *binary* package ‘text2vec’ ...
* ‘text2vec’ was already a binary package and will not be rebuilt
* creating tarball
packaged installation of ‘text2vec’ as ‘text2vec_0.6.4_R_x86_64-pc-linux-gnu.tar.gz’
* DONE (text2vec)
* installing *binary* package ‘lexicon’ ...
* ‘lexicon’ was already a binary package and will not be rebuilt
* creating tarball
packaged installation of ‘lexicon’ as ‘lexicon_1.2.1_R_x86_64-pc-linux-gnu.tar.gz’
* DONE (lexicon)
* installing *binary* package ‘cowplot’ ...
* ‘cowplot’ was already a binary package and will not be rebuilt
* creating tarball
packaged installation of ‘cowplot’ as ‘cowplot_1.1.3_R_x86_64-pc-linux-gnu.tar.gz’
* DONE (cowplot)
* installing *binary* package ‘keras’ ...
* ‘keras’ was already a binary package and will not be rebuilt
* creating tarball
packaged installation of ‘keras’ as ‘keras_2.15.0_R_x86_64-pc-linux-gnu.tar.gz’
* DONE (keras)
* installing *binary* package ‘DiagrammeR’ ...
* ‘DiagrammeR’ was already a binary package and will not be rebuilt
* creating tarball
packaged installation of ‘DiagrammeR’ as ‘DiagrammeR_1.0.11_R_x86_64-pc-linux-gnu.tar.gz’
* DONE (DiagrammeR)
* installing *binary* package ‘textclean’ ...
* ‘textclean’ was already a binary package and will not be rebuilt
* creating tarball
packaged installation of ‘textclean’ as ‘textclean_0.9.3_R_x86_64-pc-linux-gnu.tar.gz’
* DONE (textclean)
* installing *source* package ‘fgsea’ ...
** package ‘fgsea’ successfully unpacked and MD5 sums checked
** using staged installation
** libs
using C++ compiler: ‘g++ (Ubuntu 13.3.0-6ubuntu2~24.04) 13.3.0’
g++ -std=gnu++17 -I"/usr/local/lib/R/include" -DNDEBUG  -I'/usr/local/lib/R/site-library/Rcpp/include' -I'/usr/local/lib/R/site-library/BH/include' -I/usr/local/include    -fpic  -g -O2 -fstack-protector-strong -Wformat -Wformat-security -Wdate-time -D_FORTIFY_SOURCE=2 -g  -DR_NO_REMAP -c RcppExports.cpp -o RcppExports.o
g++ -std=gnu++17 -I"/usr/local/lib/R/include" -DNDEBUG  -I'/usr/local/lib/R/site-library/Rcpp/include' -I'/usr/local/lib/R/site-library/BH/include' -I/usr/local/include    -fpic  -g -O2 -fstack-protector-strong -Wformat -Wformat-security -Wdate-time -D_FORTIFY_SOURCE=2 -g  -DR_NO_REMAP -c ScoreCalculation.cpp -o ScoreCalculation.o
g++ -std=gnu++17 -I"/usr/local/lib/R/include" -DNDEBUG  -I'/usr/local/lib/R/site-library/Rcpp/include' -I'/usr/local/lib/R/site-library/BH/include' -I/usr/local/include    -fpic  -g -O2 -fstack-protector-strong -Wformat -Wformat-security -Wdate-time -D_FORTIFY_SOURCE=2 -g  -DR_NO_REMAP -c ScoreRuler.cpp -o ScoreRuler.o
g++ -std=gnu++17 -I"/usr/local/lib/R/include" -DNDEBUG  -I'/usr/local/lib/R/site-library/Rcpp/include' -I'/usr/local/lib/R/site-library/BH/include' -I/usr/local/include    -fpic  -g -O2 -fstack-protector-strong -Wformat -Wformat-security -Wdate-time -D_FORTIFY_SOURCE=2 -g  -DR_NO_REMAP -c esCalculation.cpp -o esCalculation.o
g++ -std=gnu++17 -I"/usr/local/lib/R/include" -DNDEBUG  -I'/usr/local/lib/R/site-library/Rcpp/include' -I'/usr/local/lib/R/site-library/BH/include' -I/usr/local/include    -fpic  -g -O2 -fstack-protector-strong -Wformat -Wformat-security -Wdate-time -D_FORTIFY_SOURCE=2 -g  -DR_NO_REMAP -c fastGSEA.cpp -o fastGSEA.o
g++ -std=gnu++17 -I"/usr/local/lib/R/include" -DNDEBUG  -I'/usr/local/lib/R/site-library/Rcpp/include' -I'/usr/local/lib/R/site-library/BH/include' -I/usr/local/include    -fpic  -g -O2 -fstack-protector-strong -Wformat -Wformat-security -Wdate-time -D_FORTIFY_SOURCE=2 -g  -DR_NO_REMAP -c fgseaMultilevel.cpp -o fgseaMultilevel.o
g++ -std=gnu++17 -I"/usr/local/lib/R/include" -DNDEBUG  -I'/usr/local/lib/R/site-library/Rcpp/include' -I'/usr/local/lib/R/site-library/BH/include' -I/usr/local/include    -fpic  -g -O2 -fstack-protector-strong -Wformat -Wformat-security -Wdate-time -D_FORTIFY_SOURCE=2 -g  -DR_NO_REMAP -c fgseaMultilevelSupplement.cpp -o fgseaMultilevelSupplement.o
g++ -std=gnu++17 -I"/usr/local/lib/R/include" -DNDEBUG  -I'/usr/local/lib/R/site-library/Rcpp/include' -I'/usr/local/lib/R/site-library/BH/include' -I/usr/local/include    -fpic  -g -O2 -fstack-protector-strong -Wformat -Wformat-security -Wdate-time -D_FORTIFY_SOURCE=2 -g  -DR_NO_REMAP -c geseca.cpp -o geseca.o
g++ -std=gnu++17 -I"/usr/local/lib/R/include" -DNDEBUG  -I'/usr/local/lib/R/site-library/Rcpp/include' -I'/usr/local/lib/R/site-library/BH/include' -I/usr/local/include    -fpic  -g -O2 -fstack-protector-strong -Wformat -Wformat-security -Wdate-time -D_FORTIFY_SOURCE=2 -g  -DR_NO_REMAP -c util.cpp -o util.o
g++ -std=gnu++17 -shared -L/usr/local/lib/R/lib -L/usr/local/lib -o fgsea.so RcppExports.o ScoreCalculation.o ScoreRuler.o esCalculation.o fastGSEA.o fgseaMultilevel.o fgseaMultilevelSupplement.o geseca.o util.o -L/usr/local/lib/R/lib -lR
installing to /usr/local/lib/R/site-library/00LOCK-fgsea/00new/fgsea/libs
** R
** data
*** moving datasets to lazyload DB
** inst
** byte-compile and prepare package for lazy loading
** help
*** installing help indices
** building package indices
** installing vignettes
** testing if installed package can be loaded from temporary location
** checking absolute paths in shared objects and dynamic libraries
** testing if installed package can be loaded from final location
** testing if installed package keeps a record of temporary installation path
* creating tarball
packaged installation of ‘fgsea’ as ‘fgsea_1.32.2_R_x86_64-pc-linux-gnu.tar.gz’
* DONE (fgsea)
* installing *binary* package ‘textstem’ ...
* ‘textstem’ was already a binary package and will not be rebuilt
* creating tarball
packaged installation of ‘textstem’ as ‘textstem_0.1.4_R_x86_64-pc-linux-gnu.tar.gz’
* DONE (textstem)
* installing *source* package ‘ttgsea’ ...
** package ‘ttgsea’ successfully unpacked and MD5 sums checked
** using staged installation
** R
** inst
** byte-compile and prepare package for lazy loading
** help
*** installing help indices
** building package indices
** installing vignettes
** testing if installed package can be loaded from temporary location
** testing if installed package can be loaded from final location
** testing if installed package keeps a record of temporary installation path
* creating tarball
packaged installation of ‘ttgsea’ as ‘ttgsea_1.14.0_R_x86_64-pc-linux-gnu.tar.gz’
* DONE (ttgsea)

The downloaded source packages are in
	‘/tmp/Rtmp7Krc2G/downloaded_packages’
Old packages: 'bslib', 'cli', 'cpp11', 'curl', 'evaluate', 'httr2', 'jsonlite',
  'openssl', 'pillar', 'pkgbuild', 'processx', 'ps', 'purrr', 'R6', 'Rcpp',
  'rlang', 'sessioninfo', 'systemfonts', 'testthat', 'textshaping', 'tinytex',
  'xfun', 'xml2', 'zip', 'class', 'foreign', 'KernSmooth', 'MASS', 'Matrix',
  'nlme', 'nnet', 'rpart', 'spatial'

real	2m16.539s
user	1m34.762s
sys	0m29.310s
