'getOption("repos")' replaces Bioconductor standard repositories, see
'help("repositories", package = "BiocManager")' for details.
Replacement repositories:
    CRAN: https://p3m.dev/cran/__linux__/noble/latest
Bioconductor version 3.20 (BiocManager 1.30.25), R 4.4.2 (2024-10-31)
Installing package(s) 'projectR'
also installing the dependencies ‘SingleCellExperiment’, ‘tsne’, ‘CoGAPS’

trying URL 'https://bioconductor.org/packages/3.20/bioc/src/contrib/SingleCellExperiment_1.28.1.tar.gz'
Content type 'application/x-gzip' length 985694 bytes (962 KB)
==================================================
downloaded 962 KB

trying URL 'https://p3m.dev/cran/__linux__/noble/latest/src/contrib/tsne_0.1-3.1.tar.gz'
Content type 'binary/octet-stream' length 21617 bytes (21 KB)
==================================================
downloaded 21 KB

trying URL 'https://bioconductor.org/packages/3.20/bioc/src/contrib/CoGAPS_3.26.0.tar.gz'
Content type 'application/x-gzip' length 20873879 bytes (19.9 MB)
==================================================
downloaded 19.9 MB

trying URL 'https://bioconductor.org/packages/3.20/bioc/src/contrib/projectR_1.22.0.tar.gz'
Content type 'application/x-gzip' length 6162027 bytes (5.9 MB)
==================================================
downloaded 5.9 MB

ERROR: failed to lock directory ‘/mnt/library’ for modifying
Try removing ‘/mnt/library/00LOCK-SingleCellExperiment’
* installing *binary* package ‘tsne’ ...
* ‘tsne’ was already a binary package and will not be rebuilt
* creating tarball
packaged installation of ‘tsne’ as ‘tsne_0.1-3.1_R_x86_64-pc-linux-gnu.tar.gz’
* DONE (tsne)
ERROR: dependency ‘SingleCellExperiment’ is not available for package ‘CoGAPS’
* removing ‘/mnt/library/CoGAPS’
* installing *source* package ‘projectR’ ...
** package ‘projectR’ successfully unpacked and MD5 sums checked
** using staged installation
** R
** data
*** moving datasets to lazyload DB
** inst
** byte-compile and prepare package for lazy loading
in method for ‘projectR’ with signature ‘data="matrix",loadings="LinearEmbeddingMatrix"’: no definition for class “LinearEmbeddingMatrix”
** help
*** installing help indices
** building package indices
** installing vignettes
** testing if installed package can be loaded from temporary location
** testing if installed package can be loaded from final location
** testing if installed package keeps a record of temporary installation path
* creating tarball
packaged installation of ‘projectR’ as ‘projectR_1.22.0_R_x86_64-pc-linux-gnu.tar.gz’
* DONE (projectR)

The downloaded source packages are in
	‘/tmp/RtmpmxTdHF/downloaded_packages’
Old packages: 'bslib', 'cli', 'cpp11', 'curl', 'evaluate', 'httr2', 'jsonlite',
  'openssl', 'pillar', 'pkgbuild', 'processx', 'ps', 'purrr', 'R6', 'Rcpp',
  'rlang', 'sessioninfo', 'systemfonts', 'testthat', 'textshaping', 'tinytex',
  'xfun', 'xml2', 'zip', 'class', 'foreign', 'KernSmooth', 'MASS', 'Matrix',
  'nlme', 'nnet', 'rpart', 'spatial'
Warning messages:
1: In install.packages(...) :
  installation of package ‘SingleCellExperiment’ had non-zero exit status
2: In install.packages(...) :
  installation of package ‘CoGAPS’ had non-zero exit status

real	1m3.125s
user	0m18.251s
sys	0m5.964s
