+ Rscript -e 'Sys.setenv(BIOCONDUCTOR_USE_CONTAINER_REPOSITORY=FALSE);
  p <- .libPaths();
  p <- c('\'''\'', '\'''\'', p);
  .libPaths(p);
  if(BiocManager::install('\''zellkonverter'\'', INSTALL_opts = '\''--build'\'', update = TRUE, quiet = FALSE, dependencies=TRUE, force = TRUE, keep_outputs = TRUE) %in% rownames(installed.packages())) q(status = 0) else q(status = 1)'
'getOption("repos")' replaces Bioconductor standard repositories, see
'help("repositories", package = "BiocManager")' for details.
Replacement repositories:
    CRAN: https://cloud.r-project.org
Bioconductor version 3.21 (BiocManager 1.30.25), R 4.5.0 (2025-04-11)
Installing package(s) 'zellkonverter'
also installing the dependencies ‘dir.expiry’, ‘basilisk.utils’, ‘bookdown’, ‘rex’, ‘magick’, ‘hunspell’, ‘basilisk’, ‘anndata’, ‘BiocStyle’, ‘covr’, ‘SpatialExperiment’, ‘spelling’

trying URL 'https://bioconductor.org/packages/3.21/bioc/src/contrib/dir.expiry_1.16.0.tar.gz'
trying URL 'https://bioconductor.org/packages/3.21/bioc/src/contrib/basilisk.utils_1.20.0.tar.gz'
trying URL 'https://cloud.r-project.org/src/contrib/bookdown_0.43.tar.gz'
trying URL 'https://cloud.r-project.org/src/contrib/rex_1.2.1.tar.gz'
trying URL 'https://cloud.r-project.org/src/contrib/magick_2.8.6.tar.gz'
trying URL 'https://cloud.r-project.org/src/contrib/hunspell_3.0.6.tar.gz'
trying URL 'https://bioconductor.org/packages/3.21/bioc/src/contrib/basilisk_1.20.0.tar.gz'
trying URL 'https://cloud.r-project.org/src/contrib/anndata_0.7.5.6.tar.gz'
trying URL 'https://bioconductor.org/packages/3.21/bioc/src/contrib/BiocStyle_2.36.0.tar.gz'
trying URL 'https://cloud.r-project.org/src/contrib/covr_3.6.4.tar.gz'
trying URL 'https://bioconductor.org/packages/3.21/bioc/src/contrib/SpatialExperiment_1.18.1.tar.gz'
trying URL 'https://cloud.r-project.org/src/contrib/spelling_2.3.1.tar.gz'
trying URL 'https://bioconductor.org/packages/3.21/bioc/src/contrib/zellkonverter_1.18.0.tar.gz'
* installing *source* package ‘dir.expiry’ ...
** this is package ‘dir.expiry’ version ‘1.16.0’
** using staged installation
** R
** inst
** byte-compile and prepare package for lazy loading
** help
*** installing help indices
** building package indices
** installing vignettes
** testing if installed package can be loaded from temporary location
** testing if installed package can be loaded from final location
** testing if installed package keeps a record of temporary installation path
* creating tarball
packaged installation of ‘dir.expiry’ as ‘dir.expiry_1.16.0_R_x86_64-pc-linux-gnu.tar.gz’
* DONE (dir.expiry)
* installing *source* package ‘bookdown’ ...
** this is package ‘bookdown’ version ‘0.43’
** package ‘bookdown’ successfully unpacked and MD5 sums checked
** using staged installation
** R
** inst
** byte-compile and prepare package for lazy loading
** help
*** installing help indices
*** copying figures
** building package indices
** installing vignettes
** testing if installed package can be loaded from temporary location
** testing if installed package can be loaded from final location
** testing if installed package keeps a record of temporary installation path
* creating tarball
packaged installation of ‘bookdown’ as ‘bookdown_0.43_R_x86_64-pc-linux-gnu.tar.gz’
* DONE (bookdown)
* installing *source* package ‘rex’ ...
** this is package ‘rex’ version ‘1.2.1’
** package ‘rex’ successfully unpacked and MD5 sums checked
** using staged installation
** R
** inst
** byte-compile and prepare package for lazy loading
** help
*** installing help indices
** building package indices
** installing vignettes
** testing if installed package can be loaded from temporary location
** testing if installed package can be loaded from final location
** testing if installed package keeps a record of temporary installation path
* creating tarball
packaged installation of ‘rex’ as ‘rex_1.2.1_R_x86_64-pc-linux-gnu.tar.gz’
* DONE (rex)
* installing *source* package ‘magick’ ...
** this is package ‘magick’ version ‘2.8.6’
** package ‘magick’ successfully unpacked and MD5 sums checked
** using staged installation
Found pkg-config cflags and libs!
Using PKG_CFLAGS=-I/usr/include/x86_64-linux-gnu/ImageMagick-6 -I/usr/include/ImageMagick-6 -fopenmp -DMAGICKCORE_HDRI_ENABLE=0 -DMAGICKCORE_QUANTUM_DEPTH=16 
Using PKG_LIBS=-lMagick++-6.Q16 -lMagickWand-6.Q16 -lMagickCore-6.Q16 
** libs
using C++ compiler: ‘g++ (Ubuntu 11.4.0-1ubuntu1~22.04) 11.4.0’
g++ -std=gnu++17 -I"/usr/share/R/include" -DNDEBUG -I/usr/include/x86_64-linux-gnu/ImageMagick-6 -I/usr/include/ImageMagick-6 -fopenmp -DMAGICKCORE_HDRI_ENABLE=0 -DMAGICKCORE_QUANTUM_DEPTH=16  -I'/usr/local/lib/R/site-library/Rcpp/include'    -fvisibility=hidden -fpic  -g -O2 -ffile-prefix-map=/build/r-base-rgGXCp/r-base-4.5.0=. -fstack-protector-strong -Wformat -Werror=format-security -Wdate-time -D_FORTIFY_SOURCE=2   -c RcppExports.cpp -o RcppExports.o
g++ -std=gnu++17 -I"/usr/share/R/include" -DNDEBUG -I/usr/include/x86_64-linux-gnu/ImageMagick-6 -I/usr/include/ImageMagick-6 -fopenmp -DMAGICKCORE_HDRI_ENABLE=0 -DMAGICKCORE_QUANTUM_DEPTH=16  -I'/usr/local/lib/R/site-library/Rcpp/include'    -fvisibility=hidden -fpic  -g -O2 -ffile-prefix-map=/build/r-base-rgGXCp/r-base-4.5.0=. -fstack-protector-strong -Wformat -Werror=format-security -Wdate-time -D_FORTIFY_SOURCE=2   -c animation.cpp -o animation.o
g++ -std=gnu++17 -I"/usr/share/R/include" -DNDEBUG -I/usr/include/x86_64-linux-gnu/ImageMagick-6 -I/usr/include/ImageMagick-6 -fopenmp -DMAGICKCORE_HDRI_ENABLE=0 -DMAGICKCORE_QUANTUM_DEPTH=16  -I'/usr/local/lib/R/site-library/Rcpp/include'    -fvisibility=hidden -fpic  -g -O2 -ffile-prefix-map=/build/r-base-rgGXCp/r-base-4.5.0=. -fstack-protector-strong -Wformat -Werror=format-security -Wdate-time -D_FORTIFY_SOURCE=2   -c attributes.cpp -o attributes.o
g++ -std=gnu++17 -I"/usr/share/R/include" -DNDEBUG -I/usr/include/x86_64-linux-gnu/ImageMagick-6 -I/usr/include/ImageMagick-6 -fopenmp -DMAGICKCORE_HDRI_ENABLE=0 -DMAGICKCORE_QUANTUM_DEPTH=16  -I'/usr/local/lib/R/site-library/Rcpp/include'    -fvisibility=hidden -fpic  -g -O2 -ffile-prefix-map=/build/r-base-rgGXCp/r-base-4.5.0=. -fstack-protector-strong -Wformat -Werror=format-security -Wdate-time -D_FORTIFY_SOURCE=2   -c base.cpp -o base.o
g++ -std=gnu++17 -I"/usr/share/R/include" -DNDEBUG -I/usr/include/x86_64-linux-gnu/ImageMagick-6 -I/usr/include/ImageMagick-6 -fopenmp -DMAGICKCORE_HDRI_ENABLE=0 -DMAGICKCORE_QUANTUM_DEPTH=16  -I'/usr/local/lib/R/site-library/Rcpp/include'    -fvisibility=hidden -fpic  -g -O2 -ffile-prefix-map=/build/r-base-rgGXCp/r-base-4.5.0=. -fstack-protector-strong -Wformat -Werror=format-security -Wdate-time -D_FORTIFY_SOURCE=2   -c color.cpp -o color.o
g++ -std=gnu++17 -I"/usr/share/R/include" -DNDEBUG -I/usr/include/x86_64-linux-gnu/ImageMagick-6 -I/usr/include/ImageMagick-6 -fopenmp -DMAGICKCORE_HDRI_ENABLE=0 -DMAGICKCORE_QUANTUM_DEPTH=16  -I'/usr/local/lib/R/site-library/Rcpp/include'    -fvisibility=hidden -fpic  -g -O2 -ffile-prefix-map=/build/r-base-rgGXCp/r-base-4.5.0=. -fstack-protector-strong -Wformat -Werror=format-security -Wdate-time -D_FORTIFY_SOURCE=2   -c composite.cpp -o composite.o
g++ -std=gnu++17 -I"/usr/share/R/include" -DNDEBUG -I/usr/include/x86_64-linux-gnu/ImageMagick-6 -I/usr/include/ImageMagick-6 -fopenmp -DMAGICKCORE_HDRI_ENABLE=0 -DMAGICKCORE_QUANTUM_DEPTH=16  -I'/usr/local/lib/R/site-library/Rcpp/include'    -fvisibility=hidden -fpic  -g -O2 -ffile-prefix-map=/build/r-base-rgGXCp/r-base-4.5.0=. -fstack-protector-strong -Wformat -Werror=format-security -Wdate-time -D_FORTIFY_SOURCE=2   -c config.cc -o config.o
g++ -std=gnu++17 -I"/usr/share/R/include" -DNDEBUG -I/usr/include/x86_64-linux-gnu/ImageMagick-6 -I/usr/include/ImageMagick-6 -fopenmp -DMAGICKCORE_HDRI_ENABLE=0 -DMAGICKCORE_QUANTUM_DEPTH=16  -I'/usr/local/lib/R/site-library/Rcpp/include'    -fvisibility=hidden -fpic  -g -O2 -ffile-prefix-map=/build/r-base-rgGXCp/r-base-4.5.0=. -fstack-protector-strong -Wformat -Werror=format-security -Wdate-time -D_FORTIFY_SOURCE=2   -c convolve.cpp -o convolve.o
g++ -std=gnu++17 -I"/usr/share/R/include" -DNDEBUG -I/usr/include/x86_64-linux-gnu/ImageMagick-6 -I/usr/include/ImageMagick-6 -fopenmp -DMAGICKCORE_HDRI_ENABLE=0 -DMAGICKCORE_QUANTUM_DEPTH=16  -I'/usr/local/lib/R/site-library/Rcpp/include'    -fvisibility=hidden -fpic  -g -O2 -ffile-prefix-map=/build/r-base-rgGXCp/r-base-4.5.0=. -fstack-protector-strong -Wformat -Werror=format-security -Wdate-time -D_FORTIFY_SOURCE=2   -c device.cpp -o device.o
g++ -std=gnu++17 -I"/usr/share/R/include" -DNDEBUG -I/usr/include/x86_64-linux-gnu/ImageMagick-6 -I/usr/include/ImageMagick-6 -fopenmp -DMAGICKCORE_HDRI_ENABLE=0 -DMAGICKCORE_QUANTUM_DEPTH=16  -I'/usr/local/lib/R/site-library/Rcpp/include'    -fvisibility=hidden -fpic  -g -O2 -ffile-prefix-map=/build/r-base-rgGXCp/r-base-4.5.0=. -fstack-protector-strong -Wformat -Werror=format-security -Wdate-time -D_FORTIFY_SOURCE=2   -c edges.cpp -o edges.o
g++ -std=gnu++17 -I"/usr/share/R/include" -DNDEBUG -I/usr/include/x86_64-linux-gnu/ImageMagick-6 -I/usr/include/ImageMagick-6 -fopenmp -DMAGICKCORE_HDRI_ENABLE=0 -DMAGICKCORE_QUANTUM_DEPTH=16  -I'/usr/local/lib/R/site-library/Rcpp/include'    -fvisibility=hidden -fpic  -g -O2 -ffile-prefix-map=/build/r-base-rgGXCp/r-base-4.5.0=. -fstack-protector-strong -Wformat -Werror=format-security -Wdate-time -D_FORTIFY_SOURCE=2   -c edit.cpp -o edit.o
g++ -std=gnu++17 -I"/usr/share/R/include" -DNDEBUG -I/usr/include/x86_64-linux-gnu/ImageMagick-6 -I/usr/include/ImageMagick-6 -fopenmp -DMAGICKCORE_HDRI_ENABLE=0 -DMAGICKCORE_QUANTUM_DEPTH=16  -I'/usr/local/lib/R/site-library/Rcpp/include'    -fvisibility=hidden -fpic  -g -O2 -ffile-prefix-map=/build/r-base-rgGXCp/r-base-4.5.0=. -fstack-protector-strong -Wformat -Werror=format-security -Wdate-time -D_FORTIFY_SOURCE=2   -c fonts.cpp -o fonts.o
g++ -std=gnu++17 -I"/usr/share/R/include" -DNDEBUG -I/usr/include/x86_64-linux-gnu/ImageMagick-6 -I/usr/include/ImageMagick-6 -fopenmp -DMAGICKCORE_HDRI_ENABLE=0 -DMAGICKCORE_QUANTUM_DEPTH=16  -I'/usr/local/lib/R/site-library/Rcpp/include'    -fvisibility=hidden -fpic  -g -O2 -ffile-prefix-map=/build/r-base-rgGXCp/r-base-4.5.0=. -fstack-protector-strong -Wformat -Werror=format-security -Wdate-time -D_FORTIFY_SOURCE=2   -c options.cpp -o options.o
g++ -std=gnu++17 -I"/usr/share/R/include" -DNDEBUG -I/usr/include/x86_64-linux-gnu/ImageMagick-6 -I/usr/include/ImageMagick-6 -fopenmp -DMAGICKCORE_HDRI_ENABLE=0 -DMAGICKCORE_QUANTUM_DEPTH=16  -I'/usr/local/lib/R/site-library/Rcpp/include'    -fvisibility=hidden -fpic  -g -O2 -ffile-prefix-map=/build/r-base-rgGXCp/r-base-4.5.0=. -fstack-protector-strong -Wformat -Werror=format-security -Wdate-time -D_FORTIFY_SOURCE=2   -c properties.cpp -o properties.o
g++ -std=gnu++17 -I"/usr/share/R/include" -DNDEBUG -I/usr/include/x86_64-linux-gnu/ImageMagick-6 -I/usr/include/ImageMagick-6 -fopenmp -DMAGICKCORE_HDRI_ENABLE=0 -DMAGICKCORE_QUANTUM_DEPTH=16  -I'/usr/local/lib/R/site-library/Rcpp/include'    -fvisibility=hidden -fpic  -g -O2 -ffile-prefix-map=/build/r-base-rgGXCp/r-base-4.5.0=. -fstack-protector-strong -Wformat -Werror=format-security -Wdate-time -D_FORTIFY_SOURCE=2   -c resize.cpp -o resize.o
g++ -std=gnu++17 -I"/usr/share/R/include" -DNDEBUG -I/usr/include/x86_64-linux-gnu/ImageMagick-6 -I/usr/include/ImageMagick-6 -fopenmp -DMAGICKCORE_HDRI_ENABLE=0 -DMAGICKCORE_QUANTUM_DEPTH=16  -I'/usr/local/lib/R/site-library/Rcpp/include'    -fvisibility=hidden -fpic  -g -O2 -ffile-prefix-map=/build/r-base-rgGXCp/r-base-4.5.0=. -fstack-protector-strong -Wformat -Werror=format-security -Wdate-time -D_FORTIFY_SOURCE=2   -c segment.cpp -o segment.o
g++ -std=gnu++17 -I"/usr/share/R/include" -DNDEBUG -I/usr/include/x86_64-linux-gnu/ImageMagick-6 -I/usr/include/ImageMagick-6 -fopenmp -DMAGICKCORE_HDRI_ENABLE=0 -DMAGICKCORE_QUANTUM_DEPTH=16  -I'/usr/local/lib/R/site-library/Rcpp/include'    -fvisibility=hidden -fpic  -g -O2 -ffile-prefix-map=/build/r-base-rgGXCp/r-base-4.5.0=. -fstack-protector-strong -Wformat -Werror=format-security -Wdate-time -D_FORTIFY_SOURCE=2   -c transformations.cpp -o transformations.o
g++ -std=gnu++17 -shared -L/usr/lib/R/lib -Wl,-Bsymbolic-functions -flto=auto -ffat-lto-objects -flto=auto -Wl,-z,relro -o magick.so RcppExports.o animation.o attributes.o base.o color.o composite.o config.o convolve.o device.o edges.o edit.o fonts.o options.o properties.o resize.o segment.o transformations.o -lMagick++-6.Q16 -lMagickWand-6.Q16 -lMagickCore-6.Q16 -L/usr/lib/R/lib -lR
installing to /usr/local/lib/R/site-library/00LOCK-magick/00new/magick/libs
** R
** inst
** byte-compile and prepare package for lazy loading
** help
*** installing help indices
** building package indices
** installing vignettes
** testing if installed package can be loaded from temporary location
** checking absolute paths in shared objects and dynamic libraries
** testing if installed package can be loaded from final location
** testing if installed package keeps a record of temporary installation path
* creating tarball
packaged installation of ‘magick’ as ‘magick_2.8.6_R_x86_64-pc-linux-gnu.tar.gz’
* DONE (magick)
* installing *source* package ‘hunspell’ ...
** this is package ‘hunspell’ version ‘3.0.6’
** package ‘hunspell’ successfully unpacked and MD5 sums checked
** using staged installation
** libs
using C++ compiler: ‘g++ (Ubuntu 11.4.0-1ubuntu1~22.04) 11.4.0’
g++ -std=gnu++17 -I"/usr/share/R/include" -DNDEBUG -I. -Ihunspell -DBUILDING_LIBHUNSPELL -I'/usr/local/lib/R/site-library/Rcpp/include'    -fvisibility=hidden -fpic  -g -O2 -ffile-prefix-map=/build/r-base-rgGXCp/r-base-4.5.0=. -fstack-protector-strong -Wformat -Werror=format-security -Wdate-time -D_FORTIFY_SOURCE=2   -c RcppExports.cpp -o RcppExports.o
g++ -std=gnu++17 -I"/usr/share/R/include" -DNDEBUG -I. -Ihunspell -DBUILDING_LIBHUNSPELL -I'/usr/local/lib/R/site-library/Rcpp/include'    -fvisibility=hidden -fpic  -g -O2 -ffile-prefix-map=/build/r-base-rgGXCp/r-base-4.5.0=. -fstack-protector-strong -Wformat -Werror=format-security -Wdate-time -D_FORTIFY_SOURCE=2   -c dictionary.cpp -o dictionary.o
g++ -std=gnu++17 -I"/usr/share/R/include" -DNDEBUG -I. -Ihunspell -DBUILDING_LIBHUNSPELL -I'/usr/local/lib/R/site-library/Rcpp/include'    -fvisibility=hidden -fpic  -g -O2 -ffile-prefix-map=/build/r-base-rgGXCp/r-base-4.5.0=. -fstack-protector-strong -Wformat -Werror=format-security -Wdate-time -D_FORTIFY_SOURCE=2   -c parser.cpp -o parser.o
g++ -std=gnu++17 -I"/usr/share/R/include" -DNDEBUG -I. -Ihunspell -DBUILDING_LIBHUNSPELL -I'/usr/local/lib/R/site-library/Rcpp/include'    -fvisibility=hidden -fpic  -g -O2 -ffile-prefix-map=/build/r-base-rgGXCp/r-base-4.5.0=. -fstack-protector-strong -Wformat -Werror=format-security -Wdate-time -D_FORTIFY_SOURCE=2   -c parsers/textparser.cc -o parsers/textparser.o
g++ -std=gnu++17 -I"/usr/share/R/include" -DNDEBUG -I. -Ihunspell -DBUILDING_LIBHUNSPELL -I'/usr/local/lib/R/site-library/Rcpp/include'    -fvisibility=hidden -fpic  -g -O2 -ffile-prefix-map=/build/r-base-rgGXCp/r-base-4.5.0=. -fstack-protector-strong -Wformat -Werror=format-security -Wdate-time -D_FORTIFY_SOURCE=2   -c parsers/latexparser.cc -o parsers/latexparser.o
g++ -std=gnu++17 -I"/usr/share/R/include" -DNDEBUG -I. -Ihunspell -DBUILDING_LIBHUNSPELL -I'/usr/local/lib/R/site-library/Rcpp/include'    -fvisibility=hidden -fpic  -g -O2 -ffile-prefix-map=/build/r-base-rgGXCp/r-base-4.5.0=. -fstack-protector-strong -Wformat -Werror=format-security -Wdate-time -D_FORTIFY_SOURCE=2   -c parsers/manparser.cc -o parsers/manparser.o
g++ -std=gnu++17 -I"/usr/share/R/include" -DNDEBUG -I. -Ihunspell -DBUILDING_LIBHUNSPELL -I'/usr/local/lib/R/site-library/Rcpp/include'    -fvisibility=hidden -fpic  -g -O2 -ffile-prefix-map=/build/r-base-rgGXCp/r-base-4.5.0=. -fstack-protector-strong -Wformat -Werror=format-security -Wdate-time -D_FORTIFY_SOURCE=2   -c parsers/xmlparser.cc -o parsers/xmlparser.o
g++ -std=gnu++17 -I"/usr/share/R/include" -DNDEBUG -I. -Ihunspell -DBUILDING_LIBHUNSPELL -I'/usr/local/lib/R/site-library/Rcpp/include'    -fvisibility=hidden -fpic  -g -O2 -ffile-prefix-map=/build/r-base-rgGXCp/r-base-4.5.0=. -fstack-protector-strong -Wformat -Werror=format-security -Wdate-time -D_FORTIFY_SOURCE=2   -c parsers/htmlparser.cc -o parsers/htmlparser.o
g++ -std=gnu++17 -I"/usr/share/R/include" -DNDEBUG -I. -Ihunspell -DBUILDING_LIBHUNSPELL -I'/usr/local/lib/R/site-library/Rcpp/include'    -fvisibility=hidden -fpic  -g -O2 -ffile-prefix-map=/build/r-base-rgGXCp/r-base-4.5.0=. -fstack-protector-strong -Wformat -Werror=format-security -Wdate-time -D_FORTIFY_SOURCE=2   -c hunspell/affentry.cc -o hunspell/affentry.o
g++ -std=gnu++17 -I"/usr/share/R/include" -DNDEBUG -I. -Ihunspell -DBUILDING_LIBHUNSPELL -I'/usr/local/lib/R/site-library/Rcpp/include'    -fvisibility=hidden -fpic  -g -O2 -ffile-prefix-map=/build/r-base-rgGXCp/r-base-4.5.0=. -fstack-protector-strong -Wformat -Werror=format-security -Wdate-time -D_FORTIFY_SOURCE=2   -c hunspell/affixmgr.cc -o hunspell/affixmgr.o
g++ -std=gnu++17 -I"/usr/share/R/include" -DNDEBUG -I. -Ihunspell -DBUILDING_LIBHUNSPELL -I'/usr/local/lib/R/site-library/Rcpp/include'    -fvisibility=hidden -fpic  -g -O2 -ffile-prefix-map=/build/r-base-rgGXCp/r-base-4.5.0=. -fstack-protector-strong -Wformat -Werror=format-security -Wdate-time -D_FORTIFY_SOURCE=2   -c hunspell/filemgr.cc -o hunspell/filemgr.o
g++ -std=gnu++17 -I"/usr/share/R/include" -DNDEBUG -I. -Ihunspell -DBUILDING_LIBHUNSPELL -I'/usr/local/lib/R/site-library/Rcpp/include'    -fvisibility=hidden -fpic  -g -O2 -ffile-prefix-map=/build/r-base-rgGXCp/r-base-4.5.0=. -fstack-protector-strong -Wformat -Werror=format-security -Wdate-time -D_FORTIFY_SOURCE=2   -c hunspell/hashmgr.cc -o hunspell/hashmgr.o
g++ -std=gnu++17 -I"/usr/share/R/include" -DNDEBUG -I. -Ihunspell -DBUILDING_LIBHUNSPELL -I'/usr/local/lib/R/site-library/Rcpp/include'    -fvisibility=hidden -fpic  -g -O2 -ffile-prefix-map=/build/r-base-rgGXCp/r-base-4.5.0=. -fstack-protector-strong -Wformat -Werror=format-security -Wdate-time -D_FORTIFY_SOURCE=2   -c hunspell/hunspell.cc -o hunspell/hunspell.o
g++ -std=gnu++17 -I"/usr/share/R/include" -DNDEBUG -I. -Ihunspell -DBUILDING_LIBHUNSPELL -I'/usr/local/lib/R/site-library/Rcpp/include'    -fvisibility=hidden -fpic  -g -O2 -ffile-prefix-map=/build/r-base-rgGXCp/r-base-4.5.0=. -fstack-protector-strong -Wformat -Werror=format-security -Wdate-time -D_FORTIFY_SOURCE=2   -c hunspell/hunzip.cc -o hunspell/hunzip.o
g++ -std=gnu++17 -I"/usr/share/R/include" -DNDEBUG -I. -Ihunspell -DBUILDING_LIBHUNSPELL -I'/usr/local/lib/R/site-library/Rcpp/include'    -fvisibility=hidden -fpic  -g -O2 -ffile-prefix-map=/build/r-base-rgGXCp/r-base-4.5.0=. -fstack-protector-strong -Wformat -Werror=format-security -Wdate-time -D_FORTIFY_SOURCE=2   -c hunspell/phonet.cc -o hunspell/phonet.o
g++ -std=gnu++17 -I"/usr/share/R/include" -DNDEBUG -I. -Ihunspell -DBUILDING_LIBHUNSPELL -I'/usr/local/lib/R/site-library/Rcpp/include'    -fvisibility=hidden -fpic  -g -O2 -ffile-prefix-map=/build/r-base-rgGXCp/r-base-4.5.0=. -fstack-protector-strong -Wformat -Werror=format-security -Wdate-time -D_FORTIFY_SOURCE=2   -c hunspell/replist.cc -o hunspell/replist.o
g++ -std=gnu++17 -I"/usr/share/R/include" -DNDEBUG -I. -Ihunspell -DBUILDING_LIBHUNSPELL -I'/usr/local/lib/R/site-library/Rcpp/include'    -fvisibility=hidden -fpic  -g -O2 -ffile-prefix-map=/build/r-base-rgGXCp/r-base-4.5.0=. -fstack-protector-strong -Wformat -Werror=format-security -Wdate-time -D_FORTIFY_SOURCE=2   -c hunspell/suggestmgr.cc -o hunspell/suggestmgr.o
g++ -std=gnu++17 -I"/usr/share/R/include" -DNDEBUG -I. -Ihunspell -DBUILDING_LIBHUNSPELL -I'/usr/local/lib/R/site-library/Rcpp/include'    -fvisibility=hidden -fpic  -g -O2 -ffile-prefix-map=/build/r-base-rgGXCp/r-base-4.5.0=. -fstack-protector-strong -Wformat -Werror=format-security -Wdate-time -D_FORTIFY_SOURCE=2   -c hunspell/csutil.cc -o hunspell/csutil.o
ar rcs hunspell/libstathunspell.a parsers/textparser.o parsers/latexparser.o parsers/manparser.o parsers/xmlparser.o parsers/htmlparser.o hunspell/affentry.o hunspell/affixmgr.o hunspell/filemgr.o hunspell/hashmgr.o hunspell/hunspell.o hunspell/hunzip.o hunspell/phonet.o hunspell/replist.o hunspell/suggestmgr.o hunspell/csutil.o
g++ -std=gnu++17 -shared -L/usr/lib/R/lib -Wl,-Bsymbolic-functions -flto=auto -ffat-lto-objects -flto=auto -Wl,-z,relro -o hunspell.so RcppExports.o dictionary.o parser.o -Lhunspell -lstathunspell -L/usr/lib/R/lib -lR
installing to /usr/local/lib/R/site-library/00LOCK-hunspell/00new/hunspell/libs
** R
** inst
** byte-compile and prepare package for lazy loading
** help
*** installing help indices
** building package indices
** installing vignettes
** testing if installed package can be loaded from temporary location
** checking absolute paths in shared objects and dynamic libraries
** testing if installed package can be loaded from final location
** testing if installed package keeps a record of temporary installation path
* creating tarball
packaged installation of ‘hunspell’ as ‘hunspell_3.0.6_R_x86_64-pc-linux-gnu.tar.gz’
* DONE (hunspell)
* installing *source* package ‘anndata’ ...
** this is package ‘anndata’ version ‘0.7.5.6’
** package ‘anndata’ successfully unpacked and MD5 sums checked
** using staged installation
** R
** inst
** byte-compile and prepare package for lazy loading
** help
*** installing help indices
** building package indices
** installing vignettes
** testing if installed package can be loaded from temporary location
** testing if installed package can be loaded from final location
** testing if installed package keeps a record of temporary installation path
* creating tarball
packaged installation of ‘anndata’ as ‘anndata_0.7.5.6_R_x86_64-pc-linux-gnu.tar.gz’
* DONE (anndata)
* installing *source* package ‘basilisk.utils’ ...
** this is package ‘basilisk.utils’ version ‘1.20.0’
** using staged installation
** R
** inst
** byte-compile and prepare package for lazy loading
** help
*** installing help indices
** building package indices
** installing vignettes
** testing if installed package can be loaded from temporary location
** testing if installed package can be loaded from final location
** testing if installed package keeps a record of temporary installation path
* creating tarball
packaged installation of ‘basilisk.utils’ as ‘basilisk.utils_1.20.0_R_x86_64-pc-linux-gnu.tar.gz’
* DONE (basilisk.utils)
* installing *source* package ‘BiocStyle’ ...
** this is package ‘BiocStyle’ version ‘2.36.0’
** using staged installation
** R
** inst
** byte-compile and prepare package for lazy loading
** help
*** installing help indices
** building package indices
** installing vignettes
** testing if installed package can be loaded from temporary location
** testing if installed package can be loaded from final location
** testing if installed package keeps a record of temporary installation path
* creating tarball
packaged installation of ‘BiocStyle’ as ‘BiocStyle_2.36.0_R_x86_64-pc-linux-gnu.tar.gz’
* DONE (BiocStyle)
* installing *source* package ‘covr’ ...
** this is package ‘covr’ version ‘3.6.4’
** package ‘covr’ successfully unpacked and MD5 sums checked
** using staged installation
** libs
using C compiler: ‘gcc (Ubuntu 11.4.0-1ubuntu1~22.04) 11.4.0’
gcc -I"/usr/share/R/include" -DNDEBUG       -fpic  -g -O2 -ffile-prefix-map=/build/r-base-rgGXCp/r-base-4.5.0=. -fstack-protector-strong -Wformat -Werror=format-security -Wdate-time -D_FORTIFY_SOURCE=2  -c reassign.c -o reassign.o
gcc -shared -L/usr/lib/R/lib -Wl,-Bsymbolic-functions -flto=auto -ffat-lto-objects -flto=auto -Wl,-z,relro -o covr.so reassign.o -L/usr/lib/R/lib -lR
installing to /usr/local/lib/R/site-library/00LOCK-covr/00new/covr/libs
** R
** inst
** byte-compile and prepare package for lazy loading
** help
*** installing help indices
*** copying figures
** building package indices
** installing vignettes
** testing if installed package can be loaded from temporary location
** checking absolute paths in shared objects and dynamic libraries
** testing if installed package can be loaded from final location
** testing if installed package keeps a record of temporary installation path
* creating tarball
packaged installation of ‘covr’ as ‘covr_3.6.4_R_x86_64-pc-linux-gnu.tar.gz’
* DONE (covr)
* installing *source* package ‘SpatialExperiment’ ...
** this is package ‘SpatialExperiment’ version ‘1.18.1’
** using staged installation
** R
** inst
** byte-compile and prepare package for lazy loading
** help
*** installing help indices
** building package indices
** installing vignettes
** testing if installed package can be loaded from temporary location
** testing if installed package can be loaded from final location
** testing if installed package keeps a record of temporary installation path
* creating tarball
packaged installation of ‘SpatialExperiment’ as ‘SpatialExperiment_1.18.1_R_x86_64-pc-linux-gnu.tar.gz’
* DONE (SpatialExperiment)
* installing *source* package ‘spelling’ ...
** this is package ‘spelling’ version ‘2.3.1’
** package ‘spelling’ successfully unpacked and MD5 sums checked
** using staged installation
** R
** inst
** byte-compile and prepare package for lazy loading
** help
*** installing help indices
** building package indices
** testing if installed package can be loaded from temporary location
** testing if installed package can be loaded from final location
** testing if installed package keeps a record of temporary installation path
* creating tarball
packaged installation of ‘spelling’ as ‘spelling_2.3.1_R_x86_64-pc-linux-gnu.tar.gz’
* DONE (spelling)
* installing *source* package ‘basilisk’ ...
** this is package ‘basilisk’ version ‘1.20.0’
** using non-staged installation via StagedInstall field
** R
** inst
** byte-compile and prepare package for lazy loading
** help
*** installing help indices
** building package indices
** installing vignettes
** testing if installed package can be loaded
* creating tarball
packaged installation of ‘basilisk’ as ‘basilisk_1.20.0_R_x86_64-pc-linux-gnu.tar.gz’
* DONE (basilisk)
* installing *source* package ‘zellkonverter’ ...
** this is package ‘zellkonverter’ version ‘1.18.0’
** using non-staged installation via StagedInstall field
** R
** inst
** byte-compile and prepare package for lazy loading
** help
*** installing help indices
*** copying figures
** building package indices
** installing vignettes
** testing if installed package can be loaded
* creating tarball
packaged installation of ‘zellkonverter’ as ‘zellkonverter_1.18.0_R_x86_64-pc-linux-gnu.tar.gz’
* DONE (zellkonverter)

The downloaded source packages are in
	‘/tmp/Rtmp9VZBMW/downloaded_packages’
Old packages: 'cli', 'data.table', 'DelayedArray', 'DESeq2', 'diffobj',
  'edgeR', 'future', 'generics', 'globals', 'parallelly', 'pkgdown',
  'RcppArmadillo', 'RSQLite', 'scales', 'sctransform', 'Seurat',
  'SeuratObject', 'SingleCellExperiment', 'spatstat.univar', 'spatstat.utils',
  'SummarizedExperiment', 'systemfonts', 'textshaping', 'utf8', 'zip'

real	2m42.057s
user	2m14.579s
sys	0m45.704s
