'getOption("repos")' replaces Bioconductor standard repositories, see
'help("repositories", package = "BiocManager")' for details.
Replacement repositories:
    CRAN: https://p3m.dev/cran/__linux__/noble/latest
Bioconductor version 3.20 (BiocManager 1.30.25), R 4.4.2 (2024-10-31)
Installing package(s) 'variancePartition'
also installing the dependencies ‘KEGGgraph’, ‘Rgraphviz’, ‘SPIA’, ‘graphite’, ‘pathview’, ‘safe’, ‘EnvStats’, ‘EnrichmentBrowser’, ‘afex’, ‘remaCor’, ‘fANCOVA’, ‘ballgown’, ‘zenith’, ‘r2glmm’

trying URL 'https://bioconductor.org/packages/3.20/bioc/src/contrib/KEGGgraph_1.66.0.tar.gz'
Content type 'application/x-gzip' length 1381008 bytes (1.3 MB)
==================================================
downloaded 1.3 MB

trying URL 'https://bioconductor.org/packages/3.20/bioc/src/contrib/Rgraphviz_2.50.0.tar.gz'
Content type 'application/x-gzip' length 7724206 bytes (7.4 MB)
==================================================
downloaded 7.4 MB

trying URL 'https://bioconductor.org/packages/3.20/bioc/src/contrib/SPIA_2.58.0.tar.gz'
Content type 'application/x-gzip' length 2673581 bytes (2.5 MB)
==================================================
downloaded 2.5 MB

trying URL 'https://bioconductor.org/packages/3.20/bioc/src/contrib/graphite_1.52.0.tar.gz'
Content type 'application/x-gzip' length 785965 bytes (767 KB)
==================================================
downloaded 767 KB

trying URL 'https://bioconductor.org/packages/3.20/bioc/src/contrib/pathview_1.46.0.tar.gz'
Content type 'application/x-gzip' length 2656685 bytes (2.5 MB)
==================================================
downloaded 2.5 MB

trying URL 'https://bioconductor.org/packages/3.20/bioc/src/contrib/safe_3.46.0.tar.gz'
Content type 'application/x-gzip' length 732254 bytes (715 KB)
==================================================
downloaded 715 KB

trying URL 'https://p3m.dev/cran/__linux__/noble/latest/src/contrib/EnvStats_3.0.0.tar.gz'
Content type 'binary/octet-stream' length 6284065 bytes (6.0 MB)
==================================================
downloaded 6.0 MB

trying URL 'https://bioconductor.org/packages/3.20/bioc/src/contrib/EnrichmentBrowser_2.36.0.tar.gz'
Content type 'application/x-gzip' length 1379440 bytes (1.3 MB)
==================================================
downloaded 1.3 MB

trying URL 'https://p3m.dev/cran/__linux__/noble/latest/src/contrib/afex_1.4-1.tar.gz'
Content type 'binary/octet-stream' length 2752534 bytes (2.6 MB)
==================================================
downloaded 2.6 MB

trying URL 'https://p3m.dev/cran/__linux__/noble/latest/src/contrib/remaCor_0.0.18.tar.gz'
Content type 'binary/octet-stream' length 742605 bytes (725 KB)
==================================================
downloaded 725 KB

trying URL 'https://p3m.dev/cran/__linux__/noble/latest/src/contrib/fANCOVA_0.6-1.tar.gz'
Content type 'binary/octet-stream' length 98873 bytes (96 KB)
==================================================
downloaded 96 KB

trying URL 'https://bioconductor.org/packages/3.20/bioc/src/contrib/ballgown_2.38.0.tar.gz'
Content type 'application/x-gzip' length 3198949 bytes (3.1 MB)
==================================================
downloaded 3.1 MB

trying URL 'https://bioconductor.org/packages/3.20/bioc/src/contrib/zenith_1.8.0.tar.gz'
Content type 'application/x-gzip' length 4280678 bytes (4.1 MB)
==================================================
downloaded 4.1 MB

trying URL 'https://p3m.dev/cran/__linux__/noble/latest/src/contrib/r2glmm_0.1.2.tar.gz'
Content type 'binary/octet-stream' length 88013 bytes (85 KB)
==================================================
downloaded 85 KB

trying URL 'https://bioconductor.org/packages/3.20/bioc/src/contrib/variancePartition_1.36.3.tar.gz'
Content type 'application/x-gzip' length 4952670 bytes (4.7 MB)
==================================================
downloaded 4.7 MB

ERROR: failed to lock directory ‘/mnt/library’ for modifying
Try removing ‘/mnt/library/00LOCK-Rgraphviz’
* installing *source* package ‘graphite’ ...
** package ‘graphite’ successfully unpacked and MD5 sums checked
** using staged installation
** R
** inst
** byte-compile and prepare package for lazy loading
** help
*** installing help indices
** building package indices
** installing vignettes
** testing if installed package can be loaded from temporary location
** testing if installed package can be loaded from final location
** testing if installed package keeps a record of temporary installation path
* creating tarball
packaged installation of ‘graphite’ as ‘graphite_1.52.0_R_x86_64-pc-linux-gnu.tar.gz’
* DONE (graphite)
ERROR: failed to lock directory ‘/mnt/library’ for modifying
Try removing ‘/mnt/library/00LOCK-safe’
* installing *binary* package ‘EnvStats’ ...
* ‘EnvStats’ was already a binary package and will not be rebuilt
* creating tarball
packaged installation of ‘EnvStats’ as ‘EnvStats_3.0.0_R_x86_64-pc-linux-gnu.tar.gz’
* DONE (EnvStats)
* installing *binary* package ‘afex’ ...
* ‘afex’ was already a binary package and will not be rebuilt
* creating tarball
packaged installation of ‘afex’ as ‘afex_1.4-1_R_x86_64-pc-linux-gnu.tar.gz’
* DONE (afex)
* installing *binary* package ‘fANCOVA’ ...
* ‘fANCOVA’ was already a binary package and will not be rebuilt
* creating tarball
packaged installation of ‘fANCOVA’ as ‘fANCOVA_0.6-1_R_x86_64-pc-linux-gnu.tar.gz’
* DONE (fANCOVA)
* installing *source* package ‘ballgown’ ...
** package ‘ballgown’ successfully unpacked and MD5 sums checked
** using staged installation
** R
** data
** inst
** byte-compile and prepare package for lazy loading
Creating a new generic function for ‘structure’ in package ‘ballgown’
** help
*** installing help indices
** building package indices
** installing vignettes
** testing if installed package can be loaded from temporary location
** testing if installed package can be loaded from final location
** testing if installed package keeps a record of temporary installation path
* creating tarball
packaged installation of ‘ballgown’ as ‘ballgown_2.38.0_R_x86_64-pc-linux-gnu.tar.gz’
* DONE (ballgown)
* installing *source* package ‘KEGGgraph’ ...
** package ‘KEGGgraph’ successfully unpacked and MD5 sums checked
** using staged installation
** R
** data
*** moving datasets to lazyload DB
** inst
** byte-compile and prepare package for lazy loading
** help
*** installing help indices
** building package indices
** installing vignettes
** testing if installed package can be loaded from temporary location
** testing if installed package can be loaded from final location
** testing if installed package keeps a record of temporary installation path
* creating tarball
packaged installation of ‘KEGGgraph’ as ‘KEGGgraph_1.66.0_R_x86_64-pc-linux-gnu.tar.gz’
* DONE (KEGGgraph)
* installing *binary* package ‘remaCor’ ...
* ‘remaCor’ was already a binary package and will not be rebuilt
* creating tarball
packaged installation of ‘remaCor’ as ‘remaCor_0.0.18_R_x86_64-pc-linux-gnu.tar.gz’
* DONE (remaCor)
* installing *binary* package ‘r2glmm’ ...
* ‘r2glmm’ was already a binary package and will not be rebuilt
* creating tarball
packaged installation of ‘r2glmm’ as ‘r2glmm_0.1.2_R_x86_64-pc-linux-gnu.tar.gz’
* DONE (r2glmm)
* installing *source* package ‘SPIA’ ...
** package ‘SPIA’ successfully unpacked and MD5 sums checked
** using staged installation
** R
** data
** inst
** byte-compile and prepare package for lazy loading
** help
*** installing help indices
** building package indices
** installing vignettes
** testing if installed package can be loaded from temporary location
** testing if installed package can be loaded from final location
** testing if installed package keeps a record of temporary installation path
* creating tarball
packaged installation of ‘SPIA’ as ‘SPIA_2.58.0_R_x86_64-pc-linux-gnu.tar.gz’
* DONE (SPIA)
* installing *source* package ‘pathview’ ...
** package ‘pathview’ successfully unpacked and MD5 sums checked
** using staged installation
** R
** data
*** moving datasets to lazyload DB
** inst
** byte-compile and prepare package for lazy loading
** help
*** installing help indices
** building package indices
** installing vignettes
** testing if installed package can be loaded from temporary location
** testing if installed package can be loaded from final location
** testing if installed package keeps a record of temporary installation path
* creating tarball
packaged installation of ‘pathview’ as ‘pathview_1.46.0_R_x86_64-pc-linux-gnu.tar.gz’
* DONE (pathview)
* installing *source* package ‘variancePartition’ ...
** package ‘variancePartition’ successfully unpacked and MD5 sums checked
** using staged installation
** R
** data
** inst
** byte-compile and prepare package for lazy loading
in method for ‘calcVarPart’ with signature ‘"negbin"’: no definition for class “negbin”
in method for ‘checkModelStatus’ with signature ‘"negbin"’: no definition for class “negbin”
Creating a new generic function for ‘classifyTestsF’ in package ‘variancePartition’
Creating a new generic function for ‘topTable’ in package ‘variancePartition’
** help
*** installing help indices
*** copying figures
** building package indices
** installing vignettes
** testing if installed package can be loaded from temporary location
** testing if installed package can be loaded from final location
** testing if installed package keeps a record of temporary installation path
* creating tarball
packaged installation of ‘variancePartition’ as ‘variancePartition_1.36.3_R_x86_64-pc-linux-gnu.tar.gz’
* DONE (variancePartition)
* installing *source* package ‘EnrichmentBrowser’ ...
** package ‘EnrichmentBrowser’ successfully unpacked and MD5 sums checked
** using staged installation
** R
** inst
** byte-compile and prepare package for lazy loading
** help
*** installing help indices
** building package indices
** installing vignettes
** testing if installed package can be loaded from temporary location
** testing if installed package can be loaded from final location
** testing if installed package keeps a record of temporary installation path
* creating tarball
packaged installation of ‘EnrichmentBrowser’ as ‘EnrichmentBrowser_2.36.0_R_x86_64-pc-linux-gnu.tar.gz’
* DONE (EnrichmentBrowser)
* installing *source* package ‘zenith’ ...
** using staged installation
** R
** inst
** byte-compile and prepare package for lazy loading
** help
*** installing help indices
** building package indices
** installing vignettes
** testing if installed package can be loaded from temporary location
** testing if installed package can be loaded from final location
** testing if installed package keeps a record of temporary installation path
* creating tarball
packaged installation of ‘zenith’ as ‘zenith_1.8.0_R_x86_64-pc-linux-gnu.tar.gz’
* DONE (zenith)

The downloaded source packages are in
	‘/tmp/RtmpCEGKhU/downloaded_packages’
Old packages: 'bslib', 'cli', 'cpp11', 'curl', 'evaluate', 'httr2', 'jsonlite',
  'openssl', 'pillar', 'pkgbuild', 'processx', 'ps', 'purrr', 'R6', 'Rcpp',
  'rlang', 'sessioninfo', 'systemfonts', 'testthat', 'textshaping', 'tinytex',
  'xfun', 'xml2', 'zip', 'class', 'foreign', 'KernSmooth', 'MASS', 'Matrix',
  'nlme', 'nnet', 'rpart', 'spatial'
Warning messages:
1: In install.packages(...) :
  installation of package ‘Rgraphviz’ had non-zero exit status
2: In install.packages(...) :
  installation of package ‘safe’ had non-zero exit status

real	3m44.889s
user	2m15.832s
sys	0m23.105s
