+ Rscript -e 'Sys.setenv(BIOCONDUCTOR_USE_CONTAINER_REPOSITORY=FALSE);
  p <- .libPaths();
  p <- c('\'''\'', '\'''\'', p);
  .libPaths(p);
  if(BiocManager::install('\''weaver'\'', INSTALL_opts = '\''--build'\'', update = TRUE, quiet = FALSE, dependencies=TRUE, force = TRUE, keep_outputs = TRUE) %in% rownames(installed.packages())) q(status = 0) else q(status = 1)'
'getOption("repos")' replaces Bioconductor standard repositories, see
'help("repositories", package = "BiocManager")' for details.
Replacement repositories:
    CRAN: https://p3m.dev/cran/__linux__/noble/latest
Bioconductor version 3.22 (BiocManager 1.30.25), R 4.5.0 (2025-04-11)
Installing package(s) 'weaver'
trying URL 'https://bioconductor.org/packages/3.22/bioc/src/contrib/weaver_1.75.0.tar.gz'
Content type 'application/x-gzip' length 238462 bytes (232 KB)
==================================================
downloaded 232 KB

* installing *source* package ‘weaver’ ...
** this is package ‘weaver’ version ‘1.75.0’
** package ‘weaver’ successfully unpacked and MD5 sums checked
** using staged installation
** R
** inst
** byte-compile and prepare package for lazy loading
** help
*** installing help indices
** building package indices
** installing vignettes
** testing if installed package can be loaded from temporary location
** testing if installed package can be loaded from final location
** testing if installed package keeps a record of temporary installation path
* creating tarball
packaged installation of ‘weaver’ as ‘weaver_1.75.0_R_x86_64-pc-linux-gnu.tar.gz’
* DONE (weaver)

The downloaded source packages are in
	‘/tmp/RtmpC6GsqW/downloaded_packages’
Old packages: 'zip'

real	0m3.959s
user	0m2.629s
sys	0m1.727s
