'getOption("repos")' replaces Bioconductor standard repositories, see
'help("repositories", package = "BiocManager")' for details.
Replacement repositories:
    CRAN: https://p3m.dev/cran/__linux__/noble/latest
Bioconductor version 3.20 (BiocManager 1.30.25), R 4.4.2 (2024-10-31)
Installing package(s) 'InteractiveComplexHeatmap'
also installing the dependencies ‘Polychrome’, ‘simona’, ‘scuttle’, ‘skmeans’, ‘EnrichedHeatmap’, ‘tidyHeatmap’, ‘simplifyEnrichment’, ‘SC3’, ‘GOexpress’, ‘SingleCellExperiment’, ‘scater’, ‘cola’, ‘HilbertCurve’, ‘pkgndep’

trying URL 'https://p3m.dev/cran/__linux__/noble/latest/src/contrib/Polychrome_1.5.1.tar.gz'
Content type 'binary/octet-stream' length 678705 bytes (662 KB)
==================================================
downloaded 662 KB

trying URL 'https://bioconductor.org/packages/3.20/bioc/src/contrib/simona_1.4.0.tar.gz'
Content type 'application/x-gzip' length 970497 bytes (947 KB)
==================================================
downloaded 947 KB

trying URL 'https://bioconductor.org/packages/3.20/bioc/src/contrib/scuttle_1.16.0.tar.gz'
Content type 'application/x-gzip' length 1034711 bytes (1010 KB)
==================================================
downloaded 1010 KB

trying URL 'https://p3m.dev/cran/__linux__/noble/latest/src/contrib/skmeans_0.2-18.tar.gz'
Content type 'binary/octet-stream' length 257848 bytes (251 KB)
==================================================
downloaded 251 KB

trying URL 'https://bioconductor.org/packages/3.20/bioc/src/contrib/EnrichedHeatmap_1.36.0.tar.gz'
Content type 'application/x-gzip' length 12195909 bytes (11.6 MB)
==================================================
downloaded 11.6 MB

trying URL 'https://p3m.dev/cran/__linux__/noble/latest/src/contrib/tidyHeatmap_1.11.6.tar.gz'
Content type 'binary/octet-stream' length 3904379 bytes (3.7 MB)
==================================================
downloaded 3.7 MB

trying URL 'https://bioconductor.org/packages/3.20/bioc/src/contrib/simplifyEnrichment_2.0.0.tar.gz'
Content type 'application/x-gzip' length 1076198 bytes (1.0 MB)
==================================================
downloaded 1.0 MB

trying URL 'https://bioconductor.org/packages/3.20/bioc/src/contrib/SC3_1.34.0.tar.gz'
Content type 'application/x-gzip' length 3513911 bytes (3.4 MB)
==================================================
downloaded 3.4 MB

trying URL 'https://bioconductor.org/packages/3.20/bioc/src/contrib/GOexpress_1.40.0.tar.gz'
Content type 'application/x-gzip' length 2461640 bytes (2.3 MB)
==================================================
downloaded 2.3 MB

trying URL 'https://bioconductor.org/packages/3.20/bioc/src/contrib/SingleCellExperiment_1.28.1.tar.gz'
Content type 'application/x-gzip' length 985694 bytes (962 KB)
==================================================
downloaded 962 KB

trying URL 'https://bioconductor.org/packages/3.20/bioc/src/contrib/scater_1.34.1.tar.gz'
Content type 'application/x-gzip' length 4638354 bytes (4.4 MB)
==================================================
downloaded 4.4 MB

trying URL 'https://bioconductor.org/packages/3.20/bioc/src/contrib/cola_2.12.0.tar.gz'
Content type 'application/x-gzip' length 3840855 bytes (3.7 MB)
==================================================
downloaded 3.7 MB

trying URL 'https://bioconductor.org/packages/3.20/bioc/src/contrib/HilbertCurve_2.0.0.tar.gz'
Content type 'application/x-gzip' length 419088 bytes (409 KB)
==================================================
downloaded 409 KB

trying URL 'https://p3m.dev/cran/__linux__/noble/latest/src/contrib/pkgndep_1.99.3.tar.gz'
Content type 'application/x-tar' length 1575538 bytes (1.5 MB)
==================================================
downloaded 1.5 MB

trying URL 'https://bioconductor.org/packages/3.20/bioc/src/contrib/InteractiveComplexHeatmap_1.14.0.tar.gz'
Content type 'application/x-gzip' length 975883 bytes (953 KB)
==================================================
downloaded 953 KB

* installing *binary* package ‘Polychrome’ ...
* ‘Polychrome’ was already a binary package and will not be rebuilt
* creating tarball
packaged installation of ‘Polychrome’ as ‘Polychrome_1.5.1_R_x86_64-pc-linux-gnu.tar.gz’
* DONE (Polychrome)
* installing *binary* package ‘skmeans’ ...
* ‘skmeans’ was already a binary package and will not be rebuilt
* creating tarball
packaged installation of ‘skmeans’ as ‘skmeans_0.2-18_R_x86_64-pc-linux-gnu.tar.gz’
* DONE (skmeans)
* installing *source* package ‘EnrichedHeatmap’ ...
** package ‘EnrichedHeatmap’ successfully unpacked and MD5 sums checked
** using staged installation
** libs
using C++ compiler: ‘g++ (Ubuntu 13.3.0-6ubuntu2~24.04) 13.3.0’
g++ -std=gnu++17 -I"/usr/local/lib/R/include" -DNDEBUG  -I'/usr/local/lib/R/site-library/Rcpp/include' -I/usr/local/include    -fpic  -g -O2 -fstack-protector-strong -Wformat -Wformat-security -Wdate-time -D_FORTIFY_SOURCE=2 -g  -DR_NO_REMAP -c RcppExports.cpp -o RcppExports.o
g++ -std=gnu++17 -I"/usr/local/lib/R/include" -DNDEBUG  -I'/usr/local/lib/R/site-library/Rcpp/include' -I/usr/local/include    -fpic  -g -O2 -fstack-protector-strong -Wformat -Wformat-security -Wdate-time -D_FORTIFY_SOURCE=2 -g  -DR_NO_REMAP -c dist_by_closeness.cpp -o dist_by_closeness.o
g++ -std=gnu++17 -shared -L/usr/local/lib/R/lib -L/usr/local/lib -o EnrichedHeatmap.so RcppExports.o dist_by_closeness.o -L/usr/local/lib/R/lib -lR
installing to /mnt/library/00LOCK-EnrichedHeatmap/00new/EnrichedHeatmap/libs
** R
** inst
** byte-compile and prepare package for lazy loading
** help
*** installing help indices
** building package indices
** installing vignettes
** testing if installed package can be loaded from temporary location
** checking absolute paths in shared objects and dynamic libraries
** testing if installed package can be loaded from final location
Error : package ‘GenomeInfoDb’ required by ‘GenomicRanges’ could not be found
Error: loading failed
Execution halted
ERROR: loading failed
* removing ‘/mnt/library/EnrichedHeatmap’
* installing *source* package ‘tidyHeatmap’ ...
** package ‘tidyHeatmap’ successfully unpacked and MD5 sums checked
** using staged installation
** R
** data
*** moving datasets to lazyload DB
** inst
** byte-compile and prepare package for lazy loading
in method for ‘add_tile’ with signature ‘"InputHeatmap"’: no definition for class “InputHeatmap”
in method for ‘add_point’ with signature ‘"InputHeatmap"’: no definition for class “InputHeatmap”
in method for ‘add_line’ with signature ‘"InputHeatmap"’: no definition for class “InputHeatmap”
in method for ‘add_bar’ with signature ‘"InputHeatmap"’: no definition for class “InputHeatmap”
in method for ‘layer_symbol’ with signature ‘"InputHeatmap"’: no definition for class “InputHeatmap”
Creating a new generic function for ‘heatmap’ in package ‘tidyHeatmap’
** help
*** installing help indices
*** copying figures
** building package indices
** installing vignettes
** testing if installed package can be loaded from temporary location
** testing if installed package can be loaded from final location
** testing if installed package keeps a record of temporary installation path
* creating tarball
packaged installation of ‘tidyHeatmap’ as ‘tidyHeatmap_1.11.6_R_x86_64-pc-linux-gnu.tar.gz’
* DONE (tidyHeatmap)
* installing *source* package ‘GOexpress’ ...
** package ‘GOexpress’ successfully unpacked and MD5 sums checked
** using staged installation
** R
** data
*** moving datasets to lazyload DB
** inst
** byte-compile and prepare package for lazy loading
Note: possible error in 'getBM(attributes = microarray.header, ': unused argument (curl = curlHandle) 
Note: possible error in 'getBM(attributes = "ensembl_gene_id", ': unused argument (curl = curl) 
** help
*** installing help indices
** building package indices
** installing vignettes
** testing if installed package can be loaded from temporary location
** testing if installed package can be loaded from final location
** testing if installed package keeps a record of temporary installation path
* creating tarball
packaged installation of ‘GOexpress’ as ‘GOexpress_1.40.0_R_x86_64-pc-linux-gnu.tar.gz’
* DONE (GOexpress)
* installing *source* package ‘SingleCellExperiment’ ...
** using staged installation
** R
** inst
** byte-compile and prepare package for lazy loading
** help
*** installing help indices
** building package indices
** installing vignettes
** testing if installed package can be loaded from temporary location
Error: package or namespace load failed for ‘SummarizedExperiment’ in loadNamespace(i, c(lib.loc, .libPaths()), versionCheck = vI[[i]]):
 there is no package called ‘DelayedArray’
Error : package ‘SummarizedExperiment’ could not be loaded
Error: loading failed
Execution halted
ERROR: loading failed
* removing ‘/mnt/library/SingleCellExperiment’
* installing *source* package ‘HilbertCurve’ ...
** package ‘HilbertCurve’ successfully unpacked and MD5 sums checked
** using staged installation
** libs
using C++ compiler: ‘g++ (Ubuntu 13.3.0-6ubuntu2~24.04) 13.3.0’
g++ -std=gnu++17 -I"/usr/local/lib/R/include" -DNDEBUG  -I'/usr/local/lib/R/site-library/Rcpp/include' -I/usr/local/include    -fpic  -g -O2 -fstack-protector-strong -Wformat -Wformat-security -Wdate-time -D_FORTIFY_SOURCE=2 -g  -DR_NO_REMAP -c RcppExports.cpp -o RcppExports.o
g++ -std=gnu++17 -I"/usr/local/lib/R/include" -DNDEBUG  -I'/usr/local/lib/R/site-library/Rcpp/include' -I/usr/local/include    -fpic  -g -O2 -fstack-protector-strong -Wformat -Wformat-security -Wdate-time -D_FORTIFY_SOURCE=2 -g  -DR_NO_REMAP -c std_hilbert_curve.cpp -o std_hilbert_curve.o
g++ -std=gnu++17 -I"/usr/local/lib/R/include" -DNDEBUG  -I'/usr/local/lib/R/site-library/Rcpp/include' -I/usr/local/include    -fpic  -g -O2 -fstack-protector-strong -Wformat -Wformat-security -Wdate-time -D_FORTIFY_SOURCE=2 -g  -DR_NO_REMAP -c std_utils.cpp -o std_utils.o
g++ -std=gnu++17 -shared -L/usr/local/lib/R/lib -L/usr/local/lib -o HilbertCurve.so RcppExports.o std_hilbert_curve.o std_utils.o -L/usr/local/lib/R/lib -lR
installing to /mnt/library/00LOCK-HilbertCurve/00new/HilbertCurve/libs
** R
** inst
** byte-compile and prepare package for lazy loading
** help
*** installing help indices
** building package indices
** installing vignettes
** testing if installed package can be loaded from temporary location
** checking absolute paths in shared objects and dynamic libraries
** testing if installed package can be loaded from final location
** testing if installed package keeps a record of temporary installation path
* creating tarball
packaged installation of ‘HilbertCurve’ as ‘HilbertCurve_2.0.0_R_x86_64-pc-linux-gnu.tar.gz’
* DONE (HilbertCurve)
* installing *source* package ‘pkgndep’ ...
** package ‘pkgndep’ successfully unpacked and MD5 sums checked
** using staged installation
** R
** inst
** byte-compile and prepare package for lazy loading
** help
*** installing help indices
** building package indices
** installing vignettes
** testing if installed package can be loaded from temporary location
** testing if installed package can be loaded from final location
** testing if installed package keeps a record of temporary installation path
* creating tarball
packaged installation of ‘pkgndep’ as ‘pkgndep_1.99.3_R_x86_64-pc-linux-gnu.tar.gz’
* DONE (pkgndep)
* installing *source* package ‘InteractiveComplexHeatmap’ ...
** package ‘InteractiveComplexHeatmap’ successfully unpacked and MD5 sums checked
** using staged installation
** R
** data
** inst
** byte-compile and prepare package for lazy loading
** help
*** installing help indices
** building package indices
** installing vignettes
** testing if installed package can be loaded from temporary location
** testing if installed package can be loaded from final location
** testing if installed package keeps a record of temporary installation path
* creating tarball
packaged installation of ‘InteractiveComplexHeatmap’ as ‘InteractiveComplexHeatmap_1.14.0_R_x86_64-pc-linux-gnu.tar.gz’
* DONE (InteractiveComplexHeatmap)
* installing *source* package ‘simona’ ...
** package ‘simona’ successfully unpacked and MD5 sums checked
** using staged installation
** libs
using C++ compiler: ‘g++ (Ubuntu 13.3.0-6ubuntu2~24.04) 13.3.0’
using C++11
g++ -std=gnu++11 -I"/usr/local/lib/R/include" -DNDEBUG  -I'/usr/local/lib/R/site-library/Rcpp/include' -I/usr/local/include    -fpic  -g -O2 -fstack-protector-strong -Wformat -Wformat-security -Wdate-time -D_FORTIFY_SOURCE=2 -g  -DR_NO_REMAP -c RcppExports.cpp -o RcppExports.o
g++ -std=gnu++11 -I"/usr/local/lib/R/include" -DNDEBUG  -I'/usr/local/lib/R/site-library/Rcpp/include' -I/usr/local/include    -fpic  -g -O2 -fstack-protector-strong -Wformat -Wformat-security -Wdate-time -D_FORTIFY_SOURCE=2 -g  -DR_NO_REMAP -c annotation.cpp -o annotation.o
g++ -std=gnu++11 -I"/usr/local/lib/R/include" -DNDEBUG  -I'/usr/local/lib/R/site-library/Rcpp/include' -I/usr/local/include    -fpic  -g -O2 -fstack-protector-strong -Wformat -Wformat-security -Wdate-time -D_FORTIFY_SOURCE=2 -g  -DR_NO_REMAP -c common_ancestor.cpp -o common_ancestor.o
g++ -std=gnu++11 -I"/usr/local/lib/R/include" -DNDEBUG  -I'/usr/local/lib/R/site-library/Rcpp/include' -I/usr/local/include    -fpic  -g -O2 -fstack-protector-strong -Wformat -Wformat-security -Wdate-time -D_FORTIFY_SOURCE=2 -g  -DR_NO_REMAP -c dist.cpp -o dist.o
g++ -std=gnu++11 -I"/usr/local/lib/R/include" -DNDEBUG  -I'/usr/local/lib/R/site-library/Rcpp/include' -I/usr/local/include    -fpic  -g -O2 -fstack-protector-strong -Wformat -Wformat-security -Wdate-time -D_FORTIFY_SOURCE=2 -g  -DR_NO_REMAP -c intersectToList_logical.cpp -o intersectToList_logical.o
g++ -std=gnu++11 -I"/usr/local/lib/R/include" -DNDEBUG  -I'/usr/local/lib/R/site-library/Rcpp/include' -I/usr/local/include    -fpic  -g -O2 -fstack-protector-strong -Wformat -Wformat-security -Wdate-time -D_FORTIFY_SOURCE=2 -g  -DR_NO_REMAP -c partition.cpp -o partition.o
g++ -std=gnu++11 -I"/usr/local/lib/R/include" -DNDEBUG  -I'/usr/local/lib/R/site-library/Rcpp/include' -I/usr/local/include    -fpic  -g -O2 -fstack-protector-strong -Wformat -Wformat-security -Wdate-time -D_FORTIFY_SOURCE=2 -g  -DR_NO_REMAP -c permutation.cpp -o permutation.o
g++ -std=gnu++11 -I"/usr/local/lib/R/include" -DNDEBUG  -I'/usr/local/lib/R/site-library/Rcpp/include' -I/usr/local/include    -fpic  -g -O2 -fstack-protector-strong -Wformat -Wformat-security -Wdate-time -D_FORTIFY_SOURCE=2 -g  -DR_NO_REMAP -c plot.cpp -o plot.o
g++ -std=gnu++11 -I"/usr/local/lib/R/include" -DNDEBUG  -I'/usr/local/lib/R/site-library/Rcpp/include' -I/usr/local/include    -fpic  -g -O2 -fstack-protector-strong -Wformat -Wformat-security -Wdate-time -D_FORTIFY_SOURCE=2 -g  -DR_NO_REMAP -c reorder.cpp -o reorder.o
g++ -std=gnu++11 -I"/usr/local/lib/R/include" -DNDEBUG  -I'/usr/local/lib/R/site-library/Rcpp/include' -I/usr/local/include    -fpic  -g -O2 -fstack-protector-strong -Wformat -Wformat-security -Wdate-time -D_FORTIFY_SOURCE=2 -g  -DR_NO_REMAP -c sim.cpp -o sim.o
g++ -std=gnu++11 -I"/usr/local/lib/R/include" -DNDEBUG  -I'/usr/local/lib/R/site-library/Rcpp/include' -I/usr/local/include    -fpic  -g -O2 -fstack-protector-strong -Wformat -Wformat-security -Wdate-time -D_FORTIFY_SOURCE=2 -g  -DR_NO_REMAP -c term.cpp -o term.o
g++ -std=gnu++11 -I"/usr/local/lib/R/include" -DNDEBUG  -I'/usr/local/lib/R/site-library/Rcpp/include' -I/usr/local/include    -fpic  -g -O2 -fstack-protector-strong -Wformat -Wformat-security -Wdate-time -D_FORTIFY_SOURCE=2 -g  -DR_NO_REMAP -c traverse.cpp -o traverse.o
g++ -std=gnu++11 -I"/usr/local/lib/R/include" -DNDEBUG  -I'/usr/local/lib/R/site-library/Rcpp/include' -I/usr/local/include    -fpic  -g -O2 -fstack-protector-strong -Wformat -Wformat-security -Wdate-time -D_FORTIFY_SOURCE=2 -g  -DR_NO_REMAP -c tree.cpp -o tree.o
g++ -std=gnu++11 -I"/usr/local/lib/R/include" -DNDEBUG  -I'/usr/local/lib/R/site-library/Rcpp/include' -I/usr/local/include    -fpic  -g -O2 -fstack-protector-strong -Wformat -Wformat-security -Wdate-time -D_FORTIFY_SOURCE=2 -g  -DR_NO_REMAP -c utils.cpp -o utils.o
g++ -std=gnu++11 -shared -L/usr/local/lib/R/lib -L/usr/local/lib -o simona.so RcppExports.o annotation.o common_ancestor.o dist.o intersectToList_logical.o partition.o permutation.o plot.o reorder.o sim.o term.o traverse.o tree.o utils.o -L/usr/local/lib/R/lib -lR
installing to /mnt/library/00LOCK-simona/00new/simona/libs
** R
** inst
** byte-compile and prepare package for lazy loading
** help
*** installing help indices
** building package indices
** installing vignettes
** testing if installed package can be loaded from temporary location
** checking absolute paths in shared objects and dynamic libraries
** testing if installed package can be loaded from final location
** testing if installed package keeps a record of temporary installation path
* creating tarball
packaged installation of ‘simona’ as ‘simona_1.4.0_R_x86_64-pc-linux-gnu.tar.gz’
* DONE (simona)
ERROR: dependency ‘SingleCellExperiment’ is not available for package ‘scuttle’
* removing ‘/mnt/library/scuttle’
ERROR: dependency ‘SingleCellExperiment’ is not available for package ‘SC3’
* removing ‘/mnt/library/SC3’
* installing *source* package ‘cola’ ...
** package ‘cola’ successfully unpacked and MD5 sums checked
** using staged installation
** libs
using C++ compiler: ‘g++ (Ubuntu 13.3.0-6ubuntu2~24.04) 13.3.0’
g++ -std=gnu++17 -I"/usr/local/lib/R/include" -DNDEBUG  -I'/usr/local/lib/R/site-library/Rcpp/include' -I/usr/local/include    -fpic  -g -O2 -fstack-protector-strong -Wformat -Wformat-security -Wdate-time -D_FORTIFY_SOURCE=2 -g  -DR_NO_REMAP -c RcppExports.cpp -o RcppExports.o
g++ -std=gnu++17 -I"/usr/local/lib/R/include" -DNDEBUG  -I'/usr/local/lib/R/site-library/Rcpp/include' -I/usr/local/include    -fpic  -g -O2 -fstack-protector-strong -Wformat -Wformat-security -Wdate-time -D_FORTIFY_SOURCE=2 -g  -DR_NO_REMAP -c atc.cpp -o atc.o
g++ -std=gnu++17 -I"/usr/local/lib/R/include" -DNDEBUG  -I'/usr/local/lib/R/site-library/Rcpp/include' -I/usr/local/include    -fpic  -g -O2 -fstack-protector-strong -Wformat -Wformat-security -Wdate-time -D_FORTIFY_SOURCE=2 -g  -DR_NO_REMAP -c cal_consensus_mat.cpp -o cal_consensus_mat.o
g++ -std=gnu++17 -I"/usr/local/lib/R/include" -DNDEBUG  -I'/usr/local/lib/R/site-library/Rcpp/include' -I/usr/local/include    -fpic  -g -O2 -fstack-protector-strong -Wformat -Wformat-security -Wdate-time -D_FORTIFY_SOURCE=2 -g  -DR_NO_REMAP -c pdist.cpp -o pdist.o
g++ -std=gnu++17 -shared -L/usr/local/lib/R/lib -L/usr/local/lib -o cola.so RcppExports.o atc.o cal_consensus_mat.o pdist.o -L/usr/local/lib/R/lib -lR
installing to /mnt/library/00LOCK-cola/00new/cola/libs
** R
** data
** inst
** byte-compile and prepare package for lazy loading
** help
*** installing help indices
** building package indices
** installing vignettes
** testing if installed package can be loaded from temporary location
** checking absolute paths in shared objects and dynamic libraries
** testing if installed package can be loaded from final location
** testing if installed package keeps a record of temporary installation path
* creating tarball
packaged installation of ‘cola’ as ‘cola_2.12.0_R_x86_64-pc-linux-gnu.tar.gz’
* DONE (cola)
* installing *source* package ‘simplifyEnrichment’ ...
** package ‘simplifyEnrichment’ successfully unpacked and MD5 sums checked
** using staged installation
** R
** inst
** byte-compile and prepare package for lazy loading
** help
*** installing help indices
** building package indices
** installing vignettes
** testing if installed package can be loaded from temporary location
** testing if installed package can be loaded from final location
** testing if installed package keeps a record of temporary installation path
* creating tarball
packaged installation of ‘simplifyEnrichment’ as ‘simplifyEnrichment_2.0.0_R_x86_64-pc-linux-gnu.tar.gz’
* DONE (simplifyEnrichment)
ERROR: dependencies ‘SingleCellExperiment’, ‘scuttle’ are not available for package ‘scater’
* removing ‘/mnt/library/scater’

The downloaded source packages are in
	‘/tmp/RtmpnacvRp/downloaded_packages’
Old packages: 'bslib', 'cli', 'cpp11', 'curl', 'evaluate', 'httr2', 'jsonlite',
  'openssl', 'pillar', 'pkgbuild', 'processx', 'ps', 'purrr', 'R6', 'Rcpp',
  'rlang', 'sessioninfo', 'systemfonts', 'testthat', 'textshaping', 'tinytex',
  'xfun', 'xml2', 'zip', 'class', 'foreign', 'KernSmooth', 'MASS', 'Matrix',
  'nlme', 'nnet', 'rpart', 'spatial'
Warning messages:
1: In install.packages(...) :
  installation of package ‘EnrichedHeatmap’ had non-zero exit status
2: In install.packages(...) :
  installation of package ‘SingleCellExperiment’ had non-zero exit status
3: In install.packages(...) :
  installation of package ‘scuttle’ had non-zero exit status
4: In install.packages(...) :
  installation of package ‘SC3’ had non-zero exit status
5: In install.packages(...) :
  installation of package ‘scater’ had non-zero exit status

real	4m50.634s
user	2m51.051s
sys	0m29.855s
