+ Rscript -e 'Sys.setenv(BIOCONDUCTOR_USE_CONTAINER_REPOSITORY=FALSE);
  p <- .libPaths();
  p <- c('\'''\'', '\'''\'', p);
  .libPaths(p);
  if(BiocManager::install('\''STRINGdb'\'', INSTALL_opts = '\''--build'\'', update = TRUE, quiet = FALSE, dependencies=TRUE, force = TRUE, keep_outputs = TRUE) %in% rownames(installed.packages())) q(status = 0) else q(status = 1)'
'getOption("repos")' replaces Bioconductor standard repositories, see
'help("repositories", package = "BiocManager")' for details.
Replacement repositories:
    CRAN: https://p3m.dev/cran/__linux__/noble/latest
Bioconductor version 3.20 (BiocManager 1.30.25), R 4.4.2 (2024-10-31)
Installing package(s) 'STRINGdb'
also installing the dependencies ‘bit’, ‘bit64’, ‘blob’, ‘plogr’, ‘bitops’, ‘gsubfn’, ‘proto’, ‘RSQLite’, ‘DBI’, ‘chron’, ‘gtools’, ‘caTools’, ‘png’, ‘sqldf’, ‘plyr’, ‘igraph’, ‘httr’, ‘RColorBrewer’, ‘gplots’, ‘hash’, ‘plotrix’, ‘RUnit’, ‘BiocGenerics’

trying URL 'https://p3m.dev/cran/__linux__/noble/latest/src/contrib/bit_4.6.0.tar.gz'
Content type 'binary/octet-stream' length 628153 bytes (613 KB)
==================================================
downloaded 613 KB

trying URL 'https://p3m.dev/cran/__linux__/noble/latest/src/contrib/bit64_4.6.0-1.tar.gz'
Content type 'binary/octet-stream' length 491805 bytes (480 KB)
==================================================
downloaded 480 KB

trying URL 'https://p3m.dev/cran/__linux__/noble/latest/src/contrib/blob_1.2.4.tar.gz'
Content type 'binary/octet-stream' length 47325 bytes (46 KB)
==================================================
downloaded 46 KB

trying URL 'https://p3m.dev/cran/__linux__/noble/latest/src/contrib/plogr_0.2.0.tar.gz'
Content type 'binary/octet-stream' length 13108 bytes (12 KB)
==================================================
downloaded 12 KB

trying URL 'https://p3m.dev/cran/__linux__/noble/latest/src/contrib/bitops_1.0-9.tar.gz'
Content type 'binary/octet-stream' length 25879 bytes (25 KB)
==================================================
downloaded 25 KB

trying URL 'https://p3m.dev/cran/__linux__/noble/latest/src/contrib/gsubfn_0.7.tar.gz'
Content type 'binary/octet-stream' length 355746 bytes (347 KB)
==================================================
downloaded 347 KB

trying URL 'https://p3m.dev/cran/__linux__/noble/latest/src/contrib/proto_1.0.0.tar.gz'
Content type 'binary/octet-stream' length 470499 bytes (459 KB)
==================================================
downloaded 459 KB

trying URL 'https://p3m.dev/cran/__linux__/noble/latest/src/contrib/RSQLite_2.3.9.tar.gz'
Content type 'binary/octet-stream' length 1342920 bytes (1.3 MB)
==================================================
downloaded 1.3 MB

trying URL 'https://p3m.dev/cran/__linux__/noble/latest/src/contrib/DBI_1.2.3.tar.gz'
Content type 'binary/octet-stream' length 914707 bytes (893 KB)
==================================================
downloaded 893 KB

trying URL 'https://p3m.dev/cran/__linux__/noble/latest/src/contrib/chron_2.3-62.tar.gz'
Content type 'binary/octet-stream' length 189139 bytes (184 KB)
==================================================
downloaded 184 KB

trying URL 'https://p3m.dev/cran/__linux__/noble/latest/src/contrib/gtools_3.9.5.tar.gz'
Content type 'binary/octet-stream' length 361081 bytes (352 KB)
==================================================
downloaded 352 KB

trying URL 'https://p3m.dev/cran/__linux__/noble/latest/src/contrib/caTools_1.18.3.tar.gz'
Content type 'binary/octet-stream' length 205153 bytes (200 KB)
==================================================
downloaded 200 KB

trying URL 'https://p3m.dev/cran/__linux__/noble/latest/src/contrib/png_0.1-8.tar.gz'
Content type 'binary/octet-stream' length 40602 bytes (39 KB)
==================================================
downloaded 39 KB

trying URL 'https://p3m.dev/cran/__linux__/noble/latest/src/contrib/sqldf_0.4-11.tar.gz'
Content type 'binary/octet-stream' length 77638 bytes (75 KB)
==================================================
downloaded 75 KB

trying URL 'https://p3m.dev/cran/__linux__/noble/latest/src/contrib/plyr_1.8.9.tar.gz'
Content type 'binary/octet-stream' length 788070 bytes (769 KB)
==================================================
downloaded 769 KB

trying URL 'https://p3m.dev/cran/__linux__/noble/latest/src/contrib/igraph_2.1.4.tar.gz'
Content type 'binary/octet-stream' length 5555697 bytes (5.3 MB)
==================================================
downloaded 5.3 MB

trying URL 'https://p3m.dev/cran/__linux__/noble/latest/src/contrib/httr_1.4.7.tar.gz'
Content type 'binary/octet-stream' length 484006 bytes (472 KB)
==================================================
downloaded 472 KB

trying URL 'https://p3m.dev/cran/__linux__/noble/latest/src/contrib/RColorBrewer_1.1-3.tar.gz'
Content type 'binary/octet-stream' length 51823 bytes (50 KB)
==================================================
downloaded 50 KB

trying URL 'https://p3m.dev/cran/__linux__/noble/latest/src/contrib/gplots_3.2.0.tar.gz'
Content type 'binary/octet-stream' length 496973 bytes (485 KB)
==================================================
downloaded 485 KB

trying URL 'https://p3m.dev/cran/__linux__/noble/latest/src/contrib/hash_2.2.6.3.tar.gz'
Content type 'binary/octet-stream' length 191367 bytes (186 KB)
==================================================
downloaded 186 KB

trying URL 'https://p3m.dev/cran/__linux__/noble/latest/src/contrib/plotrix_3.8-4.tar.gz'
Content type 'binary/octet-stream' length 1159693 bytes (1.1 MB)
==================================================
downloaded 1.1 MB

trying URL 'https://p3m.dev/cran/__linux__/noble/latest/src/contrib/RUnit_0.4.33.tar.gz'
Content type 'binary/octet-stream' length 383551 bytes (374 KB)
==================================================
downloaded 374 KB

trying URL 'https://bioconductor.org/packages/3.20/bioc/src/contrib/BiocGenerics_0.52.0.tar.gz'
Content type 'application/x-gzip' length 57066 bytes (55 KB)
==================================================
downloaded 55 KB

trying URL 'https://bioconductor.org/packages/3.20/bioc/src/contrib/STRINGdb_2.18.0.tar.gz'
Content type 'application/x-gzip' length 10434098 bytes (10.0 MB)
==================================================
downloaded 10.0 MB

* installing *binary* package ‘bit’ ...
* ‘bit’ was already a binary package and will not be rebuilt
* creating tarball
packaged installation of ‘bit’ as ‘bit_4.6.0_R_x86_64-pc-linux-gnu.tar.gz’
* DONE (bit)
* installing *binary* package ‘blob’ ...
* ‘blob’ was already a binary package and will not be rebuilt
* creating tarball
packaged installation of ‘blob’ as ‘blob_1.2.4_R_x86_64-pc-linux-gnu.tar.gz’
* DONE (blob)
* installing *binary* package ‘plogr’ ...
* ‘plogr’ was already a binary package and will not be rebuilt
* creating tarball
packaged installation of ‘plogr’ as ‘plogr_0.2.0_R_x86_64-pc-linux-gnu.tar.gz’
* DONE (plogr)
* installing *binary* package ‘bitops’ ...
* ‘bitops’ was already a binary package and will not be rebuilt
* creating tarball
packaged installation of ‘bitops’ as ‘bitops_1.0-9_R_x86_64-pc-linux-gnu.tar.gz’
* DONE (bitops)
* installing *binary* package ‘proto’ ...
* ‘proto’ was already a binary package and will not be rebuilt
* creating tarball
packaged installation of ‘proto’ as ‘proto_1.0.0_R_x86_64-pc-linux-gnu.tar.gz’
* DONE (proto)
* installing *binary* package ‘DBI’ ...
* ‘DBI’ was already a binary package and will not be rebuilt
* creating tarball
packaged installation of ‘DBI’ as ‘DBI_1.2.3_R_x86_64-pc-linux-gnu.tar.gz’
* DONE (DBI)
* installing *binary* package ‘chron’ ...
* ‘chron’ was already a binary package and will not be rebuilt
* creating tarball
packaged installation of ‘chron’ as ‘chron_2.3-62_R_x86_64-pc-linux-gnu.tar.gz’
* DONE (chron)
* installing *binary* package ‘gtools’ ...
* ‘gtools’ was already a binary package and will not be rebuilt
* creating tarball
packaged installation of ‘gtools’ as ‘gtools_3.9.5_R_x86_64-pc-linux-gnu.tar.gz’
* DONE (gtools)
* installing *binary* package ‘png’ ...
* ‘png’ was already a binary package and will not be rebuilt
* creating tarball
packaged installation of ‘png’ as ‘png_0.1-8_R_x86_64-pc-linux-gnu.tar.gz’
* DONE (png)
* installing *binary* package ‘plyr’ ...
* ‘plyr’ was already a binary package and will not be rebuilt
* creating tarball
packaged installation of ‘plyr’ as ‘plyr_1.8.9_R_x86_64-pc-linux-gnu.tar.gz’
* DONE (plyr)
* installing *binary* package ‘igraph’ ...
* ‘igraph’ was already a binary package and will not be rebuilt
* creating tarball
packaged installation of ‘igraph’ as ‘igraph_2.1.4_R_x86_64-pc-linux-gnu.tar.gz’
* DONE (igraph)
* installing *binary* package ‘httr’ ...
* ‘httr’ was already a binary package and will not be rebuilt
* creating tarball
packaged installation of ‘httr’ as ‘httr_1.4.7_R_x86_64-pc-linux-gnu.tar.gz’
* DONE (httr)
* installing *binary* package ‘RColorBrewer’ ...
* ‘RColorBrewer’ was already a binary package and will not be rebuilt
* creating tarball
packaged installation of ‘RColorBrewer’ as ‘RColorBrewer_1.1-3_R_x86_64-pc-linux-gnu.tar.gz’
* DONE (RColorBrewer)
* installing *binary* package ‘hash’ ...
* ‘hash’ was already a binary package and will not be rebuilt
* creating tarball
packaged installation of ‘hash’ as ‘hash_2.2.6.3_R_x86_64-pc-linux-gnu.tar.gz’
* DONE (hash)
* installing *binary* package ‘plotrix’ ...
* ‘plotrix’ was already a binary package and will not be rebuilt
* creating tarball
packaged installation of ‘plotrix’ as ‘plotrix_3.8-4_R_x86_64-pc-linux-gnu.tar.gz’
* DONE (plotrix)
* installing *binary* package ‘RUnit’ ...
* ‘RUnit’ was already a binary package and will not be rebuilt
* creating tarball
packaged installation of ‘RUnit’ as ‘RUnit_0.4.33_R_x86_64-pc-linux-gnu.tar.gz’
* DONE (RUnit)
* installing *source* package ‘BiocGenerics’ ...
** package ‘BiocGenerics’ successfully unpacked and MD5 sums checked
** using staged installation
** R
** inst
** byte-compile and prepare package for lazy loading
Creating a new generic function for ‘aperm’ in package ‘BiocGenerics’
Creating a new generic function for ‘append’ in package ‘BiocGenerics’
Creating a new generic function for ‘as.data.frame’ in package ‘BiocGenerics’
Creating a new generic function for ‘cbind’ in package ‘BiocGenerics’
Creating a new generic function for ‘rbind’ in package ‘BiocGenerics’
Creating a new generic function for ‘do.call’ in package ‘BiocGenerics’
Creating a new generic function for ‘duplicated’ in package ‘BiocGenerics’
Creating a new generic function for ‘anyDuplicated’ in package ‘BiocGenerics’
Creating a new generic function for ‘eval’ in package ‘BiocGenerics’
Creating a new generic function for ‘pmax’ in package ‘BiocGenerics’
Creating a new generic function for ‘pmin’ in package ‘BiocGenerics’
Creating a new generic function for ‘pmax.int’ in package ‘BiocGenerics’
Creating a new generic function for ‘pmin.int’ in package ‘BiocGenerics’
Creating a new generic function for ‘Reduce’ in package ‘BiocGenerics’
Creating a new generic function for ‘Filter’ in package ‘BiocGenerics’
Creating a new generic function for ‘Find’ in package ‘BiocGenerics’
Creating a new generic function for ‘Map’ in package ‘BiocGenerics’
Creating a new generic function for ‘Position’ in package ‘BiocGenerics’
Creating a new generic function for ‘get’ in package ‘BiocGenerics’
Creating a new generic function for ‘mget’ in package ‘BiocGenerics’
Creating a new generic function for ‘grep’ in package ‘BiocGenerics’
Creating a new generic function for ‘grepl’ in package ‘BiocGenerics’
Creating a new generic function for ‘is.unsorted’ in package ‘BiocGenerics’
Creating a new generic function for ‘lapply’ in package ‘BiocGenerics’
Creating a new generic function for ‘sapply’ in package ‘BiocGenerics’
Creating a new generic function for ‘mapply’ in package ‘BiocGenerics’
Creating a new generic function for ‘match’ in package ‘BiocGenerics’
Creating a new generic function for ‘order’ in package ‘BiocGenerics’
Creating a new generic function for ‘paste’ in package ‘BiocGenerics’
Creating a new generic function for ‘rank’ in package ‘BiocGenerics’
Creating a new generic function for ‘rownames’ in package ‘BiocGenerics’
Creating a new generic function for ‘colnames’ in package ‘BiocGenerics’
Creating a new generic function for ‘saveRDS’ in package ‘BiocGenerics’
Creating a new generic function for ‘union’ in package ‘BiocGenerics’
Creating a new generic function for ‘intersect’ in package ‘BiocGenerics’
Creating a new generic function for ‘setdiff’ in package ‘BiocGenerics’
Creating a new generic function for ‘table’ in package ‘BiocGenerics’
Creating a new generic function for ‘tapply’ in package ‘BiocGenerics’
Creating a new generic function for ‘unique’ in package ‘BiocGenerics’
Creating a new generic function for ‘unsplit’ in package ‘BiocGenerics’
Creating a new generic function for ‘var’ in package ‘BiocGenerics’
Creating a new generic function for ‘sd’ in package ‘BiocGenerics’
Creating a new generic function for ‘which.min’ in package ‘BiocGenerics’
Creating a new generic function for ‘which.max’ in package ‘BiocGenerics’
Creating a new generic function for ‘IQR’ in package ‘BiocGenerics’
Creating a new generic function for ‘mad’ in package ‘BiocGenerics’
Creating a new generic function for ‘xtabs’ in package ‘BiocGenerics’
Creating a new generic function for ‘basename’ in package ‘BiocGenerics’
Creating a new generic function for ‘dirname’ in package ‘BiocGenerics’
** help
*** installing help indices
** building package indices
** testing if installed package can be loaded from temporary location
** testing if installed package can be loaded from final location
** testing if installed package keeps a record of temporary installation path
* creating tarball
packaged installation of ‘BiocGenerics’ as ‘BiocGenerics_0.52.0_R_x86_64-pc-linux-gnu.tar.gz’
* DONE (BiocGenerics)
* installing *binary* package ‘bit64’ ...
* ‘bit64’ was already a binary package and will not be rebuilt
* creating tarball
packaged installation of ‘bit64’ as ‘bit64_4.6.0-1_R_x86_64-pc-linux-gnu.tar.gz’
* DONE (bit64)
* installing *binary* package ‘gsubfn’ ...
* ‘gsubfn’ was already a binary package and will not be rebuilt
* creating tarball
packaged installation of ‘gsubfn’ as ‘gsubfn_0.7_R_x86_64-pc-linux-gnu.tar.gz’
* DONE (gsubfn)
* installing *binary* package ‘caTools’ ...
* ‘caTools’ was already a binary package and will not be rebuilt
* creating tarball
packaged installation of ‘caTools’ as ‘caTools_1.18.3_R_x86_64-pc-linux-gnu.tar.gz’
* DONE (caTools)
* installing *binary* package ‘RSQLite’ ...
* ‘RSQLite’ was already a binary package and will not be rebuilt
* creating tarball
packaged installation of ‘RSQLite’ as ‘RSQLite_2.3.9_R_x86_64-pc-linux-gnu.tar.gz’
* DONE (RSQLite)
* installing *binary* package ‘gplots’ ...
* ‘gplots’ was already a binary package and will not be rebuilt
* creating tarball
packaged installation of ‘gplots’ as ‘gplots_3.2.0_R_x86_64-pc-linux-gnu.tar.gz’
* DONE (gplots)
* installing *binary* package ‘sqldf’ ...
* ‘sqldf’ was already a binary package and will not be rebuilt
* creating tarball
packaged installation of ‘sqldf’ as ‘sqldf_0.4-11_R_x86_64-pc-linux-gnu.tar.gz’
* DONE (sqldf)
* installing *source* package ‘STRINGdb’ ...
** package ‘STRINGdb’ successfully unpacked and MD5 sums checked
** using staged installation
** R
** data
** inst
** byte-compile and prepare package for lazy loading
** help
*** installing help indices
** building package indices
** installing vignettes
** testing if installed package can be loaded from temporary location
** testing if installed package can be loaded from final location
** testing if installed package keeps a record of temporary installation path
* creating tarball
packaged installation of ‘STRINGdb’ as ‘STRINGdb_2.18.0_R_x86_64-pc-linux-gnu.tar.gz’
* DONE (STRINGdb)

The downloaded source packages are in
	‘/tmp/Rtmp7uMdch/downloaded_packages’
Old packages: 'bslib', 'cli', 'cpp11', 'curl', 'evaluate', 'httr2', 'jsonlite',
  'openssl', 'pillar', 'pkgbuild', 'processx', 'ps', 'purrr', 'R6', 'Rcpp',
  'rlang', 'sessioninfo', 'systemfonts', 'testthat', 'textshaping', 'tinytex',
  'xfun', 'xml2', 'zip', 'class', 'foreign', 'KernSmooth', 'MASS', 'Matrix',
  'nlme', 'nnet', 'rpart', 'spatial'

real	0m25.474s
user	0m15.567s
sys	0m7.327s
