'getOption("repos")' replaces Bioconductor standard repositories, see
'help("repositories", package = "BiocManager")' for details.
Replacement repositories:
    CRAN: https://p3m.dev/cran/__linux__/noble/latest
Bioconductor version 3.20 (BiocManager 1.30.25), R 4.4.2 (2024-10-31)
Installing package(s) 'COMPASS'
also installing the dependencies ‘pdist’, ‘flowWorkspace’, ‘ncdfFlow’, ‘flowWorkspaceData’

trying URL 'https://p3m.dev/cran/__linux__/noble/latest/src/contrib/pdist_1.2.1.tar.gz'
Content type 'binary/octet-stream' length 19198 bytes (18 KB)
==================================================
downloaded 18 KB

trying URL 'https://bioconductor.org/packages/3.20/bioc/src/contrib/flowWorkspace_4.18.0.tar.gz'
Content type 'application/x-gzip' length 5335490 bytes (5.1 MB)
==================================================
downloaded 5.1 MB

trying URL 'https://bioconductor.org/packages/3.20/bioc/src/contrib/ncdfFlow_2.52.1.tar.gz'
Content type 'application/x-gzip' length 204891 bytes (200 KB)
==================================================
downloaded 200 KB

trying URL 'https://bioconductor.org/packages/3.20/data/experiment/src/contrib/flowWorkspaceData_3.18.0.tar.gz'
Content type 'application/x-gzip' length 74609409 bytes (71.2 MB)
==================================================
downloaded 71.2 MB

trying URL 'https://bioconductor.org/packages/3.20/bioc/src/contrib/COMPASS_1.44.0.tar.gz'
Content type 'application/x-gzip' length 1328561 bytes (1.3 MB)
==================================================
downloaded 1.3 MB

* installing *binary* package ‘pdist’ ...
* ‘pdist’ was already a binary package and will not be rebuilt
* creating tarball
packaged installation of ‘pdist’ as ‘pdist_1.2.1_R_x86_64-pc-linux-gnu.tar.gz’
* DONE (pdist)
* installing *source* package ‘ncdfFlow’ ...
** package ‘ncdfFlow’ successfully unpacked and MD5 sums checked
** using staged installation
** libs
using C++ compiler: ‘g++ (Ubuntu 13.3.0-6ubuntu2~24.04) 13.3.0’
using C++11
g++ -std=gnu++11 -I"/usr/local/lib/R/include" -DNDEBUG  -I'/usr/local/lib/R/site-library/cpp11/include' -I'/mnt/library/BH/include' -I'/mnt/library/Rhdf5lib/include' -I/usr/local/include    -fpic  -g -O2 -fstack-protector-strong -Wformat -Wformat-security -Wdate-time -D_FORTIFY_SOURCE=2 -g  -DR_NO_REMAP -c cpp11.cpp -o cpp11.o
g++ -std=gnu++11 -I"/usr/local/lib/R/include" -DNDEBUG  -I'/usr/local/lib/R/site-library/cpp11/include' -I'/mnt/library/BH/include' -I'/mnt/library/Rhdf5lib/include' -I/usr/local/include    -fpic  -g -O2 -fstack-protector-strong -Wformat -Wformat-security -Wdate-time -D_FORTIFY_SOURCE=2 -g  -DR_NO_REMAP -c hdfFlow.cpp -o hdfFlow.o
mkdir -p "/mnt/library/00LOCK-ncdfFlow/00new/ncdfFlow/lib"
ar rs "/mnt/library/00LOCK-ncdfFlow/00new/ncdfFlow/lib/libncdfFlow.a" cpp11.o hdfFlow.o
ar: creating /mnt/library/00LOCK-ncdfFlow/00new/ncdfFlow/lib/libncdfFlow.a
g++ -std=gnu++11 -shared -L/usr/local/lib/R/lib -L/usr/local/lib -o ncdfFlow.so cpp11.o hdfFlow.o /mnt/library/Rhdf5lib/lib/libhdf5_cpp.a /mnt/library/Rhdf5lib/lib/libhdf5.a -lcrypto -lcurl -lsz -laec -lz -ldl -lm -L/usr/local/lib/R/lib -lR
installing to /mnt/library/00LOCK-ncdfFlow/00new/ncdfFlow/libs
** R
** inst
** byte-compile and prepare package for lazy loading
** help
*** installing help indices
** building package indices
** installing vignettes
** testing if installed package can be loaded from temporary location
** checking absolute paths in shared objects and dynamic libraries
** testing if installed package can be loaded from final location
** testing if installed package keeps a record of temporary installation path
* creating tarball
packaged installation of ‘ncdfFlow’ as ‘ncdfFlow_2.52.1_R_x86_64-pc-linux-gnu.tar.gz’
* DONE (ncdfFlow)
* installing *source* package ‘flowWorkspaceData’ ...
** using staged installation
** R
** inst
** byte-compile and prepare package for lazy loading
** help
*** installing help indices
** building package indices
** testing if installed package can be loaded from temporary location
** testing if installed package can be loaded from final location
** testing if installed package keeps a record of temporary installation path
* creating tarball
packaged installation of ‘flowWorkspaceData’ as ‘flowWorkspaceData_3.18.0_R_x86_64-pc-linux-gnu.tar.gz’
* DONE (flowWorkspaceData)
* installing *source* package ‘flowWorkspace’ ...
** package ‘flowWorkspace’ successfully unpacked and MD5 sums checked
** using staged installation
** libs
using C++ compiler: ‘g++ (Ubuntu 13.3.0-6ubuntu2~24.04) 13.3.0’
using C++17
g++ -std=gnu++17 -I"/usr/local/lib/R/include" -DNDEBUG -DROUT -I../inst/include -DBOOST_NO_AUTO_PTR -Wno-pedantic  -w -Wfatal-errors -I'/usr/local/lib/R/site-library/cpp11/include' -I'/mnt/library/BH/include' -I'/mnt/library/RProtoBufLib/include' -I'/mnt/library/cytolib/include' -I'/mnt/library/Rhdf5lib/include' -I/usr/local/include    -fpic  -g -O2 -fstack-protector-strong -Wformat -Wformat-security -Wdate-time -D_FORTIFY_SOURCE=2 -g  -DR_NO_REMAP -c R_API.cpp -o R_API.o
g++ -std=gnu++17 -I"/usr/local/lib/R/include" -DNDEBUG -DROUT -I../inst/include -DBOOST_NO_AUTO_PTR -Wno-pedantic  -w -Wfatal-errors -I'/usr/local/lib/R/site-library/cpp11/include' -I'/mnt/library/BH/include' -I'/mnt/library/RProtoBufLib/include' -I'/mnt/library/cytolib/include' -I'/mnt/library/Rhdf5lib/include' -I/usr/local/include    -fpic  -g -O2 -fstack-protector-strong -Wformat -Wformat-security -Wdate-time -D_FORTIFY_SOURCE=2 -g  -DR_NO_REMAP -c R_GatingHierarchy.cpp -o R_GatingHierarchy.o
g++ -std=gnu++17 -I"/usr/local/lib/R/include" -DNDEBUG -DROUT -I../inst/include -DBOOST_NO_AUTO_PTR -Wno-pedantic  -w -Wfatal-errors -I'/usr/local/lib/R/site-library/cpp11/include' -I'/mnt/library/BH/include' -I'/mnt/library/RProtoBufLib/include' -I'/mnt/library/cytolib/include' -I'/mnt/library/Rhdf5lib/include' -I/usr/local/include    -fpic  -g -O2 -fstack-protector-strong -Wformat -Wformat-security -Wdate-time -D_FORTIFY_SOURCE=2 -g  -DR_NO_REMAP -c R_GatingSet.cpp -o R_GatingSet.o
g++ -std=gnu++17 -I"/usr/local/lib/R/include" -DNDEBUG -DROUT -I../inst/include -DBOOST_NO_AUTO_PTR -Wno-pedantic  -w -Wfatal-errors -I'/usr/local/lib/R/site-library/cpp11/include' -I'/mnt/library/BH/include' -I'/mnt/library/RProtoBufLib/include' -I'/mnt/library/cytolib/include' -I'/mnt/library/Rhdf5lib/include' -I/usr/local/include    -fpic  -g -O2 -fstack-protector-strong -Wformat -Wformat-security -Wdate-time -D_FORTIFY_SOURCE=2 -g  -DR_NO_REMAP -c cpp11.cpp -o cpp11.o
g++ -std=gnu++17 -I"/usr/local/lib/R/include" -DNDEBUG -DROUT -I../inst/include -DBOOST_NO_AUTO_PTR -Wno-pedantic  -w -Wfatal-errors -I'/usr/local/lib/R/site-library/cpp11/include' -I'/mnt/library/BH/include' -I'/mnt/library/RProtoBufLib/include' -I'/mnt/library/cytolib/include' -I'/mnt/library/Rhdf5lib/include' -I/usr/local/include    -fpic  -g -O2 -fstack-protector-strong -Wformat -Wformat-security -Wdate-time -D_FORTIFY_SOURCE=2 -g  -DR_NO_REMAP -c cytoframeAPI.cpp -o cytoframeAPI.o
g++ -std=gnu++17 -I"/usr/local/lib/R/include" -DNDEBUG -DROUT -I../inst/include -DBOOST_NO_AUTO_PTR -Wno-pedantic  -w -Wfatal-errors -I'/usr/local/lib/R/site-library/cpp11/include' -I'/mnt/library/BH/include' -I'/mnt/library/RProtoBufLib/include' -I'/mnt/library/cytolib/include' -I'/mnt/library/Rhdf5lib/include' -I/usr/local/include    -fpic  -g -O2 -fstack-protector-strong -Wformat -Wformat-security -Wdate-time -D_FORTIFY_SOURCE=2 -g  -DR_NO_REMAP -c cytosetAPI.cpp -o cytosetAPI.o
g++ -std=gnu++17 -I"/usr/local/lib/R/include" -DNDEBUG -DROUT -I../inst/include -DBOOST_NO_AUTO_PTR -Wno-pedantic  -w -Wfatal-errors -I'/usr/local/lib/R/site-library/cpp11/include' -I'/mnt/library/BH/include' -I'/mnt/library/RProtoBufLib/include' -I'/mnt/library/cytolib/include' -I'/mnt/library/Rhdf5lib/include' -I/usr/local/include    -fpic  -g -O2 -fstack-protector-strong -Wformat -Wformat-security -Wdate-time -D_FORTIFY_SOURCE=2 -g  -DR_NO_REMAP -c getDescendants.cpp -o getDescendants.o
g++ -std=gnu++17 -I"/usr/local/lib/R/include" -DNDEBUG -DROUT -I../inst/include -DBOOST_NO_AUTO_PTR -Wno-pedantic  -w -Wfatal-errors -I'/usr/local/lib/R/site-library/cpp11/include' -I'/mnt/library/BH/include' -I'/mnt/library/RProtoBufLib/include' -I'/mnt/library/cytolib/include' -I'/mnt/library/Rhdf5lib/include' -I/usr/local/include    -fpic  -g -O2 -fstack-protector-strong -Wformat -Wformat-security -Wdate-time -D_FORTIFY_SOURCE=2 -g  -DR_NO_REMAP -c getPopStats.cpp -o getPopStats.o
g++ -std=gnu++17 -I"/usr/local/lib/R/include" -DNDEBUG -DROUT -I../inst/include -DBOOST_NO_AUTO_PTR -Wno-pedantic  -w -Wfatal-errors -I'/usr/local/lib/R/site-library/cpp11/include' -I'/mnt/library/BH/include' -I'/mnt/library/RProtoBufLib/include' -I'/mnt/library/cytolib/include' -I'/mnt/library/Rhdf5lib/include' -I/usr/local/include    -fpic  -g -O2 -fstack-protector-strong -Wformat -Wformat-security -Wdate-time -D_FORTIFY_SOURCE=2 -g  -DR_NO_REMAP -c getSingleCellExpression.cpp -o getSingleCellExpression.o
g++ -std=gnu++17 -I"/usr/local/lib/R/include" -DNDEBUG -DROUT -I../inst/include -DBOOST_NO_AUTO_PTR -Wno-pedantic  -w -Wfatal-errors -I'/usr/local/lib/R/site-library/cpp11/include' -I'/mnt/library/BH/include' -I'/mnt/library/RProtoBufLib/include' -I'/mnt/library/cytolib/include' -I'/mnt/library/Rhdf5lib/include' -I/usr/local/include    -fpic  -g -O2 -fstack-protector-strong -Wformat -Wformat-security -Wdate-time -D_FORTIFY_SOURCE=2 -g  -DR_NO_REMAP -c h5_error_r_handler.cpp -o h5_error_r_handler.o
g++ -std=gnu++17 -I"/usr/local/lib/R/include" -DNDEBUG -DROUT -I../inst/include -DBOOST_NO_AUTO_PTR -Wno-pedantic  -w -Wfatal-errors -I'/usr/local/lib/R/site-library/cpp11/include' -I'/mnt/library/BH/include' -I'/mnt/library/RProtoBufLib/include' -I'/mnt/library/cytolib/include' -I'/mnt/library/Rhdf5lib/include' -I/usr/local/include    -fpic  -g -O2 -fstack-protector-strong -Wformat -Wformat-security -Wdate-time -D_FORTIFY_SOURCE=2 -g  -DR_NO_REMAP -c setCounts.cpp -o setCounts.o
g++ -std=gnu++17 -shared -L/usr/local/lib/R/lib -L/usr/local/lib -o flowWorkspace.so R_API.o R_GatingHierarchy.o R_GatingSet.o cpp11.o cytoframeAPI.o cytosetAPI.o getDescendants.o getPopStats.o getSingleCellExpression.o h5_error_r_handler.o setCounts.o /mnt/library/cytolib/lib/libcytolib.a /mnt/library/Rhdf5lib/lib/libhdf5_cpp.a /mnt/library/Rhdf5lib/lib/libhdf5.a -lcrypto -lcurl -lsz -laec -lz -ldl -lm -llapack -lblas -L/usr/local/lib/R/lib -lR
installing to /mnt/library/00LOCK-flowWorkspace/00new/flowWorkspace/libs
** R
** inst
** byte-compile and prepare package for lazy loading
** help
*** installing help indices
** building package indices
** installing vignettes
** testing if installed package can be loaded from temporary location
** checking absolute paths in shared objects and dynamic libraries
** testing if installed package can be loaded from final location
** testing if installed package keeps a record of temporary installation path
* creating tarball
packaged installation of ‘flowWorkspace’ as ‘flowWorkspace_4.18.0_R_x86_64-pc-linux-gnu.tar.gz’
* DONE (flowWorkspace)
* installing *source* package ‘COMPASS’ ...
** package ‘COMPASS’ successfully unpacked and MD5 sums checked
** using staged installation
** libs
using C compiler: ‘gcc (Ubuntu 13.3.0-6ubuntu2~24.04) 13.3.0’
using C++ compiler: ‘g++ (Ubuntu 13.3.0-6ubuntu2~24.04) 13.3.0’
gcc -I"/usr/local/lib/R/include" -DNDEBUG  -I'/usr/local/lib/R/site-library/Rcpp/include' -I/usr/local/include    -fpic  -g -O2 -fstack-protector-strong -Wformat -Wformat-security -Wdate-time -D_FORTIFY_SOURCE=2 -g  -c COMPASS_init.c -o COMPASS_init.o
g++ -std=gnu++17 -I"/usr/local/lib/R/include" -DNDEBUG  -I'/usr/local/lib/R/site-library/Rcpp/include' -I/usr/local/include    -fpic  -g -O2 -fstack-protector-strong -Wformat -Wformat-security -Wdate-time -D_FORTIFY_SOURCE=2 -g  -DR_NO_REMAP -c CellCounts.cpp -o CellCounts.o
g++ -std=gnu++17 -I"/usr/local/lib/R/include" -DNDEBUG  -I'/usr/local/lib/R/site-library/Rcpp/include' -I/usr/local/include    -fpic  -g -O2 -fstack-protector-strong -Wformat -Wformat-security -Wdate-time -D_FORTIFY_SOURCE=2 -g  -DR_NO_REMAP -c CellCounts_character.cpp -o CellCounts_character.o
g++ -std=gnu++17 -I"/usr/local/lib/R/include" -DNDEBUG  -I'/usr/local/lib/R/site-library/Rcpp/include' -I/usr/local/include    -fpic  -g -O2 -fstack-protector-strong -Wformat -Wformat-security -Wdate-time -D_FORTIFY_SOURCE=2 -g  -DR_NO_REMAP -c RcppExports.cpp -o RcppExports.o
gcc -I"/usr/local/lib/R/include" -DNDEBUG  -I'/usr/local/lib/R/site-library/Rcpp/include' -I/usr/local/include    -fpic  -g -O2 -fstack-protector-strong -Wformat -Wformat-security -Wdate-time -D_FORTIFY_SOURCE=2 -g  -c digamma.c -o digamma.o
gcc -I"/usr/local/lib/R/include" -DNDEBUG  -I'/usr/local/lib/R/site-library/Rcpp/include' -I/usr/local/include    -fpic  -g -O2 -fstack-protector-strong -Wformat -Wformat-security -Wdate-time -D_FORTIFY_SOURCE=2 -g  -c mat2vec.c -o mat2vec.o
gcc -I"/usr/local/lib/R/include" -DNDEBUG  -I'/usr/local/lib/R/site-library/Rcpp/include' -I/usr/local/include    -fpic  -g -O2 -fstack-protector-strong -Wformat -Wformat-security -Wdate-time -D_FORTIFY_SOURCE=2 -g  -c melt_dataframe.c -o melt_dataframe.o
gcc -I"/usr/local/lib/R/include" -DNDEBUG  -I'/usr/local/lib/R/site-library/Rcpp/include' -I/usr/local/include    -fpic  -g -O2 -fstack-protector-strong -Wformat -Wformat-security -Wdate-time -D_FORTIFY_SOURCE=2 -g  -c melt_matrix.c -o melt_matrix.o
g++ -std=gnu++17 -I"/usr/local/lib/R/include" -DNDEBUG  -I'/usr/local/lib/R/site-library/Rcpp/include' -I/usr/local/include    -fpic  -g -O2 -fstack-protector-strong -Wformat -Wformat-security -Wdate-time -D_FORTIFY_SOURCE=2 -g  -DR_NO_REMAP -c samplePuPs.cpp -o samplePuPs.o
gcc -I"/usr/local/lib/R/include" -DNDEBUG  -I'/usr/local/lib/R/site-library/Rcpp/include' -I/usr/local/include    -fpic  -g -O2 -fstack-protector-strong -Wformat -Wformat-security -Wdate-time -D_FORTIFY_SOURCE=2 -g  -c transpose_list.c -o transpose_list.o
g++ -std=gnu++17 -I"/usr/local/lib/R/include" -DNDEBUG  -I'/usr/local/lib/R/site-library/Rcpp/include' -I/usr/local/include    -fpic  -g -O2 -fstack-protector-strong -Wformat -Wformat-security -Wdate-time -D_FORTIFY_SOURCE=2 -g  -DR_NO_REMAP -c updatealphas_Exp.cpp -o updatealphas_Exp.o
g++ -std=gnu++17 -I"/usr/local/lib/R/include" -DNDEBUG  -I'/usr/local/lib/R/site-library/Rcpp/include' -I/usr/local/include    -fpic  -g -O2 -fstack-protector-strong -Wformat -Wformat-security -Wdate-time -D_FORTIFY_SOURCE=2 -g  -DR_NO_REMAP -c updatealphas_Exp_MH.cpp -o updatealphas_Exp_MH.o
g++ -std=gnu++17 -I"/usr/local/lib/R/include" -DNDEBUG  -I'/usr/local/lib/R/site-library/Rcpp/include' -I/usr/local/include    -fpic  -g -O2 -fstack-protector-strong -Wformat -Wformat-security -Wdate-time -D_FORTIFY_SOURCE=2 -g  -DR_NO_REMAP -c updatealphau.cpp -o updatealphau.o
g++ -std=gnu++17 -I"/usr/local/lib/R/include" -DNDEBUG  -I'/usr/local/lib/R/site-library/Rcpp/include' -I/usr/local/include    -fpic  -g -O2 -fstack-protector-strong -Wformat -Wformat-security -Wdate-time -D_FORTIFY_SOURCE=2 -g  -DR_NO_REMAP -c updatealphau_noPu_Exp.cpp -o updatealphau_noPu_Exp.o
g++ -std=gnu++17 -I"/usr/local/lib/R/include" -DNDEBUG  -I'/usr/local/lib/R/site-library/Rcpp/include' -I/usr/local/include    -fpic  -g -O2 -fstack-protector-strong -Wformat -Wformat-security -Wdate-time -D_FORTIFY_SOURCE=2 -g  -DR_NO_REMAP -c updatealphau_noPu_Exp_MH.cpp -o updatealphau_noPu_Exp_MH.o
g++ -std=gnu++17 -I"/usr/local/lib/R/include" -DNDEBUG  -I'/usr/local/lib/R/site-library/Rcpp/include' -I/usr/local/include    -fpic  -g -O2 -fstack-protector-strong -Wformat -Wformat-security -Wdate-time -D_FORTIFY_SOURCE=2 -g  -DR_NO_REMAP -c updatebeta_RW.cpp -o updatebeta_RW.o
g++ -std=gnu++17 -I"/usr/local/lib/R/include" -DNDEBUG  -I'/usr/local/lib/R/site-library/Rcpp/include' -I/usr/local/include    -fpic  -g -O2 -fstack-protector-strong -Wformat -Wformat-security -Wdate-time -D_FORTIFY_SOURCE=2 -g  -DR_NO_REMAP -c updategammak_noPu.cpp -o updategammak_noPu.o
gcc -I"/usr/local/lib/R/include" -DNDEBUG  -I'/usr/local/lib/R/site-library/Rcpp/include' -I/usr/local/include    -fpic  -g -O2 -fstack-protector-strong -Wformat -Wformat-security -Wdate-time -D_FORTIFY_SOURCE=2 -g  -c utils.c -o utils.o
g++ -std=gnu++17 -shared -L/usr/local/lib/R/lib -L/usr/local/lib -o COMPASS.so COMPASS_init.o CellCounts.o CellCounts_character.o RcppExports.o digamma.o mat2vec.o melt_dataframe.o melt_matrix.o samplePuPs.o transpose_list.o updatealphas_Exp.o updatealphas_Exp_MH.o updatealphau.o updatealphau_noPu_Exp.o updatealphau_noPu_Exp_MH.o updatebeta_RW.o updategammak_noPu.o utils.o -llapack -lblas -lgfortran -lm -lquadmath -L/usr/local/lib/R/lib -lR
installing to /mnt/library/00LOCK-COMPASS/00new/COMPASS/libs
** R
** data
*** moving datasets to lazyload DB
** inst
** byte-compile and prepare package for lazy loading
** help
*** installing help indices
** building package indices
** installing vignettes
** testing if installed package can be loaded from temporary location
** checking absolute paths in shared objects and dynamic libraries
** testing if installed package can be loaded from final location
** testing if installed package keeps a record of temporary installation path
* creating tarball
packaged installation of ‘COMPASS’ as ‘COMPASS_1.44.0_R_x86_64-pc-linux-gnu.tar.gz’
* DONE (COMPASS)

The downloaded source packages are in
	‘/tmp/Rtmp7CX6Zh/downloaded_packages’
Old packages: 'bslib', 'cli', 'cpp11', 'curl', 'evaluate', 'httr2', 'jsonlite',
  'openssl', 'pillar', 'pkgbuild', 'processx', 'ps', 'purrr', 'R6', 'Rcpp',
  'rlang', 'sessioninfo', 'systemfonts', 'testthat', 'textshaping', 'tinytex',
  'xfun', 'xml2', 'zip', 'class', 'foreign', 'KernSmooth', 'MASS', 'Matrix',
  'nlme', 'nnet', 'rpart', 'spatial'

real	5m14.985s
user	2m55.544s
sys	0m28.181s
