+ Rscript -e 'Sys.setenv(BIOCONDUCTOR_USE_CONTAINER_REPOSITORY=FALSE);
  p <- .libPaths();
  p <- c('\'''\'', '\'''\'', p);
  .libPaths(p);
  if(BiocManager::install('\''CHETAH'\'', INSTALL_opts = '\''--build'\'', update = TRUE, quiet = FALSE, dependencies=TRUE, force = TRUE, keep_outputs = TRUE) %in% rownames(installed.packages())) q(status = 0) else q(status = 1)'
'getOption("repos")' replaces Bioconductor standard repositories, see
'help("repositories", package = "BiocManager")' for details.
Replacement repositories:
    CRAN: https://cloud.r-project.org
Bioconductor version 3.21 (BiocManager 1.30.25), R 4.5.0 (2025-04-11)
Installing package(s) 'CHETAH'
also installing the dependencies ‘viridis’, ‘pheatmap’, ‘bioDist’, ‘dendextend’, ‘corrplot’, ‘vdiffr’

trying URL 'https://cloud.r-project.org/src/contrib/viridis_0.6.5.tar.gz'
trying URL 'https://cloud.r-project.org/src/contrib/pheatmap_1.0.12.tar.gz'
trying URL 'https://bioconductor.org/packages/3.21/bioc/src/contrib/bioDist_1.80.0.tar.gz'
trying URL 'https://cloud.r-project.org/src/contrib/dendextend_1.19.0.tar.gz'
trying URL 'https://cloud.r-project.org/src/contrib/corrplot_0.95.tar.gz'
trying URL 'https://cloud.r-project.org/src/contrib/vdiffr_1.0.8.tar.gz'
trying URL 'https://bioconductor.org/packages/3.21/bioc/src/contrib/CHETAH_1.24.0.tar.gz'
* installing *source* package ‘viridis’ ...
** this is package ‘viridis’ version ‘0.6.5’
** package ‘viridis’ successfully unpacked and MD5 sums checked
** using staged installation
** R
** data
*** moving datasets to lazyload DB
** inst
** byte-compile and prepare package for lazy loading
** help
*** installing help indices
*** copying figures
** building package indices
** installing vignettes
** testing if installed package can be loaded from temporary location
** testing if installed package can be loaded from final location
** testing if installed package keeps a record of temporary installation path
* creating tarball
packaged installation of ‘viridis’ as ‘viridis_0.6.5_R_x86_64-pc-linux-gnu.tar.gz’
* DONE (viridis)
* installing *source* package ‘pheatmap’ ...
** this is package ‘pheatmap’ version ‘1.0.12’
** package ‘pheatmap’ successfully unpacked and MD5 sums checked
** using staged installation
** R
** byte-compile and prepare package for lazy loading
** help
*** installing help indices
** building package indices
** testing if installed package can be loaded from temporary location
** testing if installed package can be loaded from final location
** testing if installed package keeps a record of temporary installation path
* creating tarball
packaged installation of ‘pheatmap’ as ‘pheatmap_1.0.12_R_x86_64-pc-linux-gnu.tar.gz’
* DONE (pheatmap)
* installing *source* package ‘bioDist’ ...
** this is package ‘bioDist’ version ‘1.80.0’
** using staged installation
** R
** inst
** byte-compile and prepare package for lazy loading
** help
*** installing help indices
** building package indices
** installing vignettes
** testing if installed package can be loaded from temporary location
** testing if installed package can be loaded from final location
** testing if installed package keeps a record of temporary installation path
* creating tarball
packaged installation of ‘bioDist’ as ‘bioDist_1.80.0_R_x86_64-pc-linux-gnu.tar.gz’
* DONE (bioDist)
* installing *source* package ‘corrplot’ ...
** this is package ‘corrplot’ version ‘0.95’
** package ‘corrplot’ successfully unpacked and MD5 sums checked
** using staged installation
** R
** inst
** byte-compile and prepare package for lazy loading
** help
*** installing help indices
** building package indices
** installing vignettes
** testing if installed package can be loaded from temporary location
** testing if installed package can be loaded from final location
** testing if installed package keeps a record of temporary installation path
* creating tarball
packaged installation of ‘corrplot’ as ‘corrplot_0.95_R_x86_64-pc-linux-gnu.tar.gz’
* DONE (corrplot)
* installing *source* package ‘vdiffr’ ...
** this is package ‘vdiffr’ version ‘1.0.8’
** package ‘vdiffr’ successfully unpacked and MD5 sums checked
** using staged installation
** libs
using C++ compiler: ‘g++ (Ubuntu 11.4.0-1ubuntu1~22.04) 11.4.0’
using C++11
g++ -std=gnu++11 -I"/usr/share/R/include" -DNDEBUG  -I'/usr/local/lib/R/site-library/cpp11/include'     -fpic  -g -O2 -ffile-prefix-map=/build/r-base-rgGXCp/r-base-4.5.0=. -fstack-protector-strong -Wformat -Werror=format-security -Wdate-time -D_FORTIFY_SOURCE=2   -c compare.cpp -o compare.o
g++ -std=gnu++11 -I"/usr/share/R/include" -DNDEBUG  -I'/usr/local/lib/R/site-library/cpp11/include'     -fpic  -g -O2 -ffile-prefix-map=/build/r-base-rgGXCp/r-base-4.5.0=. -fstack-protector-strong -Wformat -Werror=format-security -Wdate-time -D_FORTIFY_SOURCE=2   -c cpp11.cpp -o cpp11.o
g++ -std=gnu++11 -I"/usr/share/R/include" -DNDEBUG  -I'/usr/local/lib/R/site-library/cpp11/include'     -fpic  -g -O2 -ffile-prefix-map=/build/r-base-rgGXCp/r-base-4.5.0=. -fstack-protector-strong -Wformat -Werror=format-security -Wdate-time -D_FORTIFY_SOURCE=2   -c devSVG.cpp -o devSVG.o
g++ -std=gnu++11 -I"/usr/share/R/include" -DNDEBUG  -I'/usr/local/lib/R/site-library/cpp11/include'     -fpic  -g -O2 -ffile-prefix-map=/build/r-base-rgGXCp/r-base-4.5.0=. -fstack-protector-strong -Wformat -Werror=format-security -Wdate-time -D_FORTIFY_SOURCE=2   -c engine_version.cpp -o engine_version.o
g++ -std=gnu++11 -shared -L/usr/lib/R/lib -Wl,-Bsymbolic-functions -flto=auto -ffat-lto-objects -flto=auto -Wl,-z,relro -o vdiffr.so compare.o cpp11.o devSVG.o engine_version.o -lpng -lz -L/usr/lib/R/lib -lR
installing to /usr/local/lib/R/site-library/00LOCK-vdiffr/00new/vdiffr/libs
** R
** inst
** byte-compile and prepare package for lazy loading
** help
*** installing help indices
*** copying figures
** building package indices
** testing if installed package can be loaded from temporary location
** checking absolute paths in shared objects and dynamic libraries
** testing if installed package can be loaded from final location
** testing if installed package keeps a record of temporary installation path
* creating tarball
packaged installation of ‘vdiffr’ as ‘vdiffr_1.0.8_R_x86_64-pc-linux-gnu.tar.gz’
* DONE (vdiffr)
* installing *source* package ‘dendextend’ ...
** this is package ‘dendextend’ version ‘1.19.0’
** package ‘dendextend’ successfully unpacked and MD5 sums checked
** using staged installation
** R
** data
*** moving datasets to lazyload DB
** demo
** inst
** byte-compile and prepare package for lazy loading
** help
*** installing help indices
** building package indices
** installing vignettes
** testing if installed package can be loaded from temporary location
** testing if installed package can be loaded from final location
** testing if installed package keeps a record of temporary installation path
* creating tarball
packaged installation of ‘dendextend’ as ‘dendextend_1.19.0_R_x86_64-pc-linux-gnu.tar.gz’
* DONE (dendextend)
* installing *source* package ‘CHETAH’ ...
** this is package ‘CHETAH’ version ‘1.24.0’
** using staged installation
** R
** data
** inst
** byte-compile and prepare package for lazy loading
** help
*** installing help indices
** building package indices
** installing vignettes
** testing if installed package can be loaded from temporary location
** testing if installed package can be loaded from final location
** testing if installed package keeps a record of temporary installation path
* creating tarball
packaged installation of ‘CHETAH’ as ‘CHETAH_1.24.0_R_x86_64-pc-linux-gnu.tar.gz’
* DONE (CHETAH)

The downloaded source packages are in
	‘/tmp/RtmprjHgmD/downloaded_packages’
Old packages: 'cli', 'DelayedArray', 'diffobj', 'edgeR', 'globals',
  'parallelly', 'pkgdown', 'RcppArmadillo', 'RSQLite', 'scales', 'sctransform',
  'Seurat', 'SeuratObject', 'SingleCellExperiment', 'spatstat.univar',
  'SummarizedExperiment', 'systemfonts', 'textshaping', 'utf8'

real	0m58.947s
user	0m48.928s
sys	0m25.033s
