+ Rscript -e 'Sys.setenv(BIOCONDUCTOR_USE_CONTAINER_REPOSITORY=FALSE);
  p <- .libPaths();
  p <- c('\'''\'', '\'''\'', p);
  .libPaths(p);
  if(BiocManager::install('\''xcms'\'', INSTALL_opts = '\''--build'\'', update = TRUE, quiet = FALSE, dependencies=TRUE, force = TRUE, keep_outputs = TRUE) %in% rownames(installed.packages())) q(status = 0) else q(status = 1)'
'getOption("repos")' replaces Bioconductor standard repositories, see
'help("repositories", package = "BiocManager")' for details.
Replacement repositories:
    CRAN: https://p3m.dev/cran/__linux__/noble/latest
Bioconductor version 3.20 (BiocManager 1.30.25), R 4.4.2 (2024-10-31)
Installing package(s) 'xcms'
also installing the dependencies ‘generics’, ‘formatR’, ‘statmod’, ‘colorspace’, ‘httr’, ‘BiocBaseUtils’, ‘dplyr’, ‘crosstalk’, ‘data.table’, ‘lambda.r’, ‘futile.options’, ‘igraph’, ‘limma’, ‘affyio’, ‘zlibbioc’, ‘XML’, ‘doParallel’, ‘foreach’, ‘iterators’, ‘isoband’, ‘farver’, ‘labeling’, ‘munsell’, ‘viridisLite’, ‘matrixStats’, ‘XVector’, ‘UCSC.utils’, ‘GenomeInfoDbData’, ‘abind’, ‘SparseArray’, ‘MultiAssayExperiment’, ‘AnnotationFilter’, ‘lazyeval’, ‘plotly’, ‘tidyr’, ‘tidyselect’, ‘reshape2’, ‘futile.logger’, ‘snow’, ‘BH’, ‘PSMatch’, ‘plyr’, ‘vsn’, ‘affy’, ‘impute’, ‘pcaMethods’, ‘mzID’, ‘ggplot2’, ‘scales’, ‘Rhdf5lib’, ‘MatrixGenerics’, ‘GenomicRanges’, ‘GenomeInfoDb’, ‘S4Arrays’, ‘DelayedArray’, ‘clue’, ‘QFeatures’, ‘DBI’, ‘hms’, ‘bookdown’, ‘bitops’, ‘gtable’, ‘BiocParallel’, ‘MSnbase’, ‘mzR’, ‘Biobase’, ‘BiocGenerics’, ‘ProtGenerics’, ‘MassSpecWavelet’, ‘S4Vectors’, ‘IRanges’, ‘SummarizedExperiment’, ‘MsCoreUtils’, ‘MsFeatures’, ‘MsExperiment’, ‘Spectra’, ‘progress’, ‘RColorBrewer’, ‘MetaboCoreUtils’, ‘BiocStyle’, ‘caTools’, ‘faahKO’, ‘msdata’, ‘ncdf4’, ‘pander’, ‘MALDIquant’, ‘pheatmap’, ‘RANN’, ‘multtest’, ‘MsBackendMgf’, ‘signal’

trying URL 'https://p3m.dev/cran/__linux__/noble/latest/src/contrib/generics_0.1.3.tar.gz'
Content type 'binary/octet-stream' length 81013 bytes (79 KB)
==================================================
downloaded 79 KB

trying URL 'https://p3m.dev/cran/__linux__/noble/latest/src/contrib/formatR_1.14.tar.gz'
Content type 'binary/octet-stream' length 151517 bytes (147 KB)
==================================================
downloaded 147 KB

trying URL 'https://p3m.dev/cran/__linux__/noble/latest/src/contrib/statmod_1.5.0.tar.gz'
Content type 'binary/octet-stream' length 315370 bytes (307 KB)
==================================================
downloaded 307 KB

trying URL 'https://p3m.dev/cran/__linux__/noble/latest/src/contrib/colorspace_2.1-1.tar.gz'
Content type 'binary/octet-stream' length 2626614 bytes (2.5 MB)
==================================================
downloaded 2.5 MB

trying URL 'https://p3m.dev/cran/__linux__/noble/latest/src/contrib/httr_1.4.7.tar.gz'
Content type 'binary/octet-stream' length 484006 bytes (472 KB)
==================================================
downloaded 472 KB

trying URL 'https://bioconductor.org/packages/3.20/bioc/src/contrib/BiocBaseUtils_1.8.0.tar.gz'
Content type 'application/x-gzip' length 232413 bytes (226 KB)
==================================================
downloaded 226 KB

trying URL 'https://p3m.dev/cran/__linux__/noble/latest/src/contrib/dplyr_1.1.4.tar.gz'
Content type 'binary/octet-stream' length 1491332 bytes (1.4 MB)
==================================================
downloaded 1.4 MB

trying URL 'https://p3m.dev/cran/__linux__/noble/latest/src/contrib/crosstalk_1.2.1.tar.gz'
Content type 'binary/octet-stream' length 410648 bytes (401 KB)
==================================================
downloaded 401 KB

trying URL 'https://p3m.dev/cran/__linux__/noble/latest/src/contrib/data.table_1.17.0.tar.gz'
Content type 'binary/octet-stream' length 2695704 bytes (2.6 MB)
==================================================
downloaded 2.6 MB

trying URL 'https://p3m.dev/cran/__linux__/noble/latest/src/contrib/lambda.r_1.2.4.tar.gz'
Content type 'binary/octet-stream' length 110485 bytes (107 KB)
==================================================
downloaded 107 KB

trying URL 'https://p3m.dev/cran/__linux__/noble/latest/src/contrib/futile.options_1.0.1.tar.gz'
Content type 'binary/octet-stream' length 18448 bytes (18 KB)
==================================================
downloaded 18 KB

trying URL 'https://p3m.dev/cran/__linux__/noble/latest/src/contrib/igraph_2.1.4.tar.gz'
Content type 'binary/octet-stream' length 5555697 bytes (5.3 MB)
==================================================
downloaded 5.3 MB

trying URL 'https://bioconductor.org/packages/3.20/bioc/src/contrib/limma_3.62.2.tar.gz'
Content type 'application/x-gzip' length 2823335 bytes (2.7 MB)
==================================================
downloaded 2.7 MB

trying URL 'https://bioconductor.org/packages/3.20/bioc/src/contrib/affyio_1.76.0.tar.gz'
Content type 'application/x-gzip' length 111795 bytes (109 KB)
==================================================
downloaded 109 KB

trying URL 'https://bioconductor.org/packages/3.20/bioc/src/contrib/zlibbioc_1.52.0.tar.gz'
Content type 'application/x-gzip' length 384828 bytes (375 KB)
==================================================
downloaded 375 KB

trying URL 'https://p3m.dev/cran/__linux__/noble/latest/src/contrib/XML_3.99-0.18.tar.gz'
Content type 'binary/octet-stream' length 1815093 bytes (1.7 MB)
==================================================
downloaded 1.7 MB

trying URL 'https://p3m.dev/cran/__linux__/noble/latest/src/contrib/doParallel_1.0.17.tar.gz'
Content type 'binary/octet-stream' length 188136 bytes (183 KB)
==================================================
downloaded 183 KB

trying URL 'https://p3m.dev/cran/__linux__/noble/latest/src/contrib/foreach_1.5.2.tar.gz'
Content type 'binary/octet-stream' length 139753 bytes (136 KB)
==================================================
downloaded 136 KB

trying URL 'https://p3m.dev/cran/__linux__/noble/latest/src/contrib/iterators_1.0.14.tar.gz'
Content type 'binary/octet-stream' length 346510 bytes (338 KB)
==================================================
downloaded 338 KB

trying URL 'https://p3m.dev/cran/__linux__/noble/latest/src/contrib/isoband_0.2.7.tar.gz'
Content type 'binary/octet-stream' length 1644325 bytes (1.6 MB)
==================================================
downloaded 1.6 MB

trying URL 'https://p3m.dev/cran/__linux__/noble/latest/src/contrib/farver_2.1.2.tar.gz'
Content type 'binary/octet-stream' length 1466627 bytes (1.4 MB)
==================================================
downloaded 1.4 MB

trying URL 'https://p3m.dev/cran/__linux__/noble/latest/src/contrib/labeling_0.4.3.tar.gz'
Content type 'binary/octet-stream' length 60952 bytes (59 KB)
==================================================
downloaded 59 KB

trying URL 'https://p3m.dev/cran/__linux__/noble/latest/src/contrib/munsell_0.5.1.tar.gz'
Content type 'binary/octet-stream' length 243099 bytes (237 KB)
==================================================
downloaded 237 KB

trying URL 'https://p3m.dev/cran/__linux__/noble/latest/src/contrib/viridisLite_0.4.2.tar.gz'
Content type 'binary/octet-stream' length 1297555 bytes (1.2 MB)
==================================================
downloaded 1.2 MB

trying URL 'https://p3m.dev/cran/__linux__/noble/latest/src/contrib/matrixStats_1.5.0.tar.gz'
Content type 'binary/octet-stream' length 475041 bytes (463 KB)
==================================================
downloaded 463 KB

trying URL 'https://bioconductor.org/packages/3.20/bioc/src/contrib/XVector_0.46.0.tar.gz'
Content type 'application/x-gzip' length 70185 bytes (68 KB)
==================================================
downloaded 68 KB

trying URL 'https://bioconductor.org/packages/3.20/bioc/src/contrib/UCSC.utils_1.2.0.tar.gz'
Content type 'application/x-gzip' length 236888 bytes (231 KB)
==================================================
downloaded 231 KB

trying URL 'https://bioconductor.org/packages/3.20/data/annotation/src/contrib/GenomeInfoDbData_1.2.13.tar.gz'
Content type 'application/x-gzip' length 12924272 bytes (12.3 MB)
==================================================
downloaded 12.3 MB

trying URL 'https://p3m.dev/cran/__linux__/noble/latest/src/contrib/abind_1.4-8.tar.gz'
Content type 'binary/octet-stream' length 64944 bytes (63 KB)
==================================================
downloaded 63 KB

trying URL 'https://bioconductor.org/packages/3.20/bioc/src/contrib/SparseArray_1.6.2.tar.gz'
Content type 'application/x-gzip' length 468696 bytes (457 KB)
==================================================
downloaded 457 KB

trying URL 'https://bioconductor.org/packages/3.20/bioc/src/contrib/MultiAssayExperiment_1.32.0.tar.gz'
Content type 'application/x-gzip' length 1224754 bytes (1.2 MB)
==================================================
downloaded 1.2 MB

trying URL 'https://bioconductor.org/packages/3.20/bioc/src/contrib/AnnotationFilter_1.30.0.tar.gz'
Content type 'application/x-gzip' length 325433 bytes (317 KB)
==================================================
downloaded 317 KB

trying URL 'https://p3m.dev/cran/__linux__/noble/latest/src/contrib/lazyeval_0.2.2.tar.gz'
Content type 'binary/octet-stream' length 157375 bytes (153 KB)
==================================================
downloaded 153 KB

trying URL 'https://p3m.dev/cran/__linux__/noble/latest/src/contrib/plotly_4.10.4.tar.gz'
Content type 'binary/octet-stream' length 3174154 bytes (3.0 MB)
==================================================
downloaded 3.0 MB

trying URL 'https://p3m.dev/cran/__linux__/noble/latest/src/contrib/tidyr_1.3.1.tar.gz'
Content type 'binary/octet-stream' length 1177490 bytes (1.1 MB)
==================================================
downloaded 1.1 MB

trying URL 'https://p3m.dev/cran/__linux__/noble/latest/src/contrib/tidyselect_1.2.1.tar.gz'
Content type 'binary/octet-stream' length 225331 bytes (220 KB)
==================================================
downloaded 220 KB

trying URL 'https://p3m.dev/cran/__linux__/noble/latest/src/contrib/reshape2_1.4.4.tar.gz'
Content type 'binary/octet-stream' length 123102 bytes (120 KB)
==================================================
downloaded 120 KB

trying URL 'https://p3m.dev/cran/__linux__/noble/latest/src/contrib/futile.logger_1.4.3.tar.gz'
Content type 'binary/octet-stream' length 97342 bytes (95 KB)
==================================================
downloaded 95 KB

trying URL 'https://p3m.dev/cran/__linux__/noble/latest/src/contrib/snow_0.4-4.tar.gz'
Content type 'binary/octet-stream' length 96930 bytes (94 KB)
==================================================
downloaded 94 KB

trying URL 'https://p3m.dev/cran/__linux__/noble/latest/src/contrib/BH_1.87.0-1.tar.gz'
Content type 'binary/octet-stream' length 13349384 bytes (12.7 MB)
==================================================
downloaded 12.7 MB

trying URL 'https://bioconductor.org/packages/3.20/bioc/src/contrib/PSMatch_1.10.0.tar.gz'
Content type 'application/x-gzip' length 1529559 bytes (1.5 MB)
==================================================
downloaded 1.5 MB

trying URL 'https://p3m.dev/cran/__linux__/noble/latest/src/contrib/plyr_1.8.9.tar.gz'
Content type 'binary/octet-stream' length 788070 bytes (769 KB)
==================================================
downloaded 769 KB

trying URL 'https://bioconductor.org/packages/3.20/bioc/src/contrib/vsn_3.74.0.tar.gz'
Content type 'application/x-gzip' length 2021698 bytes (1.9 MB)
==================================================
downloaded 1.9 MB

trying URL 'https://bioconductor.org/packages/3.20/bioc/src/contrib/affy_1.84.0.tar.gz'
Content type 'application/x-gzip' length 1770606 bytes (1.7 MB)
==================================================
downloaded 1.7 MB

trying URL 'https://bioconductor.org/packages/3.20/bioc/src/contrib/impute_1.80.0.tar.gz'
Content type 'application/x-gzip' length 641984 bytes (626 KB)
==================================================
downloaded 626 KB

trying URL 'https://bioconductor.org/packages/3.20/bioc/src/contrib/pcaMethods_1.98.0.tar.gz'
Content type 'application/x-gzip' length 1047060 bytes (1022 KB)
==================================================
downloaded 1022 KB

trying URL 'https://bioconductor.org/packages/3.20/bioc/src/contrib/mzID_1.44.0.tar.gz'
Content type 'application/x-gzip' length 597717 bytes (583 KB)
==================================================
downloaded 583 KB

trying URL 'https://p3m.dev/cran/__linux__/noble/latest/src/contrib/ggplot2_3.5.1.tar.gz'
Content type 'binary/octet-stream' length 5005317 bytes (4.8 MB)
==================================================
downloaded 4.8 MB

trying URL 'https://p3m.dev/cran/__linux__/noble/latest/src/contrib/scales_1.3.0.tar.gz'
Content type 'binary/octet-stream' length 710365 bytes (693 KB)
==================================================
downloaded 693 KB

trying URL 'https://bioconductor.org/packages/3.20/bioc/src/contrib/Rhdf5lib_1.28.0.tar.gz'
Content type 'application/x-gzip' length 12065121 bytes (11.5 MB)
==================================================
downloaded 11.5 MB

trying URL 'https://bioconductor.org/packages/3.20/bioc/src/contrib/MatrixGenerics_1.18.1.tar.gz'
Content type 'application/x-gzip' length 34631 bytes (33 KB)
==================================================
downloaded 33 KB

trying URL 'https://bioconductor.org/packages/3.20/bioc/src/contrib/GenomicRanges_1.58.0.tar.gz'
Content type 'application/x-gzip' length 1374658 bytes (1.3 MB)
==================================================
downloaded 1.3 MB

trying URL 'https://bioconductor.org/packages/3.20/bioc/src/contrib/GenomeInfoDb_1.42.3.tar.gz'
Content type 'application/x-gzip' length 3592070 bytes (3.4 MB)
==================================================
downloaded 3.4 MB

trying URL 'https://bioconductor.org/packages/3.20/bioc/src/contrib/S4Arrays_1.6.0.tar.gz'
Content type 'application/x-gzip' length 288435 bytes (281 KB)
==================================================
downloaded 281 KB

trying URL 'https://bioconductor.org/packages/3.20/bioc/src/contrib/DelayedArray_0.32.0.tar.gz'
Content type 'application/x-gzip' length 825598 bytes (806 KB)
==================================================
downloaded 806 KB

trying URL 'https://p3m.dev/cran/__linux__/noble/latest/src/contrib/clue_0.3-66.tar.gz'
Content type 'binary/octet-stream' length 998169 bytes (974 KB)
==================================================
downloaded 974 KB

trying URL 'https://bioconductor.org/packages/3.20/bioc/src/contrib/QFeatures_1.16.0.tar.gz'
Content type 'application/x-gzip' length 3585411 bytes (3.4 MB)
==================================================
downloaded 3.4 MB

trying URL 'https://p3m.dev/cran/__linux__/noble/latest/src/contrib/DBI_1.2.3.tar.gz'
Content type 'binary/octet-stream' length 914707 bytes (893 KB)
==================================================
downloaded 893 KB

trying URL 'https://p3m.dev/cran/__linux__/noble/latest/src/contrib/hms_1.1.3.tar.gz'
Content type 'binary/octet-stream' length 99678 bytes (97 KB)
==================================================
downloaded 97 KB

trying URL 'https://p3m.dev/cran/__linux__/noble/latest/src/contrib/bookdown_0.42.tar.gz'
Content type 'binary/octet-stream' length 1090748 bytes (1.0 MB)
==================================================
downloaded 1.0 MB

trying URL 'https://p3m.dev/cran/__linux__/noble/latest/src/contrib/bitops_1.0-9.tar.gz'
Content type 'binary/octet-stream' length 25879 bytes (25 KB)
==================================================
downloaded 25 KB

trying URL 'https://p3m.dev/cran/__linux__/noble/latest/src/contrib/gtable_0.3.6.tar.gz'
Content type 'binary/octet-stream' length 222627 bytes (217 KB)
==================================================
downloaded 217 KB

trying URL 'https://bioconductor.org/packages/3.20/bioc/src/contrib/BiocParallel_1.40.0.tar.gz'
Content type 'application/x-gzip' length 1000414 bytes (976 KB)
==================================================
downloaded 976 KB

trying URL 'https://bioconductor.org/packages/3.20/bioc/src/contrib/MSnbase_2.32.0.tar.gz'
Content type 'application/x-gzip' length 6551432 bytes (6.2 MB)
==================================================
downloaded 6.2 MB

trying URL 'https://bioconductor.org/packages/3.20/bioc/src/contrib/mzR_2.40.0.tar.gz'
Content type 'application/x-gzip' length 7882404 bytes (7.5 MB)
==================================================
downloaded 7.5 MB

trying URL 'https://bioconductor.org/packages/3.20/bioc/src/contrib/Biobase_2.66.0.tar.gz'
Content type 'application/x-gzip' length 1978998 bytes (1.9 MB)
==================================================
downloaded 1.9 MB

trying URL 'https://bioconductor.org/packages/3.20/bioc/src/contrib/BiocGenerics_0.52.0.tar.gz'
Content type 'application/x-gzip' length 57066 bytes (55 KB)
==================================================
downloaded 55 KB

trying URL 'https://bioconductor.org/packages/3.20/bioc/src/contrib/ProtGenerics_1.38.0.tar.gz'
Content type 'application/x-gzip' length 10780 bytes (10 KB)
==================================================
downloaded 10 KB

trying URL 'https://bioconductor.org/packages/3.20/bioc/src/contrib/MassSpecWavelet_1.72.1.tar.gz'
Content type 'application/x-gzip' length 2275825 bytes (2.2 MB)
==================================================
downloaded 2.2 MB

trying URL 'https://bioconductor.org/packages/3.20/bioc/src/contrib/S4Vectors_0.44.0.tar.gz'
Content type 'application/x-gzip' length 1076666 bytes (1.0 MB)
==================================================
downloaded 1.0 MB

trying URL 'https://bioconductor.org/packages/3.20/bioc/src/contrib/IRanges_2.40.1.tar.gz'
Content type 'application/x-gzip' length 486989 bytes (475 KB)
==================================================
downloaded 475 KB

trying URL 'https://bioconductor.org/packages/3.20/bioc/src/contrib/SummarizedExperiment_1.36.0.tar.gz'
Content type 'application/x-gzip' length 690951 bytes (674 KB)
==================================================
downloaded 674 KB

trying URL 'https://bioconductor.org/packages/3.20/bioc/src/contrib/MsCoreUtils_1.18.0.tar.gz'
Content type 'application/x-gzip' length 425701 bytes (415 KB)
==================================================
downloaded 415 KB

trying URL 'https://bioconductor.org/packages/3.20/bioc/src/contrib/MsFeatures_1.14.0.tar.gz'
Content type 'application/x-gzip' length 1502993 bytes (1.4 MB)
==================================================
downloaded 1.4 MB

trying URL 'https://bioconductor.org/packages/3.20/bioc/src/contrib/MsExperiment_1.8.0.tar.gz'
Content type 'application/x-gzip' length 2011075 bytes (1.9 MB)
==================================================
downloaded 1.9 MB

trying URL 'https://bioconductor.org/packages/3.20/bioc/src/contrib/Spectra_1.16.1.tar.gz'
Content type 'application/x-gzip' length 1894615 bytes (1.8 MB)
==================================================
downloaded 1.8 MB

trying URL 'https://p3m.dev/cran/__linux__/noble/latest/src/contrib/progress_1.2.3.tar.gz'
Content type 'binary/octet-stream' length 86326 bytes (84 KB)
==================================================
downloaded 84 KB

trying URL 'https://p3m.dev/cran/__linux__/noble/latest/src/contrib/RColorBrewer_1.1-3.tar.gz'
Content type 'binary/octet-stream' length 51823 bytes (50 KB)
==================================================
downloaded 50 KB

trying URL 'https://bioconductor.org/packages/3.20/bioc/src/contrib/MetaboCoreUtils_1.14.0.tar.gz'
Content type 'application/x-gzip' length 1342736 bytes (1.3 MB)
==================================================
downloaded 1.3 MB

trying URL 'https://bioconductor.org/packages/3.20/bioc/src/contrib/BiocStyle_2.34.0.tar.gz'
Content type 'application/x-gzip' length 908772 bytes (887 KB)
==================================================
downloaded 887 KB

trying URL 'https://p3m.dev/cran/__linux__/noble/latest/src/contrib/caTools_1.18.3.tar.gz'
Content type 'binary/octet-stream' length 205153 bytes (200 KB)
==================================================
downloaded 200 KB

trying URL 'https://bioconductor.org/packages/3.20/data/experiment/src/contrib/faahKO_1.46.0.tar.gz'
Content type 'application/x-gzip' length 16808447 bytes (16.0 MB)
==================================================
downloaded 16.0 MB

trying URL 'https://bioconductor.org/packages/3.20/data/experiment/src/contrib/msdata_0.46.0.tar.gz'
Content type 'application/x-gzip' length 447124065 bytes (426.4 MB)
==================================================
downloaded 426.4 MB

trying URL 'https://p3m.dev/cran/__linux__/noble/latest/src/contrib/ncdf4_1.23.tar.gz'
Content type 'binary/octet-stream' length 281307 bytes (274 KB)
==================================================
downloaded 274 KB

trying URL 'https://p3m.dev/cran/__linux__/noble/latest/src/contrib/pander_0.6.6.tar.gz'
Content type 'binary/octet-stream' length 926968 bytes (905 KB)
==================================================
downloaded 905 KB

trying URL 'https://p3m.dev/cran/__linux__/noble/latest/src/contrib/MALDIquant_1.22.3.tar.gz'
Content type 'binary/octet-stream' length 2865491 bytes (2.7 MB)
==================================================
downloaded 2.7 MB

trying URL 'https://p3m.dev/cran/__linux__/noble/latest/src/contrib/pheatmap_1.0.12.tar.gz'
Content type 'binary/octet-stream' length 77416 bytes (75 KB)
==================================================
downloaded 75 KB

trying URL 'https://p3m.dev/cran/__linux__/noble/latest/src/contrib/RANN_2.6.2.tar.gz'
Content type 'binary/octet-stream' length 43790 bytes (42 KB)
==================================================
downloaded 42 KB

trying URL 'https://bioconductor.org/packages/3.20/bioc/src/contrib/multtest_2.62.0.tar.gz'
Content type 'application/x-gzip' length 1296359 bytes (1.2 MB)
==================================================
downloaded 1.2 MB

trying URL 'https://bioconductor.org/packages/3.20/bioc/src/contrib/MsBackendMgf_1.14.0.tar.gz'
Content type 'application/x-gzip' length 336069 bytes (328 KB)
==================================================
downloaded 328 KB

trying URL 'https://p3m.dev/cran/__linux__/noble/latest/src/contrib/signal_1.8-1.tar.gz'
Content type 'binary/octet-stream' length 338139 bytes (330 KB)
==================================================
downloaded 330 KB

trying URL 'https://bioconductor.org/packages/3.20/bioc/src/contrib/xcms_4.4.0.tar.gz'
Content type 'application/x-gzip' length 9904107 bytes (9.4 MB)
==================================================
downloaded 9.4 MB

* installing *binary* package ‘generics’ ...
* ‘generics’ was already a binary package and will not be rebuilt
* creating tarball
packaged installation of ‘generics’ as ‘generics_0.1.3_R_x86_64-pc-linux-gnu.tar.gz’
* DONE (generics)
* installing *binary* package ‘formatR’ ...
* ‘formatR’ was already a binary package and will not be rebuilt
* creating tarball
packaged installation of ‘formatR’ as ‘formatR_1.14_R_x86_64-pc-linux-gnu.tar.gz’
* DONE (formatR)
* installing *binary* package ‘statmod’ ...
* ‘statmod’ was already a binary package and will not be rebuilt
* creating tarball
packaged installation of ‘statmod’ as ‘statmod_1.5.0_R_x86_64-pc-linux-gnu.tar.gz’
* DONE (statmod)
* installing *binary* package ‘colorspace’ ...
* ‘colorspace’ was already a binary package and will not be rebuilt
* creating tarball
packaged installation of ‘colorspace’ as ‘colorspace_2.1-1_R_x86_64-pc-linux-gnu.tar.gz’
* DONE (colorspace)
* installing *binary* package ‘httr’ ...
* ‘httr’ was already a binary package and will not be rebuilt
* creating tarball
packaged installation of ‘httr’ as ‘httr_1.4.7_R_x86_64-pc-linux-gnu.tar.gz’
* DONE (httr)
* installing *source* package ‘BiocBaseUtils’ ...
** package ‘BiocBaseUtils’ successfully unpacked and MD5 sums checked
** using staged installation
** R
** inst
** byte-compile and prepare package for lazy loading
** help
*** installing help indices
** building package indices
** installing vignettes
** testing if installed package can be loaded from temporary location
** testing if installed package can be loaded from final location
** testing if installed package keeps a record of temporary installation path
* creating tarball
packaged installation of ‘BiocBaseUtils’ as ‘BiocBaseUtils_1.8.0_R_x86_64-pc-linux-gnu.tar.gz’
* DONE (BiocBaseUtils)
* installing *binary* package ‘data.table’ ...
* ‘data.table’ was already a binary package and will not be rebuilt
* creating tarball
packaged installation of ‘data.table’ as ‘data.table_1.17.0_R_x86_64-pc-linux-gnu.tar.gz’
* DONE (data.table)
* installing *binary* package ‘futile.options’ ...
* ‘futile.options’ was already a binary package and will not be rebuilt
* creating tarball
packaged installation of ‘futile.options’ as ‘futile.options_1.0.1_R_x86_64-pc-linux-gnu.tar.gz’
* DONE (futile.options)
* installing *binary* package ‘igraph’ ...
* ‘igraph’ was already a binary package and will not be rebuilt
* creating tarball
packaged installation of ‘igraph’ as ‘igraph_2.1.4_R_x86_64-pc-linux-gnu.tar.gz’
* DONE (igraph)
* installing *source* package ‘zlibbioc’ ...
** package ‘zlibbioc’ successfully unpacked and MD5 sums checked
** using staged installation
configure: creating ./config.status
config.status: creating src/Makevars
** libs
using C compiler: ‘gcc (Ubuntu 13.3.0-6ubuntu2~24.04) 13.3.0’
mkdir -p "/usr/local/lib/R/site-library/00LOCK-zlibbioc/00new/zlibbioc/include"
gcc -I"/usr/local/lib/R/include" -DNDEBUG   -I/usr/local/include    -fpic  -g -O2 -fstack-protector-strong -Wformat -Wformat-security -Wdate-time -D_FORTIFY_SOURCE=2 -g  -c R_init_zlibbioc.c -o R_init_zlibbioc.o
gcc -shared -L/usr/local/lib/R/lib -L/usr/local/lib -o zlibbioc.so R_init_zlibbioc.o -L/usr/local/lib/R/lib -lR
installing to /usr/local/lib/R/site-library/00LOCK-zlibbioc/00new/zlibbioc/libs
** R
** inst
** byte-compile and prepare package for lazy loading
** help
*** installing help indices
** building package indices
** installing vignettes
** testing if installed package can be loaded from temporary location
Warning in fun(libname, pkgname) :
  Package 'zlibbioc' is deprecated and will be removed from Bioconductor
  version 3.22
** checking absolute paths in shared objects and dynamic libraries
** testing if installed package can be loaded from final location
Warning in fun(libname, pkgname) :
  Package 'zlibbioc' is deprecated and will be removed from Bioconductor
  version 3.22
** testing if installed package keeps a record of temporary installation path
* creating tarball
packaged installation of ‘zlibbioc’ as ‘zlibbioc_1.52.0_R_x86_64-pc-linux-gnu.tar.gz’
* DONE (zlibbioc)
