+ Rscript -e 'Sys.setenv(BIOCONDUCTOR_USE_CONTAINER_REPOSITORY=FALSE);
  p <- .libPaths();
  p <- c('\'''\'', '\'''\'', p);
  .libPaths(p);
  if(BiocManager::install('\''metabCombiner'\'', INSTALL_opts = '\''--build'\'', update = TRUE, quiet = FALSE, dependencies=TRUE, force = TRUE, keep_outputs = TRUE) %in% rownames(installed.packages())) q(status = 0) else q(status = 1)'
'getOption("repos")' replaces Bioconductor standard repositories, see
'help("repositories", package = "BiocManager")' for details.
Replacement repositories:
    CRAN: https://p3m.dev/cran/__linux__/noble/latest
Bioconductor version 3.20 (BiocManager 1.30.25), R 4.4.2 (2024-10-31)
Installing package(s) 'metabCombiner'
also installing the dependencies ‘listenv’, ‘parallelly’, ‘future’, ‘globals’, ‘shape’, ‘future.apply’, ‘numDeriv’, ‘progressr’, ‘SQUAREM’, ‘colorspace’, ‘diagram’, ‘lava’, ‘farver’, ‘labeling’, ‘munsell’, ‘RColorBrewer’, ‘viridisLite’, ‘tzdb’, ‘prodlim’, ‘timechange’, ‘gtable’, ‘isoband’, ‘scales’, ‘proxy’, ‘iterators’, ‘data.table’, ‘clock’, ‘gower’, ‘hardhat’, ‘ipred’, ‘lubridate’, ‘sparsevctrs’, ‘timeDate’, ‘generics’, ‘tidyselect’, ‘ggplot2’, ‘e1071’, ‘foreach’, ‘ModelMetrics’, ‘plyr’, ‘pROC’, ‘recipes’, ‘reshape2’, ‘BiocGenerics’, ‘bookdown’, ‘dplyr’, ‘caret’, ‘S4Vectors’, ‘matrixStats’, ‘tidyr’, ‘BiocStyle’

trying URL 'https://p3m.dev/cran/__linux__/noble/latest/src/contrib/listenv_0.9.1.tar.gz'
Content type 'binary/octet-stream' length 106085 bytes (103 KB)
==================================================
downloaded 103 KB

trying URL 'https://p3m.dev/cran/__linux__/noble/latest/src/contrib/parallelly_1.42.0.tar.gz'
Content type 'binary/octet-stream' length 537560 bytes (524 KB)
==================================================
downloaded 524 KB

trying URL 'https://p3m.dev/cran/__linux__/noble/latest/src/contrib/future_1.34.0.tar.gz'
Content type 'binary/octet-stream' length 656746 bytes (641 KB)
==================================================
downloaded 641 KB

trying URL 'https://p3m.dev/cran/__linux__/noble/latest/src/contrib/globals_0.16.3.tar.gz'
Content type 'binary/octet-stream' length 108280 bytes (105 KB)
==================================================
downloaded 105 KB

trying URL 'https://p3m.dev/cran/__linux__/noble/latest/src/contrib/shape_1.4.6.1.tar.gz'
Content type 'binary/octet-stream' length 750076 bytes (732 KB)
==================================================
downloaded 732 KB

trying URL 'https://p3m.dev/cran/__linux__/noble/latest/src/contrib/future.apply_1.11.3.tar.gz'
Content type 'binary/octet-stream' length 156815 bytes (153 KB)
==================================================
downloaded 153 KB

trying URL 'https://p3m.dev/cran/__linux__/noble/latest/src/contrib/numDeriv_2016.8-1.1.tar.gz'
Content type 'binary/octet-stream' length 114340 bytes (111 KB)
==================================================
downloaded 111 KB

trying URL 'https://p3m.dev/cran/__linux__/noble/latest/src/contrib/progressr_0.15.1.tar.gz'
Content type 'binary/octet-stream' length 395067 bytes (385 KB)
==================================================
downloaded 385 KB

trying URL 'https://p3m.dev/cran/__linux__/noble/latest/src/contrib/SQUAREM_2021.1.tar.gz'
Content type 'binary/octet-stream' length 177955 bytes (173 KB)
==================================================
downloaded 173 KB

trying URL 'https://p3m.dev/cran/__linux__/noble/latest/src/contrib/colorspace_2.1-1.tar.gz'
Content type 'binary/octet-stream' length 2626614 bytes (2.5 MB)
==================================================
downloaded 2.5 MB

trying URL 'https://p3m.dev/cran/__linux__/noble/latest/src/contrib/diagram_1.6.5.tar.gz'
Content type 'binary/octet-stream' length 682418 bytes (666 KB)
==================================================
downloaded 666 KB

trying URL 'https://p3m.dev/cran/__linux__/noble/latest/src/contrib/lava_1.8.1.tar.gz'
Content type 'binary/octet-stream' length 2501684 bytes (2.4 MB)
==================================================
downloaded 2.4 MB

trying URL 'https://p3m.dev/cran/__linux__/noble/latest/src/contrib/farver_2.1.2.tar.gz'
Content type 'binary/octet-stream' length 1466627 bytes (1.4 MB)
==================================================
downloaded 1.4 MB

trying URL 'https://p3m.dev/cran/__linux__/noble/latest/src/contrib/labeling_0.4.3.tar.gz'
Content type 'binary/octet-stream' length 60952 bytes (59 KB)
==================================================
downloaded 59 KB

trying URL 'https://p3m.dev/cran/__linux__/noble/latest/src/contrib/munsell_0.5.1.tar.gz'
Content type 'binary/octet-stream' length 243099 bytes (237 KB)
==================================================
downloaded 237 KB

trying URL 'https://p3m.dev/cran/__linux__/noble/latest/src/contrib/RColorBrewer_1.1-3.tar.gz'
Content type 'binary/octet-stream' length 51823 bytes (50 KB)
==================================================
downloaded 50 KB

trying URL 'https://p3m.dev/cran/__linux__/noble/latest/src/contrib/viridisLite_0.4.2.tar.gz'
Content type 'binary/octet-stream' length 1297555 bytes (1.2 MB)
==================================================
downloaded 1.2 MB

trying URL 'https://p3m.dev/cran/__linux__/noble/latest/src/contrib/tzdb_0.4.0.tar.gz'
Content type 'binary/octet-stream' length 645343 bytes (630 KB)
==================================================
downloaded 630 KB

trying URL 'https://p3m.dev/cran/__linux__/noble/latest/src/contrib/prodlim_2024.06.25.tar.gz'
Content type 'binary/octet-stream' length 418237 bytes (408 KB)
==================================================
downloaded 408 KB

trying URL 'https://p3m.dev/cran/__linux__/noble/latest/src/contrib/timechange_0.3.0.tar.gz'
Content type 'binary/octet-stream' length 174776 bytes (170 KB)
==================================================
downloaded 170 KB

trying URL 'https://p3m.dev/cran/__linux__/noble/latest/src/contrib/gtable_0.3.6.tar.gz'
Content type 'binary/octet-stream' length 222627 bytes (217 KB)
==================================================
downloaded 217 KB

trying URL 'https://p3m.dev/cran/__linux__/noble/latest/src/contrib/isoband_0.2.7.tar.gz'
Content type 'binary/octet-stream' length 1644325 bytes (1.6 MB)
==================================================
downloaded 1.6 MB

trying URL 'https://p3m.dev/cran/__linux__/noble/latest/src/contrib/scales_1.3.0.tar.gz'
Content type 'binary/octet-stream' length 710365 bytes (693 KB)
==================================================
downloaded 693 KB

trying URL 'https://p3m.dev/cran/__linux__/noble/latest/src/contrib/proxy_0.4-27.tar.gz'
Content type 'binary/octet-stream' length 175588 bytes (171 KB)
==================================================
downloaded 171 KB

trying URL 'https://p3m.dev/cran/__linux__/noble/latest/src/contrib/iterators_1.0.14.tar.gz'
Content type 'binary/octet-stream' length 346510 bytes (338 KB)
==================================================
downloaded 338 KB

trying URL 'https://p3m.dev/cran/__linux__/noble/latest/src/contrib/data.table_1.17.0.tar.gz'
Content type 'binary/octet-stream' length 2695704 bytes (2.6 MB)
==================================================
downloaded 2.6 MB

trying URL 'https://p3m.dev/cran/__linux__/noble/latest/src/contrib/clock_0.7.2.tar.gz'
Content type 'binary/octet-stream' length 1930433 bytes (1.8 MB)
==================================================
downloaded 1.8 MB

trying URL 'https://p3m.dev/cran/__linux__/noble/latest/src/contrib/gower_1.0.2.tar.gz'
Content type 'binary/octet-stream' length 207926 bytes (203 KB)
==================================================
downloaded 203 KB

trying URL 'https://p3m.dev/cran/__linux__/noble/latest/src/contrib/hardhat_1.4.1.tar.gz'
Content type 'binary/octet-stream' length 860568 bytes (840 KB)
==================================================
downloaded 840 KB

trying URL 'https://p3m.dev/cran/__linux__/noble/latest/src/contrib/ipred_0.9-15.tar.gz'
Content type 'binary/octet-stream' length 384421 bytes (375 KB)
==================================================
downloaded 375 KB

trying URL 'https://p3m.dev/cran/__linux__/noble/latest/src/contrib/lubridate_1.9.4.tar.gz'
Content type 'binary/octet-stream' length 983330 bytes (960 KB)
==================================================
downloaded 960 KB

trying URL 'https://p3m.dev/cran/__linux__/noble/latest/src/contrib/sparsevctrs_0.3.0.tar.gz'
Content type 'binary/octet-stream' length 197151 bytes (192 KB)
==================================================
downloaded 192 KB

trying URL 'https://p3m.dev/cran/__linux__/noble/latest/src/contrib/timeDate_4041.110.tar.gz'
Content type 'binary/octet-stream' length 1393504 bytes (1.3 MB)
==================================================
downloaded 1.3 MB

trying URL 'https://p3m.dev/cran/__linux__/noble/latest/src/contrib/generics_0.1.3.tar.gz'
Content type 'binary/octet-stream' length 81013 bytes (79 KB)
==================================================
downloaded 79 KB

trying URL 'https://p3m.dev/cran/__linux__/noble/latest/src/contrib/tidyselect_1.2.1.tar.gz'
Content type 'binary/octet-stream' length 225331 bytes (220 KB)
==================================================
downloaded 220 KB

trying URL 'https://p3m.dev/cran/__linux__/noble/latest/src/contrib/ggplot2_3.5.1.tar.gz'
Content type 'binary/octet-stream' length 5005317 bytes (4.8 MB)
==================================================
downloaded 4.8 MB

trying URL 'https://p3m.dev/cran/__linux__/noble/latest/src/contrib/e1071_1.7-16.tar.gz'
Content type 'binary/octet-stream' length 596729 bytes (582 KB)
==================================================
downloaded 582 KB

trying URL 'https://p3m.dev/cran/__linux__/noble/latest/src/contrib/foreach_1.5.2.tar.gz'
Content type 'binary/octet-stream' length 139753 bytes (136 KB)
==================================================
downloaded 136 KB

trying URL 'https://p3m.dev/cran/__linux__/noble/latest/src/contrib/ModelMetrics_1.2.2.2.tar.gz'
Content type 'binary/octet-stream' length 162881 bytes (159 KB)
==================================================
downloaded 159 KB

trying URL 'https://p3m.dev/cran/__linux__/noble/latest/src/contrib/plyr_1.8.9.tar.gz'
Content type 'binary/octet-stream' length 788070 bytes (769 KB)
==================================================
downloaded 769 KB

trying URL 'https://p3m.dev/cran/__linux__/noble/latest/src/contrib/pROC_1.18.5.tar.gz'
Content type 'binary/octet-stream' length 849460 bytes (829 KB)
==================================================
downloaded 829 KB

trying URL 'https://p3m.dev/cran/__linux__/noble/latest/src/contrib/recipes_1.1.1.tar.gz'
Content type 'binary/octet-stream' length 1674311 bytes (1.6 MB)
==================================================
downloaded 1.6 MB

trying URL 'https://p3m.dev/cran/__linux__/noble/latest/src/contrib/reshape2_1.4.4.tar.gz'
Content type 'binary/octet-stream' length 123102 bytes (120 KB)
==================================================
downloaded 120 KB

trying URL 'https://bioconductor.org/packages/3.20/bioc/src/contrib/BiocGenerics_0.52.0.tar.gz'
Content type 'application/x-gzip' length 57066 bytes (55 KB)
==================================================
downloaded 55 KB

trying URL 'https://p3m.dev/cran/__linux__/noble/latest/src/contrib/bookdown_0.42.tar.gz'
Content type 'binary/octet-stream' length 1090748 bytes (1.0 MB)
==================================================
downloaded 1.0 MB

trying URL 'https://p3m.dev/cran/__linux__/noble/latest/src/contrib/dplyr_1.1.4.tar.gz'
Content type 'binary/octet-stream' length 1491332 bytes (1.4 MB)
==================================================
downloaded 1.4 MB

trying URL 'https://p3m.dev/cran/__linux__/noble/latest/src/contrib/caret_7.0-1.tar.gz'
Content type 'binary/octet-stream' length 3595322 bytes (3.4 MB)
==================================================
downloaded 3.4 MB

trying URL 'https://bioconductor.org/packages/3.20/bioc/src/contrib/S4Vectors_0.44.0.tar.gz'
Content type 'application/x-gzip' length 1076666 bytes (1.0 MB)
==================================================
downloaded 1.0 MB

trying URL 'https://p3m.dev/cran/__linux__/noble/latest/src/contrib/matrixStats_1.5.0.tar.gz'
Content type 'binary/octet-stream' length 475041 bytes (463 KB)
==================================================
downloaded 463 KB

trying URL 'https://p3m.dev/cran/__linux__/noble/latest/src/contrib/tidyr_1.3.1.tar.gz'
Content type 'binary/octet-stream' length 1177490 bytes (1.1 MB)
==================================================
downloaded 1.1 MB

trying URL 'https://bioconductor.org/packages/3.20/bioc/src/contrib/BiocStyle_2.34.0.tar.gz'
Content type 'application/x-gzip' length 908772 bytes (887 KB)
==================================================
downloaded 887 KB

trying URL 'https://bioconductor.org/packages/3.20/bioc/src/contrib/metabCombiner_1.16.0.tar.gz'
Content type 'application/x-gzip' length 2712037 bytes (2.6 MB)
==================================================
downloaded 2.6 MB

* installing *binary* package ‘listenv’ ...
* ‘listenv’ was already a binary package and will not be rebuilt
* creating tarball
packaged installation of ‘listenv’ as ‘listenv_0.9.1_R_x86_64-pc-linux-gnu.tar.gz’
* DONE (listenv)
* installing *binary* package ‘parallelly’ ...
* ‘parallelly’ was already a binary package and will not be rebuilt
* creating tarball
packaged installation of ‘parallelly’ as ‘parallelly_1.42.0_R_x86_64-pc-linux-gnu.tar.gz’
* DONE (parallelly)
* installing *binary* package ‘globals’ ...
* ‘globals’ was already a binary package and will not be rebuilt
* creating tarball
packaged installation of ‘globals’ as ‘globals_0.16.3_R_x86_64-pc-linux-gnu.tar.gz’
* DONE (globals)
* installing *binary* package ‘shape’ ...
* ‘shape’ was already a binary package and will not be rebuilt
* creating tarball
packaged installation of ‘shape’ as ‘shape_1.4.6.1_R_x86_64-pc-linux-gnu.tar.gz’
* DONE (shape)
* installing *binary* package ‘numDeriv’ ...
* ‘numDeriv’ was already a binary package and will not be rebuilt
* creating tarball
packaged installation of ‘numDeriv’ as ‘numDeriv_2016.8-1.1_R_x86_64-pc-linux-gnu.tar.gz’
* DONE (numDeriv)
* installing *binary* package ‘progressr’ ...
* ‘progressr’ was already a binary package and will not be rebuilt
* creating tarball
packaged installation of ‘progressr’ as ‘progressr_0.15.1_R_x86_64-pc-linux-gnu.tar.gz’
* DONE (progressr)
* installing *binary* package ‘SQUAREM’ ...
* ‘SQUAREM’ was already a binary package and will not be rebuilt
* creating tarball
packaged installation of ‘SQUAREM’ as ‘SQUAREM_2021.1_R_x86_64-pc-linux-gnu.tar.gz’
* DONE (SQUAREM)
* installing *binary* package ‘colorspace’ ...
* ‘colorspace’ was already a binary package and will not be rebuilt
* creating tarball
packaged installation of ‘colorspace’ as ‘colorspace_2.1-1_R_x86_64-pc-linux-gnu.tar.gz’
* DONE (colorspace)
* installing *binary* package ‘farver’ ...
* ‘farver’ was already a binary package and will not be rebuilt
* creating tarball
packaged installation of ‘farver’ as ‘farver_2.1.2_R_x86_64-pc-linux-gnu.tar.gz’
* DONE (farver)
* installing *binary* package ‘labeling’ ...
* ‘labeling’ was already a binary package and will not be rebuilt
* creating tarball
packaged installation of ‘labeling’ as ‘labeling_0.4.3_R_x86_64-pc-linux-gnu.tar.gz’
* DONE (labeling)
* installing *binary* package ‘RColorBrewer’ ...
* ‘RColorBrewer’ was already a binary package and will not be rebuilt
* creating tarball
packaged installation of ‘RColorBrewer’ as ‘RColorBrewer_1.1-3_R_x86_64-pc-linux-gnu.tar.gz’
* DONE (RColorBrewer)
* installing *binary* package ‘viridisLite’ ...
* ‘viridisLite’ was already a binary package and will not be rebuilt
* creating tarball
packaged installation of ‘viridisLite’ as ‘viridisLite_0.4.2_R_x86_64-pc-linux-gnu.tar.gz’
* DONE (viridisLite)
* installing *binary* package ‘tzdb’ ...
* ‘tzdb’ was already a binary package and will not be rebuilt
* creating tarball
packaged installation of ‘tzdb’ as ‘tzdb_0.4.0_R_x86_64-pc-linux-gnu.tar.gz’
* DONE (tzdb)
* installing *binary* package ‘timechange’ ...
* ‘timechange’ was already a binary package and will not be rebuilt
* creating tarball
packaged installation of ‘timechange’ as ‘timechange_0.3.0_R_x86_64-pc-linux-gnu.tar.gz’
* DONE (timechange)
* installing *binary* package ‘gtable’ ...
* ‘gtable’ was already a binary package and will not be rebuilt
* creating tarball
packaged installation of ‘gtable’ as ‘gtable_0.3.6_R_x86_64-pc-linux-gnu.tar.gz’
* DONE (gtable)
* installing *binary* package ‘isoband’ ...
* ‘isoband’ was already a binary package and will not be rebuilt
* creating tarball
packaged installation of ‘isoband’ as ‘isoband_0.2.7_R_x86_64-pc-linux-gnu.tar.gz’
* DONE (isoband)
* installing *binary* package ‘proxy’ ...
* ‘proxy’ was already a binary package and will not be rebuilt
* creating tarball
packaged installation of ‘proxy’ as ‘proxy_0.4-27_R_x86_64-pc-linux-gnu.tar.gz’
* DONE (proxy)
* installing *binary* package ‘iterators’ ...
* ‘iterators’ was already a binary package and will not be rebuilt
* creating tarball
packaged installation of ‘iterators’ as ‘iterators_1.0.14_R_x86_64-pc-linux-gnu.tar.gz’
* DONE (iterators)
* installing *binary* package ‘data.table’ ...
* ‘data.table’ was already a binary package and will not be rebuilt
* creating tarball
packaged installation of ‘data.table’ as ‘data.table_1.17.0_R_x86_64-pc-linux-gnu.tar.gz’
* DONE (data.table)
* installing *binary* package ‘gower’ ...
* ‘gower’ was already a binary package and will not be rebuilt
* creating tarball
packaged installation of ‘gower’ as ‘gower_1.0.2_R_x86_64-pc-linux-gnu.tar.gz’
* DONE (gower)
* installing *binary* package ‘sparsevctrs’ ...
* ‘sparsevctrs’ was already a binary package and will not be rebuilt
* creating tarball
packaged installation of ‘sparsevctrs’ as ‘sparsevctrs_0.3.0_R_x86_64-pc-linux-gnu.tar.gz’
* DONE (sparsevctrs)
* installing *binary* package ‘timeDate’ ...
* ‘timeDate’ was already a binary package and will not be rebuilt
* creating tarball
packaged installation of ‘timeDate’ as ‘timeDate_4041.110_R_x86_64-pc-linux-gnu.tar.gz’
* DONE (timeDate)
* installing *binary* package ‘generics’ ...
* ‘generics’ was already a binary package and will not be rebuilt
* creating tarball
packaged installation of ‘generics’ as ‘generics_0.1.3_R_x86_64-pc-linux-gnu.tar.gz’
* DONE (generics)
* installing *binary* package ‘tidyselect’ ...
* ‘tidyselect’ was already a binary package and will not be rebuilt
* creating tarball
packaged installation of ‘tidyselect’ as ‘tidyselect_1.2.1_R_x86_64-pc-linux-gnu.tar.gz’
* DONE (tidyselect)
* installing *binary* package ‘plyr’ ...
* ‘plyr’ was already a binary package and will not be rebuilt
* creating tarball
packaged installation of ‘plyr’ as ‘plyr_1.8.9_R_x86_64-pc-linux-gnu.tar.gz’
* DONE (plyr)
* installing *source* package ‘BiocGenerics’ ...
** package ‘BiocGenerics’ successfully unpacked and MD5 sums checked
** using staged installation
** R
** inst
** byte-compile and prepare package for lazy loading
Creating a new generic function for ‘aperm’ in package ‘BiocGenerics’
Creating a new generic function for ‘append’ in package ‘BiocGenerics’
Creating a new generic function for ‘as.data.frame’ in package ‘BiocGenerics’
Creating a new generic function for ‘cbind’ in package ‘BiocGenerics’
Creating a new generic function for ‘rbind’ in package ‘BiocGenerics’
Creating a new generic function for ‘do.call’ in package ‘BiocGenerics’
Creating a new generic function for ‘duplicated’ in package ‘BiocGenerics’
Creating a new generic function for ‘anyDuplicated’ in package ‘BiocGenerics’
Creating a new generic function for ‘eval’ in package ‘BiocGenerics’
Creating a new generic function for ‘pmax’ in package ‘BiocGenerics’
Creating a new generic function for ‘pmin’ in package ‘BiocGenerics’
Creating a new generic function for ‘pmax.int’ in package ‘BiocGenerics’
Creating a new generic function for ‘pmin.int’ in package ‘BiocGenerics’
Creating a new generic function for ‘Reduce’ in package ‘BiocGenerics’
Creating a new generic function for ‘Filter’ in package ‘BiocGenerics’
Creating a new generic function for ‘Find’ in package ‘BiocGenerics’
Creating a new generic function for ‘Map’ in package ‘BiocGenerics’
Creating a new generic function for ‘Position’ in package ‘BiocGenerics’
Creating a new generic function for ‘get’ in package ‘BiocGenerics’
Creating a new generic function for ‘mget’ in package ‘BiocGenerics’
Creating a new generic function for ‘grep’ in package ‘BiocGenerics’
Creating a new generic function for ‘grepl’ in package ‘BiocGenerics’
Creating a new generic function for ‘is.unsorted’ in package ‘BiocGenerics’
Creating a new generic function for ‘lapply’ in package ‘BiocGenerics’
Creating a new generic function for ‘sapply’ in package ‘BiocGenerics’
Creating a new generic function for ‘mapply’ in package ‘BiocGenerics’
Creating a new generic function for ‘match’ in package ‘BiocGenerics’
Creating a new generic function for ‘order’ in package ‘BiocGenerics’
Creating a new generic function for ‘paste’ in package ‘BiocGenerics’
Creating a new generic function for ‘rank’ in package ‘BiocGenerics’
Creating a new generic function for ‘rownames’ in package ‘BiocGenerics’
Creating a new generic function for ‘colnames’ in package ‘BiocGenerics’
Creating a new generic function for ‘saveRDS’ in package ‘BiocGenerics’
Creating a new generic function for ‘union’ in package ‘BiocGenerics’
Creating a new generic function for ‘intersect’ in package ‘BiocGenerics’
Creating a new generic function for ‘setdiff’ in package ‘BiocGenerics’
Creating a new generic function for ‘table’ in package ‘BiocGenerics’
Creating a new generic function for ‘tapply’ in package ‘BiocGenerics’
Creating a new generic function for ‘unique’ in package ‘BiocGenerics’
Creating a new generic function for ‘unsplit’ in package ‘BiocGenerics’
Creating a new generic function for ‘var’ in package ‘BiocGenerics’
Creating a new generic function for ‘sd’ in package ‘BiocGenerics’
Creating a new generic function for ‘which.min’ in package ‘BiocGenerics’
Creating a new generic function for ‘which.max’ in package ‘BiocGenerics’
Creating a new generic function for ‘IQR’ in package ‘BiocGenerics’
Creating a new generic function for ‘mad’ in package ‘BiocGenerics’
Creating a new generic function for ‘xtabs’ in package ‘BiocGenerics’
Creating a new generic function for ‘basename’ in package ‘BiocGenerics’
Creating a new generic function for ‘dirname’ in package ‘BiocGenerics’
** help
*** installing help indices
** building package indices
** testing if installed package can be loaded from temporary location
** testing if installed package can be loaded from final location
** testing if installed package keeps a record of temporary installation path
* creating tarball
packaged installation of ‘BiocGenerics’ as ‘BiocGenerics_0.52.0_R_x86_64-pc-linux-gnu.tar.gz’
* DONE (BiocGenerics)
* installing *binary* package ‘bookdown’ ...
* ‘bookdown’ was already a binary package and will not be rebuilt
* creating tarball
packaged installation of ‘bookdown’ as ‘bookdown_0.42_R_x86_64-pc-linux-gnu.tar.gz’
* DONE (bookdown)
* installing *binary* package ‘matrixStats’ ...
* ‘matrixStats’ was already a binary package and will not be rebuilt
* creating tarball
packaged installation of ‘matrixStats’ as ‘matrixStats_1.5.0_R_x86_64-pc-linux-gnu.tar.gz’
* DONE (matrixStats)
* installing *binary* package ‘future’ ...
* ‘future’ was already a binary package and will not be rebuilt
* creating tarball
packaged installation of ‘future’ as ‘future_1.34.0_R_x86_64-pc-linux-gnu.tar.gz’
* DONE (future)
* installing *binary* package ‘diagram’ ...
* ‘diagram’ was already a binary package and will not be rebuilt
* creating tarball
packaged installation of ‘diagram’ as ‘diagram_1.6.5_R_x86_64-pc-linux-gnu.tar.gz’
* DONE (diagram)
* installing *binary* package ‘munsell’ ...
* ‘munsell’ was already a binary package and will not be rebuilt
* creating tarball
packaged installation of ‘munsell’ as ‘munsell_0.5.1_R_x86_64-pc-linux-gnu.tar.gz’
* DONE (munsell)
* installing *binary* package ‘clock’ ...
* ‘clock’ was already a binary package and will not be rebuilt
* creating tarball
packaged installation of ‘clock’ as ‘clock_0.7.2_R_x86_64-pc-linux-gnu.tar.gz’
* DONE (clock)
* installing *binary* package ‘hardhat’ ...
* ‘hardhat’ was already a binary package and will not be rebuilt
* creating tarball
packaged installation of ‘hardhat’ as ‘hardhat_1.4.1_R_x86_64-pc-linux-gnu.tar.gz’
* DONE (hardhat)
* installing *binary* package ‘lubridate’ ...
* ‘lubridate’ was already a binary package and will not be rebuilt
* creating tarball
packaged installation of ‘lubridate’ as ‘lubridate_1.9.4_R_x86_64-pc-linux-gnu.tar.gz’
* DONE (lubridate)
* installing *binary* package ‘e1071’ ...
* ‘e1071’ was already a binary package and will not be rebuilt
* creating tarball
packaged installation of ‘e1071’ as ‘e1071_1.7-16_R_x86_64-pc-linux-gnu.tar.gz’
* DONE (e1071)
* installing *binary* package ‘foreach’ ...
* ‘foreach’ was already a binary package and will not be rebuilt
* creating tarball
packaged installation of ‘foreach’ as ‘foreach_1.5.2_R_x86_64-pc-linux-gnu.tar.gz’
* DONE (foreach)
* installing *binary* package ‘ModelMetrics’ ...
* ‘ModelMetrics’ was already a binary package and will not be rebuilt
* creating tarball
packaged installation of ‘ModelMetrics’ as ‘ModelMetrics_1.2.2.2_R_x86_64-pc-linux-gnu.tar.gz’
* DONE (ModelMetrics)
* installing *binary* package ‘pROC’ ...
* ‘pROC’ was already a binary package and will not be rebuilt
* creating tarball
packaged installation of ‘pROC’ as ‘pROC_1.18.5_R_x86_64-pc-linux-gnu.tar.gz’
* DONE (pROC)
* installing *binary* package ‘reshape2’ ...
* ‘reshape2’ was already a binary package and will not be rebuilt
* creating tarball
packaged installation of ‘reshape2’ as ‘reshape2_1.4.4_R_x86_64-pc-linux-gnu.tar.gz’
* DONE (reshape2)
* installing *binary* package ‘dplyr’ ...
* ‘dplyr’ was already a binary package and will not be rebuilt
* creating tarball
packaged installation of ‘dplyr’ as ‘dplyr_1.1.4_R_x86_64-pc-linux-gnu.tar.gz’
* DONE (dplyr)
* installing *source* package ‘S4Vectors’ ...
** package ‘S4Vectors’ successfully unpacked and MD5 sums checked
** using staged installation
** libs
using C compiler: ‘gcc (Ubuntu 13.3.0-6ubuntu2~24.04) 13.3.0’
gcc -I"/usr/local/lib/R/include" -DNDEBUG   -I/usr/local/include    -fpic  -g -O2 -fstack-protector-strong -Wformat -Wformat-security -Wdate-time -D_FORTIFY_SOURCE=2 -g  -c AEbufs.c -o AEbufs.o
gcc -I"/usr/local/lib/R/include" -DNDEBUG   -I/usr/local/include    -fpic  -g -O2 -fstack-protector-strong -Wformat -Wformat-security -Wdate-time -D_FORTIFY_SOURCE=2 -g  -c DataFrame_class.c -o DataFrame_class.o
gcc -I"/usr/local/lib/R/include" -DNDEBUG   -I/usr/local/include    -fpic  -g -O2 -fstack-protector-strong -Wformat -Wformat-security -Wdate-time -D_FORTIFY_SOURCE=2 -g  -c Hits_class.c -o Hits_class.o
gcc -I"/usr/local/lib/R/include" -DNDEBUG   -I/usr/local/include    -fpic  -g -O2 -fstack-protector-strong -Wformat -Wformat-security -Wdate-time -D_FORTIFY_SOURCE=2 -g  -c LLint_class.c -o LLint_class.o
gcc -I"/usr/local/lib/R/include" -DNDEBUG   -I/usr/local/include    -fpic  -g -O2 -fstack-protector-strong -Wformat -Wformat-security -Wdate-time -D_FORTIFY_SOURCE=2 -g  -c List_class.c -o List_class.o
gcc -I"/usr/local/lib/R/include" -DNDEBUG   -I/usr/local/include    -fpic  -g -O2 -fstack-protector-strong -Wformat -Wformat-security -Wdate-time -D_FORTIFY_SOURCE=2 -g  -c R_init_S4Vectors.c -o R_init_S4Vectors.o
gcc -I"/usr/local/lib/R/include" -DNDEBUG   -I/usr/local/include    -fpic  -g -O2 -fstack-protector-strong -Wformat -Wformat-security -Wdate-time -D_FORTIFY_SOURCE=2 -g  -c Rle_class.c -o Rle_class.o
gcc -I"/usr/local/lib/R/include" -DNDEBUG   -I/usr/local/include    -fpic  -g -O2 -fstack-protector-strong -Wformat -Wformat-security -Wdate-time -D_FORTIFY_SOURCE=2 -g  -c Rle_utils.c -o Rle_utils.o
gcc -I"/usr/local/lib/R/include" -DNDEBUG   -I/usr/local/include    -fpic  -g -O2 -fstack-protector-strong -Wformat -Wformat-security -Wdate-time -D_FORTIFY_SOURCE=2 -g  -c SEXP_utils.c -o SEXP_utils.o
gcc -I"/usr/local/lib/R/include" -DNDEBUG   -I/usr/local/include    -fpic  -g -O2 -fstack-protector-strong -Wformat -Wformat-security -Wdate-time -D_FORTIFY_SOURCE=2 -g  -c SimpleList_class.c -o SimpleList_class.o
gcc -I"/usr/local/lib/R/include" -DNDEBUG   -I/usr/local/include    -fpic  -g -O2 -fstack-protector-strong -Wformat -Wformat-security -Wdate-time -D_FORTIFY_SOURCE=2 -g  -c anyMissing.c -o anyMissing.o
gcc -I"/usr/local/lib/R/include" -DNDEBUG   -I/usr/local/include    -fpic  -g -O2 -fstack-protector-strong -Wformat -Wformat-security -Wdate-time -D_FORTIFY_SOURCE=2 -g  -c character_utils.c -o character_utils.o
gcc -I"/usr/local/lib/R/include" -DNDEBUG   -I/usr/local/include    -fpic  -g -O2 -fstack-protector-strong -Wformat -Wformat-security -Wdate-time -D_FORTIFY_SOURCE=2 -g  -c eval_utils.c -o eval_utils.o
gcc -I"/usr/local/lib/R/include" -DNDEBUG   -I/usr/local/include    -fpic  -g -O2 -fstack-protector-strong -Wformat -Wformat-security -Wdate-time -D_FORTIFY_SOURCE=2 -g  -c hash_utils.c -o hash_utils.o
gcc -I"/usr/local/lib/R/include" -DNDEBUG   -I/usr/local/include    -fpic  -g -O2 -fstack-protector-strong -Wformat -Wformat-security -Wdate-time -D_FORTIFY_SOURCE=2 -g  -c integer_utils.c -o integer_utils.o
gcc -I"/usr/local/lib/R/include" -DNDEBUG   -I/usr/local/include    -fpic  -g -O2 -fstack-protector-strong -Wformat -Wformat-security -Wdate-time -D_FORTIFY_SOURCE=2 -g  -c logical_utils.c -o logical_utils.o
gcc -I"/usr/local/lib/R/include" -DNDEBUG   -I/usr/local/include    -fpic  -g -O2 -fstack-protector-strong -Wformat -Wformat-security -Wdate-time -D_FORTIFY_SOURCE=2 -g  -c map_ranges_to_runs.c -o map_ranges_to_runs.o
gcc -I"/usr/local/lib/R/include" -DNDEBUG   -I/usr/local/include    -fpic  -g -O2 -fstack-protector-strong -Wformat -Wformat-security -Wdate-time -D_FORTIFY_SOURCE=2 -g  -c raw_utils.c -o raw_utils.o
gcc -I"/usr/local/lib/R/include" -DNDEBUG   -I/usr/local/include    -fpic  -g -O2 -fstack-protector-strong -Wformat -Wformat-security -Wdate-time -D_FORTIFY_SOURCE=2 -g  -c safe_arithm.c -o safe_arithm.o
gcc -I"/usr/local/lib/R/include" -DNDEBUG   -I/usr/local/include    -fpic  -g -O2 -fstack-protector-strong -Wformat -Wformat-security -Wdate-time -D_FORTIFY_SOURCE=2 -g  -c sort_utils.c -o sort_utils.o
gcc -I"/usr/local/lib/R/include" -DNDEBUG   -I/usr/local/include    -fpic  -g -O2 -fstack-protector-strong -Wformat -Wformat-security -Wdate-time -D_FORTIFY_SOURCE=2 -g  -c subsetting_utils.c -o subsetting_utils.o
gcc -I"/usr/local/lib/R/include" -DNDEBUG   -I/usr/local/include    -fpic  -g -O2 -fstack-protector-strong -Wformat -Wformat-security -Wdate-time -D_FORTIFY_SOURCE=2 -g  -c vector_utils.c -o vector_utils.o
gcc -shared -L/usr/local/lib/R/lib -L/usr/local/lib -o S4Vectors.so AEbufs.o DataFrame_class.o Hits_class.o LLint_class.o List_class.o R_init_S4Vectors.o Rle_class.o Rle_utils.o SEXP_utils.o SimpleList_class.o anyMissing.o character_utils.o eval_utils.o hash_utils.o integer_utils.o logical_utils.o map_ranges_to_runs.o raw_utils.o safe_arithm.o sort_utils.o subsetting_utils.o vector_utils.o -L/usr/local/lib/R/lib -lR
installing to /usr/local/lib/R/site-library/00LOCK-S4Vectors/00new/S4Vectors/libs
** R
** inst
** byte-compile and prepare package for lazy loading
in method for ‘normalizeSingleBracketReplacementValue’ with signature ‘"List"’: no definition for class “List”
Creating a new generic function for ‘unname’ in package ‘S4Vectors’
Creating a new generic function for ‘expand.grid’ in package ‘S4Vectors’
Creating a new generic function for ‘findMatches’ in package ‘S4Vectors’
Creating a generic function for ‘setequal’ from package ‘base’ in package ‘S4Vectors’
in method for ‘coerce’ with signature ‘"Hits","DFrame"’: no definition for class “DFrame”
Creating a generic function for ‘as.factor’ from package ‘base’ in package ‘S4Vectors’
Creating a generic function for ‘tabulate’ from package ‘base’ in package ‘S4Vectors’
Creating a generic function for ‘cov’ from package ‘stats’ in package ‘S4Vectors’
Creating a generic function for ‘cor’ from package ‘stats’ in package ‘S4Vectors’
Creating a generic function for ‘smoothEnds’ from package ‘stats’ in package ‘S4Vectors’
Creating a generic function for ‘runmed’ from package ‘stats’ in package ‘S4Vectors’
Creating a generic function for ‘nchar’ from package ‘base’ in package ‘S4Vectors’
Creating a generic function for ‘substr’ from package ‘base’ in package ‘S4Vectors’
Creating a generic function for ‘substring’ from package ‘base’ in package ‘S4Vectors’
Creating a generic function for ‘chartr’ from package ‘base’ in package ‘S4Vectors’
Creating a generic function for ‘tolower’ from package ‘base’ in package ‘S4Vectors’
Creating a generic function for ‘toupper’ from package ‘base’ in package ‘S4Vectors’
Creating a generic function for ‘sub’ from package ‘base’ in package ‘S4Vectors’
Creating a generic function for ‘gsub’ from package ‘base’ in package ‘S4Vectors’
Creating a generic function for ‘nlevels’ from package ‘base’ in package ‘S4Vectors’
in method for ‘coerce’ with signature ‘"data.table","DFrame"’: no definition for class “data.table”
Creating a generic function for ‘complete.cases’ from package ‘stats’ in package ‘S4Vectors’
** help
*** installing help indices
** building package indices
** installing vignettes
** testing if installed package can be loaded from temporary location
** checking absolute paths in shared objects and dynamic libraries
** testing if installed package can be loaded from final location
** testing if installed package keeps a record of temporary installation path
* creating tarball
packaged installation of ‘S4Vectors’ as ‘S4Vectors_0.44.0_R_x86_64-pc-linux-gnu.tar.gz’
* DONE (S4Vectors)
* installing *source* package ‘BiocStyle’ ...
** package ‘BiocStyle’ successfully unpacked and MD5 sums checked
** using staged installation
** R
** inst
** byte-compile and prepare package for lazy loading
** help
*** installing help indices
** building package indices
** installing vignettes
** testing if installed package can be loaded from temporary location
** testing if installed package can be loaded from final location
** testing if installed package keeps a record of temporary installation path
* creating tarball
packaged installation of ‘BiocStyle’ as ‘BiocStyle_2.34.0_R_x86_64-pc-linux-gnu.tar.gz’
* DONE (BiocStyle)
* installing *binary* package ‘future.apply’ ...
* ‘future.apply’ was already a binary package and will not be rebuilt
* creating tarball
packaged installation of ‘future.apply’ as ‘future.apply_1.11.3_R_x86_64-pc-linux-gnu.tar.gz’
* DONE (future.apply)
* installing *binary* package ‘scales’ ...
* ‘scales’ was already a binary package and will not be rebuilt
* creating tarball
packaged installation of ‘scales’ as ‘scales_1.3.0_R_x86_64-pc-linux-gnu.tar.gz’
* DONE (scales)
* installing *binary* package ‘tidyr’ ...
* ‘tidyr’ was already a binary package and will not be rebuilt
* creating tarball
packaged installation of ‘tidyr’ as ‘tidyr_1.3.1_R_x86_64-pc-linux-gnu.tar.gz’
* DONE (tidyr)
* installing *binary* package ‘lava’ ...
* ‘lava’ was already a binary package and will not be rebuilt
* creating tarball
packaged installation of ‘lava’ as ‘lava_1.8.1_R_x86_64-pc-linux-gnu.tar.gz’
* DONE (lava)
* installing *binary* package ‘ggplot2’ ...
* ‘ggplot2’ was already a binary package and will not be rebuilt
* creating tarball
packaged installation of ‘ggplot2’ as ‘ggplot2_3.5.1_R_x86_64-pc-linux-gnu.tar.gz’
* DONE (ggplot2)
* installing *binary* package ‘prodlim’ ...
* ‘prodlim’ was already a binary package and will not be rebuilt
* creating tarball
packaged installation of ‘prodlim’ as ‘prodlim_2024.06.25_R_x86_64-pc-linux-gnu.tar.gz’
* DONE (prodlim)
* installing *binary* package ‘ipred’ ...
* ‘ipred’ was already a binary package and will not be rebuilt
* creating tarball
packaged installation of ‘ipred’ as ‘ipred_0.9-15_R_x86_64-pc-linux-gnu.tar.gz’
* DONE (ipred)
* installing *binary* package ‘recipes’ ...
* ‘recipes’ was already a binary package and will not be rebuilt
* creating tarball
packaged installation of ‘recipes’ as ‘recipes_1.1.1_R_x86_64-pc-linux-gnu.tar.gz’
* DONE (recipes)
* installing *binary* package ‘caret’ ...
* ‘caret’ was already a binary package and will not be rebuilt
* creating tarball
packaged installation of ‘caret’ as ‘caret_7.0-1_R_x86_64-pc-linux-gnu.tar.gz’
* DONE (caret)
* installing *source* package ‘metabCombiner’ ...
** package ‘metabCombiner’ successfully unpacked and MD5 sums checked
** using staged installation
** libs
using C compiler: ‘gcc (Ubuntu 13.3.0-6ubuntu2~24.04) 13.3.0’
gcc -I"/usr/local/lib/R/include" -DNDEBUG   -I/usr/local/include    -fpic  -g -O2 -fstack-protector-strong -Wformat -Wformat-security -Wdate-time -D_FORTIFY_SOURCE=2 -g  -c binByMZ.c -o binByMZ.o
gcc -I"/usr/local/lib/R/include" -DNDEBUG   -I/usr/local/include    -fpic  -g -O2 -fstack-protector-strong -Wformat -Wformat-security -Wdate-time -D_FORTIFY_SOURCE=2 -g  -c duplicates.c -o duplicates.o
gcc -I"/usr/local/lib/R/include" -DNDEBUG   -I/usr/local/include    -fpic  -g -O2 -fstack-protector-strong -Wformat -Wformat-security -Wdate-time -D_FORTIFY_SOURCE=2 -g  -c labelRows.c -o labelRows.o
gcc -I"/usr/local/lib/R/include" -DNDEBUG   -I/usr/local/include    -fpic  -g -O2 -fstack-protector-strong -Wformat -Wformat-security -Wdate-time -D_FORTIFY_SOURCE=2 -g  -c metabCombiner_init.c -o metabCombiner_init.o
gcc -I"/usr/local/lib/R/include" -DNDEBUG   -I/usr/local/include    -fpic  -g -O2 -fstack-protector-strong -Wformat -Wformat-security -Wdate-time -D_FORTIFY_SOURCE=2 -g  -c resolveRows.c -o resolveRows.o
gcc -I"/usr/local/lib/R/include" -DNDEBUG   -I/usr/local/include    -fpic  -g -O2 -fstack-protector-strong -Wformat -Wformat-security -Wdate-time -D_FORTIFY_SOURCE=2 -g  -c selectAnchors.c -o selectAnchors.o
gcc -I"/usr/local/lib/R/include" -DNDEBUG   -I/usr/local/include    -fpic  -g -O2 -fstack-protector-strong -Wformat -Wformat-security -Wdate-time -D_FORTIFY_SOURCE=2 -g  -c write2file.c -o write2file.o
gcc -shared -L/usr/local/lib/R/lib -L/usr/local/lib -o metabCombiner.so binByMZ.o duplicates.o labelRows.o metabCombiner_init.o resolveRows.o selectAnchors.o write2file.o -L/usr/local/lib/R/lib -lR
installing to /usr/local/lib/R/site-library/00LOCK-metabCombiner/00new/metabCombiner/libs
** R
** data
** demo
** inst
** byte-compile and prepare package for lazy loading
** help
*** installing help indices
** building package indices
** installing vignettes
** testing if installed package can be loaded from temporary location
** checking absolute paths in shared objects and dynamic libraries
** testing if installed package can be loaded from final location
** testing if installed package keeps a record of temporary installation path
* creating tarball
packaged installation of ‘metabCombiner’ as ‘metabCombiner_1.16.0_R_x86_64-pc-linux-gnu.tar.gz’
* DONE (metabCombiner)

The downloaded source packages are in
	‘/tmp/RtmpE8jbDR/downloaded_packages’
Old packages: 'bslib', 'cli', 'cpp11', 'curl', 'evaluate', 'httr2', 'jsonlite',
  'openssl', 'pillar', 'pkgbuild', 'processx', 'ps', 'purrr', 'R6', 'Rcpp',
  'rlang', 'sessioninfo', 'systemfonts', 'testthat', 'textshaping', 'tinytex',
  'xfun', 'xml2', 'zip', 'class', 'foreign', 'KernSmooth', 'MASS', 'Matrix',
  'nlme', 'nnet', 'rpart', 'spatial'

real	1m11.487s
user	0m51.378s
sys	0m16.465s
