'getOption("repos")' replaces Bioconductor standard repositories, see
'help("repositories", package = "BiocManager")' for details.
Replacement repositories:
    CRAN: https://p3m.dev/cran/__linux__/noble/latest
Bioconductor version 3.20 (BiocManager 1.30.25), R 4.4.2 (2024-10-31)
Installing package(s) 'immApex'
also installing the dependencies ‘dotty’, ‘keras3’

trying URL 'https://p3m.dev/cran/__linux__/noble/latest/src/contrib/dotty_0.1.0.tar.gz'
Content type 'binary/octet-stream' length 14084 bytes (13 KB)
==================================================
downloaded 13 KB

trying URL 'https://p3m.dev/cran/__linux__/noble/latest/src/contrib/keras3_1.3.0.tar.gz'
Content type 'binary/octet-stream' length 12408109 bytes (11.8 MB)
==================================================
downloaded 11.8 MB

trying URL 'https://bioconductor.org/packages/3.20/bioc/src/contrib/immApex_1.0.5.tar.gz'
Content type 'application/x-gzip' length 2883610 bytes (2.8 MB)
==================================================
downloaded 2.8 MB

* installing *binary* package ‘dotty’ ...
* ‘dotty’ was already a binary package and will not be rebuilt
* creating tarball
packaged installation of ‘dotty’ as ‘dotty_0.1.0_R_x86_64-pc-linux-gnu.tar.gz’
* DONE (dotty)
* installing *binary* package ‘keras3’ ...
* ‘keras3’ was already a binary package and will not be rebuilt
* creating tarball
packaged installation of ‘keras3’ as ‘keras3_1.3.0_R_x86_64-pc-linux-gnu.tar.gz’
* DONE (keras3)
* installing *source* package ‘immApex’ ...
** package ‘immApex’ successfully unpacked and MD5 sums checked
** using staged installation
** R
** data
** inst
** byte-compile and prepare package for lazy loading
** help
*** installing help indices
** building package indices
** installing vignettes
** testing if installed package can be loaded from temporary location
** testing if installed package can be loaded from final location
** testing if installed package keeps a record of temporary installation path
* creating tarball
packaged installation of ‘immApex’ as ‘immApex_1.0.5_R_x86_64-pc-linux-gnu.tar.gz’
* DONE (immApex)

The downloaded source packages are in
	‘/tmp/Rtmptk9EMy/downloaded_packages’
Old packages: 'bslib', 'cli', 'cpp11', 'curl', 'evaluate', 'httr2', 'jsonlite',
  'openssl', 'pillar', 'pkgbuild', 'processx', 'ps', 'purrr', 'R6', 'Rcpp',
  'rlang', 'sessioninfo', 'systemfonts', 'testthat', 'textshaping', 'tinytex',
  'xfun', 'xml2', 'zip', 'class', 'foreign', 'KernSmooth', 'MASS', 'Matrix',
  'nlme', 'nnet', 'rpart', 'spatial'

real	0m59.107s
user	0m27.942s
sys	0m5.576s
