'getOption("repos")' replaces Bioconductor standard repositories, see
'help("repositories", package = "BiocManager")' for details.
Replacement repositories:
    CRAN: https://p3m.dev/cran/__linux__/noble/latest
Bioconductor version 3.20 (BiocManager 1.30.25), R 4.4.2 (2024-10-31)
Installing package(s) 'AnnotationForge'
also installing the dependencies ‘human.db0’, ‘Homo.sapiens’

trying URL 'https://bioconductor.org/packages/3.20/data/annotation/src/contrib/human.db0_3.20.0.tar.gz'
Content type 'application/x-gzip' length 109738805 bytes (104.7 MB)
==================================================
downloaded 104.7 MB

trying URL 'https://bioconductor.org/packages/3.20/data/annotation/src/contrib/Homo.sapiens_1.3.1.tar.gz'
Content type 'application/x-gzip' length 1617 bytes
==================================================
downloaded 1617 bytes

trying URL 'https://bioconductor.org/packages/3.20/bioc/src/contrib/AnnotationForge_1.48.0.tar.gz'
Content type 'application/x-gzip' length 4036023 bytes (3.8 MB)
==================================================
downloaded 3.8 MB

* installing *source* package ‘human.db0’ ...
** using staged installation
** inst
** help
*** installing help indices
** building package indices
** testing if installed package can be loaded from temporary location
** testing if installed package can be loaded from final location
** testing if installed package keeps a record of temporary installation path
* creating tarball
packaged installation of ‘human.db0’ as ‘human.db0_3.20.0_R_x86_64-pc-linux-gnu.tar.gz’
* DONE (human.db0)
* installing *source* package ‘Homo.sapiens’ ...
** using staged installation
** R
** data
** byte-compile and prepare package for lazy loading
** help
*** installing help indices
** building package indices
** testing if installed package can be loaded from temporary location
** testing if installed package can be loaded from final location
** testing if installed package keeps a record of temporary installation path
* creating tarball
packaged installation of ‘Homo.sapiens’ as ‘Homo.sapiens_1.3.1_R_x86_64-pc-linux-gnu.tar.gz’
* DONE (Homo.sapiens)
* installing *source* package ‘AnnotationForge’ ...
** package ‘AnnotationForge’ successfully unpacked and MD5 sums checked
** using staged installation
** R
** inst
** byte-compile and prepare package for lazy loading
** help
*** installing help indices
** building package indices
** installing vignettes
** testing if installed package can be loaded from temporary location
** testing if installed package can be loaded from final location
** testing if installed package keeps a record of temporary installation path
* creating tarball
packaged installation of ‘AnnotationForge’ as ‘AnnotationForge_1.48.0_R_x86_64-pc-linux-gnu.tar.gz’
* DONE (AnnotationForge)

The downloaded source packages are in
	‘/tmp/RtmpyUkHUb/downloaded_packages’
Old packages: 'bslib', 'cli', 'cpp11', 'curl', 'evaluate', 'httr2', 'jsonlite',
  'openssl', 'pillar', 'pkgbuild', 'processx', 'ps', 'purrr', 'R6', 'Rcpp',
  'rlang', 'sessioninfo', 'systemfonts', 'testthat', 'textshaping', 'tinytex',
  'xfun', 'xml2', 'zip', 'class', 'foreign', 'KernSmooth', 'MASS', 'Matrix',
  'nlme', 'nnet', 'rpart', 'spatial'

real	6m25.620s
user	4m25.142s
sys	0m13.992s
