'getOption("repos")' replaces Bioconductor standard repositories, see
'help("repositories", package = "BiocManager")' for details.
Replacement repositories:
    CRAN: https://p3m.dev/cran/__linux__/noble/latest
Bioconductor version 3.20 (BiocManager 1.30.25), R 4.4.2 (2024-10-31)
Installing package(s) 'nnSVG'
also installing the dependency ‘WeberDivechaLCdata’

trying URL 'https://bioconductor.org/packages/3.20/data/experiment/src/contrib/WeberDivechaLCdata_1.8.0.tar.gz'
Content type 'application/x-gzip' length 228986 bytes (223 KB)
==================================================
downloaded 223 KB

trying URL 'https://bioconductor.org/packages/3.20/bioc/src/contrib/nnSVG_1.10.3.tar.gz'
Content type 'application/x-gzip' length 1401723 bytes (1.3 MB)
==================================================
downloaded 1.3 MB

* installing *source* package ‘WeberDivechaLCdata’ ...
** using staged installation
** R
** inst
** byte-compile and prepare package for lazy loading
** help
*** installing help indices
** building package indices
** installing vignettes
** testing if installed package can be loaded from temporary location
** testing if installed package can be loaded from final location
** testing if installed package keeps a record of temporary installation path
* creating tarball
packaged installation of ‘WeberDivechaLCdata’ as ‘WeberDivechaLCdata_1.8.0_R_x86_64-pc-linux-gnu.tar.gz’
* DONE (WeberDivechaLCdata)
* installing *source* package ‘nnSVG’ ...
** package ‘nnSVG’ successfully unpacked and MD5 sums checked
** using staged installation
** R
** inst
** byte-compile and prepare package for lazy loading
** help
*** installing help indices
** building package indices
** installing vignettes
** testing if installed package can be loaded from temporary location
** testing if installed package can be loaded from final location
** testing if installed package keeps a record of temporary installation path
* creating tarball
packaged installation of ‘nnSVG’ as ‘nnSVG_1.10.3_R_x86_64-pc-linux-gnu.tar.gz’
* DONE (nnSVG)

The downloaded source packages are in
	‘/tmp/RtmpaKWGdS/downloaded_packages’
Old packages: 'bslib', 'cli', 'cpp11', 'curl', 'evaluate', 'httr2', 'jsonlite',
  'openssl', 'pillar', 'pkgbuild', 'processx', 'ps', 'purrr', 'R6', 'Rcpp',
  'rlang', 'sessioninfo', 'systemfonts', 'testthat', 'textshaping', 'tinytex',
  'xfun', 'xml2', 'zip', 'class', 'foreign', 'KernSmooth', 'MASS', 'Matrix',
  'nlme', 'nnet', 'rpart', 'spatial'

real	2m0.203s
user	0m48.897s
sys	0m8.439s
