'getOption("repos")' replaces Bioconductor standard repositories, see
'help("repositories", package = "BiocManager")' for details.
Replacement repositories:
    CRAN: https://p3m.dev/cran/__linux__/noble/latest
Bioconductor version 3.20 (BiocManager 1.30.25), R 4.4.2 (2024-10-31)
Installing package(s) 'regionalpcs'
also installing the dependencies ‘bumphunter’, ‘minfi’, ‘IlluminaHumanMethylation450kmanifest’, ‘IlluminaHumanMethylation450kanno.ilmn12.hg19’, ‘minfiData’

trying URL 'https://bioconductor.org/packages/3.20/bioc/src/contrib/bumphunter_1.48.0.tar.gz'
Content type 'application/x-gzip' length 2483243 bytes (2.4 MB)
==================================================
downloaded 2.4 MB

trying URL 'https://bioconductor.org/packages/3.20/bioc/src/contrib/minfi_1.52.1.tar.gz'
Content type 'application/x-gzip' length 517515 bytes (505 KB)
==================================================
downloaded 505 KB

trying URL 'https://bioconductor.org/packages/3.20/data/annotation/src/contrib/IlluminaHumanMethylation450kmanifest_0.4.0.tar.gz'
Content type 'application/x-gzip' length 8726870 bytes (8.3 MB)
==================================================
downloaded 8.3 MB

trying URL 'https://bioconductor.org/packages/3.20/data/annotation/src/contrib/IlluminaHumanMethylation450kanno.ilmn12.hg19_0.6.1.tar.gz'
Content type 'application/x-gzip' length 57892521 bytes (55.2 MB)
==================================================
downloaded 55.2 MB

trying URL 'https://bioconductor.org/packages/3.20/data/experiment/src/contrib/minfiData_0.52.0.tar.gz'
Content type 'application/x-gzip' length 78181896 bytes (74.6 MB)
==================================================
downloaded 74.6 MB

trying URL 'https://bioconductor.org/packages/3.20/bioc/src/contrib/regionalpcs_1.4.0.tar.gz'
Content type 'application/x-gzip' length 481908 bytes (470 KB)
==================================================
downloaded 470 KB

* installing *source* package ‘bumphunter’ ...
** package ‘bumphunter’ successfully unpacked and MD5 sums checked
** using staged installation
** R
** data
*** moving datasets to lazyload DB
** inst
** byte-compile and prepare package for lazy loading
** help
*** installing help indices
** building package indices
** installing vignettes
** testing if installed package can be loaded from temporary location
** testing if installed package can be loaded from final location
** testing if installed package keeps a record of temporary installation path
* creating tarball
packaged installation of ‘bumphunter’ as ‘bumphunter_1.48.0_R_x86_64-pc-linux-gnu.tar.gz’
* DONE (bumphunter)
* installing *source* package ‘regionalpcs’ ...
** package ‘regionalpcs’ successfully unpacked and MD5 sums checked
** using staged installation
** R
** inst
** byte-compile and prepare package for lazy loading
** help
*** installing help indices
*** copying figures
** building package indices
** installing vignettes
** testing if installed package can be loaded from temporary location
** testing if installed package can be loaded from final location
** testing if installed package keeps a record of temporary installation path
* creating tarball
packaged installation of ‘regionalpcs’ as ‘regionalpcs_1.4.0_R_x86_64-pc-linux-gnu.tar.gz’
* DONE (regionalpcs)
* installing *source* package ‘minfi’ ...
** using staged installation
** R
** inst
** byte-compile and prepare package for lazy loading
** help
*** installing help indices
** building package indices
** installing vignettes
** testing if installed package can be loaded from temporary location
** testing if installed package can be loaded from final location
** testing if installed package keeps a record of temporary installation path
* creating tarball
packaged installation of ‘minfi’ as ‘minfi_1.52.1_R_x86_64-pc-linux-gnu.tar.gz’
* DONE (minfi)
* installing *source* package ‘IlluminaHumanMethylation450kmanifest’ ...
** using staged installation
** data
*** moving datasets to lazyload DB
** inst
** help
*** installing help indices
** building package indices
** testing if installed package can be loaded from temporary location
** testing if installed package can be loaded from final location
** testing if installed package keeps a record of temporary installation path
* creating tarball
packaged installation of ‘IlluminaHumanMethylation450kmanifest’ as ‘IlluminaHumanMethylation450kmanifest_0.4.0_R_x86_64-pc-linux-gnu.tar.gz’
* DONE (IlluminaHumanMethylation450kmanifest)
* installing *source* package ‘IlluminaHumanMethylation450kanno.ilmn12.hg19’ ...
** using staged installation
** data
*** moving datasets to lazyload DB
** inst
** help
*** installing help indices
** building package indices
** testing if installed package can be loaded from temporary location
** testing if installed package can be loaded from final location
** testing if installed package keeps a record of temporary installation path
* creating tarball
packaged installation of ‘IlluminaHumanMethylation450kanno.ilmn12.hg19’ as ‘IlluminaHumanMethylation450kanno.ilmn12.hg19_0.6.1_R_x86_64-pc-linux-gnu.tar.gz’
* DONE (IlluminaHumanMethylation450kanno.ilmn12.hg19)
* installing *source* package ‘minfiData’ ...
** using staged installation
** data
*** moving datasets to lazyload DB
** inst
** help
*** installing help indices
** building package indices
** testing if installed package can be loaded from temporary location
** testing if installed package can be loaded from final location
** testing if installed package keeps a record of temporary installation path
* creating tarball
packaged installation of ‘minfiData’ as ‘minfiData_0.52.0_R_x86_64-pc-linux-gnu.tar.gz’
* DONE (minfiData)

The downloaded source packages are in
	‘/tmp/Rtmpxvkg1F/downloaded_packages’
Old packages: 'bslib', 'cli', 'cpp11', 'curl', 'evaluate', 'httr2', 'jsonlite',
  'openssl', 'pillar', 'pkgbuild', 'processx', 'ps', 'purrr', 'R6', 'Rcpp',
  'rlang', 'sessioninfo', 'systemfonts', 'testthat', 'textshaping', 'tinytex',
  'xfun', 'xml2', 'zip', 'class', 'foreign', 'KernSmooth', 'MASS', 'Matrix',
  'nlme', 'nnet', 'rpart', 'spatial'

real	6m37.631s
user	3m39.352s
sys	0m25.720s
