'getOption("repos")' replaces Bioconductor standard repositories, see
'help("repositories", package = "BiocManager")' for details.
Replacement repositories:
    CRAN: https://p3m.dev/cran/__linux__/noble/latest
Bioconductor version 3.20 (BiocManager 1.30.25), R 4.4.2 (2024-10-31)
Installing package(s) 'sincell'
also installing the dependencies ‘XVector’, ‘GenomeInfoDb’, ‘Biostrings’, ‘KEGGREST’, ‘AnnotationDbi’, ‘Biobase’, ‘DDRTree’, ‘BiocGenerics’, ‘HSMMSingleCell’, ‘entropy’, ‘TSP’, ‘fastICA’, ‘biomaRt’, ‘monocle’

trying URL 'https://bioconductor.org/packages/3.20/bioc/src/contrib/XVector_0.46.0.tar.gz'
Content type 'application/x-gzip' length 70185 bytes (68 KB)
==================================================
downloaded 68 KB

trying URL 'https://bioconductor.org/packages/3.20/bioc/src/contrib/GenomeInfoDb_1.42.3.tar.gz'
Content type 'application/x-gzip' length 3592070 bytes (3.4 MB)
==================================================
downloaded 3.4 MB

trying URL 'https://bioconductor.org/packages/3.20/bioc/src/contrib/Biostrings_2.74.1.tar.gz'
Content type 'application/x-gzip' length 12823307 bytes (12.2 MB)
==================================================
downloaded 12.2 MB

trying URL 'https://bioconductor.org/packages/3.20/bioc/src/contrib/KEGGREST_1.46.0.tar.gz'
Content type 'application/x-gzip' length 239655 bytes (234 KB)
==================================================
downloaded 234 KB

trying URL 'https://bioconductor.org/packages/3.20/bioc/src/contrib/AnnotationDbi_1.68.0.tar.gz'
Content type 'application/x-gzip' length 4378038 bytes (4.2 MB)
==================================================
downloaded 4.2 MB

trying URL 'https://bioconductor.org/packages/3.20/bioc/src/contrib/Biobase_2.66.0.tar.gz'
Content type 'application/x-gzip' length 1978998 bytes (1.9 MB)
==================================================
downloaded 1.9 MB

trying URL 'https://p3m.dev/cran/__linux__/noble/latest/src/contrib/DDRTree_0.1.5.tar.gz'
Content type 'binary/octet-stream' length 204266 bytes (199 KB)
==================================================
downloaded 199 KB

trying URL 'https://bioconductor.org/packages/3.20/bioc/src/contrib/BiocGenerics_0.52.0.tar.gz'
Content type 'application/x-gzip' length 57066 bytes (55 KB)
==================================================
downloaded 55 KB

trying URL 'https://bioconductor.org/packages/3.20/data/experiment/src/contrib/HSMMSingleCell_1.26.0.tar.gz'
Content type 'application/x-gzip' length 16875731 bytes (16.1 MB)
==================================================
downloaded 16.1 MB

trying URL 'https://p3m.dev/cran/__linux__/noble/latest/src/contrib/entropy_1.3.1.tar.gz'
Content type 'binary/octet-stream' length 90634 bytes (88 KB)
==================================================
downloaded 88 KB

trying URL 'https://p3m.dev/cran/__linux__/noble/latest/src/contrib/TSP_1.2-4.tar.gz'
Content type 'binary/octet-stream' length 692636 bytes (676 KB)
==================================================
downloaded 676 KB

trying URL 'https://p3m.dev/cran/__linux__/noble/latest/src/contrib/fastICA_1.2-7.tar.gz'
Content type 'binary/octet-stream' length 42251 bytes (41 KB)
==================================================
downloaded 41 KB

trying URL 'https://bioconductor.org/packages/3.20/bioc/src/contrib/biomaRt_2.62.1.tar.gz'
Content type 'application/x-gzip' length 865748 bytes (845 KB)
==================================================
downloaded 845 KB

trying URL 'https://bioconductor.org/packages/3.20/bioc/src/contrib/monocle_2.34.0.tar.gz'
Content type 'application/x-gzip' length 9463822 bytes (9.0 MB)
==================================================
downloaded 9.0 MB

trying URL 'https://bioconductor.org/packages/3.20/bioc/src/contrib/sincell_1.38.0.tar.gz'
Content type 'application/x-gzip' length 1240758 bytes (1.2 MB)
==================================================
downloaded 1.2 MB

* installing *binary* package ‘DDRTree’ ...
* ‘DDRTree’ was already a binary package and will not be rebuilt
* creating tarball
packaged installation of ‘DDRTree’ as ‘DDRTree_0.1.5_R_x86_64-pc-linux-gnu.tar.gz’
* DONE (DDRTree)
ERROR: failed to lock directory ‘/mnt/library’ for modifying
Try removing ‘/mnt/library/00LOCK-BiocGenerics’
* installing *source* package ‘HSMMSingleCell’ ...
** using staged installation
** R
** data
** byte-compile and prepare package for lazy loading
** help
*** installing help indices
** building package indices
** installing vignettes
** testing if installed package can be loaded from temporary location
** testing if installed package can be loaded from final location
** testing if installed package keeps a record of temporary installation path
* creating tarball
packaged installation of ‘HSMMSingleCell’ as ‘HSMMSingleCell_1.26.0_R_x86_64-pc-linux-gnu.tar.gz’
* DONE (HSMMSingleCell)
* installing *binary* package ‘entropy’ ...
* ‘entropy’ was already a binary package and will not be rebuilt
* creating tarball
packaged installation of ‘entropy’ as ‘entropy_1.3.1_R_x86_64-pc-linux-gnu.tar.gz’
* DONE (entropy)
* installing *binary* package ‘TSP’ ...
* ‘TSP’ was already a binary package and will not be rebuilt
* creating tarball
packaged installation of ‘TSP’ as ‘TSP_1.2-4_R_x86_64-pc-linux-gnu.tar.gz’
* DONE (TSP)
* installing *binary* package ‘fastICA’ ...
* ‘fastICA’ was already a binary package and will not be rebuilt
* creating tarball
packaged installation of ‘fastICA’ as ‘fastICA_1.2-7_R_x86_64-pc-linux-gnu.tar.gz’
* DONE (fastICA)
* installing *source* package ‘XVector’ ...
** package ‘XVector’ successfully unpacked and MD5 sums checked
** using staged installation
** libs
using C compiler: ‘gcc (Ubuntu 13.3.0-6ubuntu2~24.04) 13.3.0’
gcc -I"/usr/local/lib/R/include" -DNDEBUG  -I'/mnt/library/S4Vectors/include' -I'/mnt/library/IRanges/include' -I/usr/local/include    -fpic  -g -O2 -fstack-protector-strong -Wformat -Wformat-security -Wdate-time -D_FORTIFY_SOURCE=2 -g  -c IRanges_stubs.c -o IRanges_stubs.o
gcc -I"/usr/local/lib/R/include" -DNDEBUG  -I'/mnt/library/S4Vectors/include' -I'/mnt/library/IRanges/include' -I/usr/local/include    -fpic  -g -O2 -fstack-protector-strong -Wformat -Wformat-security -Wdate-time -D_FORTIFY_SOURCE=2 -g  -c Ocopy_byteblocks.c -o Ocopy_byteblocks.o
gcc -I"/usr/local/lib/R/include" -DNDEBUG  -I'/mnt/library/S4Vectors/include' -I'/mnt/library/IRanges/include' -I/usr/local/include    -fpic  -g -O2 -fstack-protector-strong -Wformat -Wformat-security -Wdate-time -D_FORTIFY_SOURCE=2 -g  -c RDS_random_access.c -o RDS_random_access.o
gcc -I"/usr/local/lib/R/include" -DNDEBUG  -I'/mnt/library/S4Vectors/include' -I'/mnt/library/IRanges/include' -I/usr/local/include    -fpic  -g -O2 -fstack-protector-strong -Wformat -Wformat-security -Wdate-time -D_FORTIFY_SOURCE=2 -g  -c R_init_XVector.c -o R_init_XVector.o
gcc -I"/usr/local/lib/R/include" -DNDEBUG  -I'/mnt/library/S4Vectors/include' -I'/mnt/library/IRanges/include' -I/usr/local/include    -fpic  -g -O2 -fstack-protector-strong -Wformat -Wformat-security -Wdate-time -D_FORTIFY_SOURCE=2 -g  -c S4Vectors_stubs.c -o S4Vectors_stubs.o
gcc -I"/usr/local/lib/R/include" -DNDEBUG  -I'/mnt/library/S4Vectors/include' -I'/mnt/library/IRanges/include' -I/usr/local/include    -fpic  -g -O2 -fstack-protector-strong -Wformat -Wformat-security -Wdate-time -D_FORTIFY_SOURCE=2 -g  -c SharedDouble_class.c -o SharedDouble_class.o
gcc -I"/usr/local/lib/R/include" -DNDEBUG  -I'/mnt/library/S4Vectors/include' -I'/mnt/library/IRanges/include' -I/usr/local/include    -fpic  -g -O2 -fstack-protector-strong -Wformat -Wformat-security -Wdate-time -D_FORTIFY_SOURCE=2 -g  -c SharedInteger_class.c -o SharedInteger_class.o
gcc -I"/usr/local/lib/R/include" -DNDEBUG  -I'/mnt/library/S4Vectors/include' -I'/mnt/library/IRanges/include' -I/usr/local/include    -fpic  -g -O2 -fstack-protector-strong -Wformat -Wformat-security -Wdate-time -D_FORTIFY_SOURCE=2 -g  -c SharedRaw_class.c -o SharedRaw_class.o
gcc -I"/usr/local/lib/R/include" -DNDEBUG  -I'/mnt/library/S4Vectors/include' -I'/mnt/library/IRanges/include' -I/usr/local/include    -fpic  -g -O2 -fstack-protector-strong -Wformat -Wformat-security -Wdate-time -D_FORTIFY_SOURCE=2 -g  -c SharedVector_class.c -o SharedVector_class.o
gcc -I"/usr/local/lib/R/include" -DNDEBUG  -I'/mnt/library/S4Vectors/include' -I'/mnt/library/IRanges/include' -I/usr/local/include    -fpic  -g -O2 -fstack-protector-strong -Wformat -Wformat-security -Wdate-time -D_FORTIFY_SOURCE=2 -g  -c XDouble_class.c -o XDouble_class.o
gcc -I"/usr/local/lib/R/include" -DNDEBUG  -I'/mnt/library/S4Vectors/include' -I'/mnt/library/IRanges/include' -I/usr/local/include    -fpic  -g -O2 -fstack-protector-strong -Wformat -Wformat-security -Wdate-time -D_FORTIFY_SOURCE=2 -g  -c XInteger_class.c -o XInteger_class.o
gcc -I"/usr/local/lib/R/include" -DNDEBUG  -I'/mnt/library/S4Vectors/include' -I'/mnt/library/IRanges/include' -I/usr/local/include    -fpic  -g -O2 -fstack-protector-strong -Wformat -Wformat-security -Wdate-time -D_FORTIFY_SOURCE=2 -g  -c XRawList_comparison.c -o XRawList_comparison.o
gcc -I"/usr/local/lib/R/include" -DNDEBUG  -I'/mnt/library/S4Vectors/include' -I'/mnt/library/IRanges/include' -I/usr/local/include    -fpic  -g -O2 -fstack-protector-strong -Wformat -Wformat-security -Wdate-time -D_FORTIFY_SOURCE=2 -g  -c XRaw_class.c -o XRaw_class.o
gcc -I"/usr/local/lib/R/include" -DNDEBUG  -I'/mnt/library/S4Vectors/include' -I'/mnt/library/IRanges/include' -I/usr/local/include    -fpic  -g -O2 -fstack-protector-strong -Wformat -Wformat-security -Wdate-time -D_FORTIFY_SOURCE=2 -g  -c XVectorList_class.c -o XVectorList_class.o
gcc -I"/usr/local/lib/R/include" -DNDEBUG  -I'/mnt/library/S4Vectors/include' -I'/mnt/library/IRanges/include' -I/usr/local/include    -fpic  -g -O2 -fstack-protector-strong -Wformat -Wformat-security -Wdate-time -D_FORTIFY_SOURCE=2 -g  -c XVector_class.c -o XVector_class.o
gcc -I"/usr/local/lib/R/include" -DNDEBUG  -I'/mnt/library/S4Vectors/include' -I'/mnt/library/IRanges/include' -I/usr/local/include    -fpic  -g -O2 -fstack-protector-strong -Wformat -Wformat-security -Wdate-time -D_FORTIFY_SOURCE=2 -g  -c io_utils.c -o io_utils.o
gcc -I"/usr/local/lib/R/include" -DNDEBUG  -I'/mnt/library/S4Vectors/include' -I'/mnt/library/IRanges/include' -I/usr/local/include    -fpic  -g -O2 -fstack-protector-strong -Wformat -Wformat-security -Wdate-time -D_FORTIFY_SOURCE=2 -g  -c slice_methods.c -o slice_methods.o
gcc -I"/usr/local/lib/R/include" -DNDEBUG  -I'/mnt/library/S4Vectors/include' -I'/mnt/library/IRanges/include' -I/usr/local/include    -fpic  -g -O2 -fstack-protector-strong -Wformat -Wformat-security -Wdate-time -D_FORTIFY_SOURCE=2 -g  -c vector_copy.c -o vector_copy.o
gcc -I"/usr/local/lib/R/include" -DNDEBUG  -I'/mnt/library/S4Vectors/include' -I'/mnt/library/IRanges/include' -I/usr/local/include    -fpic  -g -O2 -fstack-protector-strong -Wformat -Wformat-security -Wdate-time -D_FORTIFY_SOURCE=2 -g  -c view_summarization_methods.c -o view_summarization_methods.o
gcc -shared -L/usr/local/lib/R/lib -L/usr/local/lib -o XVector.so IRanges_stubs.o Ocopy_byteblocks.o RDS_random_access.o R_init_XVector.o S4Vectors_stubs.o SharedDouble_class.o SharedInteger_class.o SharedRaw_class.o SharedVector_class.o XDouble_class.o XInteger_class.o XRawList_comparison.o XRaw_class.o XVectorList_class.o XVector_class.o io_utils.o slice_methods.o vector_copy.o view_summarization_methods.o -lz -L/usr/local/lib/R/lib -lR
installing to /mnt/library/00LOCK-XVector/00new/XVector/libs
** R
** inst
** byte-compile and prepare package for lazy loading
** help
*** installing help indices
** building package indices
** testing if installed package can be loaded from temporary location
Error : package ‘BiocGenerics’ required by ‘XVector’ could not be found
Error: loading failed
Execution halted
ERROR: loading failed
* removing ‘/mnt/library/XVector’
ERROR: dependencies ‘BiocGenerics’, ‘S4Vectors’ are not available for package ‘GenomeInfoDb’
* removing ‘/mnt/library/GenomeInfoDb’
ERROR: dependency ‘BiocGenerics’ is not available for package ‘Biobase’
* removing ‘/mnt/library/Biobase’
* installing *source* package ‘sincell’ ...
** package ‘sincell’ successfully unpacked and MD5 sums checked
** using staged installation
** libs
using C++ compiler: ‘g++ (Ubuntu 13.3.0-6ubuntu2~24.04) 13.3.0’
g++ -std=gnu++17 -I"/usr/local/lib/R/include" -DNDEBUG  -I'/usr/local/lib/R/site-library/Rcpp/include' -I/usr/local/include    -fpic  -g -O2 -fstack-protector-strong -Wformat -Wformat-security -Wdate-time -D_FORTIFY_SOURCE=2 -g  -DR_NO_REMAP -c RcppExports.cpp -o RcppExports.o
g++ -std=gnu++17 -I"/usr/local/lib/R/include" -DNDEBUG  -I'/usr/local/lib/R/site-library/Rcpp/include' -I/usr/local/include    -fpic  -g -O2 -fstack-protector-strong -Wformat -Wformat-security -Wdate-time -D_FORTIFY_SOURCE=2 -g  -DR_NO_REMAP -c pseudoreplicatesbymodel.cpp -o pseudoreplicatesbymodel.o
g++ -std=gnu++17 -I"/usr/local/lib/R/include" -DNDEBUG  -I'/usr/local/lib/R/site-library/Rcpp/include' -I/usr/local/include    -fpic  -g -O2 -fstack-protector-strong -Wformat -Wformat-security -Wdate-time -D_FORTIFY_SOURCE=2 -g  -DR_NO_REMAP -c pseudoreplicatesbynoise.cpp -o pseudoreplicatesbynoise.o
g++ -std=gnu++17 -I"/usr/local/lib/R/include" -DNDEBUG  -I'/usr/local/lib/R/site-library/Rcpp/include' -I/usr/local/include    -fpic  -g -O2 -fstack-protector-strong -Wformat -Wformat-security -Wdate-time -D_FORTIFY_SOURCE=2 -g  -DR_NO_REMAP -c pseudoreplicatesbynoise_cv2.cpp -o pseudoreplicatesbynoise_cv2.o
g++ -std=gnu++17 -I"/usr/local/lib/R/include" -DNDEBUG  -I'/usr/local/lib/R/site-library/Rcpp/include' -I/usr/local/include    -fpic  -g -O2 -fstack-protector-strong -Wformat -Wformat-security -Wdate-time -D_FORTIFY_SOURCE=2 -g  -DR_NO_REMAP -c sstalgorithm.cpp -o sstalgorithm.o
g++ -std=gnu++17 -shared -L/usr/local/lib/R/lib -L/usr/local/lib -o sincell.so RcppExports.o pseudoreplicatesbymodel.o pseudoreplicatesbynoise.o pseudoreplicatesbynoise_cv2.o sstalgorithm.o -L/usr/local/lib/R/lib -lR
installing to /mnt/library/00LOCK-sincell/00new/sincell/libs
** R
** data
** inst
** byte-compile and prepare package for lazy loading
** help
*** installing help indices
** building package indices
** installing vignettes
** testing if installed package can be loaded from temporary location
** checking absolute paths in shared objects and dynamic libraries
** testing if installed package can be loaded from final location
** testing if installed package keeps a record of temporary installation path
* creating tarball
packaged installation of ‘sincell’ as ‘sincell_1.38.0_R_x86_64-pc-linux-gnu.tar.gz’
* DONE (sincell)
ERROR: dependencies ‘S4Vectors’, ‘XVector’, ‘GenomeInfoDb’ are not available for package ‘Biostrings’
* removing ‘/mnt/library/Biostrings’
ERROR: dependency ‘Biobase’ is not available for package ‘monocle’
* removing ‘/mnt/library/monocle’
ERROR: dependency ‘Biostrings’ is not available for package ‘KEGGREST’
* removing ‘/mnt/library/KEGGREST’
ERROR: dependencies ‘Biobase’, ‘S4Vectors’, ‘KEGGREST’ are not available for package ‘AnnotationDbi’
* removing ‘/mnt/library/AnnotationDbi’
ERROR: dependency ‘AnnotationDbi’ is not available for package ‘biomaRt’
* removing ‘/mnt/library/biomaRt’

The downloaded source packages are in
	‘/tmp/RtmpY1zIgH/downloaded_packages’
Old packages: 'bslib', 'cli', 'cpp11', 'curl', 'evaluate', 'httr2', 'jsonlite',
  'openssl', 'pillar', 'pkgbuild', 'processx', 'ps', 'purrr', 'R6', 'Rcpp',
  'rlang', 'sessioninfo', 'systemfonts', 'testthat', 'textshaping', 'tinytex',
  'xfun', 'xml2', 'zip', 'class', 'foreign', 'KernSmooth', 'MASS', 'Matrix',
  'nlme', 'nnet', 'rpart', 'spatial'
Warning messages:
1: In install.packages(...) :
  installation of package ‘BiocGenerics’ had non-zero exit status
2: In install.packages(...) :
  installation of package ‘XVector’ had non-zero exit status
3: In install.packages(...) :
  installation of package ‘GenomeInfoDb’ had non-zero exit status
4: In install.packages(...) :
  installation of package ‘Biobase’ had non-zero exit status
5: In install.packages(...) :
  installation of package ‘Biostrings’ had non-zero exit status
6: In install.packages(...) :
  installation of package ‘monocle’ had non-zero exit status
7: In install.packages(...) :
  installation of package ‘KEGGREST’ had non-zero exit status
8: In install.packages(...) :
  installation of package ‘AnnotationDbi’ had non-zero exit status
9: In install.packages(...) :
  installation of package ‘biomaRt’ had non-zero exit status

real	0m56.271s
user	0m31.939s
sys	0m9.363s
