+ Rscript -e 'Sys.setenv(BIOCONDUCTOR_USE_CONTAINER_REPOSITORY=FALSE);
  p <- .libPaths();
  p <- c('\'''\'', '\'''\'', p);
  .libPaths(p);
  if(BiocManager::install('\''factR'\'', INSTALL_opts = '\''--build'\'', update = TRUE, quiet = FALSE, dependencies=TRUE, force = TRUE, keep_outputs = TRUE) %in% rownames(installed.packages())) q(status = 0) else q(status = 1)'
'getOption("repos")' replaces Bioconductor standard repositories, see
'help("repositories", package = "BiocManager")' for details.
Replacement repositories:
    CRAN: https://cloud.r-project.org
Bioconductor version 3.21 (BiocManager 1.30.25), R 4.5.0 (2025-04-11)
Installing package(s) 'factR'
also installing the dependencies ‘pixmap’, ‘ade4’, ‘segmented’, ‘litedown’, ‘bookdown’, ‘seqinr’, ‘rex’, ‘wiggleplotr’, ‘drawProteins’, ‘BSgenome’, ‘BSgenome.Mmusculus.UCSC.mm10’, ‘markdown’, ‘zeallot’, ‘rmdformats’, ‘bio3d’, ‘signalHsmm’, ‘covr’

trying URL 'https://cloud.r-project.org/src/contrib/pixmap_0.4-13.tar.gz'
trying URL 'https://cloud.r-project.org/src/contrib/ade4_1.7-23.tar.gz'
trying URL 'https://cloud.r-project.org/src/contrib/segmented_2.1-4.tar.gz'
trying URL 'https://cloud.r-project.org/src/contrib/litedown_0.7.tar.gz'
trying URL 'https://cloud.r-project.org/src/contrib/bookdown_0.43.tar.gz'
trying URL 'https://cloud.r-project.org/src/contrib/seqinr_4.2-36.tar.gz'
trying URL 'https://cloud.r-project.org/src/contrib/rex_1.2.1.tar.gz'
trying URL 'https://bioconductor.org/packages/3.21/bioc/src/contrib/wiggleplotr_1.32.0.tar.gz'
trying URL 'https://bioconductor.org/packages/3.21/bioc/src/contrib/drawProteins_1.28.0.tar.gz'
trying URL 'https://bioconductor.org/packages/3.21/bioc/src/contrib/BSgenome_1.76.0.tar.gz'
trying URL 'https://bioconductor.org/packages/3.21/data/annotation/src/contrib/BSgenome.Mmusculus.UCSC.mm10_1.4.3.tar.gz'
trying URL 'https://cloud.r-project.org/src/contrib/markdown_2.0.tar.gz'
trying URL 'https://cloud.r-project.org/src/contrib/zeallot_0.1.0.tar.gz'
trying URL 'https://cloud.r-project.org/src/contrib/rmdformats_1.0.4.tar.gz'
trying URL 'https://cloud.r-project.org/src/contrib/bio3d_2.4-5.tar.gz'
trying URL 'https://cloud.r-project.org/src/contrib/signalHsmm_1.5.tar.gz'
trying URL 'https://cloud.r-project.org/src/contrib/covr_3.6.4.tar.gz'
trying URL 'https://bioconductor.org/packages/3.21/bioc/src/contrib/factR_1.10.0.tar.gz'
* installing *source* package ‘pixmap’ ...
** this is package ‘pixmap’ version ‘0.4-13’
** package ‘pixmap’ successfully unpacked and MD5 sums checked
** using staged installation
** R
** inst
** byte-compile and prepare package for lazy loading
** help
*** installing help indices
** building package indices
** testing if installed package can be loaded from temporary location
** testing if installed package can be loaded from final location
** testing if installed package keeps a record of temporary installation path
* creating tarball
packaged installation of ‘pixmap’ as ‘pixmap_0.4-13_R_x86_64-pc-linux-gnu.tar.gz’
* DONE (pixmap)
* installing *source* package ‘segmented’ ...
** this is package ‘segmented’ version ‘2.1-4’
** package ‘segmented’ successfully unpacked and MD5 sums checked
** using staged installation
** R
** data
** inst
** byte-compile and prepare package for lazy loading
** help
*** installing help indices
** building package indices
** testing if installed package can be loaded from temporary location
** testing if installed package can be loaded from final location
** testing if installed package keeps a record of temporary installation path
* creating tarball
packaged installation of ‘segmented’ as ‘segmented_2.1-4_R_x86_64-pc-linux-gnu.tar.gz’
* DONE (segmented)
* installing *source* package ‘litedown’ ...
** this is package ‘litedown’ version ‘0.7’
** package ‘litedown’ successfully unpacked and MD5 sums checked
** using staged installation
** R
** inst
** byte-compile and prepare package for lazy loading
** help
*** installing help indices
** building package indices
** installing vignettes
** testing if installed package can be loaded from temporary location
** testing if installed package can be loaded from final location
** testing if installed package keeps a record of temporary installation path
* creating tarball
packaged installation of ‘litedown’ as ‘litedown_0.7_R_x86_64-pc-linux-gnu.tar.gz’
* DONE (litedown)
* installing *source* package ‘bookdown’ ...
** this is package ‘bookdown’ version ‘0.43’
** package ‘bookdown’ successfully unpacked and MD5 sums checked
** using staged installation
** R
** inst
** byte-compile and prepare package for lazy loading
** help
*** installing help indices
*** copying figures
** building package indices
** installing vignettes
** testing if installed package can be loaded from temporary location
** testing if installed package can be loaded from final location
** testing if installed package keeps a record of temporary installation path
* creating tarball
packaged installation of ‘bookdown’ as ‘bookdown_0.43_R_x86_64-pc-linux-gnu.tar.gz’
* DONE (bookdown)
* installing *source* package ‘rex’ ...
** this is package ‘rex’ version ‘1.2.1’
** package ‘rex’ successfully unpacked and MD5 sums checked
** using staged installation
** R
** inst
** byte-compile and prepare package for lazy loading
** help
*** installing help indices
** building package indices
** installing vignettes
** testing if installed package can be loaded from temporary location
** testing if installed package can be loaded from final location
** testing if installed package keeps a record of temporary installation path
* creating tarball
packaged installation of ‘rex’ as ‘rex_1.2.1_R_x86_64-pc-linux-gnu.tar.gz’
* DONE (rex)
* installing *source* package ‘wiggleplotr’ ...
** this is package ‘wiggleplotr’ version ‘1.32.0’
** using staged installation
** R
** data
*** moving datasets to lazyload DB
** inst
** byte-compile and prepare package for lazy loading
** help
*** installing help indices
** building package indices
** installing vignettes
** testing if installed package can be loaded from temporary location
** testing if installed package can be loaded from final location
** testing if installed package keeps a record of temporary installation path
* creating tarball
packaged installation of ‘wiggleplotr’ as ‘wiggleplotr_1.32.0_R_x86_64-pc-linux-gnu.tar.gz’
* DONE (wiggleplotr)
* installing *source* package ‘drawProteins’ ...
** this is package ‘drawProteins’ version ‘1.28.0’
** using staged installation
** R
** data
*** moving datasets to lazyload DB
** inst
** byte-compile and prepare package for lazy loading
** help
*** installing help indices
** building package indices
** installing vignettes
** testing if installed package can be loaded from temporary location
** testing if installed package can be loaded from final location
** testing if installed package keeps a record of temporary installation path
* creating tarball
packaged installation of ‘drawProteins’ as ‘drawProteins_1.28.0_R_x86_64-pc-linux-gnu.tar.gz’
* DONE (drawProteins)
* installing *source* package ‘BSgenome’ ...
** this is package ‘BSgenome’ version ‘1.76.0’
** using staged installation
** R
** inst
** byte-compile and prepare package for lazy loading
** help
*** installing help indices
** building package indices
** installing vignettes
** testing if installed package can be loaded from temporary location
** testing if installed package can be loaded from final location
** testing if installed package keeps a record of temporary installation path
* creating tarball
packaged installation of ‘BSgenome’ as ‘BSgenome_1.76.0_R_x86_64-pc-linux-gnu.tar.gz’
* DONE (BSgenome)
* installing *source* package ‘zeallot’ ...
** this is package ‘zeallot’ version ‘0.1.0’
** package ‘zeallot’ successfully unpacked and MD5 sums checked
** using staged installation
** R
** inst
** byte-compile and prepare package for lazy loading
** help
*** installing help indices
** building package indices
** installing vignettes
** testing if installed package can be loaded from temporary location
** testing if installed package can be loaded from final location
** testing if installed package keeps a record of temporary installation path
* creating tarball
packaged installation of ‘zeallot’ as ‘zeallot_0.1.0_R_x86_64-pc-linux-gnu.tar.gz’
* DONE (zeallot)
* installing *source* package ‘bio3d’ ...
** this is package ‘bio3d’ version ‘2.4-5’
** package ‘bio3d’ successfully unpacked and MD5 sums checked
** using staged installation
** libs
using C compiler: ‘gcc (Ubuntu 11.4.0-1ubuntu1~22.04) 11.4.0’
using C++ compiler: ‘g++ (Ubuntu 11.4.0-1ubuntu1~22.04) 11.4.0’
g++ -std=gnu++17 -I"/usr/share/R/include" -DNDEBUG -I. -I'/usr/local/lib/R/site-library/Rcpp/include'     -fpic  -g -O2 -ffile-prefix-map=/build/r-base-rgGXCp/r-base-4.5.0=. -fstack-protector-strong -Wformat -Werror=format-security -Wdate-time -D_FORTIFY_SOURCE=2   -c RcppExports.cpp -o RcppExports.o
g++ -std=gnu++17 -I"/usr/share/R/include" -DNDEBUG -I. -I'/usr/local/lib/R/site-library/Rcpp/include'     -fpic  -g -O2 -ffile-prefix-map=/build/r-base-rgGXCp/r-base-4.5.0=. -fstack-protector-strong -Wformat -Werror=format-security -Wdate-time -D_FORTIFY_SOURCE=2   -c gzstream.cpp -o gzstream.o
gcc -I"/usr/share/R/include" -DNDEBUG -I. -I'/usr/local/lib/R/site-library/Rcpp/include'     -fpic  -g -O2 -ffile-prefix-map=/build/r-base-rgGXCp/r-base-4.5.0=. -fstack-protector-strong -Wformat -Werror=format-security -Wdate-time -D_FORTIFY_SOURCE=2  -c init.c -o init.o
g++ -std=gnu++17 -I"/usr/share/R/include" -DNDEBUG -I. -I'/usr/local/lib/R/site-library/Rcpp/include'     -fpic  -g -O2 -ffile-prefix-map=/build/r-base-rgGXCp/r-base-4.5.0=. -fstack-protector-strong -Wformat -Werror=format-security -Wdate-time -D_FORTIFY_SOURCE=2   -c read_cif.cpp -o read_cif.o
g++ -std=gnu++17 -I"/usr/share/R/include" -DNDEBUG -I. -I'/usr/local/lib/R/site-library/Rcpp/include'     -fpic  -g -O2 -ffile-prefix-map=/build/r-base-rgGXCp/r-base-4.5.0=. -fstack-protector-strong -Wformat -Werror=format-security -Wdate-time -D_FORTIFY_SOURCE=2   -c read_crd.cpp -o read_crd.o
g++ -std=gnu++17 -I"/usr/share/R/include" -DNDEBUG -I. -I'/usr/local/lib/R/site-library/Rcpp/include'     -fpic  -g -O2 -ffile-prefix-map=/build/r-base-rgGXCp/r-base-4.5.0=. -fstack-protector-strong -Wformat -Werror=format-security -Wdate-time -D_FORTIFY_SOURCE=2   -c read_pdb.cpp -o read_pdb.o
g++ -std=gnu++17 -I"/usr/share/R/include" -DNDEBUG -I. -I'/usr/local/lib/R/site-library/Rcpp/include'     -fpic  -g -O2 -ffile-prefix-map=/build/r-base-rgGXCp/r-base-4.5.0=. -fstack-protector-strong -Wformat -Werror=format-security -Wdate-time -D_FORTIFY_SOURCE=2   -c read_prmtop.cpp -o read_prmtop.o
g++ -std=gnu++17 -I"/usr/share/R/include" -DNDEBUG -I. -I'/usr/local/lib/R/site-library/Rcpp/include'     -fpic  -g -O2 -ffile-prefix-map=/build/r-base-rgGXCp/r-base-4.5.0=. -fstack-protector-strong -Wformat -Werror=format-security -Wdate-time -D_FORTIFY_SOURCE=2   -c utils.cpp -o utils.o
g++ -std=gnu++17 -shared -L/usr/lib/R/lib -Wl,-Bsymbolic-functions -flto=auto -ffat-lto-objects -flto=auto -Wl,-z,relro -o bio3d.so RcppExports.o gzstream.o init.o read_cif.o read_crd.o read_pdb.o read_prmtop.o utils.o -lz -L/usr/lib/R/lib -lR
installing to /usr/local/lib/R/site-library/00LOCK-bio3d/00new/bio3d/libs
** R
** data
*** moving datasets to lazyload DB
** demo
** inst
** byte-compile and prepare package for lazy loading
** help
*** installing help indices
** building package indices
** installing vignettes
** testing if installed package can be loaded from temporary location
** checking absolute paths in shared objects and dynamic libraries
** testing if installed package can be loaded from final location
** testing if installed package keeps a record of temporary installation path
* creating tarball
packaged installation of ‘bio3d’ as ‘bio3d_2.4-5_R_x86_64-pc-linux-gnu.tar.gz’
* DONE (bio3d)
* installing *source* package ‘ade4’ ...
** this is package ‘ade4’ version ‘1.7-23’
** package ‘ade4’ successfully unpacked and MD5 sums checked
** using staged installation
** libs
using C compiler: ‘gcc (Ubuntu 11.4.0-1ubuntu1~22.04) 11.4.0’
using C++ compiler: ‘g++ (Ubuntu 11.4.0-1ubuntu1~22.04) 11.4.0’
g++ -std=gnu++17 -I"/usr/share/R/include" -DNDEBUG -I../inst/include -I'/usr/local/lib/R/site-library/Rcpp/include' -I'/usr/local/lib/R/site-library/RcppArmadillo/include'     -fpic  -g -O2 -ffile-prefix-map=/build/r-base-rgGXCp/r-base-4.5.0=. -fstack-protector-strong -Wformat -Werror=format-security -Wdate-time -D_FORTIFY_SOURCE=2   -c RcppExports.cpp -o RcppExports.o
g++ -std=gnu++17 -I"/usr/share/R/include" -DNDEBUG -I../inst/include -I'/usr/local/lib/R/site-library/Rcpp/include' -I'/usr/local/lib/R/site-library/RcppArmadillo/include'     -fpic  -g -O2 -ffile-prefix-map=/build/r-base-rgGXCp/r-base-4.5.0=. -fstack-protector-strong -Wformat -Werror=format-security -Wdate-time -D_FORTIFY_SOURCE=2   -c ade4libCpp.cpp -o ade4libCpp.o
gcc -I"/usr/share/R/include" -DNDEBUG -I../inst/include -I'/usr/local/lib/R/site-library/Rcpp/include' -I'/usr/local/lib/R/site-library/RcppArmadillo/include'     -fpic  -g -O2 -ffile-prefix-map=/build/r-base-rgGXCp/r-base-4.5.0=. -fstack-protector-strong -Wformat -Werror=format-security -Wdate-time -D_FORTIFY_SOURCE=2  -c adesub.c -o adesub.o
gcc -I"/usr/share/R/include" -DNDEBUG -I../inst/include -I'/usr/local/lib/R/site-library/Rcpp/include' -I'/usr/local/lib/R/site-library/RcppArmadillo/include'     -fpic  -g -O2 -ffile-prefix-map=/build/r-base-rgGXCp/r-base-4.5.0=. -fstack-protector-strong -Wformat -Werror=format-security -Wdate-time -D_FORTIFY_SOURCE=2  -c divsub.c -o divsub.o
gcc -I"/usr/share/R/include" -DNDEBUG -I../inst/include -I'/usr/local/lib/R/site-library/Rcpp/include' -I'/usr/local/lib/R/site-library/RcppArmadillo/include'     -fpic  -g -O2 -ffile-prefix-map=/build/r-base-rgGXCp/r-base-4.5.0=. -fstack-protector-strong -Wformat -Werror=format-security -Wdate-time -D_FORTIFY_SOURCE=2  -c fourthcorner.c -o fourthcorner.o
gcc -I"/usr/share/R/include" -DNDEBUG -I../inst/include -I'/usr/local/lib/R/site-library/Rcpp/include' -I'/usr/local/lib/R/site-library/RcppArmadillo/include'     -fpic  -g -O2 -ffile-prefix-map=/build/r-base-rgGXCp/r-base-4.5.0=. -fstack-protector-strong -Wformat -Werror=format-security -Wdate-time -D_FORTIFY_SOURCE=2  -c init.c -o init.o
gcc -I"/usr/share/R/include" -DNDEBUG -I../inst/include -I'/usr/local/lib/R/site-library/Rcpp/include' -I'/usr/local/lib/R/site-library/RcppArmadillo/include'     -fpic  -g -O2 -ffile-prefix-map=/build/r-base-rgGXCp/r-base-4.5.0=. -fstack-protector-strong -Wformat -Werror=format-security -Wdate-time -D_FORTIFY_SOURCE=2  -c phylog.c -o phylog.o
gcc -I"/usr/share/R/include" -DNDEBUG -I../inst/include -I'/usr/local/lib/R/site-library/Rcpp/include' -I'/usr/local/lib/R/site-library/RcppArmadillo/include'     -fpic  -g -O2 -ffile-prefix-map=/build/r-base-rgGXCp/r-base-4.5.0=. -fstack-protector-strong -Wformat -Werror=format-security -Wdate-time -D_FORTIFY_SOURCE=2  -c testamova.c -o testamova.o
gcc -I"/usr/share/R/include" -DNDEBUG -I../inst/include -I'/usr/local/lib/R/site-library/Rcpp/include' -I'/usr/local/lib/R/site-library/RcppArmadillo/include'     -fpic  -g -O2 -ffile-prefix-map=/build/r-base-rgGXCp/r-base-4.5.0=. -fstack-protector-strong -Wformat -Werror=format-security -Wdate-time -D_FORTIFY_SOURCE=2  -c testdim.c -o testdim.o
gcc -I"/usr/share/R/include" -DNDEBUG -I../inst/include -I'/usr/local/lib/R/site-library/Rcpp/include' -I'/usr/local/lib/R/site-library/RcppArmadillo/include'     -fpic  -g -O2 -ffile-prefix-map=/build/r-base-rgGXCp/r-base-4.5.0=. -fstack-protector-strong -Wformat -Werror=format-security -Wdate-time -D_FORTIFY_SOURCE=2  -c testrlq.c -o testrlq.o
gcc -I"/usr/share/R/include" -DNDEBUG -I../inst/include -I'/usr/local/lib/R/site-library/Rcpp/include' -I'/usr/local/lib/R/site-library/RcppArmadillo/include'     -fpic  -g -O2 -ffile-prefix-map=/build/r-base-rgGXCp/r-base-4.5.0=. -fstack-protector-strong -Wformat -Werror=format-security -Wdate-time -D_FORTIFY_SOURCE=2  -c tests.c -o tests.o
g++ -std=gnu++17 -I"/usr/share/R/include" -DNDEBUG -I../inst/include -I'/usr/local/lib/R/site-library/Rcpp/include' -I'/usr/local/lib/R/site-library/RcppArmadillo/include'     -fpic  -g -O2 -ffile-prefix-map=/build/r-base-rgGXCp/r-base-4.5.0=. -fstack-protector-strong -Wformat -Werror=format-security -Wdate-time -D_FORTIFY_SOURCE=2   -c testsCpp.cpp -o testsCpp.o
g++ -std=gnu++17 -shared -L/usr/lib/R/lib -Wl,-Bsymbolic-functions -flto=auto -ffat-lto-objects -flto=auto -Wl,-z,relro -o ade4.so RcppExports.o ade4libCpp.o adesub.o divsub.o fourthcorner.o init.o phylog.o testamova.o testdim.o testrlq.o tests.o testsCpp.o -llapack -lblas -lgfortran -lm -lquadmath -L/usr/lib/R/lib -lR
installing to /usr/local/lib/R/site-library/00LOCK-ade4/00new/ade4/libs
** R
** data
** inst
** byte-compile and prepare package for lazy loading
** help
*** installing help indices
*** copying figures
** building package indices
** installing vignettes
** testing if installed package can be loaded from temporary location
** checking absolute paths in shared objects and dynamic libraries
** testing if installed package can be loaded from final location
** testing if installed package keeps a record of temporary installation path
* creating tarball
packaged installation of ‘ade4’ as ‘ade4_1.7-23_R_x86_64-pc-linux-gnu.tar.gz’
* DONE (ade4)
* installing *source* package ‘BSgenome.Mmusculus.UCSC.mm10’ ...
** this is package ‘BSgenome.Mmusculus.UCSC.mm10’ version ‘1.4.3’
** using staged installation
** R
** inst
** byte-compile and prepare package for lazy loading
** help
*** installing help indices
** building package indices
** testing if installed package can be loaded from temporary location
** testing if installed package can be loaded from final location
** testing if installed package keeps a record of temporary installation path
* creating tarball
packaged installation of ‘BSgenome.Mmusculus.UCSC.mm10’ as ‘BSgenome.Mmusculus.UCSC.mm10_1.4.3_R_x86_64-pc-linux-gnu.tar.gz’
* DONE (BSgenome.Mmusculus.UCSC.mm10)
* installing *source* package ‘markdown’ ...
** this is package ‘markdown’ version ‘2.0’
** package ‘markdown’ successfully unpacked and MD5 sums checked
** using staged installation
** R
** inst
** byte-compile and prepare package for lazy loading
** help
*** installing help indices
** building package indices
** testing if installed package can be loaded from temporary location
** testing if installed package can be loaded from final location
** testing if installed package keeps a record of temporary installation path
* creating tarball
packaged installation of ‘markdown’ as ‘markdown_2.0_R_x86_64-pc-linux-gnu.tar.gz’
* DONE (markdown)
* installing *source* package ‘rmdformats’ ...
** this is package ‘rmdformats’ version ‘1.0.4’
** package ‘rmdformats’ successfully unpacked and MD5 sums checked
** using staged installation
** R
** inst
** byte-compile and prepare package for lazy loading
** help
*** installing help indices
*** copying figures
** building package indices
** testing if installed package can be loaded from temporary location
** testing if installed package can be loaded from final location
** testing if installed package keeps a record of temporary installation path
* creating tarball
packaged installation of ‘rmdformats’ as ‘rmdformats_1.0.4_R_x86_64-pc-linux-gnu.tar.gz’
* DONE (rmdformats)
* installing *source* package ‘covr’ ...
** this is package ‘covr’ version ‘3.6.4’
** package ‘covr’ successfully unpacked and MD5 sums checked
** using staged installation
** libs
using C compiler: ‘gcc (Ubuntu 11.4.0-1ubuntu1~22.04) 11.4.0’
gcc -I"/usr/share/R/include" -DNDEBUG       -fpic  -g -O2 -ffile-prefix-map=/build/r-base-rgGXCp/r-base-4.5.0=. -fstack-protector-strong -Wformat -Werror=format-security -Wdate-time -D_FORTIFY_SOURCE=2  -c reassign.c -o reassign.o
gcc -shared -L/usr/lib/R/lib -Wl,-Bsymbolic-functions -flto=auto -ffat-lto-objects -flto=auto -Wl,-z,relro -o covr.so reassign.o -L/usr/lib/R/lib -lR
installing to /usr/local/lib/R/site-library/00LOCK-covr/00new/covr/libs
** R
** inst
** byte-compile and prepare package for lazy loading
** help
*** installing help indices
*** copying figures
** building package indices
** installing vignettes
** testing if installed package can be loaded from temporary location
** checking absolute paths in shared objects and dynamic libraries
** testing if installed package can be loaded from final location
** testing if installed package keeps a record of temporary installation path
* creating tarball
packaged installation of ‘covr’ as ‘covr_3.6.4_R_x86_64-pc-linux-gnu.tar.gz’
* DONE (covr)
* installing *source* package ‘factR’ ...
** this is package ‘factR’ version ‘1.10.0’
** using staged installation
** R
** data
** inst
** byte-compile and prepare package for lazy loading
** help
*** installing help indices
*** copying figures
** building package indices
** installing vignettes
** testing if installed package can be loaded from temporary location
** testing if installed package can be loaded from final location
** testing if installed package keeps a record of temporary installation path
* creating tarball
packaged installation of ‘factR’ as ‘factR_1.10.0_R_x86_64-pc-linux-gnu.tar.gz’
* DONE (factR)
* installing *source* package ‘seqinr’ ...
** this is package ‘seqinr’ version ‘4.2-36’
** package ‘seqinr’ successfully unpacked and MD5 sums checked
** using staged installation
** libs
using C compiler: ‘gcc (Ubuntu 11.4.0-1ubuntu1~22.04) 11.4.0’
gcc -I"/usr/share/R/include" -DNDEBUG      -DUSE_TYPE_CHECKING_STRICT -fpic  -g -O2 -ffile-prefix-map=/build/r-base-rgGXCp/r-base-4.5.0=. -fstack-protector-strong -Wformat -Werror=format-security -Wdate-time -D_FORTIFY_SOURCE=2  -c alignment.c -o alignment.o
gcc -I"/usr/share/R/include" -DNDEBUG      -DUSE_TYPE_CHECKING_STRICT -fpic  -g -O2 -ffile-prefix-map=/build/r-base-rgGXCp/r-base-4.5.0=. -fstack-protector-strong -Wformat -Werror=format-security -Wdate-time -D_FORTIFY_SOURCE=2  -c fastacc.c -o fastacc.o
gcc -I"/usr/share/R/include" -DNDEBUG      -DUSE_TYPE_CHECKING_STRICT -fpic  -g -O2 -ffile-prefix-map=/build/r-base-rgGXCp/r-base-4.5.0=. -fstack-protector-strong -Wformat -Werror=format-security -Wdate-time -D_FORTIFY_SOURCE=2  -c getzlibsock.c -o getzlibsock.o
gcc -I"/usr/share/R/include" -DNDEBUG      -DUSE_TYPE_CHECKING_STRICT -fpic  -g -O2 -ffile-prefix-map=/build/r-base-rgGXCp/r-base-4.5.0=. -fstack-protector-strong -Wformat -Werror=format-security -Wdate-time -D_FORTIFY_SOURCE=2  -c kaks.c -o kaks.o
gcc -I"/usr/share/R/include" -DNDEBUG      -DUSE_TYPE_CHECKING_STRICT -fpic  -g -O2 -ffile-prefix-map=/build/r-base-rgGXCp/r-base-4.5.0=. -fstack-protector-strong -Wformat -Werror=format-security -Wdate-time -D_FORTIFY_SOURCE=2  -c packagename_init.c -o packagename_init.o
gcc -I"/usr/share/R/include" -DNDEBUG      -DUSE_TYPE_CHECKING_STRICT -fpic  -g -O2 -ffile-prefix-map=/build/r-base-rgGXCp/r-base-4.5.0=. -fstack-protector-strong -Wformat -Werror=format-security -Wdate-time -D_FORTIFY_SOURCE=2  -c util.c -o util.o
gcc -I"/usr/share/R/include" -DNDEBUG      -DUSE_TYPE_CHECKING_STRICT -fpic  -g -O2 -ffile-prefix-map=/build/r-base-rgGXCp/r-base-4.5.0=. -fstack-protector-strong -Wformat -Werror=format-security -Wdate-time -D_FORTIFY_SOURCE=2  -c zsockr.c -o zsockr.o
gcc -shared -L/usr/lib/R/lib -Wl,-Bsymbolic-functions -flto=auto -ffat-lto-objects -flto=auto -Wl,-z,relro -o seqinr.so alignment.o fastacc.o getzlibsock.o kaks.o packagename_init.o util.o zsockr.o -lz -L/usr/lib/R/lib -lR
installing to /usr/local/lib/R/site-library/00LOCK-seqinr/00new/seqinr/libs
** R
** data
** inst
** byte-compile and prepare package for lazy loading
** help
*** installing help indices
*** copying figures
** building package indices
** testing if installed package can be loaded from temporary location
** checking absolute paths in shared objects and dynamic libraries
** testing if installed package can be loaded from final location
** testing if installed package keeps a record of temporary installation path
* creating tarball
packaged installation of ‘seqinr’ as ‘seqinr_4.2-36_R_x86_64-pc-linux-gnu.tar.gz’
* DONE (seqinr)
* installing *source* package ‘signalHsmm’ ...
** this is package ‘signalHsmm’ version ‘1.5’
** package ‘signalHsmm’ successfully unpacked and MD5 sums checked
** using staged installation
** libs
using C++ compiler: ‘g++ (Ubuntu 11.4.0-1ubuntu1~22.04) 11.4.0’
g++ -std=gnu++17 -I"/usr/share/R/include" -DNDEBUG  -I'/usr/local/lib/R/site-library/Rcpp/include'     -fpic  -g -O2 -ffile-prefix-map=/build/r-base-rgGXCp/r-base-4.5.0=. -fstack-protector-strong -Wformat -Werror=format-security -Wdate-time -D_FORTIFY_SOURCE=2   -c RcppExports.cpp -o RcppExports.o
g++ -std=gnu++17 -I"/usr/share/R/include" -DNDEBUG  -I'/usr/local/lib/R/site-library/Rcpp/include'     -fpic  -g -O2 -ffile-prefix-map=/build/r-base-rgGXCp/r-base-4.5.0=. -fstack-protector-strong -Wformat -Werror=format-security -Wdate-time -D_FORTIFY_SOURCE=2   -c duration_viterbi.cpp -o duration_viterbi.o
g++ -std=gnu++17 -shared -L/usr/lib/R/lib -Wl,-Bsymbolic-functions -flto=auto -ffat-lto-objects -flto=auto -Wl,-z,relro -o signalHsmm.so RcppExports.o duration_viterbi.o -L/usr/lib/R/lib -lR
installing to /usr/local/lib/R/site-library/00LOCK-signalHsmm/00new/signalHsmm/libs
** R
** data
*** moving datasets to lazyload DB
** inst
** byte-compile and prepare package for lazy loading
** help
*** installing help indices
** building package indices
** testing if installed package can be loaded from temporary location
** checking absolute paths in shared objects and dynamic libraries
** testing if installed package can be loaded from final location
** testing if installed package keeps a record of temporary installation path
* creating tarball
packaged installation of ‘signalHsmm’ as ‘signalHsmm_1.5_R_x86_64-pc-linux-gnu.tar.gz’
* DONE (signalHsmm)

The downloaded source packages are in
	‘/tmp/RtmpY30n8S/downloaded_packages’
Old packages: 'cli', 'data.table', 'DelayedArray', 'DESeq2', 'diffobj',
  'edgeR', 'future', 'generics', 'globals', 'parallelly', 'pkgdown',
  'RcppArmadillo', 'RSQLite', 'scales', 'sctransform', 'Seurat',
  'SeuratObject', 'SingleCellExperiment', 'spatstat.univar', 'spatstat.utils',
  'SummarizedExperiment', 'systemfonts', 'textshaping', 'utf8', 'zip'

real	4m41.131s
user	4m3.498s
sys	0m58.259s
