'getOption("repos")' replaces Bioconductor standard repositories, see
'help("repositories", package = "BiocManager")' for details.
Replacement repositories:
    CRAN: https://p3m.dev/cran/__linux__/noble/latest
Bioconductor version 3.20 (BiocManager 1.30.25), R 4.4.2 (2024-10-31)
Installing package(s) 'multiClust'
also installing the dependencies ‘SummarizedExperiment’, ‘GEOquery’

trying URL 'https://bioconductor.org/packages/3.20/bioc/src/contrib/SummarizedExperiment_1.36.0.tar.gz'
Content type 'application/x-gzip' length 690951 bytes (674 KB)
==================================================
downloaded 674 KB

trying URL 'https://bioconductor.org/packages/3.20/bioc/src/contrib/GEOquery_2.74.0.tar.gz'
Content type 'application/x-gzip' length 13708435 bytes (13.1 MB)
==================================================
downloaded 13.1 MB

trying URL 'https://bioconductor.org/packages/3.20/bioc/src/contrib/multiClust_1.36.0.tar.gz'
Content type 'application/x-gzip' length 3173112 bytes (3.0 MB)
==================================================
downloaded 3.0 MB

ERROR: failed to lock directory ‘/mnt/library’ for modifying
Try removing ‘/mnt/library/00LOCK-SummarizedExperiment’
* installing *source* package ‘multiClust’ ...
** package ‘multiClust’ successfully unpacked and MD5 sums checked
** using staged installation
** R
** inst
** byte-compile and prepare package for lazy loading
** help
*** installing help indices
** building package indices
** installing vignettes
** testing if installed package can be loaded from temporary location
** testing if installed package can be loaded from final location
** testing if installed package keeps a record of temporary installation path
* creating tarball
packaged installation of ‘multiClust’ as ‘multiClust_1.36.0_R_x86_64-pc-linux-gnu.tar.gz’
* DONE (multiClust)
ERROR: dependency ‘SummarizedExperiment’ is not available for package ‘GEOquery’
* removing ‘/mnt/library/GEOquery’

The downloaded source packages are in
	‘/tmp/RtmpGCHm7Q/downloaded_packages’
Old packages: 'bslib', 'cli', 'cpp11', 'curl', 'evaluate', 'httr2', 'jsonlite',
  'openssl', 'pillar', 'pkgbuild', 'processx', 'ps', 'purrr', 'R6', 'Rcpp',
  'rlang', 'sessioninfo', 'systemfonts', 'testthat', 'textshaping', 'tinytex',
  'xfun', 'xml2', 'zip', 'class', 'foreign', 'KernSmooth', 'MASS', 'Matrix',
  'nlme', 'nnet', 'rpart', 'spatial'
Warning messages:
1: In install.packages(...) :
  installation of package ‘SummarizedExperiment’ had non-zero exit status
2: In install.packages(...) :
  installation of package ‘GEOquery’ had non-zero exit status

real	0m35.884s
user	0m10.622s
sys	0m4.245s
