+ Rscript -e 'Sys.setenv(BIOCONDUCTOR_USE_CONTAINER_REPOSITORY=FALSE);
  p <- .libPaths();
  p <- c('\'''\'', '\'''\'', p);
  .libPaths(p);
  if(BiocManager::install('\''RLMM'\'', INSTALL_opts = '\''--build'\'', update = TRUE, quiet = FALSE, dependencies=TRUE, force = TRUE, keep_outputs = TRUE) %in% rownames(installed.packages())) q(status = 0) else q(status = 1)'
'getOption("repos")' replaces Bioconductor standard repositories, see
'help("repositories", package = "BiocManager")' for details.
Replacement repositories:
    CRAN: https://p3m.dev/cran/__linux__/noble/latest
Bioconductor version 3.22 (BiocManager 1.30.25), R 4.5.0 (2025-04-11)
Installing package(s) 'RLMM'
trying URL 'https://bioconductor.org/packages/3.22/bioc/src/contrib/RLMM_1.71.0.tar.gz'
Content type 'application/x-gzip' length 430586 bytes (420 KB)
==================================================
downloaded 420 KB

* installing *source* package ‘RLMM’ ...
** this is package ‘RLMM’ version ‘1.71.0’
** package ‘RLMM’ successfully unpacked and MD5 sums checked
** using staged installation
** R
** inst
** byte-compile and prepare package for lazy loading
** help
*** installing help indices
** building package indices
** installing vignettes
** testing if installed package can be loaded from temporary location
** testing if installed package can be loaded from final location
** testing if installed package keeps a record of temporary installation path
* creating tarball
packaged installation of ‘RLMM’ as ‘RLMM_1.71.0_R_x86_64-pc-linux-gnu.tar.gz’
* DONE (RLMM)

The downloaded source packages are in
	‘/tmp/RtmptbXFEx/downloaded_packages’

real	0m4.234s
user	0m2.707s
sys	0m1.375s
