'getOption("repos")' replaces Bioconductor standard repositories, see
'help("repositories", package = "BiocManager")' for details.
Replacement repositories:
    CRAN: https://p3m.dev/cran/__linux__/noble/latest
Bioconductor version 3.20 (BiocManager 1.30.25), R 4.4.2 (2024-10-31)
Installing package(s) 'treeio'
also installing the dependencies ‘IRanges’, ‘XVector’, ‘Biostrings’, ‘phangorn’

trying URL 'https://bioconductor.org/packages/3.20/bioc/src/contrib/IRanges_2.40.1.tar.gz'
Content type 'application/x-gzip' length 486989 bytes (475 KB)
==================================================
downloaded 475 KB

trying URL 'https://bioconductor.org/packages/3.20/bioc/src/contrib/XVector_0.46.0.tar.gz'
Content type 'application/x-gzip' length 70185 bytes (68 KB)
==================================================
downloaded 68 KB

trying URL 'https://bioconductor.org/packages/3.20/bioc/src/contrib/Biostrings_2.74.1.tar.gz'
Content type 'application/x-gzip' length 12823307 bytes (12.2 MB)
==================================================
downloaded 12.2 MB

trying URL 'https://p3m.dev/cran/__linux__/noble/latest/src/contrib/phangorn_2.12.1.tar.gz'
Content type 'binary/octet-stream' length 2705042 bytes (2.6 MB)
==================================================
downloaded 2.6 MB

trying URL 'https://bioconductor.org/packages/3.20/bioc/src/contrib/treeio_1.30.0.tar.gz'
Content type 'application/x-gzip' length 701622 bytes (685 KB)
==================================================
downloaded 685 KB

ERROR: failed to lock directory ‘/mnt/library’ for modifying
Try removing ‘/mnt/library/00LOCK-IRanges’
* installing *binary* package ‘phangorn’ ...
* ‘phangorn’ was already a binary package and will not be rebuilt
* creating tarball
packaged installation of ‘phangorn’ as ‘phangorn_2.12.1_R_x86_64-pc-linux-gnu.tar.gz’
* DONE (phangorn)
* installing *source* package ‘treeio’ ...
** package ‘treeio’ successfully unpacked and MD5 sums checked
** using staged installation
** R
** inst
** byte-compile and prepare package for lazy loading
** help
*** installing help indices
*** copying figures
** building package indices
** installing vignettes
** testing if installed package can be loaded from temporary location
** testing if installed package can be loaded from final location
** testing if installed package keeps a record of temporary installation path
* creating tarball
packaged installation of ‘treeio’ as ‘treeio_1.30.0_R_x86_64-pc-linux-gnu.tar.gz’
* DONE (treeio)
ERROR: dependency ‘IRanges’ is not available for package ‘XVector’
* removing ‘/mnt/library/XVector’
ERROR: dependencies ‘IRanges’, ‘XVector’ are not available for package ‘Biostrings’
* removing ‘/mnt/library/Biostrings’

The downloaded source packages are in
	‘/tmp/Rtmp27G260/downloaded_packages’
Old packages: 'bslib', 'cli', 'cpp11', 'curl', 'evaluate', 'httr2', 'jsonlite',
  'openssl', 'pillar', 'pkgbuild', 'processx', 'ps', 'purrr', 'R6', 'Rcpp',
  'rlang', 'sessioninfo', 'systemfonts', 'testthat', 'textshaping', 'tinytex',
  'xfun', 'xml2', 'zip', 'class', 'foreign', 'KernSmooth', 'MASS', 'Matrix',
  'nlme', 'nnet', 'rpart', 'spatial'
Warning messages:
1: In install.packages(...) :
  installation of package ‘IRanges’ had non-zero exit status
2: In install.packages(...) :
  installation of package ‘XVector’ had non-zero exit status
3: In install.packages(...) :
  installation of package ‘Biostrings’ had non-zero exit status

real	1m11.649s
user	0m11.053s
sys	0m3.848s
