+ Rscript -e 'Sys.setenv(BIOCONDUCTOR_USE_CONTAINER_REPOSITORY=FALSE);
  p <- .libPaths();
  p <- c('\'''\'', '\'''\'', p);
  .libPaths(p);
  if(BiocManager::install('\''metabinR'\'', INSTALL_opts = '\''--build'\'', update = TRUE, quiet = FALSE, dependencies=TRUE, force = TRUE, keep_outputs = TRUE) %in% rownames(installed.packages())) q(status = 0) else q(status = 1)'
'getOption("repos")' replaces Bioconductor standard repositories, see
'help("repositories", package = "BiocManager")' for details.
Replacement repositories:
    CRAN: https://p3m.dev/cran/__linux__/noble/latest
Bioconductor version 3.20 (BiocManager 1.30.25), R 4.4.2 (2024-10-31)
Installing package(s) 'metabinR'
also installing the dependencies ‘listenv’, ‘parallelly’, ‘future’, ‘globals’, ‘shape’, ‘future.apply’, ‘numDeriv’, ‘progressr’, ‘SQUAREM’, ‘rbibutils’, ‘diagram’, ‘lava’, ‘proxy’, ‘Rdpack’, ‘tzdb’, ‘prodlim’, ‘timechange’, ‘colorspace’, ‘e1071’, ‘wk’, ‘backports’, ‘numbers’, ‘minqa’, ‘nloptr’, ‘reformulas’, ‘RcppEigen’, ‘insight’, ‘bayestestR’, ‘datawizard’, ‘clock’, ‘gower’, ‘hardhat’, ‘ipred’, ‘lubridate’, ‘sparsevctrs’, ‘timeDate’, ‘farver’, ‘labeling’, ‘munsell’, ‘RColorBrewer’, ‘viridisLite’, ‘sp’, ‘terra’, ‘classInt’, ‘DBI’, ‘s2’, ‘units’, ‘bookdown’, ‘checkmate’, ‘groupdata2’, ‘lme4’, ‘MuMIn’, ‘parameters’, ‘plyr’, ‘pROC’, ‘rearrr’, ‘recipes’, ‘tidyr’, ‘generics’, ‘tidyselect’, ‘gtable’, ‘isoband’, ‘scales’, ‘R.oo’, ‘R.methodsS3’, ‘entropy’, ‘raster’, ‘sf’, ‘hunspell’, ‘rJava’, ‘BiocStyle’, ‘cvms’, ‘data.table’, ‘dplyr’, ‘ggplot2’, ‘gridExtra’, ‘R.utils’, ‘sabre’, ‘spelling’

trying URL 'https://p3m.dev/cran/__linux__/noble/latest/src/contrib/listenv_0.9.1.tar.gz'
Content type 'binary/octet-stream' length 106085 bytes (103 KB)
==================================================
downloaded 103 KB

trying URL 'https://p3m.dev/cran/__linux__/noble/latest/src/contrib/parallelly_1.42.0.tar.gz'
Content type 'binary/octet-stream' length 537560 bytes (524 KB)
==================================================
downloaded 524 KB

trying URL 'https://p3m.dev/cran/__linux__/noble/latest/src/contrib/future_1.34.0.tar.gz'
Content type 'binary/octet-stream' length 656746 bytes (641 KB)
==================================================
downloaded 641 KB

trying URL 'https://p3m.dev/cran/__linux__/noble/latest/src/contrib/globals_0.16.3.tar.gz'
Content type 'binary/octet-stream' length 108280 bytes (105 KB)
==================================================
downloaded 105 KB

trying URL 'https://p3m.dev/cran/__linux__/noble/latest/src/contrib/shape_1.4.6.1.tar.gz'
Content type 'binary/octet-stream' length 750076 bytes (732 KB)
==================================================
downloaded 732 KB

trying URL 'https://p3m.dev/cran/__linux__/noble/latest/src/contrib/future.apply_1.11.3.tar.gz'
Content type 'binary/octet-stream' length 156815 bytes (153 KB)
==================================================
downloaded 153 KB

trying URL 'https://p3m.dev/cran/__linux__/noble/latest/src/contrib/numDeriv_2016.8-1.1.tar.gz'
Content type 'binary/octet-stream' length 114340 bytes (111 KB)
==================================================
downloaded 111 KB

trying URL 'https://p3m.dev/cran/__linux__/noble/latest/src/contrib/progressr_0.15.1.tar.gz'
Content type 'binary/octet-stream' length 395067 bytes (385 KB)
==================================================
downloaded 385 KB

trying URL 'https://p3m.dev/cran/__linux__/noble/latest/src/contrib/SQUAREM_2021.1.tar.gz'
Content type 'binary/octet-stream' length 177955 bytes (173 KB)
==================================================
downloaded 173 KB

trying URL 'https://p3m.dev/cran/__linux__/noble/latest/src/contrib/rbibutils_2.3.tar.gz'
Content type 'binary/octet-stream' length 1142813 bytes (1.1 MB)
==================================================
downloaded 1.1 MB

trying URL 'https://p3m.dev/cran/__linux__/noble/latest/src/contrib/diagram_1.6.5.tar.gz'
Content type 'binary/octet-stream' length 682418 bytes (666 KB)
==================================================
downloaded 666 KB

trying URL 'https://p3m.dev/cran/__linux__/noble/latest/src/contrib/lava_1.8.1.tar.gz'
Content type 'binary/octet-stream' length 2501684 bytes (2.4 MB)
==================================================
downloaded 2.4 MB

trying URL 'https://p3m.dev/cran/__linux__/noble/latest/src/contrib/proxy_0.4-27.tar.gz'
Content type 'binary/octet-stream' length 175588 bytes (171 KB)
==================================================
downloaded 171 KB

trying URL 'https://p3m.dev/cran/__linux__/noble/latest/src/contrib/Rdpack_2.6.2.tar.gz'
Content type 'binary/octet-stream' length 759354 bytes (741 KB)
==================================================
downloaded 741 KB

trying URL 'https://p3m.dev/cran/__linux__/noble/latest/src/contrib/tzdb_0.4.0.tar.gz'
Content type 'binary/octet-stream' length 645343 bytes (630 KB)
==================================================
downloaded 630 KB

trying URL 'https://p3m.dev/cran/__linux__/noble/latest/src/contrib/prodlim_2024.06.25.tar.gz'
Content type 'binary/octet-stream' length 418237 bytes (408 KB)
==================================================
downloaded 408 KB

trying URL 'https://p3m.dev/cran/__linux__/noble/latest/src/contrib/timechange_0.3.0.tar.gz'
Content type 'binary/octet-stream' length 174776 bytes (170 KB)
==================================================
downloaded 170 KB

trying URL 'https://p3m.dev/cran/__linux__/noble/latest/src/contrib/colorspace_2.1-1.tar.gz'
Content type 'binary/octet-stream' length 2626614 bytes (2.5 MB)
==================================================
downloaded 2.5 MB

trying URL 'https://p3m.dev/cran/__linux__/noble/latest/src/contrib/e1071_1.7-16.tar.gz'
Content type 'binary/octet-stream' length 596729 bytes (582 KB)
==================================================
downloaded 582 KB

trying URL 'https://p3m.dev/cran/__linux__/noble/latest/src/contrib/wk_0.9.4.tar.gz'
Content type 'binary/octet-stream' length 1728317 bytes (1.6 MB)
==================================================
downloaded 1.6 MB

trying URL 'https://p3m.dev/cran/__linux__/noble/latest/src/contrib/backports_1.5.0.tar.gz'
Content type 'binary/octet-stream' length 115743 bytes (113 KB)
==================================================
downloaded 113 KB

trying URL 'https://p3m.dev/cran/__linux__/noble/latest/src/contrib/numbers_0.8-5.tar.gz'
Content type 'binary/octet-stream' length 239766 bytes (234 KB)
==================================================
downloaded 234 KB

trying URL 'https://p3m.dev/cran/__linux__/noble/latest/src/contrib/minqa_1.2.8.tar.gz'
Content type 'binary/octet-stream' length 122622 bytes (119 KB)
==================================================
downloaded 119 KB

trying URL 'https://p3m.dev/cran/__linux__/noble/latest/src/contrib/nloptr_2.1.1.tar.gz'
Content type 'binary/octet-stream' length 563506 bytes (550 KB)
==================================================
downloaded 550 KB

trying URL 'https://p3m.dev/cran/__linux__/noble/latest/src/contrib/reformulas_0.4.0.tar.gz'
Content type 'binary/octet-stream' length 91062 bytes (88 KB)
==================================================
downloaded 88 KB

trying URL 'https://p3m.dev/cran/__linux__/noble/latest/src/contrib/RcppEigen_0.3.4.0.2.tar.gz'
Content type 'binary/octet-stream' length 1853114 bytes (1.8 MB)
==================================================
downloaded 1.8 MB

trying URL 'https://p3m.dev/cran/__linux__/noble/latest/src/contrib/insight_1.1.0.tar.gz'
Content type 'binary/octet-stream' length 2332136 bytes (2.2 MB)
==================================================
downloaded 2.2 MB

trying URL 'https://p3m.dev/cran/__linux__/noble/latest/src/contrib/bayestestR_0.15.2.tar.gz'
Content type 'binary/octet-stream' length 1088781 bytes (1.0 MB)
==================================================
downloaded 1.0 MB

trying URL 'https://p3m.dev/cran/__linux__/noble/latest/src/contrib/datawizard_1.0.1.tar.gz'
Content type 'binary/octet-stream' length 1121101 bytes (1.1 MB)
==================================================
downloaded 1.1 MB

trying URL 'https://p3m.dev/cran/__linux__/noble/latest/src/contrib/clock_0.7.2.tar.gz'
Content type 'binary/octet-stream' length 1930433 bytes (1.8 MB)
==================================================
downloaded 1.8 MB

trying URL 'https://p3m.dev/cran/__linux__/noble/latest/src/contrib/gower_1.0.2.tar.gz'
Content type 'binary/octet-stream' length 207926 bytes (203 KB)
==================================================
downloaded 203 KB

trying URL 'https://p3m.dev/cran/__linux__/noble/latest/src/contrib/hardhat_1.4.1.tar.gz'
Content type 'binary/octet-stream' length 860568 bytes (840 KB)
==================================================
downloaded 840 KB

trying URL 'https://p3m.dev/cran/__linux__/noble/latest/src/contrib/ipred_0.9-15.tar.gz'
Content type 'binary/octet-stream' length 384421 bytes (375 KB)
==================================================
downloaded 375 KB

trying URL 'https://p3m.dev/cran/__linux__/noble/latest/src/contrib/lubridate_1.9.4.tar.gz'
Content type 'binary/octet-stream' length 983330 bytes (960 KB)
==================================================
downloaded 960 KB

trying URL 'https://p3m.dev/cran/__linux__/noble/latest/src/contrib/sparsevctrs_0.3.0.tar.gz'
Content type 'binary/octet-stream' length 197151 bytes (192 KB)
==================================================
downloaded 192 KB

trying URL 'https://p3m.dev/cran/__linux__/noble/latest/src/contrib/timeDate_4041.110.tar.gz'
Content type 'binary/octet-stream' length 1393504 bytes (1.3 MB)
==================================================
downloaded 1.3 MB

trying URL 'https://p3m.dev/cran/__linux__/noble/latest/src/contrib/farver_2.1.2.tar.gz'
Content type 'binary/octet-stream' length 1466627 bytes (1.4 MB)
==================================================
downloaded 1.4 MB

trying URL 'https://p3m.dev/cran/__linux__/noble/latest/src/contrib/labeling_0.4.3.tar.gz'
Content type 'binary/octet-stream' length 60952 bytes (59 KB)
==================================================
downloaded 59 KB

trying URL 'https://p3m.dev/cran/__linux__/noble/latest/src/contrib/munsell_0.5.1.tar.gz'
Content type 'binary/octet-stream' length 243099 bytes (237 KB)
==================================================
downloaded 237 KB

trying URL 'https://p3m.dev/cran/__linux__/noble/latest/src/contrib/RColorBrewer_1.1-3.tar.gz'
Content type 'binary/octet-stream' length 51823 bytes (50 KB)
==================================================
downloaded 50 KB

trying URL 'https://p3m.dev/cran/__linux__/noble/latest/src/contrib/viridisLite_0.4.2.tar.gz'
Content type 'binary/octet-stream' length 1297555 bytes (1.2 MB)
==================================================
downloaded 1.2 MB

trying URL 'https://p3m.dev/cran/__linux__/noble/latest/src/contrib/sp_2.2-0.tar.gz'
Content type 'binary/octet-stream' length 5308015 bytes (5.1 MB)
==================================================
downloaded 5.1 MB

trying URL 'https://p3m.dev/cran/__linux__/noble/latest/src/contrib/terra_1.8-29.tar.gz'
Content type 'binary/octet-stream' length 4753185 bytes (4.5 MB)
==================================================
downloaded 4.5 MB

trying URL 'https://p3m.dev/cran/__linux__/noble/latest/src/contrib/classInt_0.4-11.tar.gz'
Content type 'binary/octet-stream' length 496589 bytes (484 KB)
==================================================
downloaded 484 KB

trying URL 'https://p3m.dev/cran/__linux__/noble/latest/src/contrib/DBI_1.2.3.tar.gz'
Content type 'binary/octet-stream' length 914707 bytes (893 KB)
==================================================
downloaded 893 KB

trying URL 'https://p3m.dev/cran/__linux__/noble/latest/src/contrib/s2_1.1.7.tar.gz'
Content type 'binary/octet-stream' length 2197719 bytes (2.1 MB)
==================================================
downloaded 2.1 MB

trying URL 'https://p3m.dev/cran/__linux__/noble/latest/src/contrib/units_0.8-7.tar.gz'
Content type 'binary/octet-stream' length 467207 bytes (456 KB)
==================================================
downloaded 456 KB

trying URL 'https://p3m.dev/cran/__linux__/noble/latest/src/contrib/bookdown_0.42.tar.gz'
Content type 'binary/octet-stream' length 1090748 bytes (1.0 MB)
==================================================
downloaded 1.0 MB

trying URL 'https://p3m.dev/cran/__linux__/noble/latest/src/contrib/checkmate_2.3.2.tar.gz'
Content type 'binary/octet-stream' length 743926 bytes (726 KB)
==================================================
downloaded 726 KB

trying URL 'https://p3m.dev/cran/__linux__/noble/latest/src/contrib/groupdata2_2.0.5.tar.gz'
Content type 'binary/octet-stream' length 1225238 bytes (1.2 MB)
==================================================
downloaded 1.2 MB

trying URL 'https://p3m.dev/cran/__linux__/noble/latest/src/contrib/lme4_1.1-36.tar.gz'
Content type 'binary/octet-stream' length 4258732 bytes (4.1 MB)
==================================================
downloaded 4.1 MB

trying URL 'https://p3m.dev/cran/__linux__/noble/latest/src/contrib/MuMIn_1.48.4.tar.gz'
Content type 'binary/octet-stream' length 891811 bytes (870 KB)
==================================================
downloaded 870 KB

trying URL 'https://p3m.dev/cran/__linux__/noble/latest/src/contrib/parameters_0.24.2.tar.gz'
Content type 'binary/octet-stream' length 2185608 bytes (2.1 MB)
==================================================
downloaded 2.1 MB

trying URL 'https://p3m.dev/cran/__linux__/noble/latest/src/contrib/plyr_1.8.9.tar.gz'
Content type 'binary/octet-stream' length 788070 bytes (769 KB)
==================================================
downloaded 769 KB

trying URL 'https://p3m.dev/cran/__linux__/noble/latest/src/contrib/pROC_1.18.5.tar.gz'
Content type 'binary/octet-stream' length 849460 bytes (829 KB)
==================================================
downloaded 829 KB

trying URL 'https://p3m.dev/cran/__linux__/noble/latest/src/contrib/rearrr_0.3.5.tar.gz'
Content type 'binary/octet-stream' length 1843613 bytes (1.8 MB)
==================================================
downloaded 1.8 MB

trying URL 'https://p3m.dev/cran/__linux__/noble/latest/src/contrib/recipes_1.1.1.tar.gz'
Content type 'binary/octet-stream' length 1674311 bytes (1.6 MB)
==================================================
downloaded 1.6 MB

trying URL 'https://p3m.dev/cran/__linux__/noble/latest/src/contrib/tidyr_1.3.1.tar.gz'
Content type 'binary/octet-stream' length 1177490 bytes (1.1 MB)
==================================================
downloaded 1.1 MB

trying URL 'https://p3m.dev/cran/__linux__/noble/latest/src/contrib/generics_0.1.3.tar.gz'
Content type 'binary/octet-stream' length 81013 bytes (79 KB)
==================================================
downloaded 79 KB

trying URL 'https://p3m.dev/cran/__linux__/noble/latest/src/contrib/tidyselect_1.2.1.tar.gz'
Content type 'binary/octet-stream' length 225331 bytes (220 KB)
==================================================
downloaded 220 KB

trying URL 'https://p3m.dev/cran/__linux__/noble/latest/src/contrib/gtable_0.3.6.tar.gz'
Content type 'binary/octet-stream' length 222627 bytes (217 KB)
==================================================
downloaded 217 KB

trying URL 'https://p3m.dev/cran/__linux__/noble/latest/src/contrib/isoband_0.2.7.tar.gz'
Content type 'binary/octet-stream' length 1644325 bytes (1.6 MB)
==================================================
downloaded 1.6 MB

trying URL 'https://p3m.dev/cran/__linux__/noble/latest/src/contrib/scales_1.3.0.tar.gz'
Content type 'binary/octet-stream' length 710365 bytes (693 KB)
==================================================
downloaded 693 KB

trying URL 'https://p3m.dev/cran/__linux__/noble/latest/src/contrib/R.oo_1.27.0.tar.gz'
Content type 'binary/octet-stream' length 998703 bytes (975 KB)
==================================================
downloaded 975 KB

trying URL 'https://p3m.dev/cran/__linux__/noble/latest/src/contrib/R.methodsS3_1.8.2.tar.gz'
Content type 'binary/octet-stream' length 82535 bytes (80 KB)
==================================================
downloaded 80 KB

trying URL 'https://p3m.dev/cran/__linux__/noble/latest/src/contrib/entropy_1.3.1.tar.gz'
Content type 'binary/octet-stream' length 90634 bytes (88 KB)
==================================================
downloaded 88 KB

trying URL 'https://p3m.dev/cran/__linux__/noble/latest/src/contrib/raster_3.6-31.tar.gz'
Content type 'binary/octet-stream' length 3386627 bytes (3.2 MB)
==================================================
downloaded 3.2 MB

trying URL 'https://p3m.dev/cran/__linux__/noble/latest/src/contrib/sf_1.0-19.tar.gz'
Content type 'binary/octet-stream' length 3797720 bytes (3.6 MB)
==================================================
downloaded 3.6 MB

trying URL 'https://p3m.dev/cran/__linux__/noble/latest/src/contrib/hunspell_3.0.5.tar.gz'
Content type 'binary/octet-stream' length 1169311 bytes (1.1 MB)
==================================================
downloaded 1.1 MB

trying URL 'https://p3m.dev/cran/__linux__/noble/latest/src/contrib/rJava_1.0-11.tar.gz'
Content type 'binary/octet-stream' length 939957 bytes (917 KB)
==================================================
downloaded 917 KB

trying URL 'https://bioconductor.org/packages/3.20/bioc/src/contrib/BiocStyle_2.34.0.tar.gz'
Content type 'application/x-gzip' length 908772 bytes (887 KB)
==================================================
downloaded 887 KB

trying URL 'https://p3m.dev/cran/__linux__/noble/latest/src/contrib/cvms_1.7.0.tar.gz'
Content type 'binary/octet-stream' length 3665149 bytes (3.5 MB)
==================================================
downloaded 3.5 MB

trying URL 'https://p3m.dev/cran/__linux__/noble/latest/src/contrib/data.table_1.17.0.tar.gz'
Content type 'binary/octet-stream' length 2695704 bytes (2.6 MB)
==================================================
downloaded 2.6 MB

trying URL 'https://p3m.dev/cran/__linux__/noble/latest/src/contrib/dplyr_1.1.4.tar.gz'
Content type 'binary/octet-stream' length 1491332 bytes (1.4 MB)
==================================================
downloaded 1.4 MB

trying URL 'https://p3m.dev/cran/__linux__/noble/latest/src/contrib/ggplot2_3.5.1.tar.gz'
Content type 'binary/octet-stream' length 5005317 bytes (4.8 MB)
==================================================
downloaded 4.8 MB

trying URL 'https://p3m.dev/cran/__linux__/noble/latest/src/contrib/gridExtra_2.3.tar.gz'
Content type 'binary/octet-stream' length 1106795 bytes (1.1 MB)
==================================================
downloaded 1.1 MB

trying URL 'https://p3m.dev/cran/__linux__/noble/latest/src/contrib/R.utils_2.13.0.tar.gz'
Content type 'binary/octet-stream' length 1454911 bytes (1.4 MB)
==================================================
downloaded 1.4 MB

trying URL 'https://p3m.dev/cran/__linux__/noble/latest/src/contrib/sabre_0.4.3.tar.gz'
Content type 'binary/octet-stream' length 642551 bytes (627 KB)
==================================================
downloaded 627 KB

trying URL 'https://p3m.dev/cran/__linux__/noble/latest/src/contrib/spelling_2.3.1.tar.gz'
Content type 'binary/octet-stream' length 54640 bytes (53 KB)
==================================================
downloaded 53 KB

trying URL 'https://bioconductor.org/packages/3.20/bioc/src/contrib/metabinR_1.8.0.tar.gz'
Content type 'application/x-gzip' length 4610703 bytes (4.4 MB)
==================================================
downloaded 4.4 MB

* installing *binary* package ‘listenv’ ...
* ‘listenv’ was already a binary package and will not be rebuilt
* creating tarball
packaged installation of ‘listenv’ as ‘listenv_0.9.1_R_x86_64-pc-linux-gnu.tar.gz’
* DONE (listenv)
* installing *binary* package ‘parallelly’ ...
* ‘parallelly’ was already a binary package and will not be rebuilt
* creating tarball
packaged installation of ‘parallelly’ as ‘parallelly_1.42.0_R_x86_64-pc-linux-gnu.tar.gz’
* DONE (parallelly)
* installing *binary* package ‘globals’ ...
* ‘globals’ was already a binary package and will not be rebuilt
* creating tarball
packaged installation of ‘globals’ as ‘globals_0.16.3_R_x86_64-pc-linux-gnu.tar.gz’
* DONE (globals)
* installing *binary* package ‘shape’ ...
* ‘shape’ was already a binary package and will not be rebuilt
* creating tarball
packaged installation of ‘shape’ as ‘shape_1.4.6.1_R_x86_64-pc-linux-gnu.tar.gz’
* DONE (shape)
* installing *binary* package ‘numDeriv’ ...
* ‘numDeriv’ was already a binary package and will not be rebuilt
* creating tarball
packaged installation of ‘numDeriv’ as ‘numDeriv_2016.8-1.1_R_x86_64-pc-linux-gnu.tar.gz’
* DONE (numDeriv)
* installing *binary* package ‘progressr’ ...
* ‘progressr’ was already a binary package and will not be rebuilt
* creating tarball
packaged installation of ‘progressr’ as ‘progressr_0.15.1_R_x86_64-pc-linux-gnu.tar.gz’
* DONE (progressr)
* installing *binary* package ‘SQUAREM’ ...
* ‘SQUAREM’ was already a binary package and will not be rebuilt
* creating tarball
packaged installation of ‘SQUAREM’ as ‘SQUAREM_2021.1_R_x86_64-pc-linux-gnu.tar.gz’
* DONE (SQUAREM)
* installing *binary* package ‘rbibutils’ ...
* ‘rbibutils’ was already a binary package and will not be rebuilt
* creating tarball
packaged installation of ‘rbibutils’ as ‘rbibutils_2.3_R_x86_64-pc-linux-gnu.tar.gz’
* DONE (rbibutils)
* installing *binary* package ‘proxy’ ...
* ‘proxy’ was already a binary package and will not be rebuilt
* creating tarball
packaged installation of ‘proxy’ as ‘proxy_0.4-27_R_x86_64-pc-linux-gnu.tar.gz’
* DONE (proxy)
* installing *binary* package ‘tzdb’ ...
* ‘tzdb’ was already a binary package and will not be rebuilt
* creating tarball
packaged installation of ‘tzdb’ as ‘tzdb_0.4.0_R_x86_64-pc-linux-gnu.tar.gz’
* DONE (tzdb)
* installing *binary* package ‘timechange’ ...
* ‘timechange’ was already a binary package and will not be rebuilt
* creating tarball
packaged installation of ‘timechange’ as ‘timechange_0.3.0_R_x86_64-pc-linux-gnu.tar.gz’
* DONE (timechange)
* installing *binary* package ‘colorspace’ ...
* ‘colorspace’ was already a binary package and will not be rebuilt
* creating tarball
packaged installation of ‘colorspace’ as ‘colorspace_2.1-1_R_x86_64-pc-linux-gnu.tar.gz’
* DONE (colorspace)
* installing *binary* package ‘wk’ ...
* ‘wk’ was already a binary package and will not be rebuilt
* creating tarball
packaged installation of ‘wk’ as ‘wk_0.9.4_R_x86_64-pc-linux-gnu.tar.gz’
* DONE (wk)
* installing *binary* package ‘backports’ ...
* ‘backports’ was already a binary package and will not be rebuilt
* creating tarball
packaged installation of ‘backports’ as ‘backports_1.5.0_R_x86_64-pc-linux-gnu.tar.gz’
* DONE (backports)
* installing *binary* package ‘numbers’ ...
* ‘numbers’ was already a binary package and will not be rebuilt
* creating tarball
packaged installation of ‘numbers’ as ‘numbers_0.8-5_R_x86_64-pc-linux-gnu.tar.gz’
* DONE (numbers)
* installing *binary* package ‘minqa’ ...
* ‘minqa’ was already a binary package and will not be rebuilt
* creating tarball
packaged installation of ‘minqa’ as ‘minqa_1.2.8_R_x86_64-pc-linux-gnu.tar.gz’
* DONE (minqa)
* installing *binary* package ‘nloptr’ ...
* ‘nloptr’ was already a binary package and will not be rebuilt
* creating tarball
packaged installation of ‘nloptr’ as ‘nloptr_2.1.1_R_x86_64-pc-linux-gnu.tar.gz’
* DONE (nloptr)
* installing *binary* package ‘RcppEigen’ ...
* ‘RcppEigen’ was already a binary package and will not be rebuilt
* creating tarball
packaged installation of ‘RcppEigen’ as ‘RcppEigen_0.3.4.0.2_R_x86_64-pc-linux-gnu.tar.gz’
* DONE (RcppEigen)
* installing *binary* package ‘insight’ ...
* ‘insight’ was already a binary package and will not be rebuilt
* creating tarball
packaged installation of ‘insight’ as ‘insight_1.1.0_R_x86_64-pc-linux-gnu.tar.gz’
* DONE (insight)
* installing *binary* package ‘gower’ ...
* ‘gower’ was already a binary package and will not be rebuilt
* creating tarball
packaged installation of ‘gower’ as ‘gower_1.0.2_R_x86_64-pc-linux-gnu.tar.gz’
* DONE (gower)
* installing *binary* package ‘sparsevctrs’ ...
* ‘sparsevctrs’ was already a binary package and will not be rebuilt
* creating tarball
packaged installation of ‘sparsevctrs’ as ‘sparsevctrs_0.3.0_R_x86_64-pc-linux-gnu.tar.gz’
* DONE (sparsevctrs)
* installing *binary* package ‘timeDate’ ...
* ‘timeDate’ was already a binary package and will not be rebuilt
* creating tarball
packaged installation of ‘timeDate’ as ‘timeDate_4041.110_R_x86_64-pc-linux-gnu.tar.gz’
* DONE (timeDate)
* installing *binary* package ‘farver’ ...
* ‘farver’ was already a binary package and will not be rebuilt
* creating tarball
packaged installation of ‘farver’ as ‘farver_2.1.2_R_x86_64-pc-linux-gnu.tar.gz’
* DONE (farver)
* installing *binary* package ‘labeling’ ...
* ‘labeling’ was already a binary package and will not be rebuilt
* creating tarball
packaged installation of ‘labeling’ as ‘labeling_0.4.3_R_x86_64-pc-linux-gnu.tar.gz’
* DONE (labeling)
* installing *binary* package ‘RColorBrewer’ ...
* ‘RColorBrewer’ was already a binary package and will not be rebuilt
* creating tarball
packaged installation of ‘RColorBrewer’ as ‘RColorBrewer_1.1-3_R_x86_64-pc-linux-gnu.tar.gz’
* DONE (RColorBrewer)
* installing *binary* package ‘viridisLite’ ...
* ‘viridisLite’ was already a binary package and will not be rebuilt
* creating tarball
packaged installation of ‘viridisLite’ as ‘viridisLite_0.4.2_R_x86_64-pc-linux-gnu.tar.gz’
* DONE (viridisLite)
* installing *binary* package ‘sp’ ...
* ‘sp’ was already a binary package and will not be rebuilt
* creating tarball
packaged installation of ‘sp’ as ‘sp_2.2-0_R_x86_64-pc-linux-gnu.tar.gz’
* DONE (sp)
* installing *binary* package ‘terra’ ...
* ‘terra’ was already a binary package and will not be rebuilt
* creating tarball
packaged installation of ‘terra’ as ‘terra_1.8-29_R_x86_64-pc-linux-gnu.tar.gz’
* DONE (terra)
* installing *binary* package ‘DBI’ ...
* ‘DBI’ was already a binary package and will not be rebuilt
* creating tarball
packaged installation of ‘DBI’ as ‘DBI_1.2.3_R_x86_64-pc-linux-gnu.tar.gz’
* DONE (DBI)
* installing *binary* package ‘units’ ...
* ‘units’ was already a binary package and will not be rebuilt
* creating tarball
packaged installation of ‘units’ as ‘units_0.8-7_R_x86_64-pc-linux-gnu.tar.gz’
* DONE (units)
* installing *binary* package ‘bookdown’ ...
* ‘bookdown’ was already a binary package and will not be rebuilt
* creating tarball
packaged installation of ‘bookdown’ as ‘bookdown_0.42_R_x86_64-pc-linux-gnu.tar.gz’
* DONE (bookdown)
* installing *binary* package ‘plyr’ ...
* ‘plyr’ was already a binary package and will not be rebuilt
* creating tarball
packaged installation of ‘plyr’ as ‘plyr_1.8.9_R_x86_64-pc-linux-gnu.tar.gz’
* DONE (plyr)
* installing *binary* package ‘generics’ ...
* ‘generics’ was already a binary package and will not be rebuilt
* creating tarball
packaged installation of ‘generics’ as ‘generics_0.1.3_R_x86_64-pc-linux-gnu.tar.gz’
* DONE (generics)
* installing *binary* package ‘tidyselect’ ...
* ‘tidyselect’ was already a binary package and will not be rebuilt
* creating tarball
packaged installation of ‘tidyselect’ as ‘tidyselect_1.2.1_R_x86_64-pc-linux-gnu.tar.gz’
* DONE (tidyselect)
* installing *binary* package ‘gtable’ ...
* ‘gtable’ was already a binary package and will not be rebuilt
* creating tarball
packaged installation of ‘gtable’ as ‘gtable_0.3.6_R_x86_64-pc-linux-gnu.tar.gz’
* DONE (gtable)
* installing *binary* package ‘isoband’ ...
* ‘isoband’ was already a binary package and will not be rebuilt
* creating tarball
packaged installation of ‘isoband’ as ‘isoband_0.2.7_R_x86_64-pc-linux-gnu.tar.gz’
* DONE (isoband)
* installing *binary* package ‘R.methodsS3’ ...
* ‘R.methodsS3’ was already a binary package and will not be rebuilt
* creating tarball
packaged installation of ‘R.methodsS3’ as ‘R.methodsS3_1.8.2_R_x86_64-pc-linux-gnu.tar.gz’
* DONE (R.methodsS3)
* installing *binary* package ‘entropy’ ...
* ‘entropy’ was already a binary package and will not be rebuilt
* creating tarball
packaged installation of ‘entropy’ as ‘entropy_1.3.1_R_x86_64-pc-linux-gnu.tar.gz’
* DONE (entropy)
* installing *binary* package ‘hunspell’ ...
* ‘hunspell’ was already a binary package and will not be rebuilt
* creating tarball
packaged installation of ‘hunspell’ as ‘hunspell_3.0.5_R_x86_64-pc-linux-gnu.tar.gz’
* DONE (hunspell)
* installing *binary* package ‘rJava’ ...
* ‘rJava’ was already a binary package and will not be rebuilt
* creating tarball
packaged installation of ‘rJava’ as ‘rJava_1.0-11_R_x86_64-pc-linux-gnu.tar.gz’
* DONE (rJava)
* installing *binary* package ‘data.table’ ...
* ‘data.table’ was already a binary package and will not be rebuilt
* creating tarball
packaged installation of ‘data.table’ as ‘data.table_1.17.0_R_x86_64-pc-linux-gnu.tar.gz’
* DONE (data.table)
* installing *binary* package ‘future’ ...
* ‘future’ was already a binary package and will not be rebuilt
* creating tarball
packaged installation of ‘future’ as ‘future_1.34.0_R_x86_64-pc-linux-gnu.tar.gz’
* DONE (future)
* installing *binary* package ‘diagram’ ...
* ‘diagram’ was already a binary package and will not be rebuilt
* creating tarball
packaged installation of ‘diagram’ as ‘diagram_1.6.5_R_x86_64-pc-linux-gnu.tar.gz’
* DONE (diagram)
* installing *binary* package ‘Rdpack’ ...
* ‘Rdpack’ was already a binary package and will not be rebuilt
* creating tarball
packaged installation of ‘Rdpack’ as ‘Rdpack_2.6.2_R_x86_64-pc-linux-gnu.tar.gz’
* DONE (Rdpack)
* installing *binary* package ‘e1071’ ...
* ‘e1071’ was already a binary package and will not be rebuilt
* creating tarball
packaged installation of ‘e1071’ as ‘e1071_1.7-16_R_x86_64-pc-linux-gnu.tar.gz’
* DONE (e1071)
* installing *binary* package ‘datawizard’ ...
* ‘datawizard’ was already a binary package and will not be rebuilt
* creating tarball
packaged installation of ‘datawizard’ as ‘datawizard_1.0.1_R_x86_64-pc-linux-gnu.tar.gz’
* DONE (datawizard)
* installing *binary* package ‘clock’ ...
* ‘clock’ was already a binary package and will not be rebuilt
* creating tarball
packaged installation of ‘clock’ as ‘clock_0.7.2_R_x86_64-pc-linux-gnu.tar.gz’
* DONE (clock)
* installing *binary* package ‘hardhat’ ...
* ‘hardhat’ was already a binary package and will not be rebuilt
* creating tarball
packaged installation of ‘hardhat’ as ‘hardhat_1.4.1_R_x86_64-pc-linux-gnu.tar.gz’
* DONE (hardhat)
* installing *binary* package ‘lubridate’ ...
* ‘lubridate’ was already a binary package and will not be rebuilt
* creating tarball
packaged installation of ‘lubridate’ as ‘lubridate_1.9.4_R_x86_64-pc-linux-gnu.tar.gz’
* DONE (lubridate)
* installing *binary* package ‘munsell’ ...
* ‘munsell’ was already a binary package and will not be rebuilt
* creating tarball
packaged installation of ‘munsell’ as ‘munsell_0.5.1_R_x86_64-pc-linux-gnu.tar.gz’
* DONE (munsell)
* installing *binary* package ‘s2’ ...
* ‘s2’ was already a binary package and will not be rebuilt
* creating tarball
packaged installation of ‘s2’ as ‘s2_1.1.7_R_x86_64-pc-linux-gnu.tar.gz’
* DONE (s2)
* installing *binary* package ‘checkmate’ ...
* ‘checkmate’ was already a binary package and will not be rebuilt
* creating tarball
packaged installation of ‘checkmate’ as ‘checkmate_2.3.2_R_x86_64-pc-linux-gnu.tar.gz’
* DONE (checkmate)
* installing *binary* package ‘MuMIn’ ...
* ‘MuMIn’ was already a binary package and will not be rebuilt
* creating tarball
packaged installation of ‘MuMIn’ as ‘MuMIn_1.48.4_R_x86_64-pc-linux-gnu.tar.gz’
* DONE (MuMIn)
* installing *binary* package ‘pROC’ ...
* ‘pROC’ was already a binary package and will not be rebuilt
* creating tarball
packaged installation of ‘pROC’ as ‘pROC_1.18.5_R_x86_64-pc-linux-gnu.tar.gz’
* DONE (pROC)
* installing *binary* package ‘R.oo’ ...
* ‘R.oo’ was already a binary package and will not be rebuilt
* creating tarball
packaged installation of ‘R.oo’ as ‘R.oo_1.27.0_R_x86_64-pc-linux-gnu.tar.gz’
* DONE (R.oo)
* installing *binary* package ‘raster’ ...
* ‘raster’ was already a binary package and will not be rebuilt
* creating tarball
packaged installation of ‘raster’ as ‘raster_3.6-31_R_x86_64-pc-linux-gnu.tar.gz’
* DONE (raster)
* installing *source* package ‘BiocStyle’ ...
** package ‘BiocStyle’ successfully unpacked and MD5 sums checked
** using staged installation
** R
** inst
** byte-compile and prepare package for lazy loading
** help
*** installing help indices
** building package indices
** installing vignettes
** testing if installed package can be loaded from temporary location
** testing if installed package can be loaded from final location
** testing if installed package keeps a record of temporary installation path
* creating tarball
packaged installation of ‘BiocStyle’ as ‘BiocStyle_2.34.0_R_x86_64-pc-linux-gnu.tar.gz’
* DONE (BiocStyle)
* installing *binary* package ‘dplyr’ ...
* ‘dplyr’ was already a binary package and will not be rebuilt
* creating tarball
packaged installation of ‘dplyr’ as ‘dplyr_1.1.4_R_x86_64-pc-linux-gnu.tar.gz’
* DONE (dplyr)
* installing *binary* package ‘gridExtra’ ...
* ‘gridExtra’ was already a binary package and will not be rebuilt
* creating tarball
packaged installation of ‘gridExtra’ as ‘gridExtra_2.3_R_x86_64-pc-linux-gnu.tar.gz’
* DONE (gridExtra)
* installing *binary* package ‘spelling’ ...
* ‘spelling’ was already a binary package and will not be rebuilt
* creating tarball
packaged installation of ‘spelling’ as ‘spelling_2.3.1_R_x86_64-pc-linux-gnu.tar.gz’
* DONE (spelling)
* installing *source* package ‘metabinR’ ...
** package ‘metabinR’ successfully unpacked and MD5 sums checked
** using staged installation
** R
** inst
** byte-compile and prepare package for lazy loading
** help
*** installing help indices
** building package indices
** installing vignettes
** testing if installed package can be loaded from temporary location
** testing if installed package can be loaded from final location
** testing if installed package keeps a record of temporary installation path
* creating tarball
packaged installation of ‘metabinR’ as ‘metabinR_1.8.0_R_x86_64-pc-linux-gnu.tar.gz’
* DONE (metabinR)
* installing *binary* package ‘future.apply’ ...
* ‘future.apply’ was already a binary package and will not be rebuilt
* creating tarball
packaged installation of ‘future.apply’ as ‘future.apply_1.11.3_R_x86_64-pc-linux-gnu.tar.gz’
* DONE (future.apply)
* installing *binary* package ‘reformulas’ ...
* ‘reformulas’ was already a binary package and will not be rebuilt
* creating tarball
packaged installation of ‘reformulas’ as ‘reformulas_0.4.0_R_x86_64-pc-linux-gnu.tar.gz’
* DONE (reformulas)
* installing *binary* package ‘bayestestR’ ...
* ‘bayestestR’ was already a binary package and will not be rebuilt
* creating tarball
packaged installation of ‘bayestestR’ as ‘bayestestR_0.15.2_R_x86_64-pc-linux-gnu.tar.gz’
* DONE (bayestestR)
* installing *binary* package ‘classInt’ ...
* ‘classInt’ was already a binary package and will not be rebuilt
* creating tarball
packaged installation of ‘classInt’ as ‘classInt_0.4-11_R_x86_64-pc-linux-gnu.tar.gz’
* DONE (classInt)
* installing *binary* package ‘rearrr’ ...
* ‘rearrr’ was already a binary package and will not be rebuilt
* creating tarball
packaged installation of ‘rearrr’ as ‘rearrr_0.3.5_R_x86_64-pc-linux-gnu.tar.gz’
* DONE (rearrr)
* installing *binary* package ‘tidyr’ ...
* ‘tidyr’ was already a binary package and will not be rebuilt
* creating tarball
packaged installation of ‘tidyr’ as ‘tidyr_1.3.1_R_x86_64-pc-linux-gnu.tar.gz’
* DONE (tidyr)
* installing *binary* package ‘scales’ ...
* ‘scales’ was already a binary package and will not be rebuilt
* creating tarball
packaged installation of ‘scales’ as ‘scales_1.3.0_R_x86_64-pc-linux-gnu.tar.gz’
* DONE (scales)
* installing *binary* package ‘R.utils’ ...
* ‘R.utils’ was already a binary package and will not be rebuilt
* creating tarball
packaged installation of ‘R.utils’ as ‘R.utils_2.13.0_R_x86_64-pc-linux-gnu.tar.gz’
* DONE (R.utils)
* installing *binary* package ‘lava’ ...
* ‘lava’ was already a binary package and will not be rebuilt
* creating tarball
packaged installation of ‘lava’ as ‘lava_1.8.1_R_x86_64-pc-linux-gnu.tar.gz’
* DONE (lava)
* installing *binary* package ‘groupdata2’ ...
* ‘groupdata2’ was already a binary package and will not be rebuilt
* creating tarball
packaged installation of ‘groupdata2’ as ‘groupdata2_2.0.5_R_x86_64-pc-linux-gnu.tar.gz’
* DONE (groupdata2)
* installing *binary* package ‘lme4’ ...
* ‘lme4’ was already a binary package and will not be rebuilt
* creating tarball
packaged installation of ‘lme4’ as ‘lme4_1.1-36_R_x86_64-pc-linux-gnu.tar.gz’
* DONE (lme4)
* installing *binary* package ‘parameters’ ...
* ‘parameters’ was already a binary package and will not be rebuilt
* creating tarball
packaged installation of ‘parameters’ as ‘parameters_0.24.2_R_x86_64-pc-linux-gnu.tar.gz’
* DONE (parameters)
* installing *binary* package ‘sf’ ...
* ‘sf’ was already a binary package and will not be rebuilt
* creating tarball
packaged installation of ‘sf’ as ‘sf_1.0-19_R_x86_64-pc-linux-gnu.tar.gz’
* DONE (sf)
* installing *binary* package ‘ggplot2’ ...
* ‘ggplot2’ was already a binary package and will not be rebuilt
* creating tarball
packaged installation of ‘ggplot2’ as ‘ggplot2_3.5.1_R_x86_64-pc-linux-gnu.tar.gz’
* DONE (ggplot2)
* installing *binary* package ‘prodlim’ ...
* ‘prodlim’ was already a binary package and will not be rebuilt
* creating tarball
packaged installation of ‘prodlim’ as ‘prodlim_2024.06.25_R_x86_64-pc-linux-gnu.tar.gz’
* DONE (prodlim)
* installing *binary* package ‘sabre’ ...
* ‘sabre’ was already a binary package and will not be rebuilt
* creating tarball
packaged installation of ‘sabre’ as ‘sabre_0.4.3_R_x86_64-pc-linux-gnu.tar.gz’
* DONE (sabre)
* installing *binary* package ‘ipred’ ...
* ‘ipred’ was already a binary package and will not be rebuilt
* creating tarball
packaged installation of ‘ipred’ as ‘ipred_0.9-15_R_x86_64-pc-linux-gnu.tar.gz’
* DONE (ipred)
* installing *binary* package ‘recipes’ ...
* ‘recipes’ was already a binary package and will not be rebuilt
* creating tarball
packaged installation of ‘recipes’ as ‘recipes_1.1.1_R_x86_64-pc-linux-gnu.tar.gz’
* DONE (recipes)
* installing *binary* package ‘cvms’ ...
* ‘cvms’ was already a binary package and will not be rebuilt
* creating tarball
packaged installation of ‘cvms’ as ‘cvms_1.7.0_R_x86_64-pc-linux-gnu.tar.gz’
* DONE (cvms)

The downloaded source packages are in
	‘/tmp/RtmpliKnH3/downloaded_packages’
Old packages: 'bslib', 'cli', 'cpp11', 'curl', 'evaluate', 'httr2', 'jsonlite',
  'openssl', 'pillar', 'pkgbuild', 'processx', 'ps', 'purrr', 'R6', 'Rcpp',
  'rlang', 'sessioninfo', 'systemfonts', 'testthat', 'textshaping', 'tinytex',
  'xfun', 'xml2', 'zip', 'class', 'foreign', 'KernSmooth', 'MASS', 'Matrix',
  'nlme', 'nnet', 'rpart', 'spatial'

real	1m9.951s
user	0m40.559s
sys	0m19.973s
