'getOption("repos")' replaces Bioconductor standard repositories, see
'help("repositories", package = "BiocManager")' for details.
Replacement repositories:
    CRAN: https://p3m.dev/cran/__linux__/noble/latest
Bioconductor version 3.20 (BiocManager 1.30.25), R 4.4.2 (2024-10-31)
Installing package(s) 'EpipwR'
also installing the dependency ‘EpipwR.data’

trying URL 'https://bioconductor.org/packages/3.20/data/experiment/src/contrib/EpipwR.data_1.0.0.tar.gz'
Content type 'application/x-gzip' length 8467 bytes
==================================================
downloaded 8467 bytes

trying URL 'https://bioconductor.org/packages/3.20/bioc/src/contrib/EpipwR_1.0.0.tar.gz'
Content type 'application/x-gzip' length 126082 bytes (123 KB)
==================================================
downloaded 123 KB

* installing *source* package ‘EpipwR.data’ ...
** using staged installation
** inst
** help
*** installing help indices
** building package indices
** installing vignettes
** testing if installed package can be loaded from temporary location
** testing if installed package can be loaded from final location
** testing if installed package keeps a record of temporary installation path
* creating tarball
packaged installation of ‘EpipwR.data’ as ‘EpipwR.data_1.0.0_R_x86_64-pc-linux-gnu.tar.gz’
* DONE (EpipwR.data)
* installing *source* package ‘EpipwR’ ...
** package ‘EpipwR’ successfully unpacked and MD5 sums checked
** using staged installation
** R
** inst
** byte-compile and prepare package for lazy loading
** help
*** installing help indices
** building package indices
** installing vignettes
** testing if installed package can be loaded from temporary location
** testing if installed package can be loaded from final location
** testing if installed package keeps a record of temporary installation path
* creating tarball
packaged installation of ‘EpipwR’ as ‘EpipwR_1.0.0_R_x86_64-pc-linux-gnu.tar.gz’
* DONE (EpipwR)

The downloaded source packages are in
	‘/tmp/RtmpH8fw7Z/downloaded_packages’
Old packages: 'bslib', 'cli', 'cpp11', 'curl', 'evaluate', 'httr2', 'jsonlite',
  'openssl', 'pillar', 'pkgbuild', 'processx', 'ps', 'purrr', 'R6', 'Rcpp',
  'rlang', 'sessioninfo', 'systemfonts', 'testthat', 'textshaping', 'tinytex',
  'xfun', 'xml2', 'zip', 'class', 'foreign', 'KernSmooth', 'MASS', 'Matrix',
  'nlme', 'nnet', 'rpart', 'spatial'

real	0m46.414s
user	0m18.839s
sys	0m4.858s
