+ Rscript -e 'Sys.setenv(BIOCONDUCTOR_USE_CONTAINER_REPOSITORY=FALSE);
  p <- .libPaths();
  p <- c('\'''\'', '\'''\'', p);
  .libPaths(p);
  if(BiocManager::install('\''seqPattern'\'', INSTALL_opts = '\''--build'\'', update = TRUE, quiet = FALSE, dependencies=TRUE, force = TRUE, keep_outputs = TRUE) %in% rownames(installed.packages())) q(status = 0) else q(status = 1)'
'getOption("repos")' replaces Bioconductor standard repositories, see
'help("repositories", package = "BiocManager")' for details.
Replacement repositories:
    CRAN: https://cloud.r-project.org
Bioconductor version 3.21 (BiocManager 1.30.25), R 4.5.0 (2025-04-11)
Installing package(s) 'seqPattern'
also installing the dependencies ‘checkmate’, ‘htmlTable’, ‘viridis’, ‘Formula’, ‘Hmisc’, ‘dichromat’, ‘lobstr’, ‘VariantAnnotation’, ‘biomaRt’, ‘biovizBase’, ‘pryr’, ‘GenomicFiles’, ‘Gviz’, ‘InteractionSet’, ‘GenomicInteractions’, ‘operator.tools’, ‘permute’, ‘BSgenome’, ‘MultiAssayExperiment’, ‘CAGEfightR’, ‘formula.tools’, ‘som’, ‘stringdist’, ‘vegan’, ‘VGAM’, ‘bookdown’, ‘plotrix’, ‘BSgenome.Drerio.UCSC.danRer7’, ‘CAGEr’, ‘RUnit’, ‘BiocStyle’

trying URL 'https://cloud.r-project.org/src/contrib/checkmate_2.3.2.tar.gz'
trying URL 'https://cloud.r-project.org/src/contrib/htmlTable_2.4.3.tar.gz'
trying URL 'https://cloud.r-project.org/src/contrib/viridis_0.6.5.tar.gz'
trying URL 'https://cloud.r-project.org/src/contrib/Formula_1.2-5.tar.gz'
trying URL 'https://cloud.r-project.org/src/contrib/Hmisc_5.2-3.tar.gz'
trying URL 'https://cloud.r-project.org/src/contrib/dichromat_2.0-0.1.tar.gz'
trying URL 'https://cloud.r-project.org/src/contrib/lobstr_1.1.2.tar.gz'
trying URL 'https://bioconductor.org/packages/3.21/bioc/src/contrib/VariantAnnotation_1.54.0.tar.gz'
trying URL 'https://bioconductor.org/packages/3.21/bioc/src/contrib/biomaRt_2.64.0.tar.gz'
trying URL 'https://bioconductor.org/packages/3.21/bioc/src/contrib/biovizBase_1.56.0.tar.gz'
trying URL 'https://cloud.r-project.org/src/contrib/pryr_0.1.6.tar.gz'
trying URL 'https://bioconductor.org/packages/3.21/bioc/src/contrib/GenomicFiles_1.44.0.tar.gz'
trying URL 'https://bioconductor.org/packages/3.21/bioc/src/contrib/Gviz_1.52.0.tar.gz'
trying URL 'https://bioconductor.org/packages/3.21/bioc/src/contrib/InteractionSet_1.36.0.tar.gz'
trying URL 'https://bioconductor.org/packages/3.21/bioc/src/contrib/GenomicInteractions_1.42.0.tar.gz'
trying URL 'https://cloud.r-project.org/src/contrib/operator.tools_1.6.3.tar.gz'
trying URL 'https://cloud.r-project.org/src/contrib/permute_0.9-7.tar.gz'
trying URL 'https://bioconductor.org/packages/3.21/bioc/src/contrib/BSgenome_1.76.0.tar.gz'
trying URL 'https://bioconductor.org/packages/3.21/bioc/src/contrib/MultiAssayExperiment_1.34.0.tar.gz'
trying URL 'https://bioconductor.org/packages/3.21/bioc/src/contrib/CAGEfightR_1.28.0.tar.gz'
trying URL 'https://cloud.r-project.org/src/contrib/formula.tools_1.7.1.tar.gz'
trying URL 'https://cloud.r-project.org/src/contrib/som_0.3-5.2.tar.gz'
trying URL 'https://cloud.r-project.org/src/contrib/stringdist_0.9.15.tar.gz'
trying URL 'https://cloud.r-project.org/src/contrib/vegan_2.6-10.tar.gz'
trying URL 'https://cloud.r-project.org/src/contrib/VGAM_1.1-13.tar.gz'
trying URL 'https://cloud.r-project.org/src/contrib/bookdown_0.43.tar.gz'
trying URL 'https://cloud.r-project.org/src/contrib/plotrix_3.8-4.tar.gz'
trying URL 'https://bioconductor.org/packages/3.21/data/annotation/src/contrib/BSgenome.Drerio.UCSC.danRer7_1.4.0.tar.gz'
trying URL 'https://bioconductor.org/packages/3.21/bioc/src/contrib/CAGEr_2.14.0.tar.gz'
trying URL 'https://cloud.r-project.org/src/contrib/RUnit_0.4.33.tar.gz'
trying URL 'https://bioconductor.org/packages/3.21/bioc/src/contrib/BiocStyle_2.36.0.tar.gz'
trying URL 'https://bioconductor.org/packages/3.21/bioc/src/contrib/seqPattern_1.40.0.tar.gz'
* installing *source* package ‘checkmate’ ...
** this is package ‘checkmate’ version ‘2.3.2’
** package ‘checkmate’ successfully unpacked and MD5 sums checked
** using staged installation
** libs
using C compiler: ‘gcc (Ubuntu 11.4.0-1ubuntu1~22.04) 11.4.0’
gcc -I"/usr/share/R/include" -DNDEBUG       -fpic  -g -O2 -ffile-prefix-map=/build/r-base-rgGXCp/r-base-4.5.0=. -fstack-protector-strong -Wformat -Werror=format-security -Wdate-time -D_FORTIFY_SOURCE=2  -c all_missing.c -o all_missing.o
gcc -I"/usr/share/R/include" -DNDEBUG       -fpic  -g -O2 -ffile-prefix-map=/build/r-base-rgGXCp/r-base-4.5.0=. -fstack-protector-strong -Wformat -Werror=format-security -Wdate-time -D_FORTIFY_SOURCE=2  -c any_infinite.c -o any_infinite.o
gcc -I"/usr/share/R/include" -DNDEBUG       -fpic  -g -O2 -ffile-prefix-map=/build/r-base-rgGXCp/r-base-4.5.0=. -fstack-protector-strong -Wformat -Werror=format-security -Wdate-time -D_FORTIFY_SOURCE=2  -c any_missing.c -o any_missing.o
gcc -I"/usr/share/R/include" -DNDEBUG       -fpic  -g -O2 -ffile-prefix-map=/build/r-base-rgGXCp/r-base-4.5.0=. -fstack-protector-strong -Wformat -Werror=format-security -Wdate-time -D_FORTIFY_SOURCE=2  -c any_nan.c -o any_nan.o
gcc -I"/usr/share/R/include" -DNDEBUG       -fpic  -g -O2 -ffile-prefix-map=/build/r-base-rgGXCp/r-base-4.5.0=. -fstack-protector-strong -Wformat -Werror=format-security -Wdate-time -D_FORTIFY_SOURCE=2  -c checks.c -o checks.o
gcc -I"/usr/share/R/include" -DNDEBUG       -fpic  -g -O2 -ffile-prefix-map=/build/r-base-rgGXCp/r-base-4.5.0=. -fstack-protector-strong -Wformat -Werror=format-security -Wdate-time -D_FORTIFY_SOURCE=2  -c find_nchar.c -o find_nchar.o
gcc -I"/usr/share/R/include" -DNDEBUG       -fpic  -g -O2 -ffile-prefix-map=/build/r-base-rgGXCp/r-base-4.5.0=. -fstack-protector-strong -Wformat -Werror=format-security -Wdate-time -D_FORTIFY_SOURCE=2  -c guess_type.c -o guess_type.o
gcc -I"/usr/share/R/include" -DNDEBUG       -fpic  -g -O2 -ffile-prefix-map=/build/r-base-rgGXCp/r-base-4.5.0=. -fstack-protector-strong -Wformat -Werror=format-security -Wdate-time -D_FORTIFY_SOURCE=2  -c helper.c -o helper.o
gcc -I"/usr/share/R/include" -DNDEBUG       -fpic  -g -O2 -ffile-prefix-map=/build/r-base-rgGXCp/r-base-4.5.0=. -fstack-protector-strong -Wformat -Werror=format-security -Wdate-time -D_FORTIFY_SOURCE=2  -c init.c -o init.o
gcc -I"/usr/share/R/include" -DNDEBUG       -fpic  -g -O2 -ffile-prefix-map=/build/r-base-rgGXCp/r-base-4.5.0=. -fstack-protector-strong -Wformat -Werror=format-security -Wdate-time -D_FORTIFY_SOURCE=2  -c integerish.c -o integerish.o
gcc -I"/usr/share/R/include" -DNDEBUG       -fpic  -g -O2 -ffile-prefix-map=/build/r-base-rgGXCp/r-base-4.5.0=. -fstack-protector-strong -Wformat -Werror=format-security -Wdate-time -D_FORTIFY_SOURCE=2  -c is_sorted.c -o is_sorted.o
gcc -I"/usr/share/R/include" -DNDEBUG       -fpic  -g -O2 -ffile-prefix-map=/build/r-base-rgGXCp/r-base-4.5.0=. -fstack-protector-strong -Wformat -Werror=format-security -Wdate-time -D_FORTIFY_SOURCE=2  -c qassert.c -o qassert.o
gcc -I"/usr/share/R/include" -DNDEBUG       -fpic  -g -O2 -ffile-prefix-map=/build/r-base-rgGXCp/r-base-4.5.0=. -fstack-protector-strong -Wformat -Werror=format-security -Wdate-time -D_FORTIFY_SOURCE=2  -c which_first.c -o which_first.o
gcc -shared -L/usr/lib/R/lib -Wl,-Bsymbolic-functions -flto=auto -ffat-lto-objects -flto=auto -Wl,-z,relro -o checkmate.so all_missing.o any_infinite.o any_missing.o any_nan.o checks.o find_nchar.o guess_type.o helper.o init.o integerish.o is_sorted.o qassert.o which_first.o -L/usr/lib/R/lib -lR
installing to /usr/local/lib/R/site-library/00LOCK-checkmate/00new/checkmate/libs
** R
** inst
** byte-compile and prepare package for lazy loading
** help
*** installing help indices
** building package indices
** installing vignettes
** testing if installed package can be loaded from temporary location
** checking absolute paths in shared objects and dynamic libraries
** testing if installed package can be loaded from final location
** testing if installed package keeps a record of temporary installation path
* creating tarball
packaged installation of ‘checkmate’ as ‘checkmate_2.3.2_R_x86_64-pc-linux-gnu.tar.gz’
* DONE (checkmate)
* installing *source* package ‘viridis’ ...
** this is package ‘viridis’ version ‘0.6.5’
** package ‘viridis’ successfully unpacked and MD5 sums checked
** using staged installation
** R
** data
*** moving datasets to lazyload DB
** inst
** byte-compile and prepare package for lazy loading
** help
*** installing help indices
*** copying figures
** building package indices
** installing vignettes
** testing if installed package can be loaded from temporary location
** testing if installed package can be loaded from final location
** testing if installed package keeps a record of temporary installation path
* creating tarball
packaged installation of ‘viridis’ as ‘viridis_0.6.5_R_x86_64-pc-linux-gnu.tar.gz’
* DONE (viridis)
* installing *source* package ‘Formula’ ...
** this is package ‘Formula’ version ‘1.2-5’
** package ‘Formula’ successfully unpacked and MD5 sums checked
** using staged installation
** R
** inst
** byte-compile and prepare package for lazy loading
** help
*** installing help indices
** building package indices
** installing vignettes
** testing if installed package can be loaded from temporary location
** testing if installed package can be loaded from final location
** testing if installed package keeps a record of temporary installation path
* creating tarball
packaged installation of ‘Formula’ as ‘Formula_1.2-5_R_x86_64-pc-linux-gnu.tar.gz’
* DONE (Formula)
* installing *source* package ‘dichromat’ ...
** this is package ‘dichromat’ version ‘2.0-0.1’
** package ‘dichromat’ successfully unpacked and MD5 sums checked
** using staged installation
** R
** data
** byte-compile and prepare package for lazy loading
** help
*** installing help indices
** building package indices
** testing if installed package can be loaded from temporary location
** testing if installed package can be loaded from final location
** testing if installed package keeps a record of temporary installation path
* creating tarball
packaged installation of ‘dichromat’ as ‘dichromat_2.0-0.1_R_x86_64-pc-linux-gnu.tar.gz’
* DONE (dichromat)
* installing *source* package ‘lobstr’ ...
** this is package ‘lobstr’ version ‘1.1.2’
** package ‘lobstr’ successfully unpacked and MD5 sums checked
** using staged installation
** libs
using C++ compiler: ‘g++ (Ubuntu 11.4.0-1ubuntu1~22.04) 11.4.0’
using C++11
g++ -std=gnu++11 -I"/usr/share/R/include" -DNDEBUG  -I'/usr/local/lib/R/site-library/cpp11/include'     -fpic  -g -O2 -ffile-prefix-map=/build/r-base-rgGXCp/r-base-4.5.0=. -fstack-protector-strong -Wformat -Werror=format-security -Wdate-time -D_FORTIFY_SOURCE=2   -c address.cpp -o address.o
g++ -std=gnu++11 -I"/usr/share/R/include" -DNDEBUG  -I'/usr/local/lib/R/site-library/cpp11/include'     -fpic  -g -O2 -ffile-prefix-map=/build/r-base-rgGXCp/r-base-4.5.0=. -fstack-protector-strong -Wformat -Werror=format-security -Wdate-time -D_FORTIFY_SOURCE=2   -c cpp11.cpp -o cpp11.o
g++ -std=gnu++11 -I"/usr/share/R/include" -DNDEBUG  -I'/usr/local/lib/R/site-library/cpp11/include'     -fpic  -g -O2 -ffile-prefix-map=/build/r-base-rgGXCp/r-base-4.5.0=. -fstack-protector-strong -Wformat -Werror=format-security -Wdate-time -D_FORTIFY_SOURCE=2   -c inspect.cpp -o inspect.o
g++ -std=gnu++11 -I"/usr/share/R/include" -DNDEBUG  -I'/usr/local/lib/R/site-library/cpp11/include'     -fpic  -g -O2 -ffile-prefix-map=/build/r-base-rgGXCp/r-base-4.5.0=. -fstack-protector-strong -Wformat -Werror=format-security -Wdate-time -D_FORTIFY_SOURCE=2   -c size.cpp -o size.o
g++ -std=gnu++11 -shared -L/usr/lib/R/lib -Wl,-Bsymbolic-functions -flto=auto -ffat-lto-objects -flto=auto -Wl,-z,relro -o lobstr.so address.o cpp11.o inspect.o size.o -L/usr/lib/R/lib -lR
installing to /usr/local/lib/R/site-library/00LOCK-lobstr/00new/lobstr/libs
** R
** byte-compile and prepare package for lazy loading
** help
*** installing help indices
*** copying figures
** building package indices
** testing if installed package can be loaded from temporary location
** checking absolute paths in shared objects and dynamic libraries
** testing if installed package can be loaded from final location
** testing if installed package keeps a record of temporary installation path
* creating tarball
packaged installation of ‘lobstr’ as ‘lobstr_1.1.2_R_x86_64-pc-linux-gnu.tar.gz’
* DONE (lobstr)
* installing *source* package ‘biomaRt’ ...
** this is package ‘biomaRt’ version ‘2.64.0’
** using staged installation
** R
** inst
** byte-compile and prepare package for lazy loading
Warning: program compiled against libxml 213 using older 209
** help
*** installing help indices
** building package indices
** installing vignettes
** testing if installed package can be loaded from temporary location
Warning: program compiled against libxml 213 using older 209
** testing if installed package can be loaded from final location
Warning: program compiled against libxml 213 using older 209
** testing if installed package keeps a record of temporary installation path
* creating tarball
packaged installation of ‘biomaRt’ as ‘biomaRt_2.64.0_R_x86_64-pc-linux-gnu.tar.gz’
* DONE (biomaRt)
* installing *source* package ‘InteractionSet’ ...
** this is package ‘InteractionSet’ version ‘1.36.0’
** using staged installation
** libs
using C++ compiler: ‘g++ (Ubuntu 11.4.0-1ubuntu1~22.04) 11.4.0’
using C++11
g++ -std=gnu++11 -I"/usr/share/R/include" -DNDEBUG  -I'/usr/local/lib/R/site-library/Rcpp/include'     -fpic  -g -O2 -ffile-prefix-map=/build/r-base-rgGXCp/r-base-4.5.0=. -fstack-protector-strong -Wformat -Werror=format-security -Wdate-time -D_FORTIFY_SOURCE=2   -c box_bounds.cpp -o box_bounds.o
g++ -std=gnu++11 -I"/usr/share/R/include" -DNDEBUG  -I'/usr/local/lib/R/site-library/Rcpp/include'     -fpic  -g -O2 -ffile-prefix-map=/build/r-base-rgGXCp/r-base-4.5.0=. -fstack-protector-strong -Wformat -Werror=format-security -Wdate-time -D_FORTIFY_SOURCE=2   -c detect_overlaps.cpp -o detect_overlaps.o
g++ -std=gnu++11 -I"/usr/share/R/include" -DNDEBUG  -I'/usr/local/lib/R/site-library/Rcpp/include'     -fpic  -g -O2 -ffile-prefix-map=/build/r-base-rgGXCp/r-base-4.5.0=. -fstack-protector-strong -Wformat -Werror=format-security -Wdate-time -D_FORTIFY_SOURCE=2   -c init.cpp -o init.o
g++ -std=gnu++11 -I"/usr/share/R/include" -DNDEBUG  -I'/usr/local/lib/R/site-library/Rcpp/include'     -fpic  -g -O2 -ffile-prefix-map=/build/r-base-rgGXCp/r-base-4.5.0=. -fstack-protector-strong -Wformat -Werror=format-security -Wdate-time -D_FORTIFY_SOURCE=2   -c link_overlaps.cpp -o link_overlaps.o
g++ -std=gnu++11 -I"/usr/share/R/include" -DNDEBUG  -I'/usr/local/lib/R/site-library/Rcpp/include'     -fpic  -g -O2 -ffile-prefix-map=/build/r-base-rgGXCp/r-base-4.5.0=. -fstack-protector-strong -Wformat -Werror=format-security -Wdate-time -D_FORTIFY_SOURCE=2   -c overlap_utils.cpp -o overlap_utils.o
g++ -std=gnu++11 -shared -L/usr/lib/R/lib -Wl,-Bsymbolic-functions -flto=auto -ffat-lto-objects -flto=auto -Wl,-z,relro -o InteractionSet.so box_bounds.o detect_overlaps.o init.o link_overlaps.o overlap_utils.o -L/usr/lib/R/lib -lR
installing to /usr/local/lib/R/site-library/00LOCK-InteractionSet/00new/InteractionSet/libs
** R
** inst
** byte-compile and prepare package for lazy loading
** help
*** installing help indices
** building package indices
** installing vignettes
** testing if installed package can be loaded from temporary location
** checking absolute paths in shared objects and dynamic libraries
** testing if installed package can be loaded from final location
** testing if installed package keeps a record of temporary installation path
* creating tarball
packaged installation of ‘InteractionSet’ as ‘InteractionSet_1.36.0_R_x86_64-pc-linux-gnu.tar.gz’
* DONE (InteractionSet)
* installing *source* package ‘operator.tools’ ...
** this is package ‘operator.tools’ version ‘1.6.3’
** package ‘operator.tools’ successfully unpacked and MD5 sums checked
** using staged installation
** R
** byte-compile and prepare package for lazy loading
** help
*** installing help indices
** building package indices
** testing if installed package can be loaded from temporary location
** testing if installed package can be loaded from final location
** testing if installed package keeps a record of temporary installation path
* creating tarball
packaged installation of ‘operator.tools’ as ‘operator.tools_1.6.3_R_x86_64-pc-linux-gnu.tar.gz’
* DONE (operator.tools)
* installing *source* package ‘permute’ ...
** this is package ‘permute’ version ‘0.9-7’
** package ‘permute’ successfully unpacked and MD5 sums checked
** using staged installation
** R
** data
** inst
** byte-compile and prepare package for lazy loading
** help
*** installing help indices
** building package indices
** installing vignettes
** testing if installed package can be loaded from temporary location
** testing if installed package can be loaded from final location
** testing if installed package keeps a record of temporary installation path
* creating tarball
packaged installation of ‘permute’ as ‘permute_0.9-7_R_x86_64-pc-linux-gnu.tar.gz’
* DONE (permute)
* installing *source* package ‘BSgenome’ ...
** this is package ‘BSgenome’ version ‘1.76.0’
** using staged installation
** R
** inst
** byte-compile and prepare package for lazy loading
** help
*** installing help indices
** building package indices
** installing vignettes
** testing if installed package can be loaded from temporary location
** testing if installed package can be loaded from final location
** testing if installed package keeps a record of temporary installation path
* creating tarball
packaged installation of ‘BSgenome’ as ‘BSgenome_1.76.0_R_x86_64-pc-linux-gnu.tar.gz’
* DONE (BSgenome)
* installing *source* package ‘MultiAssayExperiment’ ...
** this is package ‘MultiAssayExperiment’ version ‘1.34.0’
** using staged installation
** R
** data
** inst
** byte-compile and prepare package for lazy loading
** help
*** installing help indices
** building package indices
** installing vignettes
** testing if installed package can be loaded from temporary location
** testing if installed package can be loaded from final location
** testing if installed package keeps a record of temporary installation path
* creating tarball
packaged installation of ‘MultiAssayExperiment’ as ‘MultiAssayExperiment_1.34.0_R_x86_64-pc-linux-gnu.tar.gz’
* DONE (MultiAssayExperiment)
* installing *source* package ‘som’ ...
** this is package ‘som’ version ‘0.3-5.2’
** package ‘som’ successfully unpacked and MD5 sums checked
** using staged installation
** libs
using C++ compiler: ‘g++ (Ubuntu 11.4.0-1ubuntu1~22.04) 11.4.0’
g++ -std=gnu++17 -I"/usr/share/R/include" -DNDEBUG -I.       -fpic  -g -O2 -ffile-prefix-map=/build/r-base-rgGXCp/r-base-4.5.0=. -fstack-protector-strong -Wformat -Werror=format-security -Wdate-time -D_FORTIFY_SOURCE=2   -c som.cc -o som.o
In file included from tntsupp.h:8,
                 from sub.h:1,
                 from SomParam.h:2,
                 from som.cc:4:
tnt/fmat.h: In member function ‘void TNT::Fortran_Matrix<T>::destroy() [with T = double]’:
tnt/fmat.h:161:9: warning: ‘void operator delete [](void*)’ called on pointer ‘*this.TNT::Fortran_Matrix<double>::col_’ with nonzero offset 8 [-Wfree-nonheap-object]
  161 |         delete [] (col_);
      |         ^~~~~~~~~~~~~~~~
In member function ‘void TNT::Fortran_Matrix<T>::destroy() [with T = double]’,
    inlined from ‘TNT::Fortran_Matrix<T>::~Fortran_Matrix() [with T = double]’ at tnt/fmat.h:211:16,
    inlined from ‘double rect_dist(TNT::Region2D<TNT::Fortran_Matrix<double> >, TNT::Region2D<TNT::Fortran_Matrix<double> >)’ at SomParam.h:11:19:
tnt/fmat.h:161:9: warning: ‘void operator delete [](void*)’ called on pointer ‘<anonymous>.TNT::Fortran_Matrix<double>::col_’ with nonzero offset 8 [-Wfree-nonheap-object]
  161 |         delete [] (col_);
      |         ^~~~~~~~~~~~~~~~
In member function ‘void TNT::Fortran_Matrix<T>::destroy() [with T = double]’,
    inlined from ‘TNT::Fortran_Matrix<T>::~Fortran_Matrix() [with T = double]’ at tnt/fmat.h:211:16,
    inlined from ‘TNT::Subscript find_winner(TNT::DMatrix&, TNT::Subscript, TNT::DMatrix&)’ at som.cc:12:40:
tnt/fmat.h:161:9: warning: ‘void operator delete [](void*)’ called on pointer ‘<anonymous>.TNT::Fortran_Matrix<double>::col_’ with nonzero offset 8 [-Wfree-nonheap-object]
  161 |         delete [] (col_);
      |         ^~~~~~~~~~~~~~~~
In member function ‘void TNT::Fortran_Matrix<T>::destroy() [with T = double]’,
    inlined from ‘TNT::Fortran_Matrix<T>::~Fortran_Matrix() [with T = double]’ at tnt/fmat.h:211:16,
    inlined from ‘TNT::Subscript find_winner(TNT::DMatrix&, TNT::Subscript, TNT::DMatrix&)’ at som.cc:16:36:
tnt/fmat.h:161:9: warning: ‘void operator delete [](void*)’ called on pointer ‘<anonymous>.TNT::Fortran_Matrix<double>::col_’ with nonzero offset 8 [-Wfree-nonheap-object]
  161 |         delete [] (col_);
      |         ^~~~~~~~~~~~~~~~
In member function ‘void TNT::Fortran_Matrix<T>::destroy() [with T = double]’,
    inlined from ‘TNT::Fortran_Matrix<T>::~Fortran_Matrix() [with T = double]’ at tnt/fmat.h:211:16,
    inlined from ‘void visual(TNT::DMatrix&, TNT::DMatrix&, TNT::DMatrix&, TNT::DMatrix&)’ at som.cc:57:36:
tnt/fmat.h:161:9: warning: ‘void operator delete [](void*)’ called on pointer ‘<anonymous>.TNT::Fortran_Matrix<double>::col_’ with nonzero offset 8 [-Wfree-nonheap-object]
  161 |         delete [] (col_);
      |         ^~~~~~~~~~~~~~~~
In member function ‘void TNT::Fortran_Matrix<T>::destroy() [with T = double]’,
    inlined from ‘TNT::Fortran_Matrix<T>::~Fortran_Matrix() [with T = double]’ at tnt/fmat.h:211:16,
    inlined from ‘int update(TNT::DMatrix&, TNT::DMatrix&, TNT::Subscript, double, TNT::DVector&)’ at som.cc:32:24:
tnt/fmat.h:161:9: warning: ‘void operator delete [](void*)’ called on pointer ‘<anonymous>.TNT::Fortran_Matrix<double>::col_’ with nonzero offset 8 [-Wfree-nonheap-object]
  161 |         delete [] (col_);
      |         ^~~~~~~~~~~~~~~~
In member function ‘void TNT::Fortran_Matrix<T>::destroy() [with T = double]’,
    inlined from ‘TNT::Fortran_Matrix<T>& TNT::Fortran_Matrix<T>::operator=(const TNT::Fortran_Matrix<T>&) [with T = double]’ at tnt/fmat.h:227:20,
    inlined from ‘TNT::Fortran_Matrix<T>& TNT::Fortran_Matrix<T>::operator=(const TNT::Fortran_Matrix<T>&) [with T = double]’ at tnt/fmat.h:217:24,
    inlined from ‘int update(TNT::DMatrix&, TNT::DMatrix&, TNT::Subscript, double, TNT::DVector&)’ at som.cc:34:17:
tnt/fmat.h:161:9: warning: ‘void operator delete [](void*)’ called on pointer ‘*code.TNT::Fortran_Matrix<double>::col_’ with nonzero offset 8 [-Wfree-nonheap-object]
  161 |         delete [] (col_);
      |         ^~~~~~~~~~~~~~~~
In member function ‘void TNT::Fortran_Matrix<T>::destroy() [with T = double]’,
    inlined from ‘TNT::Fortran_Matrix<T>::~Fortran_Matrix() [with T = double]’ at tnt/fmat.h:211:16,
    inlined from ‘double qerror(TNT::DMatrix&, TNT::DMatrix&, TNT::DMatrix&, TNT::DMatrix&, SomParam&)’ at som.cc:76:38:
tnt/fmat.h:161:9: warning: ‘void operator delete [](void*)’ called on pointer ‘<anonymous>.TNT::Fortran_Matrix<double>::col_’ with nonzero offset 8 [-Wfree-nonheap-object]
  161 |         delete [] (col_);
      |         ^~~~~~~~~~~~~~~~
In member function ‘void TNT::Fortran_Matrix<T>::destroy() [with T = double]’,
    inlined from ‘TNT::Fortran_Matrix<T>::~Fortran_Matrix() [with T = double]’ at tnt/fmat.h:211:16,
    inlined from ‘void som_top(TNT::DMatrix&, TNT::DMatrix&, TNT::DMatrix&, SomParam&, SomParam&, double*)’ at som.cc:108:1:
tnt/fmat.h:161:9: warning: ‘void operator delete [](void*)’ called on pointer ‘cord.TNT::Fortran_Matrix<double>::col_’ with nonzero offset 8 [-Wfree-nonheap-object]
  161 |         delete [] (col_);
      |         ^~~~~~~~~~~~~~~~
In member function ‘void TNT::Fortran_Matrix<T>::destroy() [with T = double]’,
    inlined from ‘TNT::Fortran_Matrix<T>::~Fortran_Matrix() [with T = double]’ at tnt/fmat.h:211:16,
    inlined from ‘SEXPREC* som_bat(SEXP, SEXP, SEXP, SEXP)’ at som.cc:225:3:
tnt/fmat.h:161:9: warning: ‘void operator delete [](void*)’ called on pointer ‘Vis.TNT::Fortran_Matrix<double>::col_’ with nonzero offset 8 [-Wfree-nonheap-object]
  161 |         delete [] (col_);
      |         ^~~~~~~~~~~~~~~~
In member function ‘void TNT::Fortran_Matrix<T>::destroy() [with T = double]’,
    inlined from ‘TNT::Fortran_Matrix<T>::~Fortran_Matrix() [with T = double]’ at tnt/fmat.h:211:16,
    inlined from ‘SEXPREC* som_bat(SEXP, SEXP, SEXP, SEXP)’ at som.cc:225:3:
tnt/fmat.h:161:9: warning: ‘void operator delete [](void*)’ called on pointer ‘Code.TNT::Fortran_Matrix<double>::col_’ with nonzero offset 8 [-Wfree-nonheap-object]
  161 |         delete [] (col_);
      |         ^~~~~~~~~~~~~~~~
In member function ‘void TNT::Fortran_Matrix<T>::destroy() [with T = double]’,
    inlined from ‘TNT::Fortran_Matrix<T>::~Fortran_Matrix() [with T = double]’ at tnt/fmat.h:211:16,
    inlined from ‘SEXPREC* som_bat(SEXP, SEXP, SEXP, SEXP)’ at som.cc:225:3:
tnt/fmat.h:161:9: warning: ‘void operator delete [](void*)’ called on pointer ‘Data.TNT::Fortran_Matrix<double>::col_’ with nonzero offset 8 [-Wfree-nonheap-object]
  161 |         delete [] (col_);
      |         ^~~~~~~~~~~~~~~~
In member function ‘void TNT::Fortran_Matrix<T>::destroy() [with T = double]’,
    inlined from ‘TNT::Fortran_Matrix<T>::~Fortran_Matrix() [with T = double]’ at tnt/fmat.h:211:16,
    inlined from ‘SEXPREC* som(SEXP, SEXP, SEXP)’ at som.cc:198:3:
tnt/fmat.h:161:9: warning: ‘void operator delete [](void*)’ called on pointer ‘Vis.TNT::Fortran_Matrix<double>::col_’ with nonzero offset 8 [-Wfree-nonheap-object]
  161 |         delete [] (col_);
      |         ^~~~~~~~~~~~~~~~
In member function ‘void TNT::Fortran_Matrix<T>::destroy() [with T = double]’,
    inlined from ‘TNT::Fortran_Matrix<T>::~Fortran_Matrix() [with T = double]’ at tnt/fmat.h:211:16,
    inlined from ‘SEXPREC* som(SEXP, SEXP, SEXP)’ at som.cc:198:3:
tnt/fmat.h:161:9: warning: ‘void operator delete [](void*)’ called on pointer ‘Cord.TNT::Fortran_Matrix<double>::col_’ with nonzero offset 8 [-Wfree-nonheap-object]
  161 |         delete [] (col_);
      |         ^~~~~~~~~~~~~~~~
In member function ‘void TNT::Fortran_Matrix<T>::destroy() [with T = double]’,
    inlined from ‘TNT::Fortran_Matrix<T>::~Fortran_Matrix() [with T = double]’ at tnt/fmat.h:211:16,
    inlined from ‘SEXPREC* som(SEXP, SEXP, SEXP)’ at som.cc:198:3:
tnt/fmat.h:161:9: warning: ‘void operator delete [](void*)’ called on pointer ‘Code.TNT::Fortran_Matrix<double>::col_’ with nonzero offset 8 [-Wfree-nonheap-object]
  161 |         delete [] (col_);
      |         ^~~~~~~~~~~~~~~~
In member function ‘void TNT::Fortran_Matrix<T>::destroy() [with T = double]’,
    inlined from ‘TNT::Fortran_Matrix<T>::~Fortran_Matrix() [with T = double]’ at tnt/fmat.h:211:16,
    inlined from ‘SEXPREC* som(SEXP, SEXP, SEXP)’ at som.cc:198:3:
tnt/fmat.h:161:9: warning: ‘void operator delete [](void*)’ called on pointer ‘Data.TNT::Fortran_Matrix<double>::col_’ with nonzero offset 8 [-Wfree-nonheap-object]
  161 |         delete [] (col_);
      |         ^~~~~~~~~~~~~~~~
g++ -std=gnu++17 -shared -L/usr/lib/R/lib -Wl,-Bsymbolic-functions -flto=auto -ffat-lto-objects -flto=auto -Wl,-z,relro -o som.so som.o -L/usr/lib/R/lib -lR
installing to /usr/local/lib/R/site-library/00LOCK-som/00new/som/libs
** R
** data
** byte-compile and prepare package for lazy loading
** help
*** installing help indices
** building package indices
** testing if installed package can be loaded from temporary location
** checking absolute paths in shared objects and dynamic libraries
** testing if installed package can be loaded from final location
** testing if installed package keeps a record of temporary installation path
* creating tarball
packaged installation of ‘som’ as ‘som_0.3-5.2_R_x86_64-pc-linux-gnu.tar.gz’
* DONE (som)
* installing *source* package ‘stringdist’ ...
** this is package ‘stringdist’ version ‘0.9.15’
** package ‘stringdist’ successfully unpacked and MD5 sums checked
** using staged installation
** libs
using C compiler: ‘gcc (Ubuntu 11.4.0-1ubuntu1~22.04) 11.4.0’
gcc -I"/usr/share/R/include" -DNDEBUG -I../inst/include     -fopenmp -fpic  -g -O2 -ffile-prefix-map=/build/r-base-rgGXCp/r-base-4.5.0=. -fstack-protector-strong -Wformat -Werror=format-security -Wdate-time -D_FORTIFY_SOURCE=2  -c R_register_native.c -o R_register_native.o
gcc -I"/usr/share/R/include" -DNDEBUG -I../inst/include     -fopenmp -fpic  -g -O2 -ffile-prefix-map=/build/r-base-rgGXCp/r-base-4.5.0=. -fstack-protector-strong -Wformat -Werror=format-security -Wdate-time -D_FORTIFY_SOURCE=2  -c Rstringdist.c -o Rstringdist.o
gcc -I"/usr/share/R/include" -DNDEBUG -I../inst/include     -fopenmp -fpic  -g -O2 -ffile-prefix-map=/build/r-base-rgGXCp/r-base-4.5.0=. -fstack-protector-strong -Wformat -Werror=format-security -Wdate-time -D_FORTIFY_SOURCE=2  -c dl.c -o dl.o
gcc -I"/usr/share/R/include" -DNDEBUG -I../inst/include     -fopenmp -fpic  -g -O2 -ffile-prefix-map=/build/r-base-rgGXCp/r-base-4.5.0=. -fstack-protector-strong -Wformat -Werror=format-security -Wdate-time -D_FORTIFY_SOURCE=2  -c hamming.c -o hamming.o
gcc -I"/usr/share/R/include" -DNDEBUG -I../inst/include     -fopenmp -fpic  -g -O2 -ffile-prefix-map=/build/r-base-rgGXCp/r-base-4.5.0=. -fstack-protector-strong -Wformat -Werror=format-security -Wdate-time -D_FORTIFY_SOURCE=2  -c jaro.c -o jaro.o
gcc -I"/usr/share/R/include" -DNDEBUG -I../inst/include     -fopenmp -fpic  -g -O2 -ffile-prefix-map=/build/r-base-rgGXCp/r-base-4.5.0=. -fstack-protector-strong -Wformat -Werror=format-security -Wdate-time -D_FORTIFY_SOURCE=2  -c lcs.c -o lcs.o
gcc -I"/usr/share/R/include" -DNDEBUG -I../inst/include     -fopenmp -fpic  -g -O2 -ffile-prefix-map=/build/r-base-rgGXCp/r-base-4.5.0=. -fstack-protector-strong -Wformat -Werror=format-security -Wdate-time -D_FORTIFY_SOURCE=2  -c lv.c -o lv.o
gcc -I"/usr/share/R/include" -DNDEBUG -I../inst/include     -fopenmp -fpic  -g -O2 -ffile-prefix-map=/build/r-base-rgGXCp/r-base-4.5.0=. -fstack-protector-strong -Wformat -Werror=format-security -Wdate-time -D_FORTIFY_SOURCE=2  -c osa.c -o osa.o
gcc -I"/usr/share/R/include" -DNDEBUG -I../inst/include     -fopenmp -fpic  -g -O2 -ffile-prefix-map=/build/r-base-rgGXCp/r-base-4.5.0=. -fstack-protector-strong -Wformat -Werror=format-security -Wdate-time -D_FORTIFY_SOURCE=2  -c qgram.c -o qgram.o
gcc -I"/usr/share/R/include" -DNDEBUG -I../inst/include     -fopenmp -fpic  -g -O2 -ffile-prefix-map=/build/r-base-rgGXCp/r-base-4.5.0=. -fstack-protector-strong -Wformat -Werror=format-security -Wdate-time -D_FORTIFY_SOURCE=2  -c soundex.c -o soundex.o
gcc -I"/usr/share/R/include" -DNDEBUG -I../inst/include     -fopenmp -fpic  -g -O2 -ffile-prefix-map=/build/r-base-rgGXCp/r-base-4.5.0=. -fstack-protector-strong -Wformat -Werror=format-security -Wdate-time -D_FORTIFY_SOURCE=2  -c stringdist.c -o stringdist.o
gcc -I"/usr/share/R/include" -DNDEBUG -I../inst/include     -fopenmp -fpic  -g -O2 -ffile-prefix-map=/build/r-base-rgGXCp/r-base-4.5.0=. -fstack-protector-strong -Wformat -Werror=format-security -Wdate-time -D_FORTIFY_SOURCE=2  -c utf8ToInt.c -o utf8ToInt.o
gcc -I"/usr/share/R/include" -DNDEBUG -I../inst/include     -fopenmp -fpic  -g -O2 -ffile-prefix-map=/build/r-base-rgGXCp/r-base-4.5.0=. -fstack-protector-strong -Wformat -Werror=format-security -Wdate-time -D_FORTIFY_SOURCE=2  -c utils.c -o utils.o
gcc -shared -L/usr/lib/R/lib -Wl,-Bsymbolic-functions -flto=auto -ffat-lto-objects -flto=auto -Wl,-z,relro -o stringdist.so R_register_native.o Rstringdist.o dl.o hamming.o jaro.o lcs.o lv.o osa.o qgram.o soundex.o stringdist.o utf8ToInt.o utils.o -fopenmp -L/usr/lib/R/lib -lR
installing to /usr/local/lib/R/site-library/00LOCK-stringdist/00new/stringdist/libs
** R
** inst
** byte-compile and prepare package for lazy loading
** help
*** installing help indices
** building package indices
** installing vignettes
** testing if installed package can be loaded from temporary location
** checking absolute paths in shared objects and dynamic libraries
** testing if installed package can be loaded from final location
** testing if installed package keeps a record of temporary installation path
* creating tarball
packaged installation of ‘stringdist’ as ‘stringdist_0.9.15_R_x86_64-pc-linux-gnu.tar.gz’
* DONE (stringdist)
* installing *source* package ‘VGAM’ ...
** this is package ‘VGAM’ version ‘1.1-13’
** package ‘VGAM’ successfully unpacked and MD5 sums checked
** using staged installation
** libs
using C compiler: ‘gcc (Ubuntu 11.4.0-1ubuntu1~22.04) 11.4.0’
using Fortran compiler: ‘GNU Fortran (Ubuntu 11.4.0-1ubuntu1~22.04) 11.4.0’
gcc -I"/usr/share/R/include" -DNDEBUG       -fpic  -g -O2 -ffile-prefix-map=/build/r-base-rgGXCp/r-base-4.5.0=. -fstack-protector-strong -Wformat -Werror=format-security -Wdate-time -D_FORTIFY_SOURCE=2  -c VGAM_init.c -o VGAM_init.o
gcc -I"/usr/share/R/include" -DNDEBUG       -fpic  -g -O2 -ffile-prefix-map=/build/r-base-rgGXCp/r-base-4.5.0=. -fstack-protector-strong -Wformat -Werror=format-security -Wdate-time -D_FORTIFY_SOURCE=2  -c caqo3.c -o caqo3.o
gfortran  -fpic  -g -O2 -ffile-prefix-map=/build/r-base-rgGXCp/r-base-4.5.0=. -fstack-protector-strong  -c ei.f -o ei.o
gfortran  -fpic  -g -O2 -ffile-prefix-map=/build/r-base-rgGXCp/r-base-4.5.0=. -fstack-protector-strong  -c fgam.f -o fgam.o
gcc -I"/usr/share/R/include" -DNDEBUG       -fpic  -g -O2 -ffile-prefix-map=/build/r-base-rgGXCp/r-base-4.5.0=. -fstack-protector-strong -Wformat -Werror=format-security -Wdate-time -D_FORTIFY_SOURCE=2  -c gautr.c -o gautr.o
gcc -I"/usr/share/R/include" -DNDEBUG       -fpic  -g -O2 -ffile-prefix-map=/build/r-base-rgGXCp/r-base-4.5.0=. -fstack-protector-strong -Wformat -Werror=format-security -Wdate-time -D_FORTIFY_SOURCE=2  -c lerchphi.c -o lerchphi.o
gfortran  -fpic  -g -O2 -ffile-prefix-map=/build/r-base-rgGXCp/r-base-4.5.0=. -fstack-protector-strong  -c lms.f -o lms.o
gcc -I"/usr/share/R/include" -DNDEBUG       -fpic  -g -O2 -ffile-prefix-map=/build/r-base-rgGXCp/r-base-4.5.0=. -fstack-protector-strong -Wformat -Werror=format-security -Wdate-time -D_FORTIFY_SOURCE=2  -c muxr3.c -o muxr3.o
gfortran  -fpic  -g -O2 -ffile-prefix-map=/build/r-base-rgGXCp/r-base-4.5.0=. -fstack-protector-strong  -c rgam.f -o rgam.o
gcc -I"/usr/share/R/include" -DNDEBUG       -fpic  -g -O2 -ffile-prefix-map=/build/r-base-rgGXCp/r-base-4.5.0=. -fstack-protector-strong -Wformat -Werror=format-security -Wdate-time -D_FORTIFY_SOURCE=2  -c rgam3.c -o rgam3.o
gcc -I"/usr/share/R/include" -DNDEBUG       -fpic  -g -O2 -ffile-prefix-map=/build/r-base-rgGXCp/r-base-4.5.0=. -fstack-protector-strong -Wformat -Werror=format-security -Wdate-time -D_FORTIFY_SOURCE=2  -c specfun3.c -o specfun3.o
gfortran  -fpic  -g -O2 -ffile-prefix-map=/build/r-base-rgGXCp/r-base-4.5.0=. -fstack-protector-strong  -c tyeepolygamma.f -o tyeepolygamma.o
gcc -I"/usr/share/R/include" -DNDEBUG       -fpic  -g -O2 -ffile-prefix-map=/build/r-base-rgGXCp/r-base-4.5.0=. -fstack-protector-strong -Wformat -Werror=format-security -Wdate-time -D_FORTIFY_SOURCE=2  -c tyeepolygamma3.c -o tyeepolygamma3.o
gfortran  -fpic  -g -O2 -ffile-prefix-map=/build/r-base-rgGXCp/r-base-4.5.0=. -fstack-protector-strong  -c vdigami.f -o vdigami.o
gfortran  -fpic  -g -O2 -ffile-prefix-map=/build/r-base-rgGXCp/r-base-4.5.0=. -fstack-protector-strong  -c veigen.f -o veigen.o
gfortran  -fpic  -g -O2 -ffile-prefix-map=/build/r-base-rgGXCp/r-base-4.5.0=. -fstack-protector-strong  -c vgam.f -o vgam.o
gcc -I"/usr/share/R/include" -DNDEBUG       -fpic  -g -O2 -ffile-prefix-map=/build/r-base-rgGXCp/r-base-4.5.0=. -fstack-protector-strong -Wformat -Werror=format-security -Wdate-time -D_FORTIFY_SOURCE=2  -c vgam3.c -o vgam3.o
gfortran  -fpic  -g -O2 -ffile-prefix-map=/build/r-base-rgGXCp/r-base-4.5.0=. -fstack-protector-strong  -c vlinpack1.f -o vlinpack1.o
gfortran  -fpic  -g -O2 -ffile-prefix-map=/build/r-base-rgGXCp/r-base-4.5.0=. -fstack-protector-strong  -c vlinpack2.f -o vlinpack2.o
gfortran  -fpic  -g -O2 -ffile-prefix-map=/build/r-base-rgGXCp/r-base-4.5.0=. -fstack-protector-strong  -c vlinpack3.f -o vlinpack3.o
gfortran  -fpic  -g -O2 -ffile-prefix-map=/build/r-base-rgGXCp/r-base-4.5.0=. -fstack-protector-strong  -c vmux.f -o vmux.o
gcc -I"/usr/share/R/include" -DNDEBUG       -fpic  -g -O2 -ffile-prefix-map=/build/r-base-rgGXCp/r-base-4.5.0=. -fstack-protector-strong -Wformat -Werror=format-security -Wdate-time -D_FORTIFY_SOURCE=2  -c vmux3.c -o vmux3.o
gcc -I"/usr/share/R/include" -DNDEBUG       -fpic  -g -O2 -ffile-prefix-map=/build/r-base-rgGXCp/r-base-4.5.0=. -fstack-protector-strong -Wformat -Werror=format-security -Wdate-time -D_FORTIFY_SOURCE=2  -c zeta3.c -o zeta3.o
gcc -shared -L/usr/lib/R/lib -Wl,-Bsymbolic-functions -flto=auto -ffat-lto-objects -flto=auto -Wl,-z,relro -o VGAM.so VGAM_init.o caqo3.o ei.o fgam.o gautr.o lerchphi.o lms.o muxr3.o rgam.o rgam3.o specfun3.o tyeepolygamma.o tyeepolygamma3.o vdigami.o veigen.o vgam.o vgam3.o vlinpack1.o vlinpack2.o vlinpack3.o vmux.o vmux3.o zeta3.o -lgfortran -lm -lquadmath -L/usr/lib/R/lib -lR
installing to /usr/local/lib/R/site-library/00LOCK-VGAM/00new/VGAM/libs
** R
** data
*** moving datasets to lazyload DB
** demo
** inst
** byte-compile and prepare package for lazy loading
** help
*** installing help indices
** building package indices
** testing if installed package can be loaded from temporary location
** checking absolute paths in shared objects and dynamic libraries
** testing if installed package can be loaded from final location
** testing if installed package keeps a record of temporary installation path
* creating tarball
packaged installation of ‘VGAM’ as ‘VGAM_1.1-13_R_x86_64-pc-linux-gnu.tar.gz’
* DONE (VGAM)
* installing *source* package ‘bookdown’ ...
** this is package ‘bookdown’ version ‘0.43’
** package ‘bookdown’ successfully unpacked and MD5 sums checked
** using staged installation
** R
** inst
** byte-compile and prepare package for lazy loading
** help
*** installing help indices
*** copying figures
** building package indices
** installing vignettes
** testing if installed package can be loaded from temporary location
** testing if installed package can be loaded from final location
** testing if installed package keeps a record of temporary installation path
* creating tarball
packaged installation of ‘bookdown’ as ‘bookdown_0.43_R_x86_64-pc-linux-gnu.tar.gz’
* DONE (bookdown)
* installing *source* package ‘plotrix’ ...
** this is package ‘plotrix’ version ‘3.8-4’
** package ‘plotrix’ successfully unpacked and MD5 sums checked
** using staged installation
** R
** data
** demo
** inst
** byte-compile and prepare package for lazy loading
** help
*** installing help indices
** building package indices
** testing if installed package can be loaded from temporary location
** testing if installed package can be loaded from final location
** testing if installed package keeps a record of temporary installation path
* creating tarball
packaged installation of ‘plotrix’ as ‘plotrix_3.8-4_R_x86_64-pc-linux-gnu.tar.gz’
* DONE (plotrix)
* installing *source* package ‘RUnit’ ...
** this is package ‘RUnit’ version ‘0.4.33’
** package ‘RUnit’ successfully unpacked and MD5 sums checked
** using staged installation
** R
** inst
** byte-compile and prepare package for lazy loading
** help
*** installing help indices
** building package indices
** installing vignettes
** testing if installed package can be loaded from temporary location
** testing if installed package can be loaded from final location
** testing if installed package keeps a record of temporary installation path
* creating tarball
packaged installation of ‘RUnit’ as ‘RUnit_0.4.33_R_x86_64-pc-linux-gnu.tar.gz’
* DONE (RUnit)
* installing *source* package ‘htmlTable’ ...
** this is package ‘htmlTable’ version ‘2.4.3’
** package ‘htmlTable’ successfully unpacked and MD5 sums checked
** using staged installation
** R
** data
** inst
** byte-compile and prepare package for lazy loading
** help
*** installing help indices
** building package indices
** installing vignettes
** testing if installed package can be loaded from temporary location
** testing if installed package can be loaded from final location
** testing if installed package keeps a record of temporary installation path
* creating tarball
packaged installation of ‘htmlTable’ as ‘htmlTable_2.4.3_R_x86_64-pc-linux-gnu.tar.gz’
* DONE (htmlTable)
* installing *source* package ‘VariantAnnotation’ ...
** this is package ‘VariantAnnotation’ version ‘1.54.0’
** using staged installation
** libs
using C compiler: ‘gcc (Ubuntu 11.4.0-1ubuntu1~22.04) 11.4.0’
gcc -I"/usr/share/R/include" -DNDEBUG -D_FILE_OFFSET_BITS=64 -I'/usr/local/lib/R/site-library/S4Vectors/include' -I'/usr/local/lib/R/site-library/IRanges/include' -I'/usr/local/lib/R/site-library/XVector/include' -I'/usr/local/lib/R/site-library/Biostrings/include' -I'/usr/local/lib/R/site-library/Rhtslib/include'     -fpic  -g -O2 -ffile-prefix-map=/build/r-base-rgGXCp/r-base-4.5.0=. -fstack-protector-strong -Wformat -Werror=format-security -Wdate-time -D_FORTIFY_SOURCE=2  -c Biostrings_stubs.c -o Biostrings_stubs.o
gcc -I"/usr/share/R/include" -DNDEBUG -D_FILE_OFFSET_BITS=64 -I'/usr/local/lib/R/site-library/S4Vectors/include' -I'/usr/local/lib/R/site-library/IRanges/include' -I'/usr/local/lib/R/site-library/XVector/include' -I'/usr/local/lib/R/site-library/Biostrings/include' -I'/usr/local/lib/R/site-library/Rhtslib/include'     -fpic  -g -O2 -ffile-prefix-map=/build/r-base-rgGXCp/r-base-4.5.0=. -fstack-protector-strong -Wformat -Werror=format-security -Wdate-time -D_FORTIFY_SOURCE=2  -c IRanges_stubs.c -o IRanges_stubs.o
gcc -I"/usr/share/R/include" -DNDEBUG -D_FILE_OFFSET_BITS=64 -I'/usr/local/lib/R/site-library/S4Vectors/include' -I'/usr/local/lib/R/site-library/IRanges/include' -I'/usr/local/lib/R/site-library/XVector/include' -I'/usr/local/lib/R/site-library/Biostrings/include' -I'/usr/local/lib/R/site-library/Rhtslib/include'     -fpic  -g -O2 -ffile-prefix-map=/build/r-base-rgGXCp/r-base-4.5.0=. -fstack-protector-strong -Wformat -Werror=format-security -Wdate-time -D_FORTIFY_SOURCE=2  -c R_init_VariantAnnotation.c -o R_init_VariantAnnotation.o
gcc -I"/usr/share/R/include" -DNDEBUG -D_FILE_OFFSET_BITS=64 -I'/usr/local/lib/R/site-library/S4Vectors/include' -I'/usr/local/lib/R/site-library/IRanges/include' -I'/usr/local/lib/R/site-library/XVector/include' -I'/usr/local/lib/R/site-library/Biostrings/include' -I'/usr/local/lib/R/site-library/Rhtslib/include'     -fpic  -g -O2 -ffile-prefix-map=/build/r-base-rgGXCp/r-base-4.5.0=. -fstack-protector-strong -Wformat -Werror=format-security -Wdate-time -D_FORTIFY_SOURCE=2  -c XVector_stubs.c -o XVector_stubs.o
gcc -I"/usr/share/R/include" -DNDEBUG -D_FILE_OFFSET_BITS=64 -I'/usr/local/lib/R/site-library/S4Vectors/include' -I'/usr/local/lib/R/site-library/IRanges/include' -I'/usr/local/lib/R/site-library/XVector/include' -I'/usr/local/lib/R/site-library/Biostrings/include' -I'/usr/local/lib/R/site-library/Rhtslib/include'     -fpic  -g -O2 -ffile-prefix-map=/build/r-base-rgGXCp/r-base-4.5.0=. -fstack-protector-strong -Wformat -Werror=format-security -Wdate-time -D_FORTIFY_SOURCE=2  -c dna_hash.c -o dna_hash.o
gcc -I"/usr/share/R/include" -DNDEBUG -D_FILE_OFFSET_BITS=64 -I'/usr/local/lib/R/site-library/S4Vectors/include' -I'/usr/local/lib/R/site-library/IRanges/include' -I'/usr/local/lib/R/site-library/XVector/include' -I'/usr/local/lib/R/site-library/Biostrings/include' -I'/usr/local/lib/R/site-library/Rhtslib/include'     -fpic  -g -O2 -ffile-prefix-map=/build/r-base-rgGXCp/r-base-4.5.0=. -fstack-protector-strong -Wformat -Werror=format-security -Wdate-time -D_FORTIFY_SOURCE=2  -c rle.c -o rle.o
gcc -I"/usr/share/R/include" -DNDEBUG -D_FILE_OFFSET_BITS=64 -I'/usr/local/lib/R/site-library/S4Vectors/include' -I'/usr/local/lib/R/site-library/IRanges/include' -I'/usr/local/lib/R/site-library/XVector/include' -I'/usr/local/lib/R/site-library/Biostrings/include' -I'/usr/local/lib/R/site-library/Rhtslib/include'     -fpic  -g -O2 -ffile-prefix-map=/build/r-base-rgGXCp/r-base-4.5.0=. -fstack-protector-strong -Wformat -Werror=format-security -Wdate-time -D_FORTIFY_SOURCE=2  -c strhash.c -o strhash.o
gcc -I"/usr/share/R/include" -DNDEBUG -D_FILE_OFFSET_BITS=64 -I'/usr/local/lib/R/site-library/S4Vectors/include' -I'/usr/local/lib/R/site-library/IRanges/include' -I'/usr/local/lib/R/site-library/XVector/include' -I'/usr/local/lib/R/site-library/Biostrings/include' -I'/usr/local/lib/R/site-library/Rhtslib/include'     -fpic  -g -O2 -ffile-prefix-map=/build/r-base-rgGXCp/r-base-4.5.0=. -fstack-protector-strong -Wformat -Werror=format-security -Wdate-time -D_FORTIFY_SOURCE=2  -c utilities.c -o utilities.o
gcc -I"/usr/share/R/include" -DNDEBUG -D_FILE_OFFSET_BITS=64 -I'/usr/local/lib/R/site-library/S4Vectors/include' -I'/usr/local/lib/R/site-library/IRanges/include' -I'/usr/local/lib/R/site-library/XVector/include' -I'/usr/local/lib/R/site-library/Biostrings/include' -I'/usr/local/lib/R/site-library/Rhtslib/include'     -fpic  -g -O2 -ffile-prefix-map=/build/r-base-rgGXCp/r-base-4.5.0=. -fstack-protector-strong -Wformat -Werror=format-security -Wdate-time -D_FORTIFY_SOURCE=2  -c vcffile.c -o vcffile.o
gcc -I"/usr/share/R/include" -DNDEBUG -D_FILE_OFFSET_BITS=64 -I'/usr/local/lib/R/site-library/S4Vectors/include' -I'/usr/local/lib/R/site-library/IRanges/include' -I'/usr/local/lib/R/site-library/XVector/include' -I'/usr/local/lib/R/site-library/Biostrings/include' -I'/usr/local/lib/R/site-library/Rhtslib/include'     -fpic  -g -O2 -ffile-prefix-map=/build/r-base-rgGXCp/r-base-4.5.0=. -fstack-protector-strong -Wformat -Werror=format-security -Wdate-time -D_FORTIFY_SOURCE=2  -c vcftype.c -o vcftype.o
gcc -I"/usr/share/R/include" -DNDEBUG -D_FILE_OFFSET_BITS=64 -I'/usr/local/lib/R/site-library/S4Vectors/include' -I'/usr/local/lib/R/site-library/IRanges/include' -I'/usr/local/lib/R/site-library/XVector/include' -I'/usr/local/lib/R/site-library/Biostrings/include' -I'/usr/local/lib/R/site-library/Rhtslib/include'     -fpic  -g -O2 -ffile-prefix-map=/build/r-base-rgGXCp/r-base-4.5.0=. -fstack-protector-strong -Wformat -Werror=format-security -Wdate-time -D_FORTIFY_SOURCE=2  -c writevcf.c -o writevcf.o
gcc -shared -L/usr/lib/R/lib -Wl,-Bsymbolic-functions -flto=auto -ffat-lto-objects -flto=auto -Wl,-z,relro -o VariantAnnotation.so Biostrings_stubs.o IRanges_stubs.o R_init_VariantAnnotation.o XVector_stubs.o dna_hash.o rle.o strhash.o utilities.o vcffile.o vcftype.o writevcf.o /usr/local/lib/R/site-library/Rhtslib/usrlib/libhts.a -lcurl -lbz2 -llzma -lz -L/usr/lib/R/lib -lR
installing to /usr/local/lib/R/site-library/00LOCK-VariantAnnotation/00new/VariantAnnotation/libs
** R
** inst
** byte-compile and prepare package for lazy loading
Creating a new generic function for ‘tabulate’ in package ‘VariantAnnotation’
** help
*** installing help indices
** building package indices
** installing vignettes
** testing if installed package can be loaded from temporary location
** checking absolute paths in shared objects and dynamic libraries
** testing if installed package can be loaded from final location
** testing if installed package keeps a record of temporary installation path
* creating tarball
packaged installation of ‘VariantAnnotation’ as ‘VariantAnnotation_1.54.0_R_x86_64-pc-linux-gnu.tar.gz’
* DONE (VariantAnnotation)
* installing *source* package ‘pryr’ ...
** this is package ‘pryr’ version ‘0.1.6’
** package ‘pryr’ successfully unpacked and MD5 sums checked
** using staged installation
** libs
using C++ compiler: ‘g++ (Ubuntu 11.4.0-1ubuntu1~22.04) 11.4.0’
g++ -std=gnu++17 -I"/usr/share/R/include" -DNDEBUG  -I'/usr/local/lib/R/site-library/Rcpp/include'     -fpic  -g -O2 -ffile-prefix-map=/build/r-base-rgGXCp/r-base-4.5.0=. -fstack-protector-strong -Wformat -Werror=format-security -Wdate-time -D_FORTIFY_SOURCE=2   -c RcppExports.cpp -o RcppExports.o
g++ -std=gnu++17 -I"/usr/share/R/include" -DNDEBUG  -I'/usr/local/lib/R/site-library/Rcpp/include'     -fpic  -g -O2 -ffile-prefix-map=/build/r-base-rgGXCp/r-base-4.5.0=. -fstack-protector-strong -Wformat -Werror=format-security -Wdate-time -D_FORTIFY_SOURCE=2   -c bytes.cpp -o bytes.o
g++ -std=gnu++17 -I"/usr/share/R/include" -DNDEBUG  -I'/usr/local/lib/R/site-library/Rcpp/include'     -fpic  -g -O2 -ffile-prefix-map=/build/r-base-rgGXCp/r-base-4.5.0=. -fstack-protector-strong -Wformat -Werror=format-security -Wdate-time -D_FORTIFY_SOURCE=2   -c inspect.cpp -o inspect.o
g++ -std=gnu++17 -I"/usr/share/R/include" -DNDEBUG  -I'/usr/local/lib/R/site-library/Rcpp/include'     -fpic  -g -O2 -ffile-prefix-map=/build/r-base-rgGXCp/r-base-4.5.0=. -fstack-protector-strong -Wformat -Werror=format-security -Wdate-time -D_FORTIFY_SOURCE=2   -c promise.cpp -o promise.o
g++ -std=gnu++17 -I"/usr/share/R/include" -DNDEBUG  -I'/usr/local/lib/R/site-library/Rcpp/include'     -fpic  -g -O2 -ffile-prefix-map=/build/r-base-rgGXCp/r-base-4.5.0=. -fstack-protector-strong -Wformat -Werror=format-security -Wdate-time -D_FORTIFY_SOURCE=2   -c slice.cpp -o slice.o
g++ -std=gnu++17 -I"/usr/share/R/include" -DNDEBUG  -I'/usr/local/lib/R/site-library/Rcpp/include'     -fpic  -g -O2 -ffile-prefix-map=/build/r-base-rgGXCp/r-base-4.5.0=. -fstack-protector-strong -Wformat -Werror=format-security -Wdate-time -D_FORTIFY_SOURCE=2   -c typename.cpp -o typename.o
g++ -std=gnu++17 -shared -L/usr/lib/R/lib -Wl,-Bsymbolic-functions -flto=auto -ffat-lto-objects -flto=auto -Wl,-z,relro -o pryr.so RcppExports.o bytes.o inspect.o promise.o slice.o typename.o -L/usr/lib/R/lib -lR
installing to /usr/local/lib/R/site-library/00LOCK-pryr/00new/pryr/libs
** R
** byte-compile and prepare package for lazy loading
** help
*** installing help indices
** building package indices
** testing if installed package can be loaded from temporary location
** checking absolute paths in shared objects and dynamic libraries
** testing if installed package can be loaded from final location
** testing if installed package keeps a record of temporary installation path
* creating tarball
packaged installation of ‘pryr’ as ‘pryr_0.1.6_R_x86_64-pc-linux-gnu.tar.gz’
* DONE (pryr)
* installing *source* package ‘formula.tools’ ...
** this is package ‘formula.tools’ version ‘1.7.1’
** package ‘formula.tools’ successfully unpacked and MD5 sums checked
** using staged installation
** R
** byte-compile and prepare package for lazy loading
** help
*** installing help indices
** building package indices
** testing if installed package can be loaded from temporary location
** testing if installed package can be loaded from final location
** testing if installed package keeps a record of temporary installation path
* creating tarball
packaged installation of ‘formula.tools’ as ‘formula.tools_1.7.1_R_x86_64-pc-linux-gnu.tar.gz’
* DONE (formula.tools)
* installing *source* package ‘vegan’ ...
** this is package ‘vegan’ version ‘2.6-10’
** package ‘vegan’ successfully unpacked and MD5 sums checked
** using staged installation
** libs
using C compiler: ‘gcc (Ubuntu 11.4.0-1ubuntu1~22.04) 11.4.0’
using Fortran compiler: ‘GNU Fortran (Ubuntu 11.4.0-1ubuntu1~22.04) 11.4.0’
gcc -I"/usr/share/R/include" -DNDEBUG       -fpic  -g -O2 -ffile-prefix-map=/build/r-base-rgGXCp/r-base-4.5.0=. -fstack-protector-strong -Wformat -Werror=format-security -Wdate-time -D_FORTIFY_SOURCE=2  -c data2hill.c -o data2hill.o
gfortran  -fpic  -g -O2 -ffile-prefix-map=/build/r-base-rgGXCp/r-base-4.5.0=. -fstack-protector-strong  -c decorana.f -o decorana.o
gcc -I"/usr/share/R/include" -DNDEBUG       -fpic  -g -O2 -ffile-prefix-map=/build/r-base-rgGXCp/r-base-4.5.0=. -fstack-protector-strong -Wformat -Werror=format-security -Wdate-time -D_FORTIFY_SOURCE=2  -c getF.c -o getF.o
gcc -I"/usr/share/R/include" -DNDEBUG       -fpic  -g -O2 -ffile-prefix-map=/build/r-base-rgGXCp/r-base-4.5.0=. -fstack-protector-strong -Wformat -Werror=format-security -Wdate-time -D_FORTIFY_SOURCE=2  -c goffactor.c -o goffactor.o
gcc -I"/usr/share/R/include" -DNDEBUG       -fpic  -g -O2 -ffile-prefix-map=/build/r-base-rgGXCp/r-base-4.5.0=. -fstack-protector-strong -Wformat -Werror=format-security -Wdate-time -D_FORTIFY_SOURCE=2  -c init.c -o init.o
gfortran  -fpic  -g -O2 -ffile-prefix-map=/build/r-base-rgGXCp/r-base-4.5.0=. -fstack-protector-strong  -c monoMDS.f -o monoMDS.o
gcc -I"/usr/share/R/include" -DNDEBUG       -fpic  -g -O2 -ffile-prefix-map=/build/r-base-rgGXCp/r-base-4.5.0=. -fstack-protector-strong -Wformat -Werror=format-security -Wdate-time -D_FORTIFY_SOURCE=2  -c nestedness.c -o nestedness.o
gfortran  -fpic  -g -O2 -ffile-prefix-map=/build/r-base-rgGXCp/r-base-4.5.0=. -fstack-protector-strong  -c ordering.f -o ordering.o
gcc -I"/usr/share/R/include" -DNDEBUG       -fpic  -g -O2 -ffile-prefix-map=/build/r-base-rgGXCp/r-base-4.5.0=. -fstack-protector-strong -Wformat -Werror=format-security -Wdate-time -D_FORTIFY_SOURCE=2  -c pnpoly.c -o pnpoly.o
gcc -I"/usr/share/R/include" -DNDEBUG       -fpic  -g -O2 -ffile-prefix-map=/build/r-base-rgGXCp/r-base-4.5.0=. -fstack-protector-strong -Wformat -Werror=format-security -Wdate-time -D_FORTIFY_SOURCE=2  -c stepacross.c -o stepacross.o
gcc -I"/usr/share/R/include" -DNDEBUG       -fpic  -g -O2 -ffile-prefix-map=/build/r-base-rgGXCp/r-base-4.5.0=. -fstack-protector-strong -Wformat -Werror=format-security -Wdate-time -D_FORTIFY_SOURCE=2  -c vegdist.c -o vegdist.o
gcc -shared -L/usr/lib/R/lib -Wl,-Bsymbolic-functions -flto=auto -ffat-lto-objects -flto=auto -Wl,-z,relro -o vegan.so data2hill.o decorana.o getF.o goffactor.o init.o monoMDS.o nestedness.o ordering.o pnpoly.o stepacross.o vegdist.o -llapack -lblas -lgfortran -lm -lquadmath -lgfortran -lm -lquadmath -L/usr/lib/R/lib -lR
installing to /usr/local/lib/R/site-library/00LOCK-vegan/00new/vegan/libs
** R
** data
** inst
** byte-compile and prepare package for lazy loading
** help
*** installing help indices
** building package indices
** installing vignettes
** testing if installed package can be loaded from temporary location
** checking absolute paths in shared objects and dynamic libraries
** testing if installed package can be loaded from final location
** testing if installed package keeps a record of temporary installation path
* creating tarball
packaged installation of ‘vegan’ as ‘vegan_2.6-10_R_x86_64-pc-linux-gnu.tar.gz’
* DONE (vegan)
* installing *source* package ‘BSgenome.Drerio.UCSC.danRer7’ ...
** this is package ‘BSgenome.Drerio.UCSC.danRer7’ version ‘1.4.0’
** using staged installation
** R
** inst
** byte-compile and prepare package for lazy loading
** help
*** installing help indices
** building package indices
** testing if installed package can be loaded from temporary location
** testing if installed package can be loaded from final location
** testing if installed package keeps a record of temporary installation path
* creating tarball
packaged installation of ‘BSgenome.Drerio.UCSC.danRer7’ as ‘BSgenome.Drerio.UCSC.danRer7_1.4.0_R_x86_64-pc-linux-gnu.tar.gz’
* DONE (BSgenome.Drerio.UCSC.danRer7)
* installing *source* package ‘BiocStyle’ ...
** this is package ‘BiocStyle’ version ‘2.36.0’
** using staged installation
** R
** inst
** byte-compile and prepare package for lazy loading
** help
*** installing help indices
** building package indices
** installing vignettes
** testing if installed package can be loaded from temporary location
** testing if installed package can be loaded from final location
** testing if installed package keeps a record of temporary installation path
* creating tarball
packaged installation of ‘BiocStyle’ as ‘BiocStyle_2.36.0_R_x86_64-pc-linux-gnu.tar.gz’
* DONE (BiocStyle)
* installing *source* package ‘seqPattern’ ...
** this is package ‘seqPattern’ version ‘1.40.0’
** using staged installation
** R
** data
** inst
** byte-compile and prepare package for lazy loading
** help
*** installing help indices
** building package indices
** installing vignettes
** testing if installed package can be loaded from temporary location
** testing if installed package can be loaded from final location
** testing if installed package keeps a record of temporary installation path
* creating tarball
packaged installation of ‘seqPattern’ as ‘seqPattern_1.40.0_R_x86_64-pc-linux-gnu.tar.gz’
* DONE (seqPattern)
* installing *source* package ‘Hmisc’ ...
** this is package ‘Hmisc’ version ‘5.2-3’
** package ‘Hmisc’ successfully unpacked and MD5 sums checked
** using staged installation
** libs
using C compiler: ‘gcc (Ubuntu 11.4.0-1ubuntu1~22.04) 11.4.0’
using Fortran compiler: ‘GNU Fortran (Ubuntu 11.4.0-1ubuntu1~22.04) 11.4.0’
gcc -I"/usr/share/R/include" -DNDEBUG       -fpic  -g -O2 -ffile-prefix-map=/build/r-base-rgGXCp/r-base-4.5.0=. -fstack-protector-strong -Wformat -Werror=format-security -Wdate-time -D_FORTIFY_SOURCE=2  -c Hmisc.c -o Hmisc.o
gfortran  -fpic  -g -O2 -ffile-prefix-map=/build/r-base-rgGXCp/r-base-4.5.0=. -fstack-protector-strong  -c  cidxcn.f90 -o cidxcn.o
gfortran  -fpic  -g -O2 -ffile-prefix-map=/build/r-base-rgGXCp/r-base-4.5.0=. -fstack-protector-strong  -c  cidxcp.f90 -o cidxcp.o
gfortran  -fpic  -g -O2 -ffile-prefix-map=/build/r-base-rgGXCp/r-base-4.5.0=. -fstack-protector-strong  -c  cutgn.f90 -o cutgn.o
gfortran  -fpic  -g -O2 -ffile-prefix-map=/build/r-base-rgGXCp/r-base-4.5.0=. -fstack-protector-strong  -c  hlqest.f90 -o hlqest.o
gfortran  -fpic  -g -O2 -ffile-prefix-map=/build/r-base-rgGXCp/r-base-4.5.0=. -fstack-protector-strong  -c  hoeffd.f90 -o hoeffd.o
gcc -I"/usr/share/R/include" -DNDEBUG       -fpic  -g -O2 -ffile-prefix-map=/build/r-base-rgGXCp/r-base-4.5.0=. -fstack-protector-strong -Wformat -Werror=format-security -Wdate-time -D_FORTIFY_SOURCE=2  -c init.c -o init.o
gfortran  -fpic  -g -O2 -ffile-prefix-map=/build/r-base-rgGXCp/r-base-4.5.0=. -fstack-protector-strong  -c  jacklins.f90 -o jacklins.o
gfortran  -fpic  -g -O2 -ffile-prefix-map=/build/r-base-rgGXCp/r-base-4.5.0=. -fstack-protector-strong  -c largrec.f -o largrec.o
gcc -I"/usr/share/R/include" -DNDEBUG       -fpic  -g -O2 -ffile-prefix-map=/build/r-base-rgGXCp/r-base-4.5.0=. -fstack-protector-strong -Wformat -Werror=format-security -Wdate-time -D_FORTIFY_SOURCE=2  -c mChoice.c -o mChoice.o
gfortran  -fpic  -g -O2 -ffile-prefix-map=/build/r-base-rgGXCp/r-base-4.5.0=. -fstack-protector-strong  -c  maxempr.f90 -o maxempr.o
gcc -I"/usr/share/R/include" -DNDEBUG       -fpic  -g -O2 -ffile-prefix-map=/build/r-base-rgGXCp/r-base-4.5.0=. -fstack-protector-strong -Wformat -Werror=format-security -Wdate-time -D_FORTIFY_SOURCE=2  -c nstr.c -o nstr.o
gcc -I"/usr/share/R/include" -DNDEBUG       -fpic  -g -O2 -ffile-prefix-map=/build/r-base-rgGXCp/r-base-4.5.0=. -fstack-protector-strong -Wformat -Werror=format-security -Wdate-time -D_FORTIFY_SOURCE=2  -c ranksort.c -o ranksort.o
gfortran  -fpic  -g -O2 -ffile-prefix-map=/build/r-base-rgGXCp/r-base-4.5.0=. -fstack-protector-strong  -c  rcorr.f90 -o rcorr.o
gcc -I"/usr/share/R/include" -DNDEBUG       -fpic  -g -O2 -ffile-prefix-map=/build/r-base-rgGXCp/r-base-4.5.0=. -fstack-protector-strong -Wformat -Werror=format-security -Wdate-time -D_FORTIFY_SOURCE=2  -c string_box.c -o string_box.o
gfortran  -fpic  -g -O2 -ffile-prefix-map=/build/r-base-rgGXCp/r-base-4.5.0=. -fstack-protector-strong  -c  wclosest.f90 -o wclosest.o
gcc -shared -L/usr/lib/R/lib -Wl,-Bsymbolic-functions -flto=auto -ffat-lto-objects -flto=auto -Wl,-z,relro -o Hmisc.so Hmisc.o cidxcn.o cidxcp.o cutgn.o hlqest.o hoeffd.o init.o jacklins.o largrec.o mChoice.o maxempr.o nstr.o ranksort.o rcorr.o string_box.o wclosest.o -lgfortran -lm -lquadmath -L/usr/lib/R/lib -lR
installing to /usr/local/lib/R/site-library/00LOCK-Hmisc/00new/Hmisc/libs
** R
** inst
** byte-compile and prepare package for lazy loading
** help
*** installing help indices
** building package indices
** testing if installed package can be loaded from temporary location
** checking absolute paths in shared objects and dynamic libraries
** testing if installed package can be loaded from final location
** testing if installed package keeps a record of temporary installation path
* creating tarball
packaged installation of ‘Hmisc’ as ‘Hmisc_5.2-3_R_x86_64-pc-linux-gnu.tar.gz’
* DONE (Hmisc)
* installing *source* package ‘GenomicFiles’ ...
** this is package ‘GenomicFiles’ version ‘1.44.0’
** using staged installation
** R
** inst
** byte-compile and prepare package for lazy loading
** help
*** installing help indices
** building package indices
** installing vignettes
** testing if installed package can be loaded from temporary location
** testing if installed package can be loaded from final location
** testing if installed package keeps a record of temporary installation path
* creating tarball
packaged installation of ‘GenomicFiles’ as ‘GenomicFiles_1.44.0_R_x86_64-pc-linux-gnu.tar.gz’
* DONE (GenomicFiles)
* installing *source* package ‘biovizBase’ ...
** this is package ‘biovizBase’ version ‘1.56.0’
** using staged installation
** libs
using C compiler: ‘gcc (Ubuntu 11.4.0-1ubuntu1~22.04) 11.4.0’
gcc -I"/usr/share/R/include" -DNDEBUG       -fpic  -g -O2 -ffile-prefix-map=/build/r-base-rgGXCp/r-base-4.5.0=. -fstack-protector-strong -Wformat -Werror=format-security -Wdate-time -D_FORTIFY_SOURCE=2  -c R_init_biovizBase.c -o R_init_biovizBase.o
gcc -I"/usr/share/R/include" -DNDEBUG       -fpic  -g -O2 -ffile-prefix-map=/build/r-base-rgGXCp/r-base-4.5.0=. -fstack-protector-strong -Wformat -Werror=format-security -Wdate-time -D_FORTIFY_SOURCE=2  -c bin_offsets.c -o bin_offsets.o
gcc -shared -L/usr/lib/R/lib -Wl,-Bsymbolic-functions -flto=auto -ffat-lto-objects -flto=auto -Wl,-z,relro -o biovizBase.so R_init_biovizBase.o bin_offsets.o -L/usr/lib/R/lib -lR
installing to /usr/local/lib/R/site-library/00LOCK-biovizBase/00new/biovizBase/libs
** R
** data
*** moving datasets to lazyload DB
** inst
** byte-compile and prepare package for lazy loading
** help
*** installing help indices
** building package indices
** installing vignettes
** testing if installed package can be loaded from temporary location
** checking absolute paths in shared objects and dynamic libraries
** testing if installed package can be loaded from final location
** testing if installed package keeps a record of temporary installation path
* creating tarball
packaged installation of ‘biovizBase’ as ‘biovizBase_1.56.0_R_x86_64-pc-linux-gnu.tar.gz’
* DONE (biovizBase)
* installing *source* package ‘Gviz’ ...
** this is package ‘Gviz’ version ‘1.52.0’
** using staged installation
** R
** data
** inst
** byte-compile and prepare package for lazy loading
Warning: program compiled against libxml 213 using older 209
** help
*** installing help indices
** building package indices
** installing vignettes
** testing if installed package can be loaded from temporary location
Warning: program compiled against libxml 213 using older 209
** testing if installed package can be loaded from final location
Warning: program compiled against libxml 213 using older 209
** testing if installed package keeps a record of temporary installation path
* creating tarball
packaged installation of ‘Gviz’ as ‘Gviz_1.52.0_R_x86_64-pc-linux-gnu.tar.gz’
* DONE (Gviz)
* installing *source* package ‘GenomicInteractions’ ...
** this is package ‘GenomicInteractions’ version ‘1.42.0’
** using staged installation
** R
** data
** inst
** byte-compile and prepare package for lazy loading
Warning: program compiled against libxml 213 using older 209
** help
*** installing help indices
** building package indices
** installing vignettes
** testing if installed package can be loaded from temporary location
Warning: program compiled against libxml 213 using older 209
** testing if installed package can be loaded from final location
Warning: program compiled against libxml 213 using older 209
** testing if installed package keeps a record of temporary installation path
* creating tarball
packaged installation of ‘GenomicInteractions’ as ‘GenomicInteractions_1.42.0_R_x86_64-pc-linux-gnu.tar.gz’
* DONE (GenomicInteractions)
* installing *source* package ‘CAGEfightR’ ...
** this is package ‘CAGEfightR’ version ‘1.28.0’
** using staged installation
** R
** data
*** moving datasets to lazyload DB
** inst
** byte-compile and prepare package for lazy loading
Warning: program compiled against libxml 213 using older 209
** help
*** installing help indices
** building package indices
** installing vignettes
** testing if installed package can be loaded from temporary location
Warning: program compiled against libxml 213 using older 209
** testing if installed package can be loaded from final location
Warning: program compiled against libxml 213 using older 209
** testing if installed package keeps a record of temporary installation path
* creating tarball
packaged installation of ‘CAGEfightR’ as ‘CAGEfightR_1.28.0_R_x86_64-pc-linux-gnu.tar.gz’
* DONE (CAGEfightR)
* installing *source* package ‘CAGEr’ ...
** this is package ‘CAGEr’ version ‘2.14.0’
** using staged installation
** R
** data
*** moving datasets to lazyload DB
** inst
** byte-compile and prepare package for lazy loading
Warning: program compiled against libxml 213 using older 209
** help
*** installing help indices
** building package indices
** installing vignettes
** testing if installed package can be loaded from temporary location
Warning: program compiled against libxml 213 using older 209
** testing if installed package can be loaded from final location
Warning: program compiled against libxml 213 using older 209
** testing if installed package keeps a record of temporary installation path
* creating tarball
packaged installation of ‘CAGEr’ as ‘CAGEr_2.14.0_R_x86_64-pc-linux-gnu.tar.gz’
* DONE (CAGEr)

The downloaded source packages are in
	‘/tmp/RtmpvCPiDG/downloaded_packages’
Old packages: 'cli', 'DelayedArray', 'diffobj', 'edgeR', 'globals',
  'parallelly', 'pkgdown', 'RcppArmadillo', 'RSQLite', 'scales', 'sctransform',
  'Seurat', 'SeuratObject', 'SingleCellExperiment', 'spatstat.univar',
  'SummarizedExperiment', 'systemfonts', 'textshaping', 'utf8'

real	12m59.967s
user	11m39.331s
sys	2m6.295s
