'getOption("repos")' replaces Bioconductor standard repositories, see
'help("repositories", package = "BiocManager")' for details.
Replacement repositories:
    CRAN: https://p3m.dev/cran/__linux__/noble/latest
Bioconductor version 3.20 (BiocManager 1.30.25), R 4.4.2 (2024-10-31)
Installing package(s) 'LRcell'
also installing the dependency ‘LRcellTypeMarkers’

trying URL 'https://bioconductor.org/packages/3.20/data/experiment/src/contrib/LRcellTypeMarkers_1.14.0.tar.gz'
Content type 'application/x-gzip' length 529116 bytes (516 KB)
==================================================
downloaded 516 KB

trying URL 'https://bioconductor.org/packages/3.20/bioc/src/contrib/LRcell_1.14.0.tar.gz'
Content type 'application/x-gzip' length 1128474 bytes (1.1 MB)
==================================================
downloaded 1.1 MB

* installing *source* package ‘LRcellTypeMarkers’ ...
** using staged installation
** inst
** help
*** installing help indices
** building package indices
** installing vignettes
** testing if installed package can be loaded from temporary location
** testing if installed package can be loaded from final location
** testing if installed package keeps a record of temporary installation path
* creating tarball
packaged installation of ‘LRcellTypeMarkers’ as ‘LRcellTypeMarkers_1.14.0_R_x86_64-pc-linux-gnu.tar.gz’
* DONE (LRcellTypeMarkers)
* installing *source* package ‘LRcell’ ...
** package ‘LRcell’ successfully unpacked and MD5 sums checked
** using staged installation
** R
** data
** inst
** byte-compile and prepare package for lazy loading
** help
*** installing help indices
** building package indices
** installing vignettes
** testing if installed package can be loaded from temporary location
** testing if installed package can be loaded from final location
** testing if installed package keeps a record of temporary installation path
* creating tarball
packaged installation of ‘LRcell’ as ‘LRcell_1.14.0_R_x86_64-pc-linux-gnu.tar.gz’
* DONE (LRcell)

The downloaded source packages are in
	‘/tmp/Rtmpasbb15/downloaded_packages’
Old packages: 'bslib', 'cli', 'cpp11', 'curl', 'evaluate', 'httr2', 'jsonlite',
  'openssl', 'pillar', 'pkgbuild', 'processx', 'ps', 'purrr', 'R6', 'Rcpp',
  'rlang', 'sessioninfo', 'systemfonts', 'testthat', 'textshaping', 'tinytex',
  'xfun', 'xml2', 'zip', 'class', 'foreign', 'KernSmooth', 'MASS', 'Matrix',
  'nlme', 'nnet', 'rpart', 'spatial'

real	1m15.410s
user	0m28.661s
sys	0m6.484s
