+ Rscript -e 'Sys.setenv(BIOCONDUCTOR_USE_CONTAINER_REPOSITORY=FALSE);
  p <- .libPaths();
  p <- c('\'''\'', '\'''\'', p);
  .libPaths(p);
  if(BiocManager::install('\''QUBIC'\'', INSTALL_opts = '\''--build'\'', update = TRUE, quiet = FALSE, dependencies=TRUE, force = TRUE, keep_outputs = TRUE) %in% rownames(installed.packages())) q(status = 0) else q(status = 1)'
'getOption("repos")' replaces Bioconductor standard repositories, see
'help("repositories", package = "BiocManager")' for details.
Replacement repositories:
    CRAN: https://p3m.dev/cran/__linux__/noble/latest
Bioconductor version 3.20 (BiocManager 1.30.25), R 4.4.2 (2024-10-31)
Installing package(s) 'QUBIC'
also installing the dependencies ‘backports’, ‘generics’, ‘farver’, ‘labeling’, ‘munsell’, ‘RColorBrewer’, ‘checkmate’, ‘modeltools’, ‘dplyr’, ‘tidyselect’, ‘gtable’, ‘isoband’, ‘scales’, ‘mnormt’, ‘GPArotation’, ‘pbivnorm’, ‘numDeriv’, ‘quadprog’, ‘gridExtra’, ‘data.table’, ‘htmlTable’, ‘viridis’, ‘Formula’, ‘dotCall64’, ‘colorspace’, ‘flexclust’, ‘additivityTests’, ‘tidyr’, ‘ggplot2’, ‘psych’, ‘lavaan’, ‘plyr’, ‘Hmisc’, ‘igraph’, ‘jpeg’, ‘png’, ‘corpcor’, ‘reshape2’, ‘glasso’, ‘fdrtool’, ‘gtools’, ‘pbapply’, ‘abind’, ‘spam’, ‘viridisLite’, ‘maps’, ‘biclust’, ‘RcppArmadillo’, ‘QUBICdata’, ‘qgraph’, ‘fields’

trying URL 'https://p3m.dev/cran/__linux__/noble/latest/src/contrib/backports_1.5.0.tar.gz'
Content type 'binary/octet-stream' length 115743 bytes (113 KB)
==================================================
downloaded 113 KB

trying URL 'https://p3m.dev/cran/__linux__/noble/latest/src/contrib/generics_0.1.3.tar.gz'
Content type 'binary/octet-stream' length 81013 bytes (79 KB)
==================================================
downloaded 79 KB

trying URL 'https://p3m.dev/cran/__linux__/noble/latest/src/contrib/farver_2.1.2.tar.gz'
Content type 'binary/octet-stream' length 1466627 bytes (1.4 MB)
==================================================
downloaded 1.4 MB

trying URL 'https://p3m.dev/cran/__linux__/noble/latest/src/contrib/labeling_0.4.3.tar.gz'
Content type 'binary/octet-stream' length 60952 bytes (59 KB)
==================================================
downloaded 59 KB

trying URL 'https://p3m.dev/cran/__linux__/noble/latest/src/contrib/munsell_0.5.1.tar.gz'
Content type 'binary/octet-stream' length 243099 bytes (237 KB)
==================================================
downloaded 237 KB

trying URL 'https://p3m.dev/cran/__linux__/noble/latest/src/contrib/RColorBrewer_1.1-3.tar.gz'
Content type 'binary/octet-stream' length 51823 bytes (50 KB)
==================================================
downloaded 50 KB

trying URL 'https://p3m.dev/cran/__linux__/noble/latest/src/contrib/checkmate_2.3.2.tar.gz'
Content type 'binary/octet-stream' length 743926 bytes (726 KB)
==================================================
downloaded 726 KB

trying URL 'https://p3m.dev/cran/__linux__/noble/latest/src/contrib/modeltools_0.2-23.tar.gz'
Content type 'binary/octet-stream' length 223224 bytes (217 KB)
==================================================
downloaded 217 KB

trying URL 'https://p3m.dev/cran/__linux__/noble/latest/src/contrib/dplyr_1.1.4.tar.gz'
Content type 'binary/octet-stream' length 1491332 bytes (1.4 MB)
==================================================
downloaded 1.4 MB

trying URL 'https://p3m.dev/cran/__linux__/noble/latest/src/contrib/tidyselect_1.2.1.tar.gz'
Content type 'binary/octet-stream' length 225331 bytes (220 KB)
==================================================
downloaded 220 KB

trying URL 'https://p3m.dev/cran/__linux__/noble/latest/src/contrib/gtable_0.3.6.tar.gz'
Content type 'binary/octet-stream' length 222627 bytes (217 KB)
==================================================
downloaded 217 KB

trying URL 'https://p3m.dev/cran/__linux__/noble/latest/src/contrib/isoband_0.2.7.tar.gz'
Content type 'binary/octet-stream' length 1644325 bytes (1.6 MB)
==================================================
downloaded 1.6 MB

trying URL 'https://p3m.dev/cran/__linux__/noble/latest/src/contrib/scales_1.3.0.tar.gz'
Content type 'binary/octet-stream' length 710365 bytes (693 KB)
==================================================
downloaded 693 KB

trying URL 'https://p3m.dev/cran/__linux__/noble/latest/src/contrib/mnormt_2.1.1.tar.gz'
Content type 'binary/octet-stream' length 175750 bytes (171 KB)
==================================================
downloaded 171 KB

trying URL 'https://p3m.dev/cran/__linux__/noble/latest/src/contrib/GPArotation_2024.3-1.tar.gz'
Content type 'binary/octet-stream' length 391766 bytes (382 KB)
==================================================
downloaded 382 KB

trying URL 'https://p3m.dev/cran/__linux__/noble/latest/src/contrib/pbivnorm_0.6.0.tar.gz'
Content type 'binary/octet-stream' length 18624 bytes (18 KB)
==================================================
downloaded 18 KB

trying URL 'https://p3m.dev/cran/__linux__/noble/latest/src/contrib/numDeriv_2016.8-1.1.tar.gz'
Content type 'binary/octet-stream' length 114340 bytes (111 KB)
==================================================
downloaded 111 KB

trying URL 'https://p3m.dev/cran/__linux__/noble/latest/src/contrib/quadprog_1.5-8.tar.gz'
Content type 'binary/octet-stream' length 31242 bytes (30 KB)
==================================================
downloaded 30 KB

trying URL 'https://p3m.dev/cran/__linux__/noble/latest/src/contrib/gridExtra_2.3.tar.gz'
Content type 'binary/octet-stream' length 1106795 bytes (1.1 MB)
==================================================
downloaded 1.1 MB

trying URL 'https://p3m.dev/cran/__linux__/noble/latest/src/contrib/data.table_1.17.0.tar.gz'
Content type 'binary/octet-stream' length 2695704 bytes (2.6 MB)
==================================================
downloaded 2.6 MB

trying URL 'https://p3m.dev/cran/__linux__/noble/latest/src/contrib/htmlTable_2.4.3.tar.gz'
Content type 'binary/octet-stream' length 417925 bytes (408 KB)
==================================================
downloaded 408 KB

trying URL 'https://p3m.dev/cran/__linux__/noble/latest/src/contrib/viridis_0.6.5.tar.gz'
Content type 'binary/octet-stream' length 3011703 bytes (2.9 MB)
==================================================
downloaded 2.9 MB

trying URL 'https://p3m.dev/cran/__linux__/noble/latest/src/contrib/Formula_1.2-5.tar.gz'
Content type 'binary/octet-stream' length 159118 bytes (155 KB)
==================================================
downloaded 155 KB

trying URL 'https://p3m.dev/cran/__linux__/noble/latest/src/contrib/dotCall64_1.2.tar.gz'
Content type 'binary/octet-stream' length 31234 bytes (30 KB)
==================================================
downloaded 30 KB

trying URL 'https://p3m.dev/cran/__linux__/noble/latest/src/contrib/colorspace_2.1-1.tar.gz'
Content type 'binary/octet-stream' length 2626614 bytes (2.5 MB)
==================================================
downloaded 2.5 MB

trying URL 'https://p3m.dev/cran/__linux__/noble/latest/src/contrib/flexclust_1.5.0.tar.gz'
Content type 'binary/octet-stream' length 670274 bytes (654 KB)
==================================================
downloaded 654 KB

trying URL 'https://p3m.dev/cran/__linux__/noble/latest/src/contrib/additivityTests_1.1-4.2.tar.gz'
Content type 'binary/octet-stream' length 51064 bytes (49 KB)
==================================================
downloaded 49 KB

trying URL 'https://p3m.dev/cran/__linux__/noble/latest/src/contrib/tidyr_1.3.1.tar.gz'
Content type 'binary/octet-stream' length 1177490 bytes (1.1 MB)
==================================================
downloaded 1.1 MB

trying URL 'https://p3m.dev/cran/__linux__/noble/latest/src/contrib/ggplot2_3.5.1.tar.gz'
Content type 'binary/octet-stream' length 5005317 bytes (4.8 MB)
==================================================
downloaded 4.8 MB

trying URL 'https://p3m.dev/cran/__linux__/noble/latest/src/contrib/psych_2.4.12.tar.gz'
Content type 'binary/octet-stream' length 3736496 bytes (3.6 MB)
==================================================
downloaded 3.6 MB

trying URL 'https://p3m.dev/cran/__linux__/noble/latest/src/contrib/lavaan_0.6-19.tar.gz'
Content type 'binary/octet-stream' length 3805490 bytes (3.6 MB)
==================================================
downloaded 3.6 MB

trying URL 'https://p3m.dev/cran/__linux__/noble/latest/src/contrib/plyr_1.8.9.tar.gz'
Content type 'binary/octet-stream' length 788070 bytes (769 KB)
==================================================
downloaded 769 KB

trying URL 'https://p3m.dev/cran/__linux__/noble/latest/src/contrib/Hmisc_5.2-2.tar.gz'
Content type 'binary/octet-stream' length 3609223 bytes (3.4 MB)
==================================================
downloaded 3.4 MB

trying URL 'https://p3m.dev/cran/__linux__/noble/latest/src/contrib/igraph_2.1.4.tar.gz'
Content type 'binary/octet-stream' length 5555697 bytes (5.3 MB)
==================================================
downloaded 5.3 MB

trying URL 'https://p3m.dev/cran/__linux__/noble/latest/src/contrib/jpeg_0.1-10.tar.gz'
Content type 'binary/octet-stream' length 29252 bytes (28 KB)
==================================================
downloaded 28 KB

trying URL 'https://p3m.dev/cran/__linux__/noble/latest/src/contrib/png_0.1-8.tar.gz'
Content type 'binary/octet-stream' length 40602 bytes (39 KB)
==================================================
downloaded 39 KB

trying URL 'https://p3m.dev/cran/__linux__/noble/latest/src/contrib/corpcor_1.6.10.tar.gz'
Content type 'binary/octet-stream' length 116106 bytes (113 KB)
==================================================
downloaded 113 KB

trying URL 'https://p3m.dev/cran/__linux__/noble/latest/src/contrib/reshape2_1.4.4.tar.gz'
Content type 'binary/octet-stream' length 123102 bytes (120 KB)
==================================================
downloaded 120 KB

trying URL 'https://p3m.dev/cran/__linux__/noble/latest/src/contrib/glasso_1.11.tar.gz'
Content type 'binary/octet-stream' length 32240 bytes (31 KB)
==================================================
downloaded 31 KB

trying URL 'https://p3m.dev/cran/__linux__/noble/latest/src/contrib/fdrtool_1.2.18.tar.gz'
Content type 'binary/octet-stream' length 139091 bytes (135 KB)
==================================================
downloaded 135 KB

trying URL 'https://p3m.dev/cran/__linux__/noble/latest/src/contrib/gtools_3.9.5.tar.gz'
Content type 'binary/octet-stream' length 361081 bytes (352 KB)
==================================================
downloaded 352 KB

trying URL 'https://p3m.dev/cran/__linux__/noble/latest/src/contrib/pbapply_1.7-2.tar.gz'
Content type 'binary/octet-stream' length 100318 bytes (97 KB)
==================================================
downloaded 97 KB

trying URL 'https://p3m.dev/cran/__linux__/noble/latest/src/contrib/abind_1.4-8.tar.gz'
Content type 'binary/octet-stream' length 64944 bytes (63 KB)
==================================================
downloaded 63 KB

trying URL 'https://p3m.dev/cran/__linux__/noble/latest/src/contrib/spam_2.11-1.tar.gz'
Content type 'binary/octet-stream' length 2745557 bytes (2.6 MB)
==================================================
downloaded 2.6 MB

trying URL 'https://p3m.dev/cran/__linux__/noble/latest/src/contrib/viridisLite_0.4.2.tar.gz'
Content type 'binary/octet-stream' length 1297555 bytes (1.2 MB)
==================================================
downloaded 1.2 MB

trying URL 'https://p3m.dev/cran/__linux__/noble/latest/src/contrib/maps_3.4.2.1.tar.gz'
Content type 'binary/octet-stream' length 3090219 bytes (2.9 MB)
==================================================
downloaded 2.9 MB

trying URL 'https://p3m.dev/cran/__linux__/noble/latest/src/contrib/biclust_2.0.3.1.tar.gz'
Content type 'binary/octet-stream' length 1313725 bytes (1.3 MB)
==================================================
downloaded 1.3 MB

trying URL 'https://p3m.dev/cran/__linux__/noble/latest/src/contrib/RcppArmadillo_14.2.3-1.tar.gz'
Content type 'binary/octet-stream' length 1066881 bytes (1.0 MB)
==================================================
downloaded 1.0 MB

trying URL 'https://bioconductor.org/packages/3.20/data/experiment/src/contrib/QUBICdata_1.34.0.tar.gz'
Content type 'application/x-gzip' length 10326098 bytes (9.8 MB)
==================================================
downloaded 9.8 MB

trying URL 'https://p3m.dev/cran/__linux__/noble/latest/src/contrib/qgraph_1.9.8.tar.gz'
Content type 'binary/octet-stream' length 657172 bytes (641 KB)
==================================================
downloaded 641 KB

trying URL 'https://p3m.dev/cran/__linux__/noble/latest/src/contrib/fields_16.3.1.tar.gz'
Content type 'binary/octet-stream' length 3714527 bytes (3.5 MB)
==================================================
downloaded 3.5 MB

trying URL 'https://bioconductor.org/packages/3.20/bioc/src/contrib/QUBIC_1.34.0.tar.gz'
Content type 'application/x-gzip' length 507605 bytes (495 KB)
==================================================
downloaded 495 KB

* installing *binary* package ‘backports’ ...
* ‘backports’ was already a binary package and will not be rebuilt
* creating tarball
packaged installation of ‘backports’ as ‘backports_1.5.0_R_x86_64-pc-linux-gnu.tar.gz’
* DONE (backports)
* installing *binary* package ‘generics’ ...
* ‘generics’ was already a binary package and will not be rebuilt
* creating tarball
packaged installation of ‘generics’ as ‘generics_0.1.3_R_x86_64-pc-linux-gnu.tar.gz’
* DONE (generics)
* installing *binary* package ‘farver’ ...
* ‘farver’ was already a binary package and will not be rebuilt
* creating tarball
packaged installation of ‘farver’ as ‘farver_2.1.2_R_x86_64-pc-linux-gnu.tar.gz’
* DONE (farver)
* installing *binary* package ‘labeling’ ...
* ‘labeling’ was already a binary package and will not be rebuilt
* creating tarball
packaged installation of ‘labeling’ as ‘labeling_0.4.3_R_x86_64-pc-linux-gnu.tar.gz’
* DONE (labeling)
* installing *binary* package ‘RColorBrewer’ ...
* ‘RColorBrewer’ was already a binary package and will not be rebuilt
* creating tarball
packaged installation of ‘RColorBrewer’ as ‘RColorBrewer_1.1-3_R_x86_64-pc-linux-gnu.tar.gz’
* DONE (RColorBrewer)
* installing *binary* package ‘modeltools’ ...
* ‘modeltools’ was already a binary package and will not be rebuilt
* creating tarball
packaged installation of ‘modeltools’ as ‘modeltools_0.2-23_R_x86_64-pc-linux-gnu.tar.gz’
* DONE (modeltools)
* installing *binary* package ‘tidyselect’ ...
* ‘tidyselect’ was already a binary package and will not be rebuilt
* creating tarball
packaged installation of ‘tidyselect’ as ‘tidyselect_1.2.1_R_x86_64-pc-linux-gnu.tar.gz’
* DONE (tidyselect)
* installing *binary* package ‘gtable’ ...
* ‘gtable’ was already a binary package and will not be rebuilt
* creating tarball
packaged installation of ‘gtable’ as ‘gtable_0.3.6_R_x86_64-pc-linux-gnu.tar.gz’
* DONE (gtable)
* installing *binary* package ‘isoband’ ...
* ‘isoband’ was already a binary package and will not be rebuilt
* creating tarball
packaged installation of ‘isoband’ as ‘isoband_0.2.7_R_x86_64-pc-linux-gnu.tar.gz’
* DONE (isoband)
* installing *binary* package ‘mnormt’ ...
* ‘mnormt’ was already a binary package and will not be rebuilt
* creating tarball
packaged installation of ‘mnormt’ as ‘mnormt_2.1.1_R_x86_64-pc-linux-gnu.tar.gz’
* DONE (mnormt)
* installing *binary* package ‘GPArotation’ ...
* ‘GPArotation’ was already a binary package and will not be rebuilt
* creating tarball
packaged installation of ‘GPArotation’ as ‘GPArotation_2024.3-1_R_x86_64-pc-linux-gnu.tar.gz’
* DONE (GPArotation)
* installing *binary* package ‘pbivnorm’ ...
* ‘pbivnorm’ was already a binary package and will not be rebuilt
* creating tarball
packaged installation of ‘pbivnorm’ as ‘pbivnorm_0.6.0_R_x86_64-pc-linux-gnu.tar.gz’
* DONE (pbivnorm)
* installing *binary* package ‘numDeriv’ ...
* ‘numDeriv’ was already a binary package and will not be rebuilt
* creating tarball
packaged installation of ‘numDeriv’ as ‘numDeriv_2016.8-1.1_R_x86_64-pc-linux-gnu.tar.gz’
* DONE (numDeriv)
* installing *binary* package ‘quadprog’ ...
* ‘quadprog’ was already a binary package and will not be rebuilt
* creating tarball
packaged installation of ‘quadprog’ as ‘quadprog_1.5-8_R_x86_64-pc-linux-gnu.tar.gz’
* DONE (quadprog)
* installing *binary* package ‘data.table’ ...
* ‘data.table’ was already a binary package and will not be rebuilt
* creating tarball
packaged installation of ‘data.table’ as ‘data.table_1.17.0_R_x86_64-pc-linux-gnu.tar.gz’
* DONE (data.table)
* installing *binary* package ‘Formula’ ...
* ‘Formula’ was already a binary package and will not be rebuilt
* creating tarball
packaged installation of ‘Formula’ as ‘Formula_1.2-5_R_x86_64-pc-linux-gnu.tar.gz’
* DONE (Formula)
* installing *binary* package ‘dotCall64’ ...
* ‘dotCall64’ was already a binary package and will not be rebuilt
* creating tarball
packaged installation of ‘dotCall64’ as ‘dotCall64_1.2_R_x86_64-pc-linux-gnu.tar.gz’
* DONE (dotCall64)
* installing *binary* package ‘colorspace’ ...
* ‘colorspace’ was already a binary package and will not be rebuilt
* creating tarball
packaged installation of ‘colorspace’ as ‘colorspace_2.1-1_R_x86_64-pc-linux-gnu.tar.gz’
* DONE (colorspace)
* installing *binary* package ‘additivityTests’ ...
* ‘additivityTests’ was already a binary package and will not be rebuilt
* creating tarball
packaged installation of ‘additivityTests’ as ‘additivityTests_1.1-4.2_R_x86_64-pc-linux-gnu.tar.gz’
* DONE (additivityTests)
* installing *binary* package ‘plyr’ ...
* ‘plyr’ was already a binary package and will not be rebuilt
* creating tarball
packaged installation of ‘plyr’ as ‘plyr_1.8.9_R_x86_64-pc-linux-gnu.tar.gz’
* DONE (plyr)
* installing *binary* package ‘igraph’ ...
* ‘igraph’ was already a binary package and will not be rebuilt
* creating tarball
packaged installation of ‘igraph’ as ‘igraph_2.1.4_R_x86_64-pc-linux-gnu.tar.gz’
* DONE (igraph)
* installing *binary* package ‘jpeg’ ...
* ‘jpeg’ was already a binary package and will not be rebuilt
* creating tarball
packaged installation of ‘jpeg’ as ‘jpeg_0.1-10_R_x86_64-pc-linux-gnu.tar.gz’
* DONE (jpeg)
* installing *binary* package ‘png’ ...
* ‘png’ was already a binary package and will not be rebuilt
* creating tarball
packaged installation of ‘png’ as ‘png_0.1-8_R_x86_64-pc-linux-gnu.tar.gz’
* DONE (png)
* installing *binary* package ‘corpcor’ ...
* ‘corpcor’ was already a binary package and will not be rebuilt
* creating tarball
packaged installation of ‘corpcor’ as ‘corpcor_1.6.10_R_x86_64-pc-linux-gnu.tar.gz’
* DONE (corpcor)
* installing *binary* package ‘glasso’ ...
* ‘glasso’ was already a binary package and will not be rebuilt
* creating tarball
packaged installation of ‘glasso’ as ‘glasso_1.11_R_x86_64-pc-linux-gnu.tar.gz’
* DONE (glasso)
* installing *binary* package ‘fdrtool’ ...
* ‘fdrtool’ was already a binary package and will not be rebuilt
* creating tarball
packaged installation of ‘fdrtool’ as ‘fdrtool_1.2.18_R_x86_64-pc-linux-gnu.tar.gz’
* DONE (fdrtool)
* installing *binary* package ‘gtools’ ...
* ‘gtools’ was already a binary package and will not be rebuilt
* creating tarball
packaged installation of ‘gtools’ as ‘gtools_3.9.5_R_x86_64-pc-linux-gnu.tar.gz’
* DONE (gtools)
* installing *binary* package ‘pbapply’ ...
* ‘pbapply’ was already a binary package and will not be rebuilt
* creating tarball
packaged installation of ‘pbapply’ as ‘pbapply_1.7-2_R_x86_64-pc-linux-gnu.tar.gz’
* DONE (pbapply)
* installing *binary* package ‘abind’ ...
* ‘abind’ was already a binary package and will not be rebuilt
* creating tarball
packaged installation of ‘abind’ as ‘abind_1.4-8_R_x86_64-pc-linux-gnu.tar.gz’
* DONE (abind)
* installing *binary* package ‘viridisLite’ ...
* ‘viridisLite’ was already a binary package and will not be rebuilt
* creating tarball
packaged installation of ‘viridisLite’ as ‘viridisLite_0.4.2_R_x86_64-pc-linux-gnu.tar.gz’
* DONE (viridisLite)
* installing *binary* package ‘maps’ ...
* ‘maps’ was already a binary package and will not be rebuilt
* creating tarball
packaged installation of ‘maps’ as ‘maps_3.4.2.1_R_x86_64-pc-linux-gnu.tar.gz’
* DONE (maps)
* installing *binary* package ‘RcppArmadillo’ ...
* ‘RcppArmadillo’ was already a binary package and will not be rebuilt
* creating tarball
packaged installation of ‘RcppArmadillo’ as ‘RcppArmadillo_14.2.3-1_R_x86_64-pc-linux-gnu.tar.gz’
* DONE (RcppArmadillo)
* installing *source* package ‘QUBICdata’ ...
** using staged installation
** data
** inst
** help
*** installing help indices
** building package indices
** installing vignettes
** testing if installed package can be loaded from temporary location
** testing if installed package can be loaded from final location
** testing if installed package keeps a record of temporary installation path
* creating tarball
packaged installation of ‘QUBICdata’ as ‘QUBICdata_1.34.0_R_x86_64-pc-linux-gnu.tar.gz’
* DONE (QUBICdata)
* installing *binary* package ‘munsell’ ...
* ‘munsell’ was already a binary package and will not be rebuilt
* creating tarball
packaged installation of ‘munsell’ as ‘munsell_0.5.1_R_x86_64-pc-linux-gnu.tar.gz’
* DONE (munsell)
* installing *binary* package ‘checkmate’ ...
* ‘checkmate’ was already a binary package and will not be rebuilt
* creating tarball
packaged installation of ‘checkmate’ as ‘checkmate_2.3.2_R_x86_64-pc-linux-gnu.tar.gz’
* DONE (checkmate)
* installing *binary* package ‘dplyr’ ...
* ‘dplyr’ was already a binary package and will not be rebuilt
* creating tarball
packaged installation of ‘dplyr’ as ‘dplyr_1.1.4_R_x86_64-pc-linux-gnu.tar.gz’
* DONE (dplyr)
* installing *binary* package ‘gridExtra’ ...
* ‘gridExtra’ was already a binary package and will not be rebuilt
* creating tarball
packaged installation of ‘gridExtra’ as ‘gridExtra_2.3_R_x86_64-pc-linux-gnu.tar.gz’
* DONE (gridExtra)
* installing *binary* package ‘flexclust’ ...
* ‘flexclust’ was already a binary package and will not be rebuilt
* creating tarball
packaged installation of ‘flexclust’ as ‘flexclust_1.5.0_R_x86_64-pc-linux-gnu.tar.gz’
* DONE (flexclust)
* installing *binary* package ‘psych’ ...
* ‘psych’ was already a binary package and will not be rebuilt
* creating tarball
packaged installation of ‘psych’ as ‘psych_2.4.12_R_x86_64-pc-linux-gnu.tar.gz’
* DONE (psych)
* installing *binary* package ‘lavaan’ ...
* ‘lavaan’ was already a binary package and will not be rebuilt
* creating tarball
packaged installation of ‘lavaan’ as ‘lavaan_0.6-19_R_x86_64-pc-linux-gnu.tar.gz’
* DONE (lavaan)
* installing *binary* package ‘reshape2’ ...
* ‘reshape2’ was already a binary package and will not be rebuilt
* creating tarball
packaged installation of ‘reshape2’ as ‘reshape2_1.4.4_R_x86_64-pc-linux-gnu.tar.gz’
* DONE (reshape2)
* installing *binary* package ‘spam’ ...
* ‘spam’ was already a binary package and will not be rebuilt
* creating tarball
packaged installation of ‘spam’ as ‘spam_2.11-1_R_x86_64-pc-linux-gnu.tar.gz’
* DONE (spam)
* installing *binary* package ‘scales’ ...
* ‘scales’ was already a binary package and will not be rebuilt
* creating tarball
packaged installation of ‘scales’ as ‘scales_1.3.0_R_x86_64-pc-linux-gnu.tar.gz’
* DONE (scales)
* installing *binary* package ‘htmlTable’ ...
* ‘htmlTable’ was already a binary package and will not be rebuilt
* creating tarball
packaged installation of ‘htmlTable’ as ‘htmlTable_2.4.3_R_x86_64-pc-linux-gnu.tar.gz’
* DONE (htmlTable)
* installing *binary* package ‘tidyr’ ...
* ‘tidyr’ was already a binary package and will not be rebuilt
* creating tarball
packaged installation of ‘tidyr’ as ‘tidyr_1.3.1_R_x86_64-pc-linux-gnu.tar.gz’
* DONE (tidyr)
* installing *binary* package ‘fields’ ...
* ‘fields’ was already a binary package and will not be rebuilt
* creating tarball
packaged installation of ‘fields’ as ‘fields_16.3.1_R_x86_64-pc-linux-gnu.tar.gz’
* DONE (fields)
* installing *binary* package ‘ggplot2’ ...
* ‘ggplot2’ was already a binary package and will not be rebuilt
* creating tarball
packaged installation of ‘ggplot2’ as ‘ggplot2_3.5.1_R_x86_64-pc-linux-gnu.tar.gz’
* DONE (ggplot2)
* installing *binary* package ‘viridis’ ...
* ‘viridis’ was already a binary package and will not be rebuilt
* creating tarball
packaged installation of ‘viridis’ as ‘viridis_0.6.5_R_x86_64-pc-linux-gnu.tar.gz’
* DONE (viridis)
* installing *binary* package ‘biclust’ ...
* ‘biclust’ was already a binary package and will not be rebuilt
* creating tarball
packaged installation of ‘biclust’ as ‘biclust_2.0.3.1_R_x86_64-pc-linux-gnu.tar.gz’
* DONE (biclust)
* installing *binary* package ‘Hmisc’ ...
* ‘Hmisc’ was already a binary package and will not be rebuilt
* creating tarball
packaged installation of ‘Hmisc’ as ‘Hmisc_5.2-2_R_x86_64-pc-linux-gnu.tar.gz’
* DONE (Hmisc)
* installing *source* package ‘QUBIC’ ...
** package ‘QUBIC’ successfully unpacked and MD5 sums checked
** using staged installation
** libs
using C compiler: ‘gcc (Ubuntu 13.3.0-6ubuntu2~24.04) 13.3.0’
using C++ compiler: ‘g++ (Ubuntu 13.3.0-6ubuntu2~24.04) 13.3.0’
using C++11
g++ -std=gnu++11 -I"/usr/local/lib/R/include" -DNDEBUG  -I'/usr/local/lib/R/site-library/Rcpp/include' -I'/usr/local/lib/R/site-library/RcppArmadillo/include' -I/usr/local/include   -fopenmp -fpic  -g -O2 -fstack-protector-strong -Wformat -Wformat-security -Wdate-time -D_FORTIFY_SOURCE=2 -g  -DR_NO_REMAP -c RcppExports.cpp -o RcppExports.o
g++ -std=gnu++11 -I"/usr/local/lib/R/include" -DNDEBUG  -I'/usr/local/lib/R/site-library/Rcpp/include' -I'/usr/local/lib/R/site-library/RcppArmadillo/include' -I/usr/local/include   -fopenmp -fpic  -g -O2 -fstack-protector-strong -Wformat -Wformat-security -Wdate-time -D_FORTIFY_SOURCE=2 -g  -DR_NO_REMAP -c charset.cc -o charset.o
g++ -std=gnu++11 -I"/usr/local/lib/R/include" -DNDEBUG  -I'/usr/local/lib/R/site-library/Rcpp/include' -I'/usr/local/lib/R/site-library/RcppArmadillo/include' -I/usr/local/include   -fopenmp -fpic  -g -O2 -fstack-protector-strong -Wformat -Wformat-security -Wdate-time -D_FORTIFY_SOURCE=2 -g  -DR_NO_REMAP -c cluster.cc -o cluster.o
g++ -std=gnu++11 -I"/usr/local/lib/R/include" -DNDEBUG  -I'/usr/local/lib/R/site-library/Rcpp/include' -I'/usr/local/lib/R/site-library/RcppArmadillo/include' -I/usr/local/include   -fopenmp -fpic  -g -O2 -fstack-protector-strong -Wformat -Wformat-security -Wdate-time -D_FORTIFY_SOURCE=2 -g  -DR_NO_REMAP -c discretize.cc -o discretize.o
g++ -std=gnu++11 -I"/usr/local/lib/R/include" -DNDEBUG  -I'/usr/local/lib/R/site-library/Rcpp/include' -I'/usr/local/lib/R/site-library/RcppArmadillo/include' -I/usr/local/include   -fopenmp -fpic  -g -O2 -fstack-protector-strong -Wformat -Wformat-security -Wdate-time -D_FORTIFY_SOURCE=2 -g  -DR_NO_REMAP -c edge_list.cc -o edge_list.o
gcc -I"/usr/local/lib/R/include" -DNDEBUG  -I'/usr/local/lib/R/site-library/Rcpp/include' -I'/usr/local/lib/R/site-library/RcppArmadillo/include' -I/usr/local/include    -fpic  -g -O2 -fstack-protector-strong -Wformat -Wformat-security -Wdate-time -D_FORTIFY_SOURCE=2 -g  -c fib.c -o fib.o
g++ -std=gnu++11 -I"/usr/local/lib/R/include" -DNDEBUG  -I'/usr/local/lib/R/site-library/Rcpp/include' -I'/usr/local/lib/R/site-library/RcppArmadillo/include' -I/usr/local/include   -fopenmp -fpic  -g -O2 -fstack-protector-strong -Wformat -Wformat-security -Wdate-time -D_FORTIFY_SOURCE=2 -g  -DR_NO_REMAP -c fopen_matrix.cc -o fopen_matrix.o
g++ -std=gnu++11 -I"/usr/local/lib/R/include" -DNDEBUG  -I'/usr/local/lib/R/site-library/Rcpp/include' -I'/usr/local/lib/R/site-library/RcppArmadillo/include' -I/usr/local/include   -fopenmp -fpic  -g -O2 -fstack-protector-strong -Wformat -Wformat-security -Wdate-time -D_FORTIFY_SOURCE=2 -g  -DR_NO_REMAP -c qubic.cc -o qubic.o
g++ -std=gnu++11 -I"/usr/local/lib/R/include" -DNDEBUG  -I'/usr/local/lib/R/site-library/Rcpp/include' -I'/usr/local/lib/R/site-library/RcppArmadillo/include' -I/usr/local/include   -fopenmp -fpic  -g -O2 -fstack-protector-strong -Wformat -Wformat-security -Wdate-time -D_FORTIFY_SOURCE=2 -g  -DR_NO_REMAP -c rcpp_qubic.cpp -o rcpp_qubic.o
g++ -std=gnu++11 -I"/usr/local/lib/R/include" -DNDEBUG  -I'/usr/local/lib/R/site-library/Rcpp/include' -I'/usr/local/lib/R/site-library/RcppArmadillo/include' -I/usr/local/include   -fopenmp -fpic  -g -O2 -fstack-protector-strong -Wformat -Wformat-security -Wdate-time -D_FORTIFY_SOURCE=2 -g  -DR_NO_REMAP -c struct.cc -o struct.o
g++ -std=gnu++11 -shared -L/usr/local/lib/R/lib -L/usr/local/lib -o QUBIC.so RcppExports.o charset.o cluster.o discretize.o edge_list.o fib.o fopen_matrix.o qubic.o rcpp_qubic.o struct.o -fopenmp -L/usr/local/lib/R/lib -lR
installing to /usr/local/lib/R/site-library/00LOCK-QUBIC/00new/QUBIC/libs
** R
** inst
** byte-compile and prepare package for lazy loading
** help
*** installing help indices
** building package indices
** installing vignettes
** testing if installed package can be loaded from temporary location
** checking absolute paths in shared objects and dynamic libraries
** testing if installed package can be loaded from final location
** testing if installed package keeps a record of temporary installation path
* creating tarball
packaged installation of ‘QUBIC’ as ‘QUBIC_1.34.0_R_x86_64-pc-linux-gnu.tar.gz’
* DONE (QUBIC)
* installing *binary* package ‘qgraph’ ...
* ‘qgraph’ was already a binary package and will not be rebuilt
* creating tarball
packaged installation of ‘qgraph’ as ‘qgraph_1.9.8_R_x86_64-pc-linux-gnu.tar.gz’
* DONE (qgraph)

The downloaded source packages are in
	‘/tmp/RtmpgsIXnf/downloaded_packages’
Old packages: 'bslib', 'cli', 'cpp11', 'curl', 'evaluate', 'httr2', 'jsonlite',
  'openssl', 'pillar', 'pkgbuild', 'processx', 'ps', 'purrr', 'R6', 'Rcpp',
  'rlang', 'sessioninfo', 'systemfonts', 'testthat', 'textshaping', 'tinytex',
  'xfun', 'xml2', 'zip', 'class', 'foreign', 'KernSmooth', 'MASS', 'Matrix',
  'nlme', 'nnet', 'rpart', 'spatial'

real	1m4.734s
user	0m43.368s
sys	0m15.439s
