+ Rscript -e 'Sys.setenv(BIOCONDUCTOR_USE_CONTAINER_REPOSITORY=FALSE);
  p <- .libPaths();
  p <- c('\'''\'', '\'''\'', p);
  .libPaths(p);
  if(BiocManager::install('\''seqcombo'\'', INSTALL_opts = '\''--build'\'', update = TRUE, quiet = FALSE, dependencies=TRUE, force = TRUE, keep_outputs = TRUE) %in% rownames(installed.packages())) q(status = 0) else q(status = 1)'
'getOption("repos")' replaces Bioconductor standard repositories, see
'help("repositories", package = "BiocManager")' for details.
Replacement repositories:
    CRAN: https://p3m.dev/cran/__linux__/noble/latest
Bioconductor version 3.22 (BiocManager 1.30.25), R 4.5.0 (2025-04-11)
Installing package(s) 'seqcombo'
also installing the dependencies ‘farver’, ‘labeling’, ‘RColorBrewer’, ‘viridisLite’, ‘showtextdb’, ‘gtable’, ‘isoband’, ‘scales’, ‘proto’, ‘showtext’, ‘sysfonts’, ‘ggplot2’, ‘igraph’, ‘yulab.utils’, ‘emojifont’, ‘prettydoc’

trying URL 'https://p3m.dev/cran/__linux__/noble/latest/src/contrib/farver_2.1.2.tar.gz'
trying URL 'https://p3m.dev/cran/__linux__/noble/latest/src/contrib/labeling_0.4.3.tar.gz'
trying URL 'https://p3m.dev/cran/__linux__/noble/latest/src/contrib/RColorBrewer_1.1-3.tar.gz'
trying URL 'https://p3m.dev/cran/__linux__/noble/latest/src/contrib/viridisLite_0.4.2.tar.gz'
trying URL 'https://p3m.dev/cran/__linux__/noble/latest/src/contrib/showtextdb_3.0.tar.gz'
trying URL 'https://p3m.dev/cran/__linux__/noble/latest/src/contrib/gtable_0.3.6.tar.gz'
trying URL 'https://p3m.dev/cran/__linux__/noble/latest/src/contrib/isoband_0.2.7.tar.gz'
trying URL 'https://p3m.dev/cran/__linux__/noble/latest/src/contrib/scales_1.4.0.tar.gz'
trying URL 'https://p3m.dev/cran/__linux__/noble/latest/src/contrib/proto_1.0.0.tar.gz'
trying URL 'https://p3m.dev/cran/__linux__/noble/latest/src/contrib/showtext_0.9-7.tar.gz'
trying URL 'https://p3m.dev/cran/__linux__/noble/latest/src/contrib/sysfonts_0.8.9.tar.gz'
trying URL 'https://p3m.dev/cran/__linux__/noble/latest/src/contrib/ggplot2_3.5.2.tar.gz'
trying URL 'https://p3m.dev/cran/__linux__/noble/latest/src/contrib/igraph_2.1.4.tar.gz'
trying URL 'https://p3m.dev/cran/__linux__/noble/latest/src/contrib/yulab.utils_0.2.0.tar.gz'
trying URL 'https://p3m.dev/cran/__linux__/noble/latest/src/contrib/emojifont_0.5.5.tar.gz'
trying URL 'https://p3m.dev/cran/__linux__/noble/latest/src/contrib/prettydoc_0.4.1.tar.gz'
trying URL 'https://bioconductor.org/packages/3.22/bioc/src/contrib/seqcombo_1.31.0.tar.gz'
* installing *binary* package ‘farver’ ...
* ‘farver’ was already a binary package and will not be rebuilt
* creating tarball
packaged installation of ‘farver’ as ‘farver_2.1.2_R_x86_64-pc-linux-gnu.tar.gz’
* DONE (farver)
* installing *binary* package ‘labeling’ ...
* ‘labeling’ was already a binary package and will not be rebuilt
* creating tarball
packaged installation of ‘labeling’ as ‘labeling_0.4.3_R_x86_64-pc-linux-gnu.tar.gz’
* DONE (labeling)
* installing *binary* package ‘RColorBrewer’ ...
* ‘RColorBrewer’ was already a binary package and will not be rebuilt
* creating tarball
packaged installation of ‘RColorBrewer’ as ‘RColorBrewer_1.1-3_R_x86_64-pc-linux-gnu.tar.gz’
* DONE (RColorBrewer)
* installing *binary* package ‘viridisLite’ ...
* ‘viridisLite’ was already a binary package and will not be rebuilt
* creating tarball
packaged installation of ‘viridisLite’ as ‘viridisLite_0.4.2_R_x86_64-pc-linux-gnu.tar.gz’
* DONE (viridisLite)
* installing *binary* package ‘gtable’ ...
* ‘gtable’ was already a binary package and will not be rebuilt
* creating tarball
packaged installation of ‘gtable’ as ‘gtable_0.3.6_R_x86_64-pc-linux-gnu.tar.gz’
* DONE (gtable)
* installing *binary* package ‘isoband’ ...
* ‘isoband’ was already a binary package and will not be rebuilt
* creating tarball
packaged installation of ‘isoband’ as ‘isoband_0.2.7_R_x86_64-pc-linux-gnu.tar.gz’
* DONE (isoband)
* installing *binary* package ‘proto’ ...
* ‘proto’ was already a binary package and will not be rebuilt
* creating tarball
packaged installation of ‘proto’ as ‘proto_1.0.0_R_x86_64-pc-linux-gnu.tar.gz’
* DONE (proto)
* installing *binary* package ‘sysfonts’ ...
* ‘sysfonts’ was already a binary package and will not be rebuilt
* creating tarball
packaged installation of ‘sysfonts’ as ‘sysfonts_0.8.9_R_x86_64-pc-linux-gnu.tar.gz’
* DONE (sysfonts)
* installing *binary* package ‘igraph’ ...
* ‘igraph’ was already a binary package and will not be rebuilt
* creating tarball
packaged installation of ‘igraph’ as ‘igraph_2.1.4_R_x86_64-pc-linux-gnu.tar.gz’
* DONE (igraph)
* installing *binary* package ‘yulab.utils’ ...
* ‘yulab.utils’ was already a binary package and will not be rebuilt
* creating tarball
packaged installation of ‘yulab.utils’ as ‘yulab.utils_0.2.0_R_x86_64-pc-linux-gnu.tar.gz’
* DONE (yulab.utils)
* installing *binary* package ‘prettydoc’ ...
* ‘prettydoc’ was already a binary package and will not be rebuilt
* creating tarball
packaged installation of ‘prettydoc’ as ‘prettydoc_0.4.1_R_x86_64-pc-linux-gnu.tar.gz’
* DONE (prettydoc)
* installing *binary* package ‘showtextdb’ ...
* ‘showtextdb’ was already a binary package and will not be rebuilt
* creating tarball
packaged installation of ‘showtextdb’ as ‘showtextdb_3.0_R_x86_64-pc-linux-gnu.tar.gz’
* DONE (showtextdb)
* installing *binary* package ‘scales’ ...
* ‘scales’ was already a binary package and will not be rebuilt
* creating tarball
packaged installation of ‘scales’ as ‘scales_1.4.0_R_x86_64-pc-linux-gnu.tar.gz’
* DONE (scales)
* installing *binary* package ‘showtext’ ...
* ‘showtext’ was already a binary package and will not be rebuilt
* creating tarball
packaged installation of ‘showtext’ as ‘showtext_0.9-7_R_x86_64-pc-linux-gnu.tar.gz’
* DONE (showtext)
* installing *binary* package ‘ggplot2’ ...
* ‘ggplot2’ was already a binary package and will not be rebuilt
* creating tarball
packaged installation of ‘ggplot2’ as ‘ggplot2_3.5.2_R_x86_64-pc-linux-gnu.tar.gz’
* DONE (ggplot2)
* installing *binary* package ‘emojifont’ ...
* ‘emojifont’ was already a binary package and will not be rebuilt
* creating tarball
packaged installation of ‘emojifont’ as ‘emojifont_0.5.5_R_x86_64-pc-linux-gnu.tar.gz’
* DONE (emojifont)
* installing *source* package ‘seqcombo’ ...
** this is package ‘seqcombo’ version ‘1.31.0’
** package ‘seqcombo’ successfully unpacked and MD5 sums checked
** using staged installation
** R
** inst
** byte-compile and prepare package for lazy loading
** help
*** installing help indices
** building package indices
** installing vignettes
** testing if installed package can be loaded from temporary location
** testing if installed package can be loaded from final location
** testing if installed package keeps a record of temporary installation path
* creating tarball
packaged installation of ‘seqcombo’ as ‘seqcombo_1.31.0_R_x86_64-pc-linux-gnu.tar.gz’
* DONE (seqcombo)

The downloaded source packages are in
	‘/tmp/RtmpqdsEhV/downloaded_packages’
Old packages: 'zip'

real	0m14.786s
user	0m11.136s
sys	0m4.994s
