'getOption("repos")' replaces Bioconductor standard repositories, see
'help("repositories", package = "BiocManager")' for details.
Replacement repositories:
    CRAN: https://p3m.dev/cran/__linux__/noble/latest
Bioconductor version 3.20 (BiocManager 1.30.25), R 4.4.2 (2024-10-31)
Installing package(s) 'InterCellar'
also installing the dependency ‘wordcloud2’

trying URL 'https://p3m.dev/cran/__linux__/noble/latest/src/contrib/wordcloud2_0.2.1.tar.gz'
Content type 'binary/octet-stream' length 996822 bytes (973 KB)
==================================================
downloaded 973 KB

trying URL 'https://bioconductor.org/packages/3.20/bioc/src/contrib/InterCellar_2.12.0.tar.gz'
Content type 'application/x-gzip' length 4214300 bytes (4.0 MB)
==================================================
downloaded 4.0 MB

* installing *binary* package ‘wordcloud2’ ...
* ‘wordcloud2’ was already a binary package and will not be rebuilt
* creating tarball
packaged installation of ‘wordcloud2’ as ‘wordcloud2_0.2.1_R_x86_64-pc-linux-gnu.tar.gz’
* DONE (wordcloud2)
* installing *source* package ‘InterCellar’ ...
** package ‘InterCellar’ successfully unpacked and MD5 sums checked
** using staged installation
** R
** data
** inst
** byte-compile and prepare package for lazy loading
** help
*** installing help indices
** building package indices
** installing vignettes
** testing if installed package can be loaded from temporary location
** testing if installed package can be loaded from final location
** testing if installed package keeps a record of temporary installation path
* creating tarball
packaged installation of ‘InterCellar’ as ‘InterCellar_2.12.0_R_x86_64-pc-linux-gnu.tar.gz’
* DONE (InterCellar)

The downloaded source packages are in
	‘/tmp/RtmppGfCMq/downloaded_packages’
Old packages: 'bslib', 'cli', 'cpp11', 'curl', 'evaluate', 'httr2', 'jsonlite',
  'openssl', 'pillar', 'pkgbuild', 'processx', 'ps', 'purrr', 'R6', 'Rcpp',
  'rlang', 'sessioninfo', 'systemfonts', 'testthat', 'textshaping', 'tinytex',
  'xfun', 'xml2', 'zip', 'class', 'foreign', 'KernSmooth', 'MASS', 'Matrix',
  'nlme', 'nnet', 'rpart', 'spatial'

real	2m15.175s
user	0m31.712s
sys	0m7.600s
