+ Rscript -e 'Sys.setenv(BIOCONDUCTOR_USE_CONTAINER_REPOSITORY=FALSE);
  p <- .libPaths();
  p <- c('\'''\'', '\'''\'', p);
  .libPaths(p);
  if(BiocManager::install('\''BeadDataPackR'\'', INSTALL_opts = '\''--build'\'', update = TRUE, quiet = FALSE, dependencies=TRUE, force = TRUE, keep_outputs = TRUE) %in% rownames(installed.packages())) q(status = 0) else q(status = 1)'
'getOption("repos")' replaces Bioconductor standard repositories, see
'help("repositories", package = "BiocManager")' for details.
Replacement repositories:
    CRAN: https://p3m.dev/cran/__linux__/noble/latest
Bioconductor version 3.22 (BiocManager 1.30.25), R 4.5.0 (2025-04-11)
Installing package(s) 'BeadDataPackR'
also installing the dependencies ‘bookdown’, ‘BiocStyle’

trying URL 'https://p3m.dev/cran/__linux__/noble/latest/src/contrib/bookdown_0.43.tar.gz'
trying URL 'https://bioconductor.org/packages/3.22/bioc/src/contrib/BiocStyle_2.37.0.tar.gz'
trying URL 'https://bioconductor.org/packages/3.22/bioc/src/contrib/BeadDataPackR_1.61.0.tar.gz'
* installing *binary* package ‘bookdown’ ...
* ‘bookdown’ was already a binary package and will not be rebuilt
* creating tarball
packaged installation of ‘bookdown’ as ‘bookdown_0.43_R_x86_64-pc-linux-gnu.tar.gz’
* DONE (bookdown)
* installing *source* package ‘BeadDataPackR’ ...
** this is package ‘BeadDataPackR’ version ‘1.61.0’
** package ‘BeadDataPackR’ successfully unpacked and MD5 sums checked
** using staged installation
** libs
using C compiler: ‘gcc (Ubuntu 13.3.0-6ubuntu2~24.04) 13.3.0’
gcc -std=gnu2x -I"/usr/local/lib/R/include" -DNDEBUG   -I/usr/local/include    -fpic  -g -O2 -fstack-protector-strong -Wformat -Werror=format-security -Wdate-time -D_FORTIFY_SOURCE=2 -g  -c BeadDataPackR.c -o BeadDataPackR.o
gcc -std=gnu2x -I"/usr/local/lib/R/include" -DNDEBUG   -I/usr/local/include    -fpic  -g -O2 -fstack-protector-strong -Wformat -Werror=format-security -Wdate-time -D_FORTIFY_SOURCE=2 -g  -c R_init_BeadDataPackR.c -o R_init_BeadDataPackR.o
gcc -std=gnu2x -shared -L/usr/local/lib/R/lib -L/usr/local/lib -o BeadDataPackR.so BeadDataPackR.o R_init_BeadDataPackR.o -L/usr/local/lib/R/lib -lR
installing to /usr/local/lib/R/site-library/00LOCK-BeadDataPackR/00new/BeadDataPackR/libs
** R
** inst
** byte-compile and prepare package for lazy loading
** help
*** installing help indices
** building package indices
** installing vignettes
** testing if installed package can be loaded from temporary location
** checking absolute paths in shared objects and dynamic libraries
** testing if installed package can be loaded from final location
** testing if installed package keeps a record of temporary installation path
* creating tarball
packaged installation of ‘BeadDataPackR’ as ‘BeadDataPackR_1.61.0_R_x86_64-pc-linux-gnu.tar.gz’
* DONE (BeadDataPackR)
* installing *source* package ‘BiocStyle’ ...
** this is package ‘BiocStyle’ version ‘2.37.0’
** package ‘BiocStyle’ successfully unpacked and MD5 sums checked
** using staged installation
** R
** inst
** byte-compile and prepare package for lazy loading
** help
*** installing help indices
** building package indices
** installing vignettes
** testing if installed package can be loaded from temporary location
** testing if installed package can be loaded from final location
** testing if installed package keeps a record of temporary installation path
* creating tarball
packaged installation of ‘BiocStyle’ as ‘BiocStyle_2.37.0_R_x86_64-pc-linux-gnu.tar.gz’
* DONE (BiocStyle)

The downloaded source packages are in
	‘/tmp/RtmpFgxK0m/downloaded_packages’
Old packages: 'zip'

real	0m8.293s
user	0m5.596s
sys	0m2.613s
