'getOption("repos")' replaces Bioconductor standard repositories, see
'help("repositories", package = "BiocManager")' for details.
Replacement repositories:
    CRAN: https://p3m.dev/cran/__linux__/noble/latest
Bioconductor version 3.20 (BiocManager 1.30.25), R 4.4.2 (2024-10-31)
Installing package(s) 'RProtoBufLib'
trying URL 'https://bioconductor.org/packages/3.20/bioc/src/contrib/RProtoBufLib_2.18.0.tar.gz'
Content type 'application/x-gzip' length 2979374 bytes (2.8 MB)
==================================================
downloaded 2.8 MB

ERROR: failed to lock directory ‘/mnt/library’ for modifying
Try removing ‘/mnt/library/00LOCK-RProtoBufLib’

The downloaded source packages are in
	‘/tmp/RtmpbNJatX/downloaded_packages’
Old packages: 'bslib', 'cli', 'cpp11', 'curl', 'evaluate', 'httr2', 'jsonlite',
  'openssl', 'pillar', 'pkgbuild', 'processx', 'ps', 'purrr', 'R6', 'Rcpp',
  'rlang', 'sessioninfo', 'systemfonts', 'testthat', 'textshaping', 'tinytex',
  'xfun', 'xml2', 'zip', 'class', 'foreign', 'KernSmooth', 'MASS', 'Matrix',
  'nlme', 'nnet', 'rpart', 'spatial'
Warning message:
In install.packages(...) :
  installation of package ‘RProtoBufLib’ had non-zero exit status
Error: unexpected 'else' in "  else"
Execution halted

real	0m11.459s
user	0m2.888s
sys	0m1.818s
