+ Rscript -e 'Sys.setenv(BIOCONDUCTOR_USE_CONTAINER_REPOSITORY=FALSE);
  p <- .libPaths();
  p <- c('\'''\'', '\'''\'', p);
  .libPaths(p);
  if(BiocManager::install('\''ComPrAn'\'', INSTALL_opts = '\''--build'\'', update = TRUE, quiet = FALSE, dependencies=TRUE, force = TRUE, keep_outputs = TRUE) %in% rownames(installed.packages())) q(status = 0) else q(status = 1)'
'getOption("repos")' replaces Bioconductor standard repositories, see
'help("repositories", package = "BiocManager")' for details.
Replacement repositories:
    CRAN: https://cloud.r-project.org
Bioconductor version 3.21 (BiocManager 1.30.25), R 4.5.0 (2025-04-11)
Installing package(s) 'ComPrAn'
also installing the dependencies ‘R.oo’, ‘R.methodsS3’, ‘writexl’, ‘R.utils’, ‘VennDiagram’, ‘rio’, ‘shinydashboard’, ‘shinyjs’

trying URL 'https://cloud.r-project.org/src/contrib/R.oo_1.27.1.tar.gz'
trying URL 'https://cloud.r-project.org/src/contrib/R.methodsS3_1.8.2.tar.gz'
trying URL 'https://cloud.r-project.org/src/contrib/writexl_1.5.4.tar.gz'
trying URL 'https://cloud.r-project.org/src/contrib/R.utils_2.13.0.tar.gz'
trying URL 'https://cloud.r-project.org/src/contrib/VennDiagram_1.7.3.tar.gz'
trying URL 'https://cloud.r-project.org/src/contrib/rio_1.2.3.tar.gz'
trying URL 'https://cloud.r-project.org/src/contrib/shinydashboard_0.7.3.tar.gz'
trying URL 'https://cloud.r-project.org/src/contrib/shinyjs_2.1.0.tar.gz'
trying URL 'https://bioconductor.org/packages/3.21/bioc/src/contrib/ComPrAn_1.16.0.tar.gz'
* installing *source* package ‘R.methodsS3’ ...
** this is package ‘R.methodsS3’ version ‘1.8.2’
** package ‘R.methodsS3’ successfully unpacked and MD5 sums checked
** using staged installation
** R
** inst
** byte-compile and prepare package for lazy loading
** help
*** installing help indices
** building package indices
** testing if installed package can be loaded from temporary location
** testing if installed package can be loaded from final location
** testing if installed package keeps a record of temporary installation path
* creating tarball
packaged installation of ‘R.methodsS3’ as ‘R.methodsS3_1.8.2_R_x86_64-pc-linux-gnu.tar.gz’
* DONE (R.methodsS3)
* installing *source* package ‘writexl’ ...
** this is package ‘writexl’ version ‘1.5.4’
** package ‘writexl’ successfully unpacked and MD5 sums checked
** using staged installation
** libs
using C compiler: ‘gcc (Ubuntu 11.4.0-1ubuntu1~22.04) 11.4.0’
gcc -I"/usr/share/R/include" -DNDEBUG -Iinclude -DUSE_R_LANG     -fvisibility=hidden -fpic  -g -O2 -ffile-prefix-map=/build/r-base-rgGXCp/r-base-4.5.0=. -fstack-protector-strong -Wformat -Werror=format-security -Wdate-time -D_FORTIFY_SOURCE=2  -c write_xlsx.c -o write_xlsx.o
gcc -I"/usr/share/R/include" -DNDEBUG -Iinclude -DUSE_R_LANG     -fvisibility=hidden -fpic  -g -O2 -ffile-prefix-map=/build/r-base-rgGXCp/r-base-4.5.0=. -fstack-protector-strong -Wformat -Werror=format-security -Wdate-time -D_FORTIFY_SOURCE=2  -c libxlsxwriter/app.c -o libxlsxwriter/app.o
gcc -I"/usr/share/R/include" -DNDEBUG -Iinclude -DUSE_R_LANG     -fvisibility=hidden -fpic  -g -O2 -ffile-prefix-map=/build/r-base-rgGXCp/r-base-4.5.0=. -fstack-protector-strong -Wformat -Werror=format-security -Wdate-time -D_FORTIFY_SOURCE=2  -c libxlsxwriter/format.c -o libxlsxwriter/format.o
gcc -I"/usr/share/R/include" -DNDEBUG -Iinclude -DUSE_R_LANG     -fvisibility=hidden -fpic  -g -O2 -ffile-prefix-map=/build/r-base-rgGXCp/r-base-4.5.0=. -fstack-protector-strong -Wformat -Werror=format-security -Wdate-time -D_FORTIFY_SOURCE=2  -c libxlsxwriter/theme.c -o libxlsxwriter/theme.o
gcc -I"/usr/share/R/include" -DNDEBUG -Iinclude -DUSE_R_LANG     -fvisibility=hidden -fpic  -g -O2 -ffile-prefix-map=/build/r-base-rgGXCp/r-base-4.5.0=. -fstack-protector-strong -Wformat -Werror=format-security -Wdate-time -D_FORTIFY_SOURCE=2  -c libxlsxwriter/chart.c -o libxlsxwriter/chart.o
gcc -I"/usr/share/R/include" -DNDEBUG -Iinclude -DUSE_R_LANG     -fvisibility=hidden -fpic  -g -O2 -ffile-prefix-map=/build/r-base-rgGXCp/r-base-4.5.0=. -fstack-protector-strong -Wformat -Werror=format-security -Wdate-time -D_FORTIFY_SOURCE=2  -c libxlsxwriter/hash_table.c -o libxlsxwriter/hash_table.o
gcc -I"/usr/share/R/include" -DNDEBUG -Iinclude -DUSE_R_LANG     -fvisibility=hidden -fpic  -g -O2 -ffile-prefix-map=/build/r-base-rgGXCp/r-base-4.5.0=. -fstack-protector-strong -Wformat -Werror=format-security -Wdate-time -D_FORTIFY_SOURCE=2  -c libxlsxwriter/utility.c -o libxlsxwriter/utility.o
gcc -I"/usr/share/R/include" -DNDEBUG -Iinclude -DUSE_R_LANG     -fvisibility=hidden -fpic  -g -O2 -ffile-prefix-map=/build/r-base-rgGXCp/r-base-4.5.0=. -fstack-protector-strong -Wformat -Werror=format-security -Wdate-time -D_FORTIFY_SOURCE=2  -c libxlsxwriter/content_types.c -o libxlsxwriter/content_types.o
gcc -I"/usr/share/R/include" -DNDEBUG -Iinclude -DUSE_R_LANG     -fvisibility=hidden -fpic  -g -O2 -ffile-prefix-map=/build/r-base-rgGXCp/r-base-4.5.0=. -fstack-protector-strong -Wformat -Werror=format-security -Wdate-time -D_FORTIFY_SOURCE=2  -c libxlsxwriter/packager.c -o libxlsxwriter/packager.o
gcc -I"/usr/share/R/include" -DNDEBUG -Iinclude -DUSE_R_LANG     -fvisibility=hidden -fpic  -g -O2 -ffile-prefix-map=/build/r-base-rgGXCp/r-base-4.5.0=. -fstack-protector-strong -Wformat -Werror=format-security -Wdate-time -D_FORTIFY_SOURCE=2  -c libxlsxwriter/workbook.c -o libxlsxwriter/workbook.o
gcc -I"/usr/share/R/include" -DNDEBUG -Iinclude -DUSE_R_LANG     -fvisibility=hidden -fpic  -g -O2 -ffile-prefix-map=/build/r-base-rgGXCp/r-base-4.5.0=. -fstack-protector-strong -Wformat -Werror=format-security -Wdate-time -D_FORTIFY_SOURCE=2  -c libxlsxwriter/core.c -o libxlsxwriter/core.o
gcc -I"/usr/share/R/include" -DNDEBUG -Iinclude -DUSE_R_LANG     -fvisibility=hidden -fpic  -g -O2 -ffile-prefix-map=/build/r-base-rgGXCp/r-base-4.5.0=. -fstack-protector-strong -Wformat -Werror=format-security -Wdate-time -D_FORTIFY_SOURCE=2  -c libxlsxwriter/relationships.c -o libxlsxwriter/relationships.o
gcc -I"/usr/share/R/include" -DNDEBUG -Iinclude -DUSE_R_LANG     -fvisibility=hidden -fpic  -g -O2 -ffile-prefix-map=/build/r-base-rgGXCp/r-base-4.5.0=. -fstack-protector-strong -Wformat -Werror=format-security -Wdate-time -D_FORTIFY_SOURCE=2  -c libxlsxwriter/worksheet.c -o libxlsxwriter/worksheet.o
gcc -I"/usr/share/R/include" -DNDEBUG -Iinclude -DUSE_R_LANG     -fvisibility=hidden -fpic  -g -O2 -ffile-prefix-map=/build/r-base-rgGXCp/r-base-4.5.0=. -fstack-protector-strong -Wformat -Werror=format-security -Wdate-time -D_FORTIFY_SOURCE=2  -c libxlsxwriter/custom.c -o libxlsxwriter/custom.o
gcc -I"/usr/share/R/include" -DNDEBUG -Iinclude -DUSE_R_LANG     -fvisibility=hidden -fpic  -g -O2 -ffile-prefix-map=/build/r-base-rgGXCp/r-base-4.5.0=. -fstack-protector-strong -Wformat -Werror=format-security -Wdate-time -D_FORTIFY_SOURCE=2  -c libxlsxwriter/shared_strings.c -o libxlsxwriter/shared_strings.o
gcc -I"/usr/share/R/include" -DNDEBUG -Iinclude -DUSE_R_LANG     -fvisibility=hidden -fpic  -g -O2 -ffile-prefix-map=/build/r-base-rgGXCp/r-base-4.5.0=. -fstack-protector-strong -Wformat -Werror=format-security -Wdate-time -D_FORTIFY_SOURCE=2  -c libxlsxwriter/xmlwriter.c -o libxlsxwriter/xmlwriter.o
gcc -I"/usr/share/R/include" -DNDEBUG -Iinclude -DUSE_R_LANG     -fvisibility=hidden -fpic  -g -O2 -ffile-prefix-map=/build/r-base-rgGXCp/r-base-4.5.0=. -fstack-protector-strong -Wformat -Werror=format-security -Wdate-time -D_FORTIFY_SOURCE=2  -c libxlsxwriter/drawing.c -o libxlsxwriter/drawing.o
gcc -I"/usr/share/R/include" -DNDEBUG -Iinclude -DUSE_R_LANG     -fvisibility=hidden -fpic  -g -O2 -ffile-prefix-map=/build/r-base-rgGXCp/r-base-4.5.0=. -fstack-protector-strong -Wformat -Werror=format-security -Wdate-time -D_FORTIFY_SOURCE=2  -c libxlsxwriter/styles.c -o libxlsxwriter/styles.o
gcc -I"/usr/share/R/include" -DNDEBUG -Iinclude -DUSE_R_LANG     -fvisibility=hidden -fpic  -g -O2 -ffile-prefix-map=/build/r-base-rgGXCp/r-base-4.5.0=. -fstack-protector-strong -Wformat -Werror=format-security -Wdate-time -D_FORTIFY_SOURCE=2  -c tmpfileplus/tmpfileplus.c -o tmpfileplus/tmpfileplus.o
gcc -I"/usr/share/R/include" -DNDEBUG -Iinclude -DUSE_R_LANG     -fvisibility=hidden -fpic  -g -O2 -ffile-prefix-map=/build/r-base-rgGXCp/r-base-4.5.0=. -fstack-protector-strong -Wformat -Werror=format-security -Wdate-time -D_FORTIFY_SOURCE=2  -c libxlsxwriter/chartsheet.c -o libxlsxwriter/chartsheet.o
gcc -I"/usr/share/R/include" -DNDEBUG -Iinclude -DUSE_R_LANG     -fvisibility=hidden -fpic  -g -O2 -ffile-prefix-map=/build/r-base-rgGXCp/r-base-4.5.0=. -fstack-protector-strong -Wformat -Werror=format-security -Wdate-time -D_FORTIFY_SOURCE=2  -c minizip/ioapi.c -o minizip/ioapi.o
gcc -I"/usr/share/R/include" -DNDEBUG -Iinclude -DUSE_R_LANG     -fvisibility=hidden -fpic  -g -O2 -ffile-prefix-map=/build/r-base-rgGXCp/r-base-4.5.0=. -fstack-protector-strong -Wformat -Werror=format-security -Wdate-time -D_FORTIFY_SOURCE=2  -c minizip/zip.c -o minizip/zip.o
gcc -I"/usr/share/R/include" -DNDEBUG -Iinclude -DUSE_R_LANG     -fvisibility=hidden -fpic  -g -O2 -ffile-prefix-map=/build/r-base-rgGXCp/r-base-4.5.0=. -fstack-protector-strong -Wformat -Werror=format-security -Wdate-time -D_FORTIFY_SOURCE=2  -c libxlsxwriter/metadata.c -o libxlsxwriter/metadata.o
gcc -I"/usr/share/R/include" -DNDEBUG -Iinclude -DUSE_R_LANG     -fvisibility=hidden -fpic  -g -O2 -ffile-prefix-map=/build/r-base-rgGXCp/r-base-4.5.0=. -fstack-protector-strong -Wformat -Werror=format-security -Wdate-time -D_FORTIFY_SOURCE=2  -c libxlsxwriter/comment.c -o libxlsxwriter/comment.o
gcc -I"/usr/share/R/include" -DNDEBUG -Iinclude -DUSE_R_LANG     -fvisibility=hidden -fpic  -g -O2 -ffile-prefix-map=/build/r-base-rgGXCp/r-base-4.5.0=. -fstack-protector-strong -Wformat -Werror=format-security -Wdate-time -D_FORTIFY_SOURCE=2  -c libxlsxwriter/vml.c -o libxlsxwriter/vml.o
gcc -I"/usr/share/R/include" -DNDEBUG -Iinclude -DUSE_R_LANG     -fvisibility=hidden -fpic  -g -O2 -ffile-prefix-map=/build/r-base-rgGXCp/r-base-4.5.0=. -fstack-protector-strong -Wformat -Werror=format-security -Wdate-time -D_FORTIFY_SOURCE=2  -c md5/md5.c -o md5/md5.o
gcc -I"/usr/share/R/include" -DNDEBUG -Iinclude -DUSE_R_LANG     -fvisibility=hidden -fpic  -g -O2 -ffile-prefix-map=/build/r-base-rgGXCp/r-base-4.5.0=. -fstack-protector-strong -Wformat -Werror=format-security -Wdate-time -D_FORTIFY_SOURCE=2  -c libxlsxwriter/table.c -o libxlsxwriter/table.o
gcc -shared -L/usr/lib/R/lib -Wl,-Bsymbolic-functions -flto=auto -ffat-lto-objects -flto=auto -Wl,-z,relro -o writexl.so write_xlsx.o -Llibxlsxwriter -lstatxlsxwriter -lz -L/usr/lib/R/lib -lR
installing to /usr/local/lib/R/site-library/00LOCK-writexl/00new/writexl/libs
** R
** inst
** byte-compile and prepare package for lazy loading
** help
*** installing help indices
** building package indices
** testing if installed package can be loaded from temporary location
** checking absolute paths in shared objects and dynamic libraries
** testing if installed package can be loaded from final location
** testing if installed package keeps a record of temporary installation path
* creating tarball
packaged installation of ‘writexl’ as ‘writexl_1.5.4_R_x86_64-pc-linux-gnu.tar.gz’
* DONE (writexl)
* installing *source* package ‘VennDiagram’ ...
** this is package ‘VennDiagram’ version ‘1.7.3’
** package ‘VennDiagram’ successfully unpacked and MD5 sums checked
** using staged installation
** R
** data
** byte-compile and prepare package for lazy loading
** help
*** installing help indices
** building package indices
** testing if installed package can be loaded from temporary location
** testing if installed package can be loaded from final location
** testing if installed package keeps a record of temporary installation path
* creating tarball
packaged installation of ‘VennDiagram’ as ‘VennDiagram_1.7.3_R_x86_64-pc-linux-gnu.tar.gz’
* DONE (VennDiagram)
* installing *source* package ‘shinydashboard’ ...
** this is package ‘shinydashboard’ version ‘0.7.3’
** package ‘shinydashboard’ successfully unpacked and MD5 sums checked
** using staged installation
** R
** inst
** byte-compile and prepare package for lazy loading
** help
*** installing help indices
** building package indices
** testing if installed package can be loaded from temporary location
** testing if installed package can be loaded from final location
** testing if installed package keeps a record of temporary installation path
* creating tarball
packaged installation of ‘shinydashboard’ as ‘shinydashboard_0.7.3_R_x86_64-pc-linux-gnu.tar.gz’
* DONE (shinydashboard)
* installing *source* package ‘shinyjs’ ...
** this is package ‘shinyjs’ version ‘2.1.0’
** package ‘shinyjs’ successfully unpacked and MD5 sums checked
** using staged installation
** R
** inst
** byte-compile and prepare package for lazy loading
** help
*** installing help indices
** building package indices
** installing vignettes
** testing if installed package can be loaded from temporary location
** testing if installed package can be loaded from final location
** testing if installed package keeps a record of temporary installation path
* creating tarball
packaged installation of ‘shinyjs’ as ‘shinyjs_2.1.0_R_x86_64-pc-linux-gnu.tar.gz’
* DONE (shinyjs)
* installing *source* package ‘R.oo’ ...
** this is package ‘R.oo’ version ‘1.27.1’
** package ‘R.oo’ successfully unpacked and MD5 sums checked
** using staged installation
** R
** inst
** byte-compile and prepare package for lazy loading
Warning in setGenericS3.default(name, export = exportGeneric, envir = envir,  :
  Renamed the preexisting function getClasses to getClasses.default, which was defined in environment R.oo.
** help
*** installing help indices
** building package indices
** testing if installed package can be loaded from temporary location
** testing if installed package can be loaded from final location
** testing if installed package keeps a record of temporary installation path
* creating tarball
packaged installation of ‘R.oo’ as ‘R.oo_1.27.1_R_x86_64-pc-linux-gnu.tar.gz’
* DONE (R.oo)
* installing *source* package ‘R.utils’ ...
** this is package ‘R.utils’ version ‘2.13.0’
** package ‘R.utils’ successfully unpacked and MD5 sums checked
** using staged installation
** R
** inst
** byte-compile and prepare package for lazy loading
Warning in setGenericS3.default(name, export = exportGeneric, envir = envir,  :
  Renamed the preexisting function warnings to warnings.default, which was defined in environment R.utils.
Warning in setGenericS3.default("use") :
  Renamed the preexisting function use to use.default, which was defined in environment R.utils.
Warning in setMethodS3.default("use", "default", function(pkg = "R.utils",  :
  Method already existed and was overwritten: use.default
** help
*** installing help indices
** building package indices
** testing if installed package can be loaded from temporary location
** testing if installed package can be loaded from final location
** testing if installed package keeps a record of temporary installation path
* creating tarball
packaged installation of ‘R.utils’ as ‘R.utils_2.13.0_R_x86_64-pc-linux-gnu.tar.gz’
* DONE (R.utils)
* installing *source* package ‘rio’ ...
** this is package ‘rio’ version ‘1.2.3’
** package ‘rio’ successfully unpacked and MD5 sums checked
** using staged installation
** R
** inst
** byte-compile and prepare package for lazy loading
** help
*** installing help indices
*** copying figures
** building package indices
** installing vignettes
** testing if installed package can be loaded from temporary location
** testing if installed package can be loaded from final location
** testing if installed package keeps a record of temporary installation path
* creating tarball
packaged installation of ‘rio’ as ‘rio_1.2.3_R_x86_64-pc-linux-gnu.tar.gz’
* DONE (rio)
* installing *source* package ‘ComPrAn’ ...
** this is package ‘ComPrAn’ version ‘1.16.0’
** using staged installation
** R
** inst
** byte-compile and prepare package for lazy loading
** help
*** installing help indices
** building package indices
** installing vignettes
** testing if installed package can be loaded from temporary location
** testing if installed package can be loaded from final location
** testing if installed package keeps a record of temporary installation path
* creating tarball
packaged installation of ‘ComPrAn’ as ‘ComPrAn_1.16.0_R_x86_64-pc-linux-gnu.tar.gz’
* DONE (ComPrAn)

The downloaded source packages are in
	‘/tmp/Rtmpu5RuHQ/downloaded_packages’
Old packages: 'cli', 'data.table', 'DelayedArray', 'DESeq2', 'diffobj',
  'edgeR', 'future', 'generics', 'globals', 'parallelly', 'pkgdown',
  'RcppArmadillo', 'RSQLite', 'scales', 'sctransform', 'Seurat',
  'SeuratObject', 'SingleCellExperiment', 'spatstat.univar', 'spatstat.utils',
  'SummarizedExperiment', 'systemfonts', 'textshaping', 'utf8', 'zip'

real	0m51.184s
user	0m38.005s
sys	0m27.046s
