+ Rscript -e 'Sys.setenv(BIOCONDUCTOR_USE_CONTAINER_REPOSITORY=FALSE);
  p <- .libPaths();
  p <- c('\'''\'', '\'''\'', p);
  .libPaths(p);
  if(BiocManager::install('\''iPath'\'', INSTALL_opts = '\''--build'\'', update = TRUE, quiet = FALSE, dependencies=TRUE, force = TRUE, keep_outputs = TRUE) %in% rownames(installed.packages())) q(status = 0) else q(status = 1)'
'getOption("repos")' replaces Bioconductor standard repositories, see
'help("repositories", package = "BiocManager")' for details.
Replacement repositories:
    CRAN: https://p3m.dev/cran/__linux__/noble/latest
Bioconductor version 3.20 (BiocManager 1.30.25), R 4.4.2 (2024-10-31)
Installing package(s) 'iPath'
also installing the dependencies ‘rbibutils’, ‘Deriv’, ‘modelr’, ‘microbenchmark’, ‘Rdpack’, ‘numDeriv’, ‘doBy’, ‘SparseM’, ‘MatrixModels’, ‘minqa’, ‘nloptr’, ‘reformulas’, ‘RcppEigen’, ‘formatR’, ‘colorspace’, ‘carData’, ‘abind’, ‘Formula’, ‘pbkrtest’, ‘quantreg’, ‘lme4’, ‘markdown’, ‘png’, ‘jpeg’, ‘lambda.r’, ‘futile.options’, ‘tidyselect’, ‘generics’, ‘farver’, ‘labeling’, ‘munsell’, ‘RColorBrewer’, ‘viridisLite’, ‘corrplot’, ‘car’, ‘exactRankTests’, ‘mvtnorm’, ‘backports’, ‘KMsurv’, ‘data.table’, ‘zoo’, ‘km.ci’, ‘gridtext’, ‘futile.logger’, ‘snow’, ‘BH’, ‘ggrepel’, ‘ggsci’, ‘tidyr’, ‘dplyr’, ‘cowplot’, ‘ggsignif’, ‘scales’, ‘gridExtra’, ‘polynom’, ‘rstatix’, ‘gtable’, ‘isoband’, ‘maxstat’, ‘broom’, ‘survMisc’, ‘ggtext’, ‘bookdown’, ‘mclust’, ‘BiocParallel’, ‘matrixStats’, ‘ggpubr’, ‘ggplot2’, ‘survminer’, ‘RcppArmadillo’, ‘BiocStyle’

trying URL 'https://p3m.dev/cran/__linux__/noble/latest/src/contrib/rbibutils_2.3.tar.gz'
Content type 'binary/octet-stream' length 1142813 bytes (1.1 MB)
==================================================
downloaded 1.1 MB

trying URL 'https://p3m.dev/cran/__linux__/noble/latest/src/contrib/Deriv_4.1.6.tar.gz'
Content type 'binary/octet-stream' length 150048 bytes (146 KB)
==================================================
downloaded 146 KB

trying URL 'https://p3m.dev/cran/__linux__/noble/latest/src/contrib/modelr_0.1.11.tar.gz'
Content type 'binary/octet-stream' length 200698 bytes (195 KB)
==================================================
downloaded 195 KB

trying URL 'https://p3m.dev/cran/__linux__/noble/latest/src/contrib/microbenchmark_1.5.0.tar.gz'
Content type 'binary/octet-stream' length 66008 bytes (64 KB)
==================================================
downloaded 64 KB

trying URL 'https://p3m.dev/cran/__linux__/noble/latest/src/contrib/Rdpack_2.6.2.tar.gz'
Content type 'binary/octet-stream' length 759354 bytes (741 KB)
==================================================
downloaded 741 KB

trying URL 'https://p3m.dev/cran/__linux__/noble/latest/src/contrib/numDeriv_2016.8-1.1.tar.gz'
Content type 'binary/octet-stream' length 114340 bytes (111 KB)
==================================================
downloaded 111 KB

trying URL 'https://p3m.dev/cran/__linux__/noble/latest/src/contrib/doBy_4.6.25.tar.gz'
Content type 'binary/octet-stream' length 4843343 bytes (4.6 MB)
==================================================
downloaded 4.6 MB

trying URL 'https://p3m.dev/cran/__linux__/noble/latest/src/contrib/SparseM_1.84-2.tar.gz'
Content type 'binary/octet-stream' length 885701 bytes (864 KB)
==================================================
downloaded 864 KB

trying URL 'https://p3m.dev/cran/__linux__/noble/latest/src/contrib/MatrixModels_0.5-3.tar.gz'
Content type 'binary/octet-stream' length 420377 bytes (410 KB)
==================================================
downloaded 410 KB

trying URL 'https://p3m.dev/cran/__linux__/noble/latest/src/contrib/minqa_1.2.8.tar.gz'
Content type 'binary/octet-stream' length 122622 bytes (119 KB)
==================================================
downloaded 119 KB

trying URL 'https://p3m.dev/cran/__linux__/noble/latest/src/contrib/nloptr_2.1.1.tar.gz'
Content type 'binary/octet-stream' length 563506 bytes (550 KB)
==================================================
downloaded 550 KB

trying URL 'https://p3m.dev/cran/__linux__/noble/latest/src/contrib/reformulas_0.4.0.tar.gz'
Content type 'binary/octet-stream' length 91062 bytes (88 KB)
==================================================
downloaded 88 KB

trying URL 'https://p3m.dev/cran/__linux__/noble/latest/src/contrib/RcppEigen_0.3.4.0.2.tar.gz'
Content type 'binary/octet-stream' length 1853114 bytes (1.8 MB)
==================================================
downloaded 1.8 MB

trying URL 'https://p3m.dev/cran/__linux__/noble/latest/src/contrib/formatR_1.14.tar.gz'
Content type 'binary/octet-stream' length 151517 bytes (147 KB)
==================================================
downloaded 147 KB

trying URL 'https://p3m.dev/cran/__linux__/noble/latest/src/contrib/colorspace_2.1-1.tar.gz'
Content type 'binary/octet-stream' length 2626614 bytes (2.5 MB)
==================================================
downloaded 2.5 MB

trying URL 'https://p3m.dev/cran/__linux__/noble/latest/src/contrib/carData_3.0-5.tar.gz'
Content type 'binary/octet-stream' length 1705065 bytes (1.6 MB)
==================================================
downloaded 1.6 MB

trying URL 'https://p3m.dev/cran/__linux__/noble/latest/src/contrib/abind_1.4-8.tar.gz'
Content type 'binary/octet-stream' length 64944 bytes (63 KB)
==================================================
downloaded 63 KB

trying URL 'https://p3m.dev/cran/__linux__/noble/latest/src/contrib/Formula_1.2-5.tar.gz'
Content type 'binary/octet-stream' length 159118 bytes (155 KB)
==================================================
downloaded 155 KB

trying URL 'https://p3m.dev/cran/__linux__/noble/latest/src/contrib/pbkrtest_0.5.3.tar.gz'
Content type 'binary/octet-stream' length 177822 bytes (173 KB)
==================================================
downloaded 173 KB

trying URL 'https://p3m.dev/cran/__linux__/noble/latest/src/contrib/quantreg_6.1.tar.gz'
Content type 'binary/octet-stream' length 1456650 bytes (1.4 MB)
==================================================
downloaded 1.4 MB

trying URL 'https://p3m.dev/cran/__linux__/noble/latest/src/contrib/lme4_1.1-36.tar.gz'
Content type 'binary/octet-stream' length 4258732 bytes (4.1 MB)
==================================================
downloaded 4.1 MB

trying URL 'https://p3m.dev/cran/__linux__/noble/latest/src/contrib/markdown_1.13.tar.gz'
Content type 'binary/octet-stream' length 146590 bytes (143 KB)
==================================================
downloaded 143 KB

trying URL 'https://p3m.dev/cran/__linux__/noble/latest/src/contrib/png_0.1-8.tar.gz'
Content type 'binary/octet-stream' length 40602 bytes (39 KB)
==================================================
downloaded 39 KB

trying URL 'https://p3m.dev/cran/__linux__/noble/latest/src/contrib/jpeg_0.1-10.tar.gz'
Content type 'binary/octet-stream' length 29252 bytes (28 KB)
==================================================
downloaded 28 KB

trying URL 'https://p3m.dev/cran/__linux__/noble/latest/src/contrib/lambda.r_1.2.4.tar.gz'
Content type 'binary/octet-stream' length 110485 bytes (107 KB)
==================================================
downloaded 107 KB

trying URL 'https://p3m.dev/cran/__linux__/noble/latest/src/contrib/futile.options_1.0.1.tar.gz'
Content type 'binary/octet-stream' length 18448 bytes (18 KB)
==================================================
downloaded 18 KB

trying URL 'https://p3m.dev/cran/__linux__/noble/latest/src/contrib/tidyselect_1.2.1.tar.gz'
Content type 'binary/octet-stream' length 225331 bytes (220 KB)
==================================================
downloaded 220 KB

trying URL 'https://p3m.dev/cran/__linux__/noble/latest/src/contrib/generics_0.1.3.tar.gz'
Content type 'binary/octet-stream' length 81013 bytes (79 KB)
==================================================
downloaded 79 KB

trying URL 'https://p3m.dev/cran/__linux__/noble/latest/src/contrib/farver_2.1.2.tar.gz'
Content type 'binary/octet-stream' length 1466627 bytes (1.4 MB)
==================================================
downloaded 1.4 MB

trying URL 'https://p3m.dev/cran/__linux__/noble/latest/src/contrib/labeling_0.4.3.tar.gz'
Content type 'binary/octet-stream' length 60952 bytes (59 KB)
==================================================
downloaded 59 KB

trying URL 'https://p3m.dev/cran/__linux__/noble/latest/src/contrib/munsell_0.5.1.tar.gz'
Content type 'binary/octet-stream' length 243099 bytes (237 KB)
==================================================
downloaded 237 KB

trying URL 'https://p3m.dev/cran/__linux__/noble/latest/src/contrib/RColorBrewer_1.1-3.tar.gz'
Content type 'binary/octet-stream' length 51823 bytes (50 KB)
==================================================
downloaded 50 KB

trying URL 'https://p3m.dev/cran/__linux__/noble/latest/src/contrib/viridisLite_0.4.2.tar.gz'
Content type 'binary/octet-stream' length 1297555 bytes (1.2 MB)
==================================================
downloaded 1.2 MB

trying URL 'https://p3m.dev/cran/__linux__/noble/latest/src/contrib/corrplot_0.95.tar.gz'
Content type 'binary/octet-stream' length 3824118 bytes (3.6 MB)
==================================================
downloaded 3.6 MB

trying URL 'https://p3m.dev/cran/__linux__/noble/latest/src/contrib/car_3.1-3.tar.gz'
Content type 'binary/octet-stream' length 1537816 bytes (1.5 MB)
==================================================
downloaded 1.5 MB

trying URL 'https://p3m.dev/cran/__linux__/noble/latest/src/contrib/exactRankTests_0.8-35.tar.gz'
Content type 'binary/octet-stream' length 148762 bytes (145 KB)
==================================================
downloaded 145 KB

trying URL 'https://p3m.dev/cran/__linux__/noble/latest/src/contrib/mvtnorm_1.3-3.tar.gz'
Content type 'binary/octet-stream' length 952249 bytes (929 KB)
==================================================
downloaded 929 KB

trying URL 'https://p3m.dev/cran/__linux__/noble/latest/src/contrib/backports_1.5.0.tar.gz'
Content type 'binary/octet-stream' length 115743 bytes (113 KB)
==================================================
downloaded 113 KB

trying URL 'https://p3m.dev/cran/__linux__/noble/latest/src/contrib/KMsurv_0.1-5.tar.gz'
Content type 'binary/octet-stream' length 125432 bytes (122 KB)
==================================================
downloaded 122 KB

trying URL 'https://p3m.dev/cran/__linux__/noble/latest/src/contrib/data.table_1.17.0.tar.gz'
Content type 'binary/octet-stream' length 2695704 bytes (2.6 MB)
==================================================
downloaded 2.6 MB

trying URL 'https://p3m.dev/cran/__linux__/noble/latest/src/contrib/zoo_1.8-13.tar.gz'
Content type 'binary/octet-stream' length 1029051 bytes (1004 KB)
==================================================
downloaded 1004 KB

trying URL 'https://p3m.dev/cran/__linux__/noble/latest/src/contrib/km.ci_0.5-6.tar.gz'
Content type 'binary/octet-stream' length 66919 bytes (65 KB)
==================================================
downloaded 65 KB

trying URL 'https://p3m.dev/cran/__linux__/noble/latest/src/contrib/gridtext_0.1.5.tar.gz'
Content type 'binary/octet-stream' length 362238 bytes (353 KB)
==================================================
downloaded 353 KB

trying URL 'https://p3m.dev/cran/__linux__/noble/latest/src/contrib/futile.logger_1.4.3.tar.gz'
Content type 'binary/octet-stream' length 97342 bytes (95 KB)
==================================================
downloaded 95 KB

trying URL 'https://p3m.dev/cran/__linux__/noble/latest/src/contrib/snow_0.4-4.tar.gz'
Content type 'binary/octet-stream' length 96930 bytes (94 KB)
==================================================
downloaded 94 KB

trying URL 'https://p3m.dev/cran/__linux__/noble/latest/src/contrib/BH_1.87.0-1.tar.gz'
Content type 'binary/octet-stream' length 13349384 bytes (12.7 MB)
==================================================
downloaded 12.7 MB

trying URL 'https://p3m.dev/cran/__linux__/noble/latest/src/contrib/ggrepel_0.9.6.tar.gz'
Content type 'binary/octet-stream' length 290115 bytes (283 KB)
==================================================
downloaded 283 KB

trying URL 'https://p3m.dev/cran/__linux__/noble/latest/src/contrib/ggsci_3.2.0.tar.gz'
Content type 'binary/octet-stream' length 2400479 bytes (2.3 MB)
==================================================
downloaded 2.3 MB

trying URL 'https://p3m.dev/cran/__linux__/noble/latest/src/contrib/tidyr_1.3.1.tar.gz'
Content type 'binary/octet-stream' length 1177490 bytes (1.1 MB)
==================================================
downloaded 1.1 MB

trying URL 'https://p3m.dev/cran/__linux__/noble/latest/src/contrib/dplyr_1.1.4.tar.gz'
Content type 'binary/octet-stream' length 1491332 bytes (1.4 MB)
==================================================
downloaded 1.4 MB

trying URL 'https://p3m.dev/cran/__linux__/noble/latest/src/contrib/cowplot_1.1.3.tar.gz'
Content type 'binary/octet-stream' length 1380686 bytes (1.3 MB)
==================================================
downloaded 1.3 MB

trying URL 'https://p3m.dev/cran/__linux__/noble/latest/src/contrib/ggsignif_0.6.4.tar.gz'
Content type 'binary/octet-stream' length 602083 bytes (587 KB)
==================================================
downloaded 587 KB

trying URL 'https://p3m.dev/cran/__linux__/noble/latest/src/contrib/scales_1.3.0.tar.gz'
Content type 'binary/octet-stream' length 710365 bytes (693 KB)
==================================================
downloaded 693 KB

trying URL 'https://p3m.dev/cran/__linux__/noble/latest/src/contrib/gridExtra_2.3.tar.gz'
Content type 'binary/octet-stream' length 1106795 bytes (1.1 MB)
==================================================
downloaded 1.1 MB

trying URL 'https://p3m.dev/cran/__linux__/noble/latest/src/contrib/polynom_1.4-1.tar.gz'
Content type 'binary/octet-stream' length 407202 bytes (397 KB)
==================================================
downloaded 397 KB

trying URL 'https://p3m.dev/cran/__linux__/noble/latest/src/contrib/rstatix_0.7.2.tar.gz'
Content type 'binary/octet-stream' length 617251 bytes (602 KB)
==================================================
downloaded 602 KB

trying URL 'https://p3m.dev/cran/__linux__/noble/latest/src/contrib/gtable_0.3.6.tar.gz'
Content type 'binary/octet-stream' length 222627 bytes (217 KB)
==================================================
downloaded 217 KB

trying URL 'https://p3m.dev/cran/__linux__/noble/latest/src/contrib/isoband_0.2.7.tar.gz'
Content type 'binary/octet-stream' length 1644325 bytes (1.6 MB)
==================================================
downloaded 1.6 MB

trying URL 'https://p3m.dev/cran/__linux__/noble/latest/src/contrib/maxstat_0.7-25.tar.gz'
Content type 'binary/octet-stream' length 175315 bytes (171 KB)
==================================================
downloaded 171 KB

trying URL 'https://p3m.dev/cran/__linux__/noble/latest/src/contrib/broom_1.0.7.tar.gz'
Content type 'binary/octet-stream' length 1918600 bytes (1.8 MB)
==================================================
downloaded 1.8 MB

trying URL 'https://p3m.dev/cran/__linux__/noble/latest/src/contrib/survMisc_0.5.6.tar.gz'
Content type 'binary/octet-stream' length 340933 bytes (332 KB)
==================================================
downloaded 332 KB

trying URL 'https://p3m.dev/cran/__linux__/noble/latest/src/contrib/ggtext_0.1.2.tar.gz'
Content type 'binary/octet-stream' length 1260473 bytes (1.2 MB)
==================================================
downloaded 1.2 MB

trying URL 'https://p3m.dev/cran/__linux__/noble/latest/src/contrib/bookdown_0.42.tar.gz'
Content type 'binary/octet-stream' length 1090748 bytes (1.0 MB)
==================================================
downloaded 1.0 MB

trying URL 'https://p3m.dev/cran/__linux__/noble/latest/src/contrib/mclust_6.1.1.tar.gz'
Content type 'binary/octet-stream' length 4132572 bytes (3.9 MB)
==================================================
downloaded 3.9 MB

trying URL 'https://bioconductor.org/packages/3.20/bioc/src/contrib/BiocParallel_1.40.0.tar.gz'
Content type 'application/x-gzip' length 1000414 bytes (976 KB)
==================================================
downloaded 976 KB

trying URL 'https://p3m.dev/cran/__linux__/noble/latest/src/contrib/matrixStats_1.5.0.tar.gz'
Content type 'binary/octet-stream' length 475041 bytes (463 KB)
==================================================
downloaded 463 KB

trying URL 'https://p3m.dev/cran/__linux__/noble/latest/src/contrib/ggpubr_0.6.0.tar.gz'
Content type 'binary/octet-stream' length 2088007 bytes (2.0 MB)
==================================================
downloaded 2.0 MB

trying URL 'https://p3m.dev/cran/__linux__/noble/latest/src/contrib/ggplot2_3.5.1.tar.gz'
Content type 'binary/octet-stream' length 5005317 bytes (4.8 MB)
==================================================
downloaded 4.8 MB

trying URL 'https://p3m.dev/cran/__linux__/noble/latest/src/contrib/survminer_0.5.0.tar.gz'
Content type 'binary/octet-stream' length 2658765 bytes (2.5 MB)
==================================================
downloaded 2.5 MB

trying URL 'https://p3m.dev/cran/__linux__/noble/latest/src/contrib/RcppArmadillo_14.2.3-1.tar.gz'
Content type 'binary/octet-stream' length 1066881 bytes (1.0 MB)
==================================================
downloaded 1.0 MB

trying URL 'https://bioconductor.org/packages/3.20/bioc/src/contrib/BiocStyle_2.34.0.tar.gz'
Content type 'application/x-gzip' length 908772 bytes (887 KB)
==================================================
downloaded 887 KB

trying URL 'https://bioconductor.org/packages/3.20/bioc/src/contrib/iPath_1.12.0.tar.gz'
Content type 'application/x-gzip' length 3119737 bytes (3.0 MB)
==================================================
downloaded 3.0 MB

* installing *binary* package ‘rbibutils’ ...
* ‘rbibutils’ was already a binary package and will not be rebuilt
* creating tarball
packaged installation of ‘rbibutils’ as ‘rbibutils_2.3_R_x86_64-pc-linux-gnu.tar.gz’
* DONE (rbibutils)
* installing *binary* package ‘Deriv’ ...
* ‘Deriv’ was already a binary package and will not be rebuilt
* creating tarball
packaged installation of ‘Deriv’ as ‘Deriv_4.1.6_R_x86_64-pc-linux-gnu.tar.gz’
* DONE (Deriv)
* installing *binary* package ‘microbenchmark’ ...
* ‘microbenchmark’ was already a binary package and will not be rebuilt
* creating tarball
packaged installation of ‘microbenchmark’ as ‘microbenchmark_1.5.0_R_x86_64-pc-linux-gnu.tar.gz’
* DONE (microbenchmark)
* installing *binary* package ‘numDeriv’ ...
* ‘numDeriv’ was already a binary package and will not be rebuilt
* creating tarball
packaged installation of ‘numDeriv’ as ‘numDeriv_2016.8-1.1_R_x86_64-pc-linux-gnu.tar.gz’
* DONE (numDeriv)
* installing *binary* package ‘SparseM’ ...
* ‘SparseM’ was already a binary package and will not be rebuilt
* creating tarball
packaged installation of ‘SparseM’ as ‘SparseM_1.84-2_R_x86_64-pc-linux-gnu.tar.gz’
* DONE (SparseM)
* installing *binary* package ‘MatrixModels’ ...
* ‘MatrixModels’ was already a binary package and will not be rebuilt
* creating tarball
packaged installation of ‘MatrixModels’ as ‘MatrixModels_0.5-3_R_x86_64-pc-linux-gnu.tar.gz’
* DONE (MatrixModels)
* installing *binary* package ‘minqa’ ...
* ‘minqa’ was already a binary package and will not be rebuilt
* creating tarball
packaged installation of ‘minqa’ as ‘minqa_1.2.8_R_x86_64-pc-linux-gnu.tar.gz’
* DONE (minqa)
* installing *binary* package ‘nloptr’ ...
* ‘nloptr’ was already a binary package and will not be rebuilt
* creating tarball
packaged installation of ‘nloptr’ as ‘nloptr_2.1.1_R_x86_64-pc-linux-gnu.tar.gz’
* DONE (nloptr)
* installing *binary* package ‘RcppEigen’ ...
* ‘RcppEigen’ was already a binary package and will not be rebuilt
* creating tarball
packaged installation of ‘RcppEigen’ as ‘RcppEigen_0.3.4.0.2_R_x86_64-pc-linux-gnu.tar.gz’
* DONE (RcppEigen)
* installing *binary* package ‘formatR’ ...
* ‘formatR’ was already a binary package and will not be rebuilt
* creating tarball
packaged installation of ‘formatR’ as ‘formatR_1.14_R_x86_64-pc-linux-gnu.tar.gz’
* DONE (formatR)
* installing *binary* package ‘colorspace’ ...
* ‘colorspace’ was already a binary package and will not be rebuilt
* creating tarball
packaged installation of ‘colorspace’ as ‘colorspace_2.1-1_R_x86_64-pc-linux-gnu.tar.gz’
* DONE (colorspace)
* installing *binary* package ‘carData’ ...
* ‘carData’ was already a binary package and will not be rebuilt
* creating tarball
packaged installation of ‘carData’ as ‘carData_3.0-5_R_x86_64-pc-linux-gnu.tar.gz’
* DONE (carData)
* installing *binary* package ‘abind’ ...
* ‘abind’ was already a binary package and will not be rebuilt
* creating tarball
packaged installation of ‘abind’ as ‘abind_1.4-8_R_x86_64-pc-linux-gnu.tar.gz’
* DONE (abind)
* installing *binary* package ‘Formula’ ...
* ‘Formula’ was already a binary package and will not be rebuilt
* creating tarball
packaged installation of ‘Formula’ as ‘Formula_1.2-5_R_x86_64-pc-linux-gnu.tar.gz’
* DONE (Formula)
* installing *binary* package ‘markdown’ ...
* ‘markdown’ was already a binary package and will not be rebuilt
* creating tarball
packaged installation of ‘markdown’ as ‘markdown_1.13_R_x86_64-pc-linux-gnu.tar.gz’
* DONE (markdown)
* installing *binary* package ‘png’ ...
* ‘png’ was already a binary package and will not be rebuilt
* creating tarball
packaged installation of ‘png’ as ‘png_0.1-8_R_x86_64-pc-linux-gnu.tar.gz’
* DONE (png)
* installing *binary* package ‘jpeg’ ...
* ‘jpeg’ was already a binary package and will not be rebuilt
* creating tarball
packaged installation of ‘jpeg’ as ‘jpeg_0.1-10_R_x86_64-pc-linux-gnu.tar.gz’
* DONE (jpeg)
* installing *binary* package ‘futile.options’ ...
* ‘futile.options’ was already a binary package and will not be rebuilt
* creating tarball
packaged installation of ‘futile.options’ as ‘futile.options_1.0.1_R_x86_64-pc-linux-gnu.tar.gz’
* DONE (futile.options)
* installing *binary* package ‘tidyselect’ ...
* ‘tidyselect’ was already a binary package and will not be rebuilt
* creating tarball
packaged installation of ‘tidyselect’ as ‘tidyselect_1.2.1_R_x86_64-pc-linux-gnu.tar.gz’
* DONE (tidyselect)
* installing *binary* package ‘generics’ ...
* ‘generics’ was already a binary package and will not be rebuilt
* creating tarball
packaged installation of ‘generics’ as ‘generics_0.1.3_R_x86_64-pc-linux-gnu.tar.gz’
* DONE (generics)
* installing *binary* package ‘farver’ ...
* ‘farver’ was already a binary package and will not be rebuilt
* creating tarball
packaged installation of ‘farver’ as ‘farver_2.1.2_R_x86_64-pc-linux-gnu.tar.gz’
* DONE (farver)
* installing *binary* package ‘labeling’ ...
* ‘labeling’ was already a binary package and will not be rebuilt
* creating tarball
packaged installation of ‘labeling’ as ‘labeling_0.4.3_R_x86_64-pc-linux-gnu.tar.gz’
* DONE (labeling)
* installing *binary* package ‘RColorBrewer’ ...
* ‘RColorBrewer’ was already a binary package and will not be rebuilt
* creating tarball
packaged installation of ‘RColorBrewer’ as ‘RColorBrewer_1.1-3_R_x86_64-pc-linux-gnu.tar.gz’
* DONE (RColorBrewer)
* installing *binary* package ‘viridisLite’ ...
* ‘viridisLite’ was already a binary package and will not be rebuilt
* creating tarball
packaged installation of ‘viridisLite’ as ‘viridisLite_0.4.2_R_x86_64-pc-linux-gnu.tar.gz’
* DONE (viridisLite)
* installing *binary* package ‘corrplot’ ...
* ‘corrplot’ was already a binary package and will not be rebuilt
* creating tarball
packaged installation of ‘corrplot’ as ‘corrplot_0.95_R_x86_64-pc-linux-gnu.tar.gz’
* DONE (corrplot)
* installing *binary* package ‘exactRankTests’ ...
* ‘exactRankTests’ was already a binary package and will not be rebuilt
* creating tarball
packaged installation of ‘exactRankTests’ as ‘exactRankTests_0.8-35_R_x86_64-pc-linux-gnu.tar.gz’
* DONE (exactRankTests)
* installing *binary* package ‘mvtnorm’ ...
* ‘mvtnorm’ was already a binary package and will not be rebuilt
* creating tarball
packaged installation of ‘mvtnorm’ as ‘mvtnorm_1.3-3_R_x86_64-pc-linux-gnu.tar.gz’
* DONE (mvtnorm)
* installing *binary* package ‘backports’ ...
* ‘backports’ was already a binary package and will not be rebuilt
* creating tarball
packaged installation of ‘backports’ as ‘backports_1.5.0_R_x86_64-pc-linux-gnu.tar.gz’
* DONE (backports)
* installing *binary* package ‘KMsurv’ ...
* ‘KMsurv’ was already a binary package and will not be rebuilt
* creating tarball
packaged installation of ‘KMsurv’ as ‘KMsurv_0.1-5_R_x86_64-pc-linux-gnu.tar.gz’
* DONE (KMsurv)
* installing *binary* package ‘data.table’ ...
* ‘data.table’ was already a binary package and will not be rebuilt
* creating tarball
packaged installation of ‘data.table’ as ‘data.table_1.17.0_R_x86_64-pc-linux-gnu.tar.gz’
* DONE (data.table)
* installing *binary* package ‘zoo’ ...
* ‘zoo’ was already a binary package and will not be rebuilt
* creating tarball
packaged installation of ‘zoo’ as ‘zoo_1.8-13_R_x86_64-pc-linux-gnu.tar.gz’
* DONE (zoo)
* installing *binary* package ‘km.ci’ ...
* ‘km.ci’ was already a binary package and will not be rebuilt
* creating tarball
packaged installation of ‘km.ci’ as ‘km.ci_0.5-6_R_x86_64-pc-linux-gnu.tar.gz’
* DONE (km.ci)
* installing *binary* package ‘snow’ ...
* ‘snow’ was already a binary package and will not be rebuilt
* creating tarball
packaged installation of ‘snow’ as ‘snow_0.4-4_R_x86_64-pc-linux-gnu.tar.gz’
* DONE (snow)
* installing *binary* package ‘BH’ ...
* ‘BH’ was already a binary package and will not be rebuilt
* creating tarball
packaged installation of ‘BH’ as ‘BH_1.87.0-1_R_x86_64-pc-linux-gnu.tar.gz’
* DONE (BH)
* installing *binary* package ‘polynom’ ...
* ‘polynom’ was already a binary package and will not be rebuilt
* creating tarball
packaged installation of ‘polynom’ as ‘polynom_1.4-1_R_x86_64-pc-linux-gnu.tar.gz’
* DONE (polynom)
* installing *binary* package ‘gtable’ ...
* ‘gtable’ was already a binary package and will not be rebuilt
* creating tarball
packaged installation of ‘gtable’ as ‘gtable_0.3.6_R_x86_64-pc-linux-gnu.tar.gz’
* DONE (gtable)
* installing *binary* package ‘isoband’ ...
* ‘isoband’ was already a binary package and will not be rebuilt
* creating tarball
packaged installation of ‘isoband’ as ‘isoband_0.2.7_R_x86_64-pc-linux-gnu.tar.gz’
* DONE (isoband)
* installing *binary* package ‘bookdown’ ...
* ‘bookdown’ was already a binary package and will not be rebuilt
* creating tarball
packaged installation of ‘bookdown’ as ‘bookdown_0.42_R_x86_64-pc-linux-gnu.tar.gz’
* DONE (bookdown)
* installing *binary* package ‘mclust’ ...
* ‘mclust’ was already a binary package and will not be rebuilt
* creating tarball
packaged installation of ‘mclust’ as ‘mclust_6.1.1_R_x86_64-pc-linux-gnu.tar.gz’
* DONE (mclust)
* installing *binary* package ‘matrixStats’ ...
* ‘matrixStats’ was already a binary package and will not be rebuilt
* creating tarball
packaged installation of ‘matrixStats’ as ‘matrixStats_1.5.0_R_x86_64-pc-linux-gnu.tar.gz’
* DONE (matrixStats)
* installing *binary* package ‘RcppArmadillo’ ...
* ‘RcppArmadillo’ was already a binary package and will not be rebuilt
* creating tarball
packaged installation of ‘RcppArmadillo’ as ‘RcppArmadillo_14.2.3-1_R_x86_64-pc-linux-gnu.tar.gz’
* DONE (RcppArmadillo)
* installing *binary* package ‘Rdpack’ ...
* ‘Rdpack’ was already a binary package and will not be rebuilt
* creating tarball
packaged installation of ‘Rdpack’ as ‘Rdpack_2.6.2_R_x86_64-pc-linux-gnu.tar.gz’
* DONE (Rdpack)
* installing *binary* package ‘quantreg’ ...
* ‘quantreg’ was already a binary package and will not be rebuilt
* creating tarball
packaged installation of ‘quantreg’ as ‘quantreg_6.1_R_x86_64-pc-linux-gnu.tar.gz’
* DONE (quantreg)
* installing *binary* package ‘lambda.r’ ...
* ‘lambda.r’ was already a binary package and will not be rebuilt
* creating tarball
packaged installation of ‘lambda.r’ as ‘lambda.r_1.2.4_R_x86_64-pc-linux-gnu.tar.gz’
* DONE (lambda.r)
* installing *binary* package ‘munsell’ ...
* ‘munsell’ was already a binary package and will not be rebuilt
* creating tarball
packaged installation of ‘munsell’ as ‘munsell_0.5.1_R_x86_64-pc-linux-gnu.tar.gz’
* DONE (munsell)
* installing *binary* package ‘gridtext’ ...
* ‘gridtext’ was already a binary package and will not be rebuilt
* creating tarball
packaged installation of ‘gridtext’ as ‘gridtext_0.1.5_R_x86_64-pc-linux-gnu.tar.gz’
* DONE (gridtext)
* installing *binary* package ‘dplyr’ ...
* ‘dplyr’ was already a binary package and will not be rebuilt
* creating tarball
packaged installation of ‘dplyr’ as ‘dplyr_1.1.4_R_x86_64-pc-linux-gnu.tar.gz’
* DONE (dplyr)
* installing *binary* package ‘gridExtra’ ...
* ‘gridExtra’ was already a binary package and will not be rebuilt
* creating tarball
packaged installation of ‘gridExtra’ as ‘gridExtra_2.3_R_x86_64-pc-linux-gnu.tar.gz’
* DONE (gridExtra)
* installing *binary* package ‘maxstat’ ...
* ‘maxstat’ was already a binary package and will not be rebuilt
* creating tarball
packaged installation of ‘maxstat’ as ‘maxstat_0.7-25_R_x86_64-pc-linux-gnu.tar.gz’
* DONE (maxstat)
* installing *source* package ‘BiocStyle’ ...
** package ‘BiocStyle’ successfully unpacked and MD5 sums checked
** using staged installation
** R
** inst
** byte-compile and prepare package for lazy loading
** help
*** installing help indices
** building package indices
** installing vignettes
** testing if installed package can be loaded from temporary location
** testing if installed package can be loaded from final location
** testing if installed package keeps a record of temporary installation path
* creating tarball
packaged installation of ‘BiocStyle’ as ‘BiocStyle_2.34.0_R_x86_64-pc-linux-gnu.tar.gz’
* DONE (BiocStyle)
* installing *binary* package ‘reformulas’ ...
* ‘reformulas’ was already a binary package and will not be rebuilt
* creating tarball
packaged installation of ‘reformulas’ as ‘reformulas_0.4.0_R_x86_64-pc-linux-gnu.tar.gz’
* DONE (reformulas)
* installing *binary* package ‘futile.logger’ ...
* ‘futile.logger’ was already a binary package and will not be rebuilt
* creating tarball
packaged installation of ‘futile.logger’ as ‘futile.logger_1.4.3_R_x86_64-pc-linux-gnu.tar.gz’
* DONE (futile.logger)
* installing *binary* package ‘tidyr’ ...
* ‘tidyr’ was already a binary package and will not be rebuilt
* creating tarball
packaged installation of ‘tidyr’ as ‘tidyr_1.3.1_R_x86_64-pc-linux-gnu.tar.gz’
* DONE (tidyr)
* installing *binary* package ‘scales’ ...
* ‘scales’ was already a binary package and will not be rebuilt
* creating tarball
packaged installation of ‘scales’ as ‘scales_1.3.0_R_x86_64-pc-linux-gnu.tar.gz’
* DONE (scales)
* installing *binary* package ‘lme4’ ...
* ‘lme4’ was already a binary package and will not be rebuilt
* creating tarball
packaged installation of ‘lme4’ as ‘lme4_1.1-36_R_x86_64-pc-linux-gnu.tar.gz’
* DONE (lme4)
* installing *binary* package ‘broom’ ...
* ‘broom’ was already a binary package and will not be rebuilt
* creating tarball
packaged installation of ‘broom’ as ‘broom_1.0.7_R_x86_64-pc-linux-gnu.tar.gz’
* DONE (broom)
* installing *source* package ‘BiocParallel’ ...
** package ‘BiocParallel’ successfully unpacked and MD5 sums checked
** using staged installation
checking whether the C++ compiler works... yes
checking for C++ compiler default output file name... a.out
checking for suffix of executables... 
checking whether we are cross compiling... no
checking for suffix of object files... o
checking whether the compiler supports GNU C++... yes
checking whether g++ -std=gnu++17 accepts -g... yes
checking for g++ -std=gnu++17 option to enable C++11 features... none needed
checking for library containing shm_open... none required
checking for stdio.h... yes
checking for stdlib.h... yes
checking for string.h... yes
checking for inttypes.h... yes
checking for stdint.h... yes
checking for strings.h... yes
checking for sys/stat.h... yes
checking for sys/types.h... yes
checking for unistd.h... yes
checking for sys/mman.h... yes
configure: creating ./config.status
config.status: creating src/Makevars
** libs
using C++ compiler: ‘g++ (Ubuntu 13.3.0-6ubuntu2~24.04) 13.3.0’
using C++11
g++ -std=gnu++11 -I"/usr/local/lib/R/include" -DNDEBUG  -I'/usr/local/lib/R/site-library/BH/include' -I'/usr/local/lib/R/site-library/cpp11/include' -I/usr/local/include    -fpic  -g -O2 -fstack-protector-strong -Wformat -Wformat-security -Wdate-time -D_FORTIFY_SOURCE=2 -g  -DR_NO_REMAP -c cpp11.cpp -o cpp11.o
g++ -std=gnu++11 -I"/usr/local/lib/R/include" -DNDEBUG  -I'/usr/local/lib/R/site-library/BH/include' -I'/usr/local/lib/R/site-library/cpp11/include' -I/usr/local/include    -fpic  -g -O2 -fstack-protector-strong -Wformat -Wformat-security -Wdate-time -D_FORTIFY_SOURCE=2 -g  -DR_NO_REMAP -c ipcmutex.cpp -o ipcmutex.o
g++ -std=gnu++11 -shared -L/usr/local/lib/R/lib -L/usr/local/lib -o BiocParallel.so cpp11.o ipcmutex.o -L/usr/local/lib/R/lib -lR
installing to /usr/local/lib/R/site-library/00LOCK-BiocParallel/00new/BiocParallel/libs
** R
** inst
** byte-compile and prepare package for lazy loading
** help
*** installing help indices
** building package indices
** installing vignettes
** testing if installed package can be loaded from temporary location
** checking absolute paths in shared objects and dynamic libraries
** testing if installed package can be loaded from final location
** testing if installed package keeps a record of temporary installation path
* creating tarball
packaged installation of ‘BiocParallel’ as ‘BiocParallel_1.40.0_R_x86_64-pc-linux-gnu.tar.gz’
* DONE (BiocParallel)
* installing *binary* package ‘ggplot2’ ...
* ‘ggplot2’ was already a binary package and will not be rebuilt
* creating tarball
packaged installation of ‘ggplot2’ as ‘ggplot2_3.5.1_R_x86_64-pc-linux-gnu.tar.gz’
* DONE (ggplot2)
* installing *binary* package ‘modelr’ ...
* ‘modelr’ was already a binary package and will not be rebuilt
* creating tarball
packaged installation of ‘modelr’ as ‘modelr_0.1.11_R_x86_64-pc-linux-gnu.tar.gz’
* DONE (modelr)
* installing *binary* package ‘ggrepel’ ...
* ‘ggrepel’ was already a binary package and will not be rebuilt
* creating tarball
packaged installation of ‘ggrepel’ as ‘ggrepel_0.9.6_R_x86_64-pc-linux-gnu.tar.gz’
* DONE (ggrepel)
* installing *binary* package ‘ggsci’ ...
* ‘ggsci’ was already a binary package and will not be rebuilt
* creating tarball
packaged installation of ‘ggsci’ as ‘ggsci_3.2.0_R_x86_64-pc-linux-gnu.tar.gz’
* DONE (ggsci)
* installing *binary* package ‘cowplot’ ...
* ‘cowplot’ was already a binary package and will not be rebuilt
* creating tarball
packaged installation of ‘cowplot’ as ‘cowplot_1.1.3_R_x86_64-pc-linux-gnu.tar.gz’
* DONE (cowplot)
* installing *binary* package ‘ggsignif’ ...
* ‘ggsignif’ was already a binary package and will not be rebuilt
* creating tarball
packaged installation of ‘ggsignif’ as ‘ggsignif_0.6.4_R_x86_64-pc-linux-gnu.tar.gz’
* DONE (ggsignif)
* installing *binary* package ‘survMisc’ ...
* ‘survMisc’ was already a binary package and will not be rebuilt
* creating tarball
packaged installation of ‘survMisc’ as ‘survMisc_0.5.6_R_x86_64-pc-linux-gnu.tar.gz’
* DONE (survMisc)
* installing *binary* package ‘ggtext’ ...
* ‘ggtext’ was already a binary package and will not be rebuilt
* creating tarball
packaged installation of ‘ggtext’ as ‘ggtext_0.1.2_R_x86_64-pc-linux-gnu.tar.gz’
* DONE (ggtext)
* installing *binary* package ‘doBy’ ...
* ‘doBy’ was already a binary package and will not be rebuilt
* creating tarball
packaged installation of ‘doBy’ as ‘doBy_4.6.25_R_x86_64-pc-linux-gnu.tar.gz’
* DONE (doBy)
* installing *binary* package ‘pbkrtest’ ...
* ‘pbkrtest’ was already a binary package and will not be rebuilt
* creating tarball
packaged installation of ‘pbkrtest’ as ‘pbkrtest_0.5.3_R_x86_64-pc-linux-gnu.tar.gz’
* DONE (pbkrtest)
* installing *binary* package ‘car’ ...
* ‘car’ was already a binary package and will not be rebuilt
* creating tarball
packaged installation of ‘car’ as ‘car_3.1-3_R_x86_64-pc-linux-gnu.tar.gz’
* DONE (car)
* installing *binary* package ‘rstatix’ ...
* ‘rstatix’ was already a binary package and will not be rebuilt
* creating tarball
packaged installation of ‘rstatix’ as ‘rstatix_0.7.2_R_x86_64-pc-linux-gnu.tar.gz’
* DONE (rstatix)
* installing *binary* package ‘ggpubr’ ...
* ‘ggpubr’ was already a binary package and will not be rebuilt
* creating tarball
packaged installation of ‘ggpubr’ as ‘ggpubr_0.6.0_R_x86_64-pc-linux-gnu.tar.gz’
* DONE (ggpubr)
* installing *binary* package ‘survminer’ ...
* ‘survminer’ was already a binary package and will not be rebuilt
* creating tarball
packaged installation of ‘survminer’ as ‘survminer_0.5.0_R_x86_64-pc-linux-gnu.tar.gz’
* DONE (survminer)
* installing *source* package ‘iPath’ ...
** package ‘iPath’ successfully unpacked and MD5 sums checked
** using staged installation
** libs
using C++ compiler: ‘g++ (Ubuntu 13.3.0-6ubuntu2~24.04) 13.3.0’
using C++11
g++ -std=gnu++11 -I"/usr/local/lib/R/include" -DNDEBUG  -I'/usr/local/lib/R/site-library/Rcpp/include' -I'/usr/local/lib/R/site-library/RcppArmadillo/include' -I/usr/local/include    -fpic  -g -O2 -fstack-protector-strong -Wformat -Wformat-security -Wdate-time -D_FORTIFY_SOURCE=2 -g  -DR_NO_REMAP -c CppFunctions.cpp -o CppFunctions.o
g++ -std=gnu++11 -I"/usr/local/lib/R/include" -DNDEBUG  -I'/usr/local/lib/R/site-library/Rcpp/include' -I'/usr/local/lib/R/site-library/RcppArmadillo/include' -I/usr/local/include    -fpic  -g -O2 -fstack-protector-strong -Wformat -Wformat-security -Wdate-time -D_FORTIFY_SOURCE=2 -g  -DR_NO_REMAP -c RcppExports.cpp -o RcppExports.o
g++ -std=gnu++11 -shared -L/usr/local/lib/R/lib -L/usr/local/lib -o iPath.so CppFunctions.o RcppExports.o -llapack -lblas -lgfortran -lm -lquadmath -L/usr/local/lib/R/lib -lR
installing to /usr/local/lib/R/site-library/00LOCK-iPath/00new/iPath/libs
** R
** data
** inst
** byte-compile and prepare package for lazy loading
** help
*** installing help indices
** building package indices
** installing vignettes
** testing if installed package can be loaded from temporary location
** checking absolute paths in shared objects and dynamic libraries
** testing if installed package can be loaded from final location
** testing if installed package keeps a record of temporary installation path
* creating tarball
packaged installation of ‘iPath’ as ‘iPath_1.12.0_R_x86_64-pc-linux-gnu.tar.gz’
* DONE (iPath)

The downloaded source packages are in
	‘/tmp/RtmpnEXvF3/downloaded_packages’
Old packages: 'bslib', 'cli', 'cpp11', 'curl', 'evaluate', 'httr2', 'jsonlite',
  'openssl', 'pillar', 'pkgbuild', 'processx', 'ps', 'purrr', 'R6', 'Rcpp',
  'rlang', 'sessioninfo', 'systemfonts', 'testthat', 'textshaping', 'tinytex',
  'xfun', 'xml2', 'zip', 'class', 'foreign', 'KernSmooth', 'MASS', 'Matrix',
  'nlme', 'nnet', 'rpart', 'spatial'

real	2m5.128s
user	1m23.837s
sys	0m25.939s
