'getOption("repos")' replaces Bioconductor standard repositories, see
'help("repositories", package = "BiocManager")' for details.
Replacement repositories:
    CRAN: https://p3m.dev/cran/__linux__/noble/latest
Bioconductor version 3.20 (BiocManager 1.30.25), R 4.4.2 (2024-10-31)
Installing package(s) 'granulator'
also installing the dependencies ‘flextable’, ‘officer’, ‘epiR’, ‘dtangle’, ‘limSolve’, ‘nnls’

trying URL 'https://p3m.dev/cran/__linux__/noble/latest/src/contrib/flextable_0.9.7.tar.gz'
Content type 'binary/octet-stream' length 2341787 bytes (2.2 MB)
==================================================
downloaded 2.2 MB

trying URL 'https://p3m.dev/cran/__linux__/noble/latest/src/contrib/officer_0.6.7.tar.gz'
Content type 'binary/octet-stream' length 1823007 bytes (1.7 MB)
==================================================
downloaded 1.7 MB

trying URL 'https://p3m.dev/cran/__linux__/noble/latest/src/contrib/epiR_2.0.80.tar.gz'
Content type 'binary/octet-stream' length 1731877 bytes (1.7 MB)
==================================================
downloaded 1.7 MB

trying URL 'https://p3m.dev/cran/__linux__/noble/latest/src/contrib/dtangle_2.0.9.tar.gz'
Content type 'binary/octet-stream' length 332786 bytes (324 KB)
==================================================
downloaded 324 KB

trying URL 'https://p3m.dev/cran/__linux__/noble/latest/src/contrib/limSolve_1.5.7.1.tar.gz'
Content type 'binary/octet-stream' length 795887 bytes (777 KB)
==================================================
downloaded 777 KB

trying URL 'https://p3m.dev/cran/__linux__/noble/latest/src/contrib/nnls_1.6.tar.gz'
Content type 'binary/octet-stream' length 37359 bytes (36 KB)
==================================================
downloaded 36 KB

trying URL 'https://bioconductor.org/packages/3.20/bioc/src/contrib/granulator_1.14.0.tar.gz'
Content type 'application/x-gzip' length 1356334 bytes (1.3 MB)
==================================================
downloaded 1.3 MB

* installing *binary* package ‘officer’ ...
* ‘officer’ was already a binary package and will not be rebuilt
* creating tarball
packaged installation of ‘officer’ as ‘officer_0.6.7_R_x86_64-pc-linux-gnu.tar.gz’
* DONE (officer)
* installing *binary* package ‘dtangle’ ...
* ‘dtangle’ was already a binary package and will not be rebuilt
* creating tarball
packaged installation of ‘dtangle’ as ‘dtangle_2.0.9_R_x86_64-pc-linux-gnu.tar.gz’
* DONE (dtangle)
* installing *binary* package ‘limSolve’ ...
* ‘limSolve’ was already a binary package and will not be rebuilt
* creating tarball
packaged installation of ‘limSolve’ as ‘limSolve_1.5.7.1_R_x86_64-pc-linux-gnu.tar.gz’
* DONE (limSolve)
* installing *binary* package ‘nnls’ ...
* ‘nnls’ was already a binary package and will not be rebuilt
* creating tarball
packaged installation of ‘nnls’ as ‘nnls_1.6_R_x86_64-pc-linux-gnu.tar.gz’
* DONE (nnls)
* installing *binary* package ‘flextable’ ...
* ‘flextable’ was already a binary package and will not be rebuilt
* creating tarball
packaged installation of ‘flextable’ as ‘flextable_0.9.7_R_x86_64-pc-linux-gnu.tar.gz’
* DONE (flextable)
* installing *binary* package ‘epiR’ ...
* ‘epiR’ was already a binary package and will not be rebuilt
* creating tarball
packaged installation of ‘epiR’ as ‘epiR_2.0.80_R_x86_64-pc-linux-gnu.tar.gz’
* DONE (epiR)
* installing *source* package ‘granulator’ ...
** package ‘granulator’ successfully unpacked and MD5 sums checked
** using staged installation
** R
** data
** inst
** byte-compile and prepare package for lazy loading
** help
*** installing help indices
** building package indices
** installing vignettes
** testing if installed package can be loaded from temporary location
** testing if installed package can be loaded from final location
** testing if installed package keeps a record of temporary installation path
* creating tarball
packaged installation of ‘granulator’ as ‘granulator_1.14.0_R_x86_64-pc-linux-gnu.tar.gz’
* DONE (granulator)

The downloaded source packages are in
	‘/tmp/Rtmp6BbXya/downloaded_packages’
Old packages: 'bslib', 'cli', 'cpp11', 'curl', 'evaluate', 'httr2', 'jsonlite',
  'openssl', 'pillar', 'pkgbuild', 'processx', 'ps', 'purrr', 'R6', 'Rcpp',
  'rlang', 'sessioninfo', 'systemfonts', 'testthat', 'textshaping', 'tinytex',
  'xfun', 'xml2', 'zip', 'class', 'foreign', 'KernSmooth', 'MASS', 'Matrix',
  'nlme', 'nnet', 'rpart', 'spatial'

real	0m52.988s
user	0m13.351s
sys	0m5.668s
