+ Rscript -e 'Sys.setenv(BIOCONDUCTOR_USE_CONTAINER_REPOSITORY=FALSE);
  p <- .libPaths();
  p <- c('\'''\'', '\'''\'', p);
  .libPaths(p);
  if(BiocManager::install('\''flowPlots'\'', INSTALL_opts = '\''--build'\'', update = TRUE, quiet = FALSE, dependencies=TRUE, force = TRUE, keep_outputs = TRUE) %in% rownames(installed.packages())) q(status = 0) else q(status = 1)'
'getOption("repos")' replaces Bioconductor standard repositories, see
'help("repositories", package = "BiocManager")' for details.
Replacement repositories:
    CRAN: https://cloud.r-project.org
Bioconductor version 3.21 (BiocManager 1.30.25), R 4.5.0 (2025-04-11)
Installing package(s) 'flowPlots'
also installing the dependency ‘vcd’

trying URL 'https://cloud.r-project.org/src/contrib/vcd_1.4-13.tar.gz'
trying URL 'https://bioconductor.org/packages/3.21/bioc/src/contrib/flowPlots_1.56.0.tar.gz'
* installing *source* package ‘vcd’ ...
** this is package ‘vcd’ version ‘1.4-13’
** package ‘vcd’ successfully unpacked and MD5 sums checked
** using staged installation
** R
** data
*** moving datasets to lazyload DB
** demo
** inst
** byte-compile and prepare package for lazy loading
** help
*** installing help indices
** building package indices
** installing vignettes
** testing if installed package can be loaded from temporary location
** testing if installed package can be loaded from final location
** testing if installed package keeps a record of temporary installation path
* creating tarball
packaged installation of ‘vcd’ as ‘vcd_1.4-13_R_x86_64-pc-linux-gnu.tar.gz’
* DONE (vcd)
* installing *source* package ‘flowPlots’ ...
** this is package ‘flowPlots’ version ‘1.56.0’
** using staged installation
** R
** data
*** moving datasets to lazyload DB
** inst
** byte-compile and prepare package for lazy loading
** help
*** installing help indices
** building package indices
** installing vignettes
** testing if installed package can be loaded from temporary location
** testing if installed package can be loaded from final location
** testing if installed package keeps a record of temporary installation path
* creating tarball
packaged installation of ‘flowPlots’ as ‘flowPlots_1.56.0_R_x86_64-pc-linux-gnu.tar.gz’
* DONE (flowPlots)

The downloaded source packages are in
	‘/tmp/Rtmpvr4sIO/downloaded_packages’
Old packages: 'cli', 'DelayedArray', 'diffobj', 'edgeR', 'globals',
  'parallelly', 'pkgdown', 'RcppArmadillo', 'RSQLite', 'scales', 'sctransform',
  'Seurat', 'SeuratObject', 'SingleCellExperiment', 'spatstat.univar',
  'SummarizedExperiment', 'systemfonts', 'textshaping', 'utf8'

real	0m14.904s
user	0m11.998s
sys	0m5.817s
