+ Rscript -e 'Sys.setenv(BIOCONDUCTOR_USE_CONTAINER_REPOSITORY=FALSE);
  p <- .libPaths();
  p <- c('\'''\'', '\'''\'', p);
  .libPaths(p);
  if(BiocManager::install('\''EpiCompare'\'', INSTALL_opts = '\''--build'\'', update = TRUE, quiet = FALSE, dependencies=TRUE, force = TRUE, keep_outputs = TRUE) %in% rownames(installed.packages())) q(status = 0) else q(status = 1)'
'getOption("repos")' replaces Bioconductor standard repositories, see
'help("repositories", package = "BiocManager")' for details.
Replacement repositories:
    CRAN: https://p3m.dev/cran/__linux__/noble/latest
Bioconductor version 3.20 (BiocManager 1.30.25), R 4.4.2 (2024-10-31)
Installing package(s) 'EpiCompare'
also installing the dependencies ‘tweenr’, ‘polyclip’, ‘RcppEigen’, ‘bit’, ‘png’, ‘gridGraphics’, ‘ggforce’, ‘ape’, ‘tidytree’, ‘treeio’, ‘progress’, ‘timechange’, ‘formatR’, ‘cowplot’, ‘fastmatch’, ‘R.oo’, ‘R.methodsS3’, ‘abind’, ‘SparseArray’, ‘iterators’, ‘permute’, ‘bit64’, ‘blob’, ‘plogr’, ‘Biobase’, ‘KEGGREST’, ‘generics’, ‘ggfun’, ‘ggplotify’, ‘ggnewscale’, ‘ggrepel’, ‘ggtangle’, ‘scatterpie’, ‘ggtree’, ‘caTools’, ‘hms’, ‘vroom’, ‘tzdb’, ‘bitops’, ‘Rhtslib’, ‘RCurl’, ‘rjson’, ‘lubridate’, ‘dlstats’, ‘rvcheck’, ‘lambda.r’, ‘futile.options’, ‘fgsea’, ‘R.utils’, ‘MatrixGenerics’, ‘S4Arrays’, ‘DelayedArray’, ‘ca’, ‘foreach’, ‘gclus’, ‘qap’, ‘registry’, ‘TSP’, ‘vegan’, ‘RSQLite’, ‘AnnotationDbi’, ‘S4Vectors’, ‘httr’, ‘dplyr’, ‘aplot’, ‘enrichplot’, ‘GenomicFeatures’, ‘gplots’, ‘gtools’, ‘plotrix’, ‘RColorBrewer’, ‘yulab.utils’, ‘Biostrings’, ‘BSgenome’, ‘gridBase’, ‘impute’, ‘matrixStats’, ‘plyr’, ‘readr’, ‘Rsamtools’, ‘seqPattern’, ‘XVector’, ‘UCSC.utils’, ‘GenomeInfoDbData’, ‘gtable’, ‘isoband’, ‘viridisLite’, ‘lazyeval’, ‘crosstalk’, ‘XML’, ‘zlibbioc’, ‘BiocIO’, ‘restfulr’, ‘writexl’, ‘bsplus’, ‘b64’, ‘here’, ‘badger’, ‘renv’, ‘dbplyr’, ‘DBI’, ‘filelock’, ‘futile.logger’, ‘snow’, ‘BH’, ‘bookdown’, ‘DOSE’, ‘GO.db’, ‘GOSemSim’, ‘gson’, ‘igraph’, ‘qvalue’, ‘SummarizedExperiment’, ‘tidyselect’, ‘patchwork’, ‘colorspace’, ‘farver’, ‘labeling’, ‘munsell’, ‘dendextend’, ‘seriation’, ‘webshot’, ‘assertthat’, ‘egg’, ‘gridExtra’, ‘AnnotationHub’, ‘ChIPseeker’, ‘data.table’, ‘genomation’, ‘GenomicRanges’, ‘IRanges’, ‘GenomeInfoDb’, ‘ggplot2’, ‘plotly’, ‘reshape2’, ‘rtracklayer’, ‘BiocGenerics’, ‘downloadthis’, ‘rworkflows’, ‘BiocFileCache’, ‘BiocParallel’, ‘BiocStyle’, ‘clusterProfiler’, ‘GenomicAlignments’, ‘org.Hs.eg.db’, ‘tidyr’, ‘TxDb.Hsapiens.UCSC.hg19.knownGene’, ‘TxDb.Hsapiens.UCSC.hg38.knownGene’, ‘TxDb.Mmusculus.UCSC.mm9.knownGene’, ‘TxDb.Mmusculus.UCSC.mm10.knownGene’, ‘BSgenome.Hsapiens.UCSC.hg19’, ‘BSgenome.Hsapiens.UCSC.hg38’, ‘BSgenome.Mmusculus.UCSC.mm9’, ‘BSgenome.Mmusculus.UCSC.mm10’, ‘ComplexUpset’, ‘plyranges’, ‘scales’, ‘consensusSeekeR’, ‘heatmaply’, ‘viridis’

trying URL 'https://p3m.dev/cran/__linux__/noble/latest/src/contrib/tweenr_2.0.3.tar.gz'
Content type 'binary/octet-stream' length 461782 bytes (450 KB)
==================================================
downloaded 450 KB

trying URL 'https://p3m.dev/cran/__linux__/noble/latest/src/contrib/polyclip_1.10-7.tar.gz'
Content type 'binary/octet-stream' length 119913 bytes (117 KB)
==================================================
downloaded 117 KB

trying URL 'https://p3m.dev/cran/__linux__/noble/latest/src/contrib/RcppEigen_0.3.4.0.2.tar.gz'
Content type 'binary/octet-stream' length 1853114 bytes (1.8 MB)
==================================================
downloaded 1.8 MB

trying URL 'https://p3m.dev/cran/__linux__/noble/latest/src/contrib/bit_4.6.0.tar.gz'
Content type 'binary/octet-stream' length 628153 bytes (613 KB)
==================================================
downloaded 613 KB

trying URL 'https://p3m.dev/cran/__linux__/noble/latest/src/contrib/png_0.1-8.tar.gz'
Content type 'binary/octet-stream' length 40602 bytes (39 KB)
==================================================
downloaded 39 KB

trying URL 'https://p3m.dev/cran/__linux__/noble/latest/src/contrib/gridGraphics_0.5-1.tar.gz'
Content type 'binary/octet-stream' length 249372 bytes (243 KB)
==================================================
downloaded 243 KB

trying URL 'https://p3m.dev/cran/__linux__/noble/latest/src/contrib/ggforce_0.4.2.tar.gz'
Content type 'binary/octet-stream' length 1860686 bytes (1.8 MB)
==================================================
downloaded 1.8 MB

trying URL 'https://p3m.dev/cran/__linux__/noble/latest/src/contrib/ape_5.8-1.tar.gz'
Content type 'binary/octet-stream' length 2968524 bytes (2.8 MB)
==================================================
downloaded 2.8 MB

trying URL 'https://p3m.dev/cran/__linux__/noble/latest/src/contrib/tidytree_0.4.6.tar.gz'
Content type 'binary/octet-stream' length 341867 bytes (333 KB)
==================================================
downloaded 333 KB

trying URL 'https://bioconductor.org/packages/3.20/bioc/src/contrib/treeio_1.30.0.tar.gz'
Content type 'application/x-gzip' length 701622 bytes (685 KB)
==================================================
downloaded 685 KB

trying URL 'https://p3m.dev/cran/__linux__/noble/latest/src/contrib/progress_1.2.3.tar.gz'
Content type 'binary/octet-stream' length 86326 bytes (84 KB)
==================================================
downloaded 84 KB

trying URL 'https://p3m.dev/cran/__linux__/noble/latest/src/contrib/timechange_0.3.0.tar.gz'
Content type 'binary/octet-stream' length 174776 bytes (170 KB)
==================================================
downloaded 170 KB

trying URL 'https://p3m.dev/cran/__linux__/noble/latest/src/contrib/formatR_1.14.tar.gz'
Content type 'binary/octet-stream' length 151517 bytes (147 KB)
==================================================
downloaded 147 KB

trying URL 'https://p3m.dev/cran/__linux__/noble/latest/src/contrib/cowplot_1.1.3.tar.gz'
Content type 'binary/octet-stream' length 1380686 bytes (1.3 MB)
==================================================
downloaded 1.3 MB

trying URL 'https://p3m.dev/cran/__linux__/noble/latest/src/contrib/fastmatch_1.1-6.tar.gz'
Content type 'binary/octet-stream' length 35901 bytes (35 KB)
==================================================
downloaded 35 KB

trying URL 'https://p3m.dev/cran/__linux__/noble/latest/src/contrib/R.oo_1.27.0.tar.gz'
Content type 'binary/octet-stream' length 998703 bytes (975 KB)
==================================================
downloaded 975 KB

trying URL 'https://p3m.dev/cran/__linux__/noble/latest/src/contrib/R.methodsS3_1.8.2.tar.gz'
Content type 'binary/octet-stream' length 82535 bytes (80 KB)
==================================================
downloaded 80 KB

trying URL 'https://p3m.dev/cran/__linux__/noble/latest/src/contrib/abind_1.4-8.tar.gz'
Content type 'binary/octet-stream' length 64944 bytes (63 KB)
==================================================
downloaded 63 KB

trying URL 'https://bioconductor.org/packages/3.20/bioc/src/contrib/SparseArray_1.6.2.tar.gz'
Content type 'application/x-gzip' length 468696 bytes (457 KB)
==================================================
downloaded 457 KB

trying URL 'https://p3m.dev/cran/__linux__/noble/latest/src/contrib/iterators_1.0.14.tar.gz'
Content type 'binary/octet-stream' length 346510 bytes (338 KB)
==================================================
downloaded 338 KB

trying URL 'https://p3m.dev/cran/__linux__/noble/latest/src/contrib/permute_0.9-7.tar.gz'
Content type 'binary/octet-stream' length 233484 bytes (228 KB)
==================================================
downloaded 228 KB

trying URL 'https://p3m.dev/cran/__linux__/noble/latest/src/contrib/bit64_4.6.0-1.tar.gz'
Content type 'binary/octet-stream' length 491805 bytes (480 KB)
==================================================
downloaded 480 KB

trying URL 'https://p3m.dev/cran/__linux__/noble/latest/src/contrib/blob_1.2.4.tar.gz'
Content type 'binary/octet-stream' length 47325 bytes (46 KB)
==================================================
downloaded 46 KB

trying URL 'https://p3m.dev/cran/__linux__/noble/latest/src/contrib/plogr_0.2.0.tar.gz'
Content type 'binary/octet-stream' length 13108 bytes (12 KB)
==================================================
downloaded 12 KB

trying URL 'https://bioconductor.org/packages/3.20/bioc/src/contrib/Biobase_2.66.0.tar.gz'
Content type 'application/x-gzip' length 1978998 bytes (1.9 MB)
==================================================
downloaded 1.9 MB

trying URL 'https://bioconductor.org/packages/3.20/bioc/src/contrib/KEGGREST_1.46.0.tar.gz'
Content type 'application/x-gzip' length 239655 bytes (234 KB)
==================================================
downloaded 234 KB

trying URL 'https://p3m.dev/cran/__linux__/noble/latest/src/contrib/generics_0.1.3.tar.gz'
Content type 'binary/octet-stream' length 81013 bytes (79 KB)
==================================================
downloaded 79 KB

trying URL 'https://p3m.dev/cran/__linux__/noble/latest/src/contrib/ggfun_0.1.8.tar.gz'
Content type 'binary/octet-stream' length 223532 bytes (218 KB)
==================================================
downloaded 218 KB

trying URL 'https://p3m.dev/cran/__linux__/noble/latest/src/contrib/ggplotify_0.1.2.tar.gz'
Content type 'binary/octet-stream' length 140239 bytes (136 KB)
==================================================
downloaded 136 KB

trying URL 'https://p3m.dev/cran/__linux__/noble/latest/src/contrib/ggnewscale_0.5.1.tar.gz'
Content type 'binary/octet-stream' length 350186 bytes (341 KB)
==================================================
downloaded 341 KB

trying URL 'https://p3m.dev/cran/__linux__/noble/latest/src/contrib/ggrepel_0.9.6.tar.gz'
Content type 'binary/octet-stream' length 290115 bytes (283 KB)
==================================================
downloaded 283 KB

trying URL 'https://p3m.dev/cran/__linux__/noble/latest/src/contrib/ggtangle_0.0.6.tar.gz'
Content type 'binary/octet-stream' length 263278 bytes (257 KB)
==================================================
downloaded 257 KB

trying URL 'https://p3m.dev/cran/__linux__/noble/latest/src/contrib/scatterpie_0.2.4.tar.gz'
Content type 'binary/octet-stream' length 150284 bytes (146 KB)
==================================================
downloaded 146 KB

trying URL 'https://bioconductor.org/packages/3.20/bioc/src/contrib/ggtree_3.14.0.tar.gz'
Content type 'application/x-gzip' length 366978 bytes (358 KB)
==================================================
downloaded 358 KB

trying URL 'https://p3m.dev/cran/__linux__/noble/latest/src/contrib/caTools_1.18.3.tar.gz'
Content type 'binary/octet-stream' length 205153 bytes (200 KB)
==================================================
downloaded 200 KB

trying URL 'https://p3m.dev/cran/__linux__/noble/latest/src/contrib/hms_1.1.3.tar.gz'
Content type 'binary/octet-stream' length 99678 bytes (97 KB)
==================================================
downloaded 97 KB

trying URL 'https://p3m.dev/cran/__linux__/noble/latest/src/contrib/vroom_1.6.5.tar.gz'
Content type 'binary/octet-stream' length 958016 bytes (935 KB)
==================================================
downloaded 935 KB

trying URL 'https://p3m.dev/cran/__linux__/noble/latest/src/contrib/tzdb_0.4.0.tar.gz'
Content type 'binary/octet-stream' length 645343 bytes (630 KB)
==================================================
downloaded 630 KB

trying URL 'https://p3m.dev/cran/__linux__/noble/latest/src/contrib/bitops_1.0-9.tar.gz'
Content type 'binary/octet-stream' length 25879 bytes (25 KB)
==================================================
downloaded 25 KB

trying URL 'https://bioconductor.org/packages/3.20/bioc/src/contrib/Rhtslib_3.2.0.tar.gz'
Content type 'application/x-gzip' length 5174604 bytes (4.9 MB)
==================================================
downloaded 4.9 MB

trying URL 'https://p3m.dev/cran/__linux__/noble/latest/src/contrib/RCurl_1.98-1.16.tar.gz'
Content type 'binary/octet-stream' length 1078371 bytes (1.0 MB)
==================================================
downloaded 1.0 MB

trying URL 'https://p3m.dev/cran/__linux__/noble/latest/src/contrib/rjson_0.2.23.tar.gz'
Content type 'binary/octet-stream' length 113120 bytes (110 KB)
==================================================
downloaded 110 KB

trying URL 'https://p3m.dev/cran/__linux__/noble/latest/src/contrib/lubridate_1.9.4.tar.gz'
Content type 'binary/octet-stream' length 983330 bytes (960 KB)
==================================================
downloaded 960 KB

trying URL 'https://p3m.dev/cran/__linux__/noble/latest/src/contrib/dlstats_0.1.7.tar.gz'
Content type 'binary/octet-stream' length 364909 bytes (356 KB)
==================================================
downloaded 356 KB

trying URL 'https://p3m.dev/cran/__linux__/noble/latest/src/contrib/rvcheck_0.2.1.tar.gz'
Content type 'binary/octet-stream' length 30855 bytes (30 KB)
==================================================
downloaded 30 KB

trying URL 'https://p3m.dev/cran/__linux__/noble/latest/src/contrib/lambda.r_1.2.4.tar.gz'
Content type 'binary/octet-stream' length 110485 bytes (107 KB)
==================================================
downloaded 107 KB

trying URL 'https://p3m.dev/cran/__linux__/noble/latest/src/contrib/futile.options_1.0.1.tar.gz'
Content type 'binary/octet-stream' length 18448 bytes (18 KB)
==================================================
downloaded 18 KB

trying URL 'https://bioconductor.org/packages/3.20/bioc/src/contrib/fgsea_1.32.2.tar.gz'
Content type 'application/x-gzip' length 4980260 bytes (4.7 MB)
==================================================
downloaded 4.7 MB

trying URL 'https://p3m.dev/cran/__linux__/noble/latest/src/contrib/R.utils_2.13.0.tar.gz'
Content type 'binary/octet-stream' length 1454911 bytes (1.4 MB)
==================================================
downloaded 1.4 MB

trying URL 'https://bioconductor.org/packages/3.20/bioc/src/contrib/MatrixGenerics_1.18.1.tar.gz'
Content type 'application/x-gzip' length 34631 bytes (33 KB)
==================================================
downloaded 33 KB

trying URL 'https://bioconductor.org/packages/3.20/bioc/src/contrib/S4Arrays_1.6.0.tar.gz'
Content type 'application/x-gzip' length 288435 bytes (281 KB)
==================================================
downloaded 281 KB

trying URL 'https://bioconductor.org/packages/3.20/bioc/src/contrib/DelayedArray_0.32.0.tar.gz'
Content type 'application/x-gzip' length 825598 bytes (806 KB)
==================================================
downloaded 806 KB

trying URL 'https://p3m.dev/cran/__linux__/noble/latest/src/contrib/ca_0.71.1.tar.gz'
Content type 'binary/octet-stream' length 241430 bytes (235 KB)
==================================================
downloaded 235 KB

trying URL 'https://p3m.dev/cran/__linux__/noble/latest/src/contrib/foreach_1.5.2.tar.gz'
Content type 'binary/octet-stream' length 139753 bytes (136 KB)
==================================================
downloaded 136 KB

trying URL 'https://p3m.dev/cran/__linux__/noble/latest/src/contrib/gclus_1.3.2.tar.gz'
Content type 'binary/octet-stream' length 417365 bytes (407 KB)
==================================================
downloaded 407 KB

trying URL 'https://p3m.dev/cran/__linux__/noble/latest/src/contrib/qap_0.1-2.tar.gz'
Content type 'binary/octet-stream' length 467077 bytes (456 KB)
==================================================
downloaded 456 KB

trying URL 'https://p3m.dev/cran/__linux__/noble/latest/src/contrib/registry_0.5-1.tar.gz'
Content type 'binary/octet-stream' length 194497 bytes (189 KB)
==================================================
downloaded 189 KB

trying URL 'https://p3m.dev/cran/__linux__/noble/latest/src/contrib/TSP_1.2-4.tar.gz'
Content type 'binary/octet-stream' length 692636 bytes (676 KB)
==================================================
downloaded 676 KB

trying URL 'https://p3m.dev/cran/__linux__/noble/latest/src/contrib/vegan_2.6-10.tar.gz'
Content type 'binary/octet-stream' length 3142555 bytes (3.0 MB)
==================================================
downloaded 3.0 MB

trying URL 'https://p3m.dev/cran/__linux__/noble/latest/src/contrib/RSQLite_2.3.9.tar.gz'
Content type 'binary/octet-stream' length 1342920 bytes (1.3 MB)
==================================================
downloaded 1.3 MB

trying URL 'https://bioconductor.org/packages/3.20/bioc/src/contrib/AnnotationDbi_1.68.0.tar.gz'
Content type 'application/x-gzip' length 4378038 bytes (4.2 MB)
==================================================
downloaded 4.2 MB

trying URL 'https://bioconductor.org/packages/3.20/bioc/src/contrib/S4Vectors_0.44.0.tar.gz'
Content type 'application/x-gzip' length 1076666 bytes (1.0 MB)
==================================================
downloaded 1.0 MB

trying URL 'https://p3m.dev/cran/__linux__/noble/latest/src/contrib/httr_1.4.7.tar.gz'
Content type 'binary/octet-stream' length 484006 bytes (472 KB)
==================================================
downloaded 472 KB

trying URL 'https://p3m.dev/cran/__linux__/noble/latest/src/contrib/dplyr_1.1.4.tar.gz'
Content type 'binary/octet-stream' length 1491332 bytes (1.4 MB)
==================================================
downloaded 1.4 MB

trying URL 'https://p3m.dev/cran/__linux__/noble/latest/src/contrib/aplot_0.2.5.tar.gz'
Content type 'binary/octet-stream' length 75498 bytes (73 KB)
==================================================
downloaded 73 KB

trying URL 'https://bioconductor.org/packages/3.20/bioc/src/contrib/enrichplot_1.26.6.tar.gz'
Content type 'application/x-gzip' length 102899 bytes (100 KB)
==================================================
downloaded 100 KB

trying URL 'https://bioconductor.org/packages/3.20/bioc/src/contrib/GenomicFeatures_1.58.0.tar.gz'
Content type 'application/x-gzip' length 571678 bytes (558 KB)
==================================================
downloaded 558 KB

trying URL 'https://p3m.dev/cran/__linux__/noble/latest/src/contrib/gplots_3.2.0.tar.gz'
Content type 'binary/octet-stream' length 496973 bytes (485 KB)
==================================================
downloaded 485 KB

trying URL 'https://p3m.dev/cran/__linux__/noble/latest/src/contrib/gtools_3.9.5.tar.gz'
Content type 'binary/octet-stream' length 361081 bytes (352 KB)
==================================================
downloaded 352 KB

trying URL 'https://p3m.dev/cran/__linux__/noble/latest/src/contrib/plotrix_3.8-4.tar.gz'
Content type 'binary/octet-stream' length 1159693 bytes (1.1 MB)
==================================================
downloaded 1.1 MB

trying URL 'https://p3m.dev/cran/__linux__/noble/latest/src/contrib/RColorBrewer_1.1-3.tar.gz'
Content type 'binary/octet-stream' length 51823 bytes (50 KB)
==================================================
downloaded 50 KB

trying URL 'https://p3m.dev/cran/__linux__/noble/latest/src/contrib/yulab.utils_0.2.0.tar.gz'
Content type 'binary/octet-stream' length 117174 bytes (114 KB)
==================================================
downloaded 114 KB

trying URL 'https://bioconductor.org/packages/3.20/bioc/src/contrib/Biostrings_2.74.1.tar.gz'
Content type 'application/x-gzip' length 12823307 bytes (12.2 MB)
==================================================
downloaded 12.2 MB

trying URL 'https://bioconductor.org/packages/3.20/bioc/src/contrib/BSgenome_1.74.0.tar.gz'
Content type 'application/x-gzip' length 5903543 bytes (5.6 MB)
==================================================
downloaded 5.6 MB

trying URL 'https://p3m.dev/cran/__linux__/noble/latest/src/contrib/gridBase_0.4-7.tar.gz'
Content type 'binary/octet-stream' length 162068 bytes (158 KB)
==================================================
downloaded 158 KB

trying URL 'https://bioconductor.org/packages/3.20/bioc/src/contrib/impute_1.80.0.tar.gz'
Content type 'application/x-gzip' length 641984 bytes (626 KB)
==================================================
downloaded 626 KB

trying URL 'https://p3m.dev/cran/__linux__/noble/latest/src/contrib/matrixStats_1.5.0.tar.gz'
Content type 'binary/octet-stream' length 475041 bytes (463 KB)
==================================================
downloaded 463 KB

trying URL 'https://p3m.dev/cran/__linux__/noble/latest/src/contrib/plyr_1.8.9.tar.gz'
Content type 'binary/octet-stream' length 788070 bytes (769 KB)
==================================================
downloaded 769 KB

trying URL 'https://p3m.dev/cran/__linux__/noble/latest/src/contrib/readr_2.1.5.tar.gz'
Content type 'binary/octet-stream' length 867956 bytes (847 KB)
==================================================
downloaded 847 KB

trying URL 'https://bioconductor.org/packages/3.20/bioc/src/contrib/Rsamtools_2.22.0.tar.gz'
Content type 'application/x-gzip' length 2925866 bytes (2.8 MB)
==================================================
downloaded 2.8 MB

trying URL 'https://bioconductor.org/packages/3.20/bioc/src/contrib/seqPattern_1.38.0.tar.gz'
Content type 'application/x-gzip' length 5630625 bytes (5.4 MB)
==================================================
downloaded 5.4 MB

trying URL 'https://bioconductor.org/packages/3.20/bioc/src/contrib/XVector_0.46.0.tar.gz'
Content type 'application/x-gzip' length 70185 bytes (68 KB)
==================================================
downloaded 68 KB

trying URL 'https://bioconductor.org/packages/3.20/bioc/src/contrib/UCSC.utils_1.2.0.tar.gz'
Content type 'application/x-gzip' length 236888 bytes (231 KB)
==================================================
downloaded 231 KB

trying URL 'https://bioconductor.org/packages/3.20/data/annotation/src/contrib/GenomeInfoDbData_1.2.13.tar.gz'
Content type 'application/x-gzip' length 12924272 bytes (12.3 MB)
==================================================
downloaded 12.3 MB

trying URL 'https://p3m.dev/cran/__linux__/noble/latest/src/contrib/gtable_0.3.6.tar.gz'
Content type 'binary/octet-stream' length 222627 bytes (217 KB)
==================================================
downloaded 217 KB

trying URL 'https://p3m.dev/cran/__linux__/noble/latest/src/contrib/isoband_0.2.7.tar.gz'
Content type 'binary/octet-stream' length 1644325 bytes (1.6 MB)
==================================================
downloaded 1.6 MB

trying URL 'https://p3m.dev/cran/__linux__/noble/latest/src/contrib/viridisLite_0.4.2.tar.gz'
Content type 'binary/octet-stream' length 1297555 bytes (1.2 MB)
==================================================
downloaded 1.2 MB

trying URL 'https://p3m.dev/cran/__linux__/noble/latest/src/contrib/lazyeval_0.2.2.tar.gz'
Content type 'binary/octet-stream' length 157375 bytes (153 KB)
==================================================
downloaded 153 KB

trying URL 'https://p3m.dev/cran/__linux__/noble/latest/src/contrib/crosstalk_1.2.1.tar.gz'
Content type 'binary/octet-stream' length 410648 bytes (401 KB)
==================================================
downloaded 401 KB

trying URL 'https://p3m.dev/cran/__linux__/noble/latest/src/contrib/XML_3.99-0.18.tar.gz'
Content type 'binary/octet-stream' length 1815093 bytes (1.7 MB)
==================================================
downloaded 1.7 MB

trying URL 'https://bioconductor.org/packages/3.20/bioc/src/contrib/zlibbioc_1.52.0.tar.gz'
Content type 'application/x-gzip' length 384828 bytes (375 KB)
==================================================
downloaded 375 KB

trying URL 'https://bioconductor.org/packages/3.20/bioc/src/contrib/BiocIO_1.16.0.tar.gz'
Content type 'application/x-gzip' length 232338 bytes (226 KB)
==================================================
downloaded 226 KB

trying URL 'https://p3m.dev/cran/__linux__/noble/latest/src/contrib/restfulr_0.0.15.tar.gz'
Content type 'application/x-tar' length 15118 bytes (14 KB)
==================================================
downloaded 14 KB

trying URL 'https://p3m.dev/cran/__linux__/noble/latest/src/contrib/writexl_1.5.1.tar.gz'
Content type 'binary/octet-stream' length 172465 bytes (168 KB)
==================================================
downloaded 168 KB

trying URL 'https://p3m.dev/cran/__linux__/noble/latest/src/contrib/bsplus_0.1.4.tar.gz'
Content type 'binary/octet-stream' length 100649 bytes (98 KB)
==================================================
downloaded 98 KB

trying URL 'https://p3m.dev/cran/__linux__/noble/latest/src/contrib/b64_0.1.3.tar.gz'
Content type 'binary/octet-stream' length 962082 bytes (939 KB)
==================================================
downloaded 939 KB

trying URL 'https://p3m.dev/cran/__linux__/noble/latest/src/contrib/here_1.0.1.tar.gz'
Content type 'binary/octet-stream' length 53422 bytes (52 KB)
==================================================
downloaded 52 KB

trying URL 'https://p3m.dev/cran/__linux__/noble/latest/src/contrib/badger_0.2.4.tar.gz'
Content type 'binary/octet-stream' length 69820 bytes (68 KB)
==================================================
downloaded 68 KB

trying URL 'https://p3m.dev/cran/__linux__/noble/latest/src/contrib/renv_1.1.2.tar.gz'
Content type 'binary/octet-stream' length 2305059 bytes (2.2 MB)
==================================================
downloaded 2.2 MB

trying URL 'https://p3m.dev/cran/__linux__/noble/latest/src/contrib/dbplyr_2.5.0.tar.gz'
Content type 'binary/octet-stream' length 1236167 bytes (1.2 MB)
==================================================
downloaded 1.2 MB

trying URL 'https://p3m.dev/cran/__linux__/noble/latest/src/contrib/DBI_1.2.3.tar.gz'
Content type 'binary/octet-stream' length 914707 bytes (893 KB)
==================================================
downloaded 893 KB

trying URL 'https://p3m.dev/cran/__linux__/noble/latest/src/contrib/filelock_1.0.3.tar.gz'
Content type 'binary/octet-stream' length 24752 bytes (24 KB)
==================================================
downloaded 24 KB

trying URL 'https://p3m.dev/cran/__linux__/noble/latest/src/contrib/futile.logger_1.4.3.tar.gz'
Content type 'binary/octet-stream' length 97342 bytes (95 KB)
==================================================
downloaded 95 KB

trying URL 'https://p3m.dev/cran/__linux__/noble/latest/src/contrib/snow_0.4-4.tar.gz'
Content type 'binary/octet-stream' length 96930 bytes (94 KB)
==================================================
downloaded 94 KB

trying URL 'https://p3m.dev/cran/__linux__/noble/latest/src/contrib/BH_1.87.0-1.tar.gz'
Content type 'binary/octet-stream' length 13349384 bytes (12.7 MB)
==================================================
downloaded 12.7 MB

trying URL 'https://p3m.dev/cran/__linux__/noble/latest/src/contrib/bookdown_0.42.tar.gz'
Content type 'binary/octet-stream' length 1090748 bytes (1.0 MB)
==================================================
downloaded 1.0 MB

trying URL 'https://bioconductor.org/packages/3.20/bioc/src/contrib/DOSE_4.0.0.tar.gz'
Content type 'application/x-gzip' length 5747842 bytes (5.5 MB)
==================================================
downloaded 5.5 MB

trying URL 'https://bioconductor.org/packages/3.20/data/annotation/src/contrib/GO.db_3.20.0.tar.gz'
Content type 'application/x-gzip' length 26341489 bytes (25.1 MB)
==================================================
downloaded 25.1 MB

trying URL 'https://bioconductor.org/packages/3.20/bioc/src/contrib/GOSemSim_2.32.0.tar.gz'
Content type 'application/x-gzip' length 610829 bytes (596 KB)
==================================================
downloaded 596 KB

trying URL 'https://p3m.dev/cran/__linux__/noble/latest/src/contrib/gson_0.1.0.tar.gz'
