'getOption("repos")' replaces Bioconductor standard repositories, see
'help("repositories", package = "BiocManager")' for details.
Replacement repositories:
    CRAN: https://p3m.dev/cran/__linux__/noble/latest
Bioconductor version 3.20 (BiocManager 1.30.25), R 4.4.2 (2024-10-31)
Installing package(s) 'RVS'
also installing the dependencies ‘GENLIB’, ‘gRain’

trying URL 'https://p3m.dev/cran/__linux__/noble/latest/src/contrib/GENLIB_1.1.10.tar.gz'
Content type 'binary/octet-stream' length 1163058 bytes (1.1 MB)
==================================================
downloaded 1.1 MB

trying URL 'https://p3m.dev/cran/__linux__/noble/latest/src/contrib/gRain_1.4.5.tar.gz'
Content type 'binary/octet-stream' length 448177 bytes (437 KB)
==================================================
downloaded 437 KB

trying URL 'https://bioconductor.org/packages/3.20/bioc/src/contrib/RVS_1.28.0.tar.gz'
Content type 'application/x-gzip' length 644208 bytes (629 KB)
==================================================
downloaded 629 KB

* installing *binary* package ‘GENLIB’ ...
* ‘GENLIB’ was already a binary package and will not be rebuilt
* creating tarball
packaged installation of ‘GENLIB’ as ‘GENLIB_1.1.10_R_x86_64-pc-linux-gnu.tar.gz’
* DONE (GENLIB)
* installing *binary* package ‘gRain’ ...
* ‘gRain’ was already a binary package and will not be rebuilt
* creating tarball
packaged installation of ‘gRain’ as ‘gRain_1.4.5_R_x86_64-pc-linux-gnu.tar.gz’
* DONE (gRain)
* installing *source* package ‘RVS’ ...
** package ‘RVS’ successfully unpacked and MD5 sums checked
** using staged installation
** R
** data
*** moving datasets to lazyload DB
** inst
** byte-compile and prepare package for lazy loading
** help
*** installing help indices
** building package indices
** installing vignettes
** testing if installed package can be loaded from temporary location
** testing if installed package can be loaded from final location
** testing if installed package keeps a record of temporary installation path
* creating tarball
packaged installation of ‘RVS’ as ‘RVS_1.28.0_R_x86_64-pc-linux-gnu.tar.gz’
* DONE (RVS)

The downloaded source packages are in
	‘/tmp/RtmpPmYDtO/downloaded_packages’
Old packages: 'bslib', 'cli', 'cpp11', 'curl', 'evaluate', 'httr2', 'jsonlite',
  'openssl', 'pillar', 'pkgbuild', 'processx', 'ps', 'purrr', 'R6', 'Rcpp',
  'rlang', 'sessioninfo', 'systemfonts', 'testthat', 'textshaping', 'tinytex',
  'xfun', 'xml2', 'zip', 'class', 'foreign', 'KernSmooth', 'MASS', 'Matrix',
  'nlme', 'nnet', 'rpart', 'spatial'

real	0m56.595s
user	0m13.304s
sys	0m4.822s
