'getOption("repos")' replaces Bioconductor standard repositories, see
'help("repositories", package = "BiocManager")' for details.
Replacement repositories:
    CRAN: https://p3m.dev/cran/__linux__/noble/latest
Bioconductor version 3.20 (BiocManager 1.30.25), R 4.4.2 (2024-10-31)
Installing package(s) 'smoothclust'
also installing the dependencies ‘spData’, ‘ggside’, ‘spdep’, ‘ggspavis’

trying URL 'https://p3m.dev/cran/__linux__/noble/latest/src/contrib/spData_2.3.4.tar.gz'
Content type 'binary/octet-stream' length 3892126 bytes (3.7 MB)
==================================================
downloaded 3.7 MB

trying URL 'https://p3m.dev/cran/__linux__/noble/latest/src/contrib/ggside_0.3.1.tar.gz'
Content type 'binary/octet-stream' length 2763310 bytes (2.6 MB)
==================================================
downloaded 2.6 MB

trying URL 'https://p3m.dev/cran/__linux__/noble/latest/src/contrib/spdep_1.3-10.tar.gz'
Content type 'binary/octet-stream' length 5488954 bytes (5.2 MB)
==================================================
downloaded 5.2 MB

trying URL 'https://bioconductor.org/packages/3.20/bioc/src/contrib/ggspavis_1.12.0.tar.gz'
Content type 'application/x-gzip' length 6285011 bytes (6.0 MB)
==================================================
downloaded 6.0 MB

trying URL 'https://bioconductor.org/packages/3.20/bioc/src/contrib/smoothclust_1.2.2.tar.gz'
Content type 'application/x-gzip' length 1063653 bytes (1.0 MB)
==================================================
downloaded 1.0 MB

* installing *binary* package ‘spData’ ...
* ‘spData’ was already a binary package and will not be rebuilt
* creating tarball
packaged installation of ‘spData’ as ‘spData_2.3.4_R_x86_64-pc-linux-gnu.tar.gz’
* DONE (spData)
* installing *binary* package ‘ggside’ ...
* ‘ggside’ was already a binary package and will not be rebuilt
* creating tarball
packaged installation of ‘ggside’ as ‘ggside_0.3.1_R_x86_64-pc-linux-gnu.tar.gz’
* DONE (ggside)
* installing *binary* package ‘spdep’ ...
* ‘spdep’ was already a binary package and will not be rebuilt
* creating tarball
packaged installation of ‘spdep’ as ‘spdep_1.3-10_R_x86_64-pc-linux-gnu.tar.gz’
* DONE (spdep)
* installing *source* package ‘ggspavis’ ...
** package ‘ggspavis’ successfully unpacked and MD5 sums checked
** using staged installation
** R
** inst
** byte-compile and prepare package for lazy loading
** help
*** installing help indices
** building package indices
** installing vignettes
** testing if installed package can be loaded from temporary location
** testing if installed package can be loaded from final location
** testing if installed package keeps a record of temporary installation path
* creating tarball
packaged installation of ‘ggspavis’ as ‘ggspavis_1.12.0_R_x86_64-pc-linux-gnu.tar.gz’
* DONE (ggspavis)
* installing *source* package ‘smoothclust’ ...
** package ‘smoothclust’ successfully unpacked and MD5 sums checked
** using staged installation
** R
** inst
** byte-compile and prepare package for lazy loading
** help
*** installing help indices
** building package indices
** installing vignettes
** testing if installed package can be loaded from temporary location
** testing if installed package can be loaded from final location
** testing if installed package keeps a record of temporary installation path
* creating tarball
packaged installation of ‘smoothclust’ as ‘smoothclust_1.2.2_R_x86_64-pc-linux-gnu.tar.gz’
* DONE (smoothclust)

The downloaded source packages are in
	‘/tmp/RtmpawjTkG/downloaded_packages’
Old packages: 'bslib', 'cli', 'cpp11', 'curl', 'evaluate', 'httr2', 'jsonlite',
  'openssl', 'pillar', 'pkgbuild', 'processx', 'ps', 'purrr', 'R6', 'Rcpp',
  'rlang', 'sessioninfo', 'systemfonts', 'testthat', 'textshaping', 'tinytex',
  'xfun', 'xml2', 'zip', 'class', 'foreign', 'KernSmooth', 'MASS', 'Matrix',
  'nlme', 'nnet', 'rpart', 'spatial'

real	2m19.962s
user	0m51.499s
sys	0m9.394s
