'getOption("repos")' replaces Bioconductor standard repositories, see
'help("repositories", package = "BiocManager")' for details.
Replacement repositories:
    CRAN: https://p3m.dev/cran/__linux__/noble/latest
Bioconductor version 3.20 (BiocManager 1.30.25), R 4.4.2 (2024-10-31)
Installing package(s) 'SpaceMarkers'
also installing the dependencies ‘fontBitstreamVera’, ‘fontLiberation’, ‘XVector’, ‘SparseArray’, ‘extrafontdb’, ‘Rttf2pt1’, ‘fontquiver’, ‘GenomicRanges’, ‘DelayedArray’, ‘IRanges’, ‘GenomeInfoDb’, ‘S4Arrays’, ‘extrafont’, ‘gdtools’, ‘bmp’, ‘SingleCellExperiment’, ‘SummarizedExperiment’, ‘fgsea’, ‘matrixTests’, ‘hdf5r’, ‘hrbrthemes’, ‘readbitmap’, ‘CoGAPS’

trying URL 'https://p3m.dev/cran/__linux__/noble/latest/src/contrib/fontBitstreamVera_0.1.1.tar.gz'
Content type 'binary/octet-stream' length 699472 bytes (683 KB)
==================================================
downloaded 683 KB

trying URL 'https://p3m.dev/cran/__linux__/noble/latest/src/contrib/fontLiberation_0.1.0.tar.gz'
Content type 'binary/octet-stream' length 4539098 bytes (4.3 MB)
==================================================
downloaded 4.3 MB

trying URL 'https://bioconductor.org/packages/3.20/bioc/src/contrib/XVector_0.46.0.tar.gz'
Content type 'application/x-gzip' length 70185 bytes (68 KB)
==================================================
downloaded 68 KB

trying URL 'https://bioconductor.org/packages/3.20/bioc/src/contrib/SparseArray_1.6.2.tar.gz'
Content type 'application/x-gzip' length 468696 bytes (457 KB)
==================================================
downloaded 457 KB

trying URL 'https://p3m.dev/cran/__linux__/noble/latest/src/contrib/extrafontdb_1.0.tar.gz'
Content type 'binary/octet-stream' length 7010 bytes
==================================================
downloaded 7010 bytes

trying URL 'https://p3m.dev/cran/__linux__/noble/latest/src/contrib/Rttf2pt1_1.3.12.tar.gz'
Content type 'binary/octet-stream' length 273846 bytes (267 KB)
==================================================
downloaded 267 KB

trying URL 'https://p3m.dev/cran/__linux__/noble/latest/src/contrib/fontquiver_0.2.1.tar.gz'
Content type 'binary/octet-stream' length 2279696 bytes (2.2 MB)
==================================================
downloaded 2.2 MB

trying URL 'https://bioconductor.org/packages/3.20/bioc/src/contrib/GenomicRanges_1.58.0.tar.gz'
Content type 'application/x-gzip' length 1374658 bytes (1.3 MB)
==================================================
downloaded 1.3 MB

trying URL 'https://bioconductor.org/packages/3.20/bioc/src/contrib/DelayedArray_0.32.0.tar.gz'
Content type 'application/x-gzip' length 825598 bytes (806 KB)
==================================================
downloaded 806 KB

trying URL 'https://bioconductor.org/packages/3.20/bioc/src/contrib/IRanges_2.40.1.tar.gz'
Content type 'application/x-gzip' length 486989 bytes (475 KB)
==================================================
downloaded 475 KB

trying URL 'https://bioconductor.org/packages/3.20/bioc/src/contrib/GenomeInfoDb_1.42.3.tar.gz'
Content type 'application/x-gzip' length 3592070 bytes (3.4 MB)
==================================================
downloaded 3.4 MB

trying URL 'https://bioconductor.org/packages/3.20/bioc/src/contrib/S4Arrays_1.6.0.tar.gz'
Content type 'application/x-gzip' length 288435 bytes (281 KB)
==================================================
downloaded 281 KB

trying URL 'https://p3m.dev/cran/__linux__/noble/latest/src/contrib/extrafont_0.19.tar.gz'
Content type 'binary/octet-stream' length 54897 bytes (53 KB)
==================================================
downloaded 53 KB

trying URL 'https://p3m.dev/cran/__linux__/noble/latest/src/contrib/gdtools_0.4.1.tar.gz'
Content type 'binary/octet-stream' length 208702 bytes (203 KB)
==================================================
downloaded 203 KB

trying URL 'https://p3m.dev/cran/__linux__/noble/latest/src/contrib/bmp_0.3.tar.gz'
Content type 'binary/octet-stream' length 120181 bytes (117 KB)
==================================================
downloaded 117 KB

trying URL 'https://bioconductor.org/packages/3.20/bioc/src/contrib/SingleCellExperiment_1.28.1.tar.gz'
Content type 'application/x-gzip' length 985694 bytes (962 KB)
==================================================
downloaded 962 KB

trying URL 'https://bioconductor.org/packages/3.20/bioc/src/contrib/SummarizedExperiment_1.36.0.tar.gz'
Content type 'application/x-gzip' length 690951 bytes (674 KB)
==================================================
downloaded 674 KB

trying URL 'https://bioconductor.org/packages/3.20/bioc/src/contrib/fgsea_1.32.2.tar.gz'
Content type 'application/x-gzip' length 4980260 bytes (4.7 MB)
==================================================
downloaded 4.7 MB

trying URL 'https://p3m.dev/cran/__linux__/noble/latest/src/contrib/matrixTests_0.2.3.tar.gz'
Content type 'binary/octet-stream' length 193298 bytes (188 KB)
==================================================
downloaded 188 KB

trying URL 'https://p3m.dev/cran/__linux__/noble/latest/src/contrib/hdf5r_1.3.12.tar.gz'
Content type 'binary/octet-stream' length 1919140 bytes (1.8 MB)
==================================================
downloaded 1.8 MB

trying URL 'https://p3m.dev/cran/__linux__/noble/latest/src/contrib/hrbrthemes_0.8.7.tar.gz'
Content type 'binary/octet-stream' length 867203 bytes (846 KB)
==================================================
downloaded 846 KB

trying URL 'https://p3m.dev/cran/__linux__/noble/latest/src/contrib/readbitmap_0.1.5.tar.gz'
Content type 'binary/octet-stream' length 17234 bytes (16 KB)
==================================================
downloaded 16 KB

trying URL 'https://bioconductor.org/packages/3.20/bioc/src/contrib/CoGAPS_3.26.0.tar.gz'
Content type 'application/x-gzip' length 20873879 bytes (19.9 MB)
==================================================
downloaded 19.9 MB

trying URL 'https://bioconductor.org/packages/3.20/bioc/src/contrib/SpaceMarkers_1.2.1.tar.gz'
Content type 'application/x-gzip' length 3113455 bytes (3.0 MB)
==================================================
downloaded 3.0 MB

* installing *binary* package ‘fontBitstreamVera’ ...
* ‘fontBitstreamVera’ was already a binary package and will not be rebuilt
* creating tarball
packaged installation of ‘fontBitstreamVera’ as ‘fontBitstreamVera_0.1.1_R_x86_64-pc-linux-gnu.tar.gz’
* DONE (fontBitstreamVera)
* installing *binary* package ‘fontLiberation’ ...
* ‘fontLiberation’ was already a binary package and will not be rebuilt
* creating tarball
packaged installation of ‘fontLiberation’ as ‘fontLiberation_0.1.0_R_x86_64-pc-linux-gnu.tar.gz’
* DONE (fontLiberation)
* installing *binary* package ‘extrafontdb’ ...
* ‘extrafontdb’ was already a binary package and will not be rebuilt
* creating tarball
packaged installation of ‘extrafontdb’ as ‘extrafontdb_1.0_R_x86_64-pc-linux-gnu.tar.gz’
* DONE (extrafontdb)
* installing *binary* package ‘Rttf2pt1’ ...
* ‘Rttf2pt1’ was already a binary package and will not be rebuilt
* creating tarball
packaged installation of ‘Rttf2pt1’ as ‘Rttf2pt1_1.3.12_R_x86_64-pc-linux-gnu.tar.gz’
* DONE (Rttf2pt1)
ERROR: failed to lock directory ‘/mnt/library’ for modifying
Try removing ‘/mnt/library/00LOCK-IRanges’
* installing *binary* package ‘bmp’ ...
* ‘bmp’ was already a binary package and will not be rebuilt
* creating tarball
packaged installation of ‘bmp’ as ‘bmp_0.3_R_x86_64-pc-linux-gnu.tar.gz’
* DONE (bmp)
* installing *source* package ‘fgsea’ ...
** package ‘fgsea’ successfully unpacked and MD5 sums checked
** using staged installation
** libs
using C++ compiler: ‘g++ (Ubuntu 13.3.0-6ubuntu2~24.04) 13.3.0’
g++ -std=gnu++17 -I"/usr/local/lib/R/include" -DNDEBUG  -I'/usr/local/lib/R/site-library/Rcpp/include' -I'/mnt/library/BH/include' -I/usr/local/include    -fpic  -g -O2 -fstack-protector-strong -Wformat -Wformat-security -Wdate-time -D_FORTIFY_SOURCE=2 -g  -DR_NO_REMAP -c RcppExports.cpp -o RcppExports.o
g++ -std=gnu++17 -I"/usr/local/lib/R/include" -DNDEBUG  -I'/usr/local/lib/R/site-library/Rcpp/include' -I'/mnt/library/BH/include' -I/usr/local/include    -fpic  -g -O2 -fstack-protector-strong -Wformat -Wformat-security -Wdate-time -D_FORTIFY_SOURCE=2 -g  -DR_NO_REMAP -c ScoreCalculation.cpp -o ScoreCalculation.o
g++ -std=gnu++17 -I"/usr/local/lib/R/include" -DNDEBUG  -I'/usr/local/lib/R/site-library/Rcpp/include' -I'/mnt/library/BH/include' -I/usr/local/include    -fpic  -g -O2 -fstack-protector-strong -Wformat -Wformat-security -Wdate-time -D_FORTIFY_SOURCE=2 -g  -DR_NO_REMAP -c ScoreRuler.cpp -o ScoreRuler.o
g++ -std=gnu++17 -I"/usr/local/lib/R/include" -DNDEBUG  -I'/usr/local/lib/R/site-library/Rcpp/include' -I'/mnt/library/BH/include' -I/usr/local/include    -fpic  -g -O2 -fstack-protector-strong -Wformat -Wformat-security -Wdate-time -D_FORTIFY_SOURCE=2 -g  -DR_NO_REMAP -c esCalculation.cpp -o esCalculation.o
g++ -std=gnu++17 -I"/usr/local/lib/R/include" -DNDEBUG  -I'/usr/local/lib/R/site-library/Rcpp/include' -I'/mnt/library/BH/include' -I/usr/local/include    -fpic  -g -O2 -fstack-protector-strong -Wformat -Wformat-security -Wdate-time -D_FORTIFY_SOURCE=2 -g  -DR_NO_REMAP -c fastGSEA.cpp -o fastGSEA.o
g++ -std=gnu++17 -I"/usr/local/lib/R/include" -DNDEBUG  -I'/usr/local/lib/R/site-library/Rcpp/include' -I'/mnt/library/BH/include' -I/usr/local/include    -fpic  -g -O2 -fstack-protector-strong -Wformat -Wformat-security -Wdate-time -D_FORTIFY_SOURCE=2 -g  -DR_NO_REMAP -c fgseaMultilevel.cpp -o fgseaMultilevel.o
g++ -std=gnu++17 -I"/usr/local/lib/R/include" -DNDEBUG  -I'/usr/local/lib/R/site-library/Rcpp/include' -I'/mnt/library/BH/include' -I/usr/local/include    -fpic  -g -O2 -fstack-protector-strong -Wformat -Wformat-security -Wdate-time -D_FORTIFY_SOURCE=2 -g  -DR_NO_REMAP -c fgseaMultilevelSupplement.cpp -o fgseaMultilevelSupplement.o
g++ -std=gnu++17 -I"/usr/local/lib/R/include" -DNDEBUG  -I'/usr/local/lib/R/site-library/Rcpp/include' -I'/mnt/library/BH/include' -I/usr/local/include    -fpic  -g -O2 -fstack-protector-strong -Wformat -Wformat-security -Wdate-time -D_FORTIFY_SOURCE=2 -g  -DR_NO_REMAP -c geseca.cpp -o geseca.o
g++ -std=gnu++17 -I"/usr/local/lib/R/include" -DNDEBUG  -I'/usr/local/lib/R/site-library/Rcpp/include' -I'/mnt/library/BH/include' -I/usr/local/include    -fpic  -g -O2 -fstack-protector-strong -Wformat -Wformat-security -Wdate-time -D_FORTIFY_SOURCE=2 -g  -DR_NO_REMAP -c util.cpp -o util.o
g++ -std=gnu++17 -shared -L/usr/local/lib/R/lib -L/usr/local/lib -o fgsea.so RcppExports.o ScoreCalculation.o ScoreRuler.o esCalculation.o fastGSEA.o fgseaMultilevel.o fgseaMultilevelSupplement.o geseca.o util.o -L/usr/local/lib/R/lib -lR
installing to /mnt/library/00LOCK-fgsea/00new/fgsea/libs
** R
** data
*** moving datasets to lazyload DB
** inst
** byte-compile and prepare package for lazy loading
Error in loadNamespace(i, c(lib.loc, .libPaths()), versionCheck = vI[[i]]) : 
  there is no package called ‘BiocParallel’
Calls: <Anonymous> ... loadNamespace -> withRestarts -> withOneRestart -> doWithOneRestart
Execution halted
ERROR: lazy loading failed for package ‘fgsea’
* removing ‘/mnt/library/fgsea’
* installing *binary* package ‘matrixTests’ ...
* ‘matrixTests’ was already a binary package and will not be rebuilt
* creating tarball
packaged installation of ‘matrixTests’ as ‘matrixTests_0.2.3_R_x86_64-pc-linux-gnu.tar.gz’
* DONE (matrixTests)
* installing *source* package ‘hdf5r’ ...
** package ‘hdf5r’ successfully unpacked and MD5 sums checked
** using staged installation
checking for a sed that does not truncate output... /usr/bin/sed
checking for gawk... no
checking for mawk... mawk
checking for grep that handles long lines and -e... /usr/bin/grep
checking for gcc... gcc
checking whether the C compiler works... yes
checking for C compiler default output file name... a.out
checking for suffix of executables... 
checking whether we are cross compiling... no
checking for suffix of object files... o
checking whether the compiler supports GNU C... yes
checking whether gcc accepts -g... yes
checking for gcc option to enable C11 features... none needed
checking for stdio.h... yes
checking for stdlib.h... yes
checking for string.h... yes
checking for inttypes.h... yes
checking for stdint.h... yes
checking for strings.h... yes
checking for sys/stat.h... yes
checking for sys/types.h... yes
checking for unistd.h... yes
checking for h5cc... /usr/bin/h5cc
checking for HDF5 libraries... yes (version 1.10.10)
checking for hdf5.h... yes
checking for H5Fcreate in -lhdf5... yes
checking for hdf5_hl.h... yes
checking for H5LTpath_valid in -lhdf5_hl... yes
checking for main in -lhdf5_hl... yes
checking for matching HDF5 Fortran wrapper... /usr/bin/h5fc
Found hdf5 with version: 1.10.10
checking for ggrep... /usr/bin/grep
checking whether /usr/bin/grep accepts -o... yes
checking for ggrep... (cached) /usr/bin/grep
checking whether /usr/bin/grep accepts -o... yes
Using variables:
HDF5_LIBS= -L/usr/lib/x86_64-linux-gnu/hdf5/serial  -lcrypto  -lcurl  -lpthread  -lsz  -lz  -ldl  -lm  -L. -lhdf5_hl -lhdf5 -lz -lm
HDF5_CFLAGS=
HDF5_CPPFLAGS=-I/usr/include/hdf5/serial 
configure: creating ./config.status
config.status: creating src/Makevars
** libs
using C compiler: ‘gcc (Ubuntu 13.3.0-6ubuntu2~24.04) 13.3.0’
cp 1_10_3/*.c 1_10_3/*.h .
if [ "1.10.6" != "" ]; then patch -p2 < patch_1.10.6; fi
patching file datatype_export.c
Hunk #1 succeeded at 1901 (offset 1 line).
gcc -I"/usr/local/lib/R/include" -DNDEBUG -I/usr/include/hdf5/serial   -I/usr/local/include   -D__USE_MINGW_ANSI_STDIO  -fpic  -g -O2 -fstack-protector-strong -Wformat -Wformat-security -Wdate-time -D_FORTIFY_SOURCE=2 -g  -c const_export.c -o const_export.o
gcc -I"/usr/local/lib/R/include" -DNDEBUG -I/usr/include/hdf5/serial   -I/usr/local/include   -D__USE_MINGW_ANSI_STDIO  -fpic  -g -O2 -fstack-protector-strong -Wformat -Wformat-security -Wdate-time -D_FORTIFY_SOURCE=2 -g  -c datatype_export.c -o datatype_export.o
gcc -I"/usr/local/lib/R/include" -DNDEBUG -I/usr/include/hdf5/serial   -I/usr/local/include   -D__USE_MINGW_ANSI_STDIO  -fpic  -g -O2 -fstack-protector-strong -Wformat -Wformat-security -Wdate-time -D_FORTIFY_SOURCE=2 -g  -c Wrapper_auto_H5A.c -o Wrapper_auto_H5A.o
gcc -I"/usr/local/lib/R/include" -DNDEBUG -I/usr/include/hdf5/serial   -I/usr/local/include   -D__USE_MINGW_ANSI_STDIO  -fpic  -g -O2 -fstack-protector-strong -Wformat -Wformat-security -Wdate-time -D_FORTIFY_SOURCE=2 -g  -c Wrapper_auto_H5.c -o Wrapper_auto_H5.o
gcc -I"/usr/local/lib/R/include" -DNDEBUG -I/usr/include/hdf5/serial   -I/usr/local/include   -D__USE_MINGW_ANSI_STDIO  -fpic  -g -O2 -fstack-protector-strong -Wformat -Wformat-security -Wdate-time -D_FORTIFY_SOURCE=2 -g  -c Wrapper_auto_H5D.c -o Wrapper_auto_H5D.o
gcc -I"/usr/local/lib/R/include" -DNDEBUG -I/usr/include/hdf5/serial   -I/usr/local/include   -D__USE_MINGW_ANSI_STDIO  -fpic  -g -O2 -fstack-protector-strong -Wformat -Wformat-security -Wdate-time -D_FORTIFY_SOURCE=2 -g  -c Wrapper_auto_H5DS.c -o Wrapper_auto_H5DS.o
gcc -I"/usr/local/lib/R/include" -DNDEBUG -I/usr/include/hdf5/serial   -I/usr/local/include   -D__USE_MINGW_ANSI_STDIO  -fpic  -g -O2 -fstack-protector-strong -Wformat -Wformat-security -Wdate-time -D_FORTIFY_SOURCE=2 -g  -c Wrapper_auto_H5E.c -o Wrapper_auto_H5E.o
gcc -I"/usr/local/lib/R/include" -DNDEBUG -I/usr/include/hdf5/serial   -I/usr/local/include   -D__USE_MINGW_ANSI_STDIO  -fpic  -g -O2 -fstack-protector-strong -Wformat -Wformat-security -Wdate-time -D_FORTIFY_SOURCE=2 -g  -c Wrapper_auto_H5F.c -o Wrapper_auto_H5F.o
gcc -I"/usr/local/lib/R/include" -DNDEBUG -I/usr/include/hdf5/serial   -I/usr/local/include   -D__USE_MINGW_ANSI_STDIO  -fpic  -g -O2 -fstack-protector-strong -Wformat -Wformat-security -Wdate-time -D_FORTIFY_SOURCE=2 -g  -c Wrapper_auto_H5G.c -o Wrapper_auto_H5G.o
gcc -I"/usr/local/lib/R/include" -DNDEBUG -I/usr/include/hdf5/serial   -I/usr/local/include   -D__USE_MINGW_ANSI_STDIO  -fpic  -g -O2 -fstack-protector-strong -Wformat -Wformat-security -Wdate-time -D_FORTIFY_SOURCE=2 -g  -c Wrapper_auto_H5I.c -o Wrapper_auto_H5I.o
gcc -I"/usr/local/lib/R/include" -DNDEBUG -I/usr/include/hdf5/serial   -I/usr/local/include   -D__USE_MINGW_ANSI_STDIO  -fpic  -g -O2 -fstack-protector-strong -Wformat -Wformat-security -Wdate-time -D_FORTIFY_SOURCE=2 -g  -c Wrapper_auto_H5IM.c -o Wrapper_auto_H5IM.o
gcc -I"/usr/local/lib/R/include" -DNDEBUG -I/usr/include/hdf5/serial   -I/usr/local/include   -D__USE_MINGW_ANSI_STDIO  -fpic  -g -O2 -fstack-protector-strong -Wformat -Wformat-security -Wdate-time -D_FORTIFY_SOURCE=2 -g  -c Wrapper_auto_H5L.c -o Wrapper_auto_H5L.o
gcc -I"/usr/local/lib/R/include" -DNDEBUG -I/usr/include/hdf5/serial   -I/usr/local/include   -D__USE_MINGW_ANSI_STDIO  -fpic  -g -O2 -fstack-protector-strong -Wformat -Wformat-security -Wdate-time -D_FORTIFY_SOURCE=2 -g  -c Wrapper_auto_H5LT.c -o Wrapper_auto_H5LT.o
gcc -I"/usr/local/lib/R/include" -DNDEBUG -I/usr/include/hdf5/serial   -I/usr/local/include   -D__USE_MINGW_ANSI_STDIO  -fpic  -g -O2 -fstack-protector-strong -Wformat -Wformat-security -Wdate-time -D_FORTIFY_SOURCE=2 -g  -c Wrapper_auto_H5O.c -o Wrapper_auto_H5O.o
gcc -I"/usr/local/lib/R/include" -DNDEBUG -I/usr/include/hdf5/serial   -I/usr/local/include   -D__USE_MINGW_ANSI_STDIO  -fpic  -g -O2 -fstack-protector-strong -Wformat -Wformat-security -Wdate-time -D_FORTIFY_SOURCE=2 -g  -c Wrapper_auto_H5P.c -o Wrapper_auto_H5P.o
gcc -I"/usr/local/lib/R/include" -DNDEBUG -I/usr/include/hdf5/serial   -I/usr/local/include   -D__USE_MINGW_ANSI_STDIO  -fpic  -g -O2 -fstack-protector-strong -Wformat -Wformat-security -Wdate-time -D_FORTIFY_SOURCE=2 -g  -c Wrapper_auto_H5R.c -o Wrapper_auto_H5R.o
gcc -I"/usr/local/lib/R/include" -DNDEBUG -I/usr/include/hdf5/serial   -I/usr/local/include   -D__USE_MINGW_ANSI_STDIO  -fpic  -g -O2 -fstack-protector-strong -Wformat -Wformat-security -Wdate-time -D_FORTIFY_SOURCE=2 -g  -c Wrapper_auto_H5S.c -o Wrapper_auto_H5S.o
gcc -I"/usr/local/lib/R/include" -DNDEBUG -I/usr/include/hdf5/serial   -I/usr/local/include   -D__USE_MINGW_ANSI_STDIO  -fpic  -g -O2 -fstack-protector-strong -Wformat -Wformat-security -Wdate-time -D_FORTIFY_SOURCE=2 -g  -c Wrapper_auto_H5TB.c -o Wrapper_auto_H5TB.o
gcc -I"/usr/local/lib/R/include" -DNDEBUG -I/usr/include/hdf5/serial   -I/usr/local/include   -D__USE_MINGW_ANSI_STDIO  -fpic  -g -O2 -fstack-protector-strong -Wformat -Wformat-security -Wdate-time -D_FORTIFY_SOURCE=2 -g  -c Wrapper_auto_H5T.c -o Wrapper_auto_H5T.o
gcc -I"/usr/local/lib/R/include" -DNDEBUG -I/usr/include/hdf5/serial   -I/usr/local/include   -D__USE_MINGW_ANSI_STDIO  -fpic  -g -O2 -fstack-protector-strong -Wformat -Wformat-security -Wdate-time -D_FORTIFY_SOURCE=2 -g  -c Wrapper_auto_H5Z.c -o Wrapper_auto_H5Z.o
gcc -I"/usr/local/lib/R/include" -DNDEBUG -I/usr/include/hdf5/serial   -I/usr/local/include   -D__USE_MINGW_ANSI_STDIO  -fpic  -g -O2 -fstack-protector-strong -Wformat -Wformat-security -Wdate-time -D_FORTIFY_SOURCE=2 -g  -c Wrapper_auto_H5FDcore.c -o Wrapper_auto_H5FDcore.o
gcc -I"/usr/local/lib/R/include" -DNDEBUG -I/usr/include/hdf5/serial   -I/usr/local/include   -D__USE_MINGW_ANSI_STDIO  -fpic  -g -O2 -fstack-protector-strong -Wformat -Wformat-security -Wdate-time -D_FORTIFY_SOURCE=2 -g  -c Wrapper_auto_H5FDfamily.c -o Wrapper_auto_H5FDfamily.o
gcc -I"/usr/local/lib/R/include" -DNDEBUG -I/usr/include/hdf5/serial   -I/usr/local/include   -D__USE_MINGW_ANSI_STDIO  -fpic  -g -O2 -fstack-protector-strong -Wformat -Wformat-security -Wdate-time -D_FORTIFY_SOURCE=2 -g  -c Wrapper_auto_H5FDlog.c -o Wrapper_auto_H5FDlog.o
gcc -I"/usr/local/lib/R/include" -DNDEBUG -I/usr/include/hdf5/serial   -I/usr/local/include   -D__USE_MINGW_ANSI_STDIO  -fpic  -g -O2 -fstack-protector-strong -Wformat -Wformat-security -Wdate-time -D_FORTIFY_SOURCE=2 -g  -c Wrapper_auto_H5FDsec2.c -o Wrapper_auto_H5FDsec2.o
gcc -I"/usr/local/lib/R/include" -DNDEBUG -I/usr/include/hdf5/serial   -I/usr/local/include   -D__USE_MINGW_ANSI_STDIO  -fpic  -g -O2 -fstack-protector-strong -Wformat -Wformat-security -Wdate-time -D_FORTIFY_SOURCE=2 -g  -c Wrapper_auto_H5FDstdio.c -o Wrapper_auto_H5FDstdio.o
gcc -I"/usr/local/lib/R/include" -DNDEBUG -I/usr/include/hdf5/serial   -I/usr/local/include   -D__USE_MINGW_ANSI_STDIO  -fpic  -g -O2 -fstack-protector-strong -Wformat -Wformat-security -Wdate-time -D_FORTIFY_SOURCE=2 -g  -c convert.c -o convert.o
gcc -I"/usr/local/lib/R/include" -DNDEBUG -I/usr/include/hdf5/serial   -I/usr/local/include   -D__USE_MINGW_ANSI_STDIO  -fpic  -g -O2 -fstack-protector-strong -Wformat -Wformat-security -Wdate-time -D_FORTIFY_SOURCE=2 -g  -c hdf5r_init.c -o hdf5r_init.o
gcc -I"/usr/local/lib/R/include" -DNDEBUG -I/usr/include/hdf5/serial   -I/usr/local/include   -D__USE_MINGW_ANSI_STDIO  -fpic  -g -O2 -fstack-protector-strong -Wformat -Wformat-security -Wdate-time -D_FORTIFY_SOURCE=2 -g  -c H5Error.c -o H5Error.o
gcc -I"/usr/local/lib/R/include" -DNDEBUG -I/usr/include/hdf5/serial   -I/usr/local/include   -D__USE_MINGW_ANSI_STDIO  -fpic  -g -O2 -fstack-protector-strong -Wformat -Wformat-security -Wdate-time -D_FORTIFY_SOURCE=2 -g  -c H5ls.c -o H5ls.o
gcc -I"/usr/local/lib/R/include" -DNDEBUG -I/usr/include/hdf5/serial   -I/usr/local/include   -D__USE_MINGW_ANSI_STDIO  -fpic  -g -O2 -fstack-protector-strong -Wformat -Wformat-security -Wdate-time -D_FORTIFY_SOURCE=2 -g  -c Wrapper_manual_H5T.c -o Wrapper_manual_H5T.o
gcc -shared -L/usr/local/lib/R/lib -L/usr/local/lib -o hdf5r.so const_export.o datatype_export.o Wrapper_auto_H5A.o Wrapper_auto_H5.o Wrapper_auto_H5D.o Wrapper_auto_H5DS.o Wrapper_auto_H5E.o Wrapper_auto_H5F.o Wrapper_auto_H5G.o Wrapper_auto_H5I.o Wrapper_auto_H5IM.o Wrapper_auto_H5L.o Wrapper_auto_H5LT.o Wrapper_auto_H5O.o Wrapper_auto_H5P.o Wrapper_auto_H5R.o Wrapper_auto_H5S.o Wrapper_auto_H5TB.o Wrapper_auto_H5T.o Wrapper_auto_H5Z.o Wrapper_auto_H5FDcore.o Wrapper_auto_H5FDfamily.o Wrapper_auto_H5FDlog.o Wrapper_auto_H5FDsec2.o Wrapper_auto_H5FDstdio.o convert.o hdf5r_init.o H5Error.o H5ls.o Wrapper_manual_H5T.o -L/usr/lib/x86_64-linux-gnu/hdf5/serial -lcrypto -lcurl -lpthread -lsz -lz -ldl -lm -L. -lhdf5_hl -lhdf5 -lz -lm -L/usr/local/lib/R/lib -lR
installing to /mnt/library/00LOCK-hdf5r/00new/hdf5r/libs
** R
** inst
** byte-compile and prepare package for lazy loading
** help
*** installing help indices
** building package indices
** installing vignettes
** testing if installed package can be loaded from temporary location
** checking absolute paths in shared objects and dynamic libraries
** testing if installed package can be loaded from final location
** testing if installed package keeps a record of temporary installation path
* creating tarball
packaged installation of ‘hdf5r’ as ‘hdf5r_1.3.12_R_x86_64-pc-linux-gnu.tar.gz’
* DONE (hdf5r)
ERROR: dependency ‘IRanges’ is not available for package ‘XVector’
* removing ‘/mnt/library/XVector’
* installing *binary* package ‘fontquiver’ ...
* ‘fontquiver’ was already a binary package and will not be rebuilt
* creating tarball
packaged installation of ‘fontquiver’ as ‘fontquiver_0.2.1_R_x86_64-pc-linux-gnu.tar.gz’
* DONE (fontquiver)
ERROR: dependency ‘IRanges’ is not available for package ‘GenomeInfoDb’
* removing ‘/mnt/library/GenomeInfoDb’
ERROR: dependency ‘IRanges’ is not available for package ‘S4Arrays’
* removing ‘/mnt/library/S4Arrays’
* installing *binary* package ‘extrafont’ ...
* ‘extrafont’ was already a binary package and will not be rebuilt
* creating tarball
packaged installation of ‘extrafont’ as ‘extrafont_0.19_R_x86_64-pc-linux-gnu.tar.gz’
* DONE (extrafont)
* installing *binary* package ‘readbitmap’ ...
* ‘readbitmap’ was already a binary package and will not be rebuilt
* creating tarball
packaged installation of ‘readbitmap’ as ‘readbitmap_0.1.5_R_x86_64-pc-linux-gnu.tar.gz’
* DONE (readbitmap)
* installing *source* package ‘SpaceMarkers’ ...
** using staged installation
** R
** data
** inst
** byte-compile and prepare package for lazy loading
** help
*** installing help indices
** building package indices
** installing vignettes
** testing if installed package can be loaded from temporary location
** testing if installed package can be loaded from final location
** testing if installed package keeps a record of temporary installation path
* creating tarball
packaged installation of ‘SpaceMarkers’ as ‘SpaceMarkers_1.2.1_R_x86_64-pc-linux-gnu.tar.gz’
* DONE (SpaceMarkers)
ERROR: dependencies ‘S4Arrays’, ‘XVector’ are not available for package ‘SparseArray’
* removing ‘/mnt/library/SparseArray’
ERROR: dependencies ‘GenomeInfoDb’, ‘XVector’ are not available for package ‘GenomicRanges’
* removing ‘/mnt/library/GenomicRanges’
* installing *binary* package ‘gdtools’ ...
* ‘gdtools’ was already a binary package and will not be rebuilt
* creating tarball
packaged installation of ‘gdtools’ as ‘gdtools_0.4.1_R_x86_64-pc-linux-gnu.tar.gz’
* DONE (gdtools)
ERROR: dependencies ‘S4Arrays’, ‘SparseArray’ are not available for package ‘DelayedArray’
* removing ‘/mnt/library/DelayedArray’
* installing *binary* package ‘hrbrthemes’ ...
* ‘hrbrthemes’ was already a binary package and will not be rebuilt
* creating tarball
packaged installation of ‘hrbrthemes’ as ‘hrbrthemes_0.8.7_R_x86_64-pc-linux-gnu.tar.gz’
* DONE (hrbrthemes)
ERROR: dependencies ‘GenomicRanges’, ‘GenomeInfoDb’, ‘S4Arrays’, ‘DelayedArray’ are not available for package ‘SummarizedExperiment’
* removing ‘/mnt/library/SummarizedExperiment’
ERROR: dependencies ‘SummarizedExperiment’, ‘GenomicRanges’, ‘DelayedArray’ are not available for package ‘SingleCellExperiment’
* removing ‘/mnt/library/SingleCellExperiment’
ERROR: dependencies ‘SingleCellExperiment’, ‘SummarizedExperiment’, ‘fgsea’ are not available for package ‘CoGAPS’
* removing ‘/mnt/library/CoGAPS’

The downloaded source packages are in
	‘/tmp/RtmpE064FJ/downloaded_packages’
Old packages: 'bslib', 'cli', 'cpp11', 'curl', 'evaluate', 'httr2', 'jsonlite',
  'openssl', 'pillar', 'pkgbuild', 'processx', 'ps', 'purrr', 'R6', 'Rcpp',
  'rlang', 'sessioninfo', 'systemfonts', 'testthat', 'textshaping', 'tinytex',
  'xfun', 'xml2', 'zip', 'class', 'foreign', 'KernSmooth', 'MASS', 'Matrix',
  'nlme', 'nnet', 'rpart', 'spatial'
There were 11 warnings (use warnings() to see them)

real	1m33.956s
user	0m59.469s
sys	0m13.648s
