'getOption("repos")' replaces Bioconductor standard repositories, see
'help("repositories", package = "BiocManager")' for details.
Replacement repositories:
    CRAN: https://p3m.dev/cran/__linux__/noble/latest
Bioconductor version 3.20 (BiocManager 1.30.25), R 4.4.2 (2024-10-31)
Installing package(s) 'scFeatureFilter'
also installing the dependencies ‘GenomicAlignments’, ‘rhdf5filters’, ‘V8’, ‘alabaster.ranges’, ‘XVector’, ‘KEGGREST’, ‘AnnotationFilter’, ‘rtracklayer’, ‘Rsamtools’, ‘Biostrings’, ‘rhdf5’, ‘jsonvalidate’, ‘HDF5Array’, ‘alabaster.se’, ‘BiocGenerics’, ‘GenomicRanges’, ‘DelayedArray’, ‘Biobase’, ‘GenomeInfoDb’, ‘S4Arrays’, ‘SparseArray’, ‘ExperimentHub’, ‘AnnotationHub’, ‘AnnotationDbi’, ‘ensembldb’, ‘GenomicFeatures’, ‘alabaster.base’, ‘alabaster.matrix’, ‘alabaster.sce’, ‘gypsum’, ‘SingleCellExperiment’, ‘SummarizedExperiment’, ‘scRNAseq’

trying URL 'https://bioconductor.org/packages/3.20/bioc/src/contrib/GenomicAlignments_1.42.0.tar.gz'
Content type 'application/x-gzip' length 2273284 bytes (2.2 MB)
==================================================
downloaded 2.2 MB

trying URL 'https://bioconductor.org/packages/3.20/bioc/src/contrib/rhdf5filters_1.18.1.tar.gz'
Content type 'application/x-gzip' length 1190919 bytes (1.1 MB)
==================================================
downloaded 1.1 MB

trying URL 'https://p3m.dev/cran/__linux__/noble/latest/src/contrib/V8_6.0.1.tar.gz'
Content type 'binary/octet-stream' length 10911706 bytes (10.4 MB)
==================================================
downloaded 10.4 MB

trying URL 'https://bioconductor.org/packages/3.20/bioc/src/contrib/alabaster.ranges_1.6.0.tar.gz'
Content type 'application/x-gzip' length 232042 bytes (226 KB)
==================================================
downloaded 226 KB

trying URL 'https://bioconductor.org/packages/3.20/bioc/src/contrib/XVector_0.46.0.tar.gz'
Content type 'application/x-gzip' length 70185 bytes (68 KB)
==================================================
downloaded 68 KB

trying URL 'https://bioconductor.org/packages/3.20/bioc/src/contrib/KEGGREST_1.46.0.tar.gz'
Content type 'application/x-gzip' length 239655 bytes (234 KB)
==================================================
downloaded 234 KB

trying URL 'https://bioconductor.org/packages/3.20/bioc/src/contrib/AnnotationFilter_1.30.0.tar.gz'
Content type 'application/x-gzip' length 325433 bytes (317 KB)
==================================================
downloaded 317 KB

trying URL 'https://bioconductor.org/packages/3.20/bioc/src/contrib/rtracklayer_1.66.0.tar.gz'
Content type 'application/x-gzip' length 4112666 bytes (3.9 MB)
==================================================
downloaded 3.9 MB

trying URL 'https://bioconductor.org/packages/3.20/bioc/src/contrib/Rsamtools_2.22.0.tar.gz'
Content type 'application/x-gzip' length 2925866 bytes (2.8 MB)
==================================================
downloaded 2.8 MB

trying URL 'https://bioconductor.org/packages/3.20/bioc/src/contrib/Biostrings_2.74.1.tar.gz'
Content type 'application/x-gzip' length 12823307 bytes (12.2 MB)
==================================================
downloaded 12.2 MB

trying URL 'https://bioconductor.org/packages/3.20/bioc/src/contrib/rhdf5_2.50.2.tar.gz'
Content type 'application/x-gzip' length 1310189 bytes (1.2 MB)
==================================================
downloaded 1.2 MB

trying URL 'https://p3m.dev/cran/__linux__/noble/latest/src/contrib/jsonvalidate_1.5.0.tar.gz'
Content type 'binary/octet-stream' length 177130 bytes (172 KB)
==================================================
downloaded 172 KB

trying URL 'https://bioconductor.org/packages/3.20/bioc/src/contrib/HDF5Array_1.34.0.tar.gz'
Content type 'application/x-gzip' length 8107009 bytes (7.7 MB)
==================================================
downloaded 7.7 MB

trying URL 'https://bioconductor.org/packages/3.20/bioc/src/contrib/alabaster.se_1.6.0.tar.gz'
Content type 'application/x-gzip' length 231152 bytes (225 KB)
==================================================
downloaded 225 KB

trying URL 'https://bioconductor.org/packages/3.20/bioc/src/contrib/BiocGenerics_0.52.0.tar.gz'
Content type 'application/x-gzip' length 57066 bytes (55 KB)
==================================================
downloaded 55 KB

trying URL 'https://bioconductor.org/packages/3.20/bioc/src/contrib/GenomicRanges_1.58.0.tar.gz'
Content type 'application/x-gzip' length 1374658 bytes (1.3 MB)
==================================================
downloaded 1.3 MB

trying URL 'https://bioconductor.org/packages/3.20/bioc/src/contrib/DelayedArray_0.32.0.tar.gz'
Content type 'application/x-gzip' length 825598 bytes (806 KB)
==================================================
downloaded 806 KB

trying URL 'https://bioconductor.org/packages/3.20/bioc/src/contrib/Biobase_2.66.0.tar.gz'
Content type 'application/x-gzip' length 1978998 bytes (1.9 MB)
==================================================
downloaded 1.9 MB

trying URL 'https://bioconductor.org/packages/3.20/bioc/src/contrib/GenomeInfoDb_1.42.3.tar.gz'
Content type 'application/x-gzip' length 3592070 bytes (3.4 MB)
==================================================
downloaded 3.4 MB

trying URL 'https://bioconductor.org/packages/3.20/bioc/src/contrib/S4Arrays_1.6.0.tar.gz'
Content type 'application/x-gzip' length 288435 bytes (281 KB)
==================================================
downloaded 281 KB

trying URL 'https://bioconductor.org/packages/3.20/bioc/src/contrib/SparseArray_1.6.2.tar.gz'
Content type 'application/x-gzip' length 468696 bytes (457 KB)
==================================================
downloaded 457 KB

trying URL 'https://bioconductor.org/packages/3.20/bioc/src/contrib/ExperimentHub_2.14.0.tar.gz'
Content type 'application/x-gzip' length 501239 bytes (489 KB)
==================================================
downloaded 489 KB

trying URL 'https://bioconductor.org/packages/3.20/bioc/src/contrib/AnnotationHub_3.14.0.tar.gz'
Content type 'application/x-gzip' length 1000948 bytes (977 KB)
==================================================
downloaded 977 KB

trying URL 'https://bioconductor.org/packages/3.20/bioc/src/contrib/AnnotationDbi_1.68.0.tar.gz'
Content type 'application/x-gzip' length 4378038 bytes (4.2 MB)
==================================================
downloaded 4.2 MB

trying URL 'https://bioconductor.org/packages/3.20/bioc/src/contrib/ensembldb_2.30.0.tar.gz'
Content type 'application/x-gzip' length 3540522 bytes (3.4 MB)
==================================================
downloaded 3.4 MB

trying URL 'https://bioconductor.org/packages/3.20/bioc/src/contrib/GenomicFeatures_1.58.0.tar.gz'
Content type 'application/x-gzip' length 571678 bytes (558 KB)
==================================================
downloaded 558 KB

trying URL 'https://bioconductor.org/packages/3.20/bioc/src/contrib/alabaster.base_1.6.1.tar.gz'
Content type 'application/x-gzip' length 408713 bytes (399 KB)
==================================================
downloaded 399 KB

trying URL 'https://bioconductor.org/packages/3.20/bioc/src/contrib/alabaster.matrix_1.6.1.tar.gz'
Content type 'application/x-gzip' length 282200 bytes (275 KB)
==================================================
downloaded 275 KB

trying URL 'https://bioconductor.org/packages/3.20/bioc/src/contrib/alabaster.sce_1.6.0.tar.gz'
Content type 'application/x-gzip' length 226147 bytes (220 KB)
==================================================
downloaded 220 KB

trying URL 'https://bioconductor.org/packages/3.20/bioc/src/contrib/gypsum_1.2.0.tar.gz'
Content type 'application/x-gzip' length 284650 bytes (277 KB)
==================================================
downloaded 277 KB

trying URL 'https://bioconductor.org/packages/3.20/bioc/src/contrib/SingleCellExperiment_1.28.1.tar.gz'
Content type 'application/x-gzip' length 985694 bytes (962 KB)
==================================================
downloaded 962 KB

trying URL 'https://bioconductor.org/packages/3.20/bioc/src/contrib/SummarizedExperiment_1.36.0.tar.gz'
Content type 'application/x-gzip' length 690951 bytes (674 KB)
==================================================
downloaded 674 KB

trying URL 'https://bioconductor.org/packages/3.20/data/experiment/src/contrib/scRNAseq_2.20.0.tar.gz'
Content type 'application/x-gzip' length 309971 bytes (302 KB)
==================================================
downloaded 302 KB

trying URL 'https://bioconductor.org/packages/3.20/bioc/src/contrib/scFeatureFilter_1.26.0.tar.gz'
Content type 'application/x-gzip' length 4841794 bytes (4.6 MB)
==================================================
downloaded 4.6 MB

* installing *source* package ‘rhdf5filters’ ...
** package ‘rhdf5filters’ successfully unpacked and MD5 sums checked
** using staged installation
checking for gcc... gcc
checking whether the C compiler works... yes
checking for C compiler default output file name... a.out
checking for suffix of executables... 
checking whether we are cross compiling... no
checking for suffix of object files... o
checking whether the compiler supports GNU C... yes
checking whether gcc accepts -g... yes
checking for gcc option to enable C11 features... none needed
configure: is NOT Bioc build machine
configure: configuring BZIP2 filter...
checking for stdio.h... yes
checking for stdlib.h... yes
checking for string.h... yes
checking for inttypes.h... yes
checking for stdint.h... yes
checking for strings.h... yes
checking for sys/stat.h... yes
checking for sys/types.h... yes
checking for unistd.h... yes
checking for bzlib.h... yes
checking for BZ2_bzDecompressInit in -lbz2... yes
configure: Using system bzip2 library
configure: configuring the Zstd filter...
checking for zstd.h... yes
checking for ZSTD_decompress in -lzstd... yes
configure: Using system Zstd library
configure: configuring the BLOSC filter...
checking for blosc.h... yes
checking for blosc_compress in -lblosc... yes
configure: Using system BLOSC library
configure: configuring the VBZ filter
checking whether C compiler accepts -mavx... yes
checking for x86 avx instruction support... yes
configure: creating ./config.status
config.status: creating src/bzip2/Makefile
config.status: creating src/zstd/Makefile
config.status: creating src/blosc/lib/blosc-1.20.1/Makefile
config.status: creating src/blosc/Makefile
config.status: creating src/vbz/Makefile
config.status: creating src/vbz/vbz/Makefile
config.status: creating src/vbz/third_party/streamvbyte/Makefile
config.status: creating src/Makevars
** libs
using C compiler: ‘gcc (Ubuntu 13.3.0-6ubuntu2~24.04) 13.3.0’
make -C zstd
make[1]: Entering directory '/tmp/RtmpuYPnne/R.INSTALL576af467af/rhdf5filters/src/zstd'
gcc -g -O2 -fstack-protector-strong -Wformat -Wformat-security -Wdate-time -D_FORTIFY_SOURCE=2 -g -fpic -shared H5Zzstd.c -I/usr/local/include -I"/mnt/library/Rhdf5lib/include" \
 -lzstd -L/usr/local/lib -o libH5Zzstd.so
make[1]: Leaving directory '/tmp/RtmpuYPnne/R.INSTALL576af467af/rhdf5filters/src/zstd'
make -C blosc
make[1]: Entering directory '/tmp/RtmpuYPnne/R.INSTALL576af467af/rhdf5filters/src/blosc'
g++ -std=gnu++17 -g -O2 -fstack-protector-strong -Wformat -Wformat-security -Wdate-time -D_FORTIFY_SOURCE=2 -g -fpic -shared -I/usr/local/include -I"/mnt/library/Rhdf5lib/include" H5Zblosc.cpp \
-L/usr/local/lib  -lblosc -lzstd -lz -o libH5Zblosc.so 
make[1]: Leaving directory '/tmp/RtmpuYPnne/R.INSTALL576af467af/rhdf5filters/src/blosc'
make -C bzip2
make[1]: Entering directory '/tmp/RtmpuYPnne/R.INSTALL576af467af/rhdf5filters/src/bzip2'
gcc -g -O2 -fstack-protector-strong -Wformat -Wformat-security -Wdate-time -D_FORTIFY_SOURCE=2 -g -fpic -shared H5Zbzip2.c -I/usr/local/include -I"/mnt/library/Rhdf5lib/include" \
 -lbz2 -L/usr/local/lib -o libH5Zbz2.so
make[1]: Leaving directory '/tmp/RtmpuYPnne/R.INSTALL576af467af/rhdf5filters/src/bzip2'
make -C lzf
make[1]: Entering directory '/tmp/RtmpuYPnne/R.INSTALL576af467af/rhdf5filters/src/lzf'
make -C lzf
make[2]: Entering directory '/tmp/RtmpuYPnne/R.INSTALL576af467af/rhdf5filters/src/lzf/lzf'
gcc -g -O2 -fstack-protector-strong -Wformat -Wformat-security -Wdate-time -D_FORTIFY_SOURCE=2 -g -fpic -I/usr/local/include -I"/mnt/library/Rhdf5lib/include" -c lzf_c.c
gcc -g -O2 -fstack-protector-strong -Wformat -Wformat-security -Wdate-time -D_FORTIFY_SOURCE=2 -g -fpic -I/usr/local/include -I"/mnt/library/Rhdf5lib/include" -c lzf_d.c
rm -f liblzf.a
ar cq liblzf.a lzf_c.o lzf_d.o
ranlib liblzf.a
make[2]: Leaving directory '/tmp/RtmpuYPnne/R.INSTALL576af467af/rhdf5filters/src/lzf/lzf'
gcc -g -O2 -fstack-protector-strong -Wformat -Wformat-security -Wdate-time -D_FORTIFY_SOURCE=2 -g -fpic -shared H5Zlzf.c -I/usr/local/include -I"/mnt/library/Rhdf5lib/include" \
-I./lzf/ ./lzf/liblzf.a -L/usr/local/lib -o libH5Zlzf.so
make[1]: Leaving directory '/tmp/RtmpuYPnne/R.INSTALL576af467af/rhdf5filters/src/lzf'
make -C vbz
make[1]: Entering directory '/tmp/RtmpuYPnne/R.INSTALL576af467af/rhdf5filters/src/vbz'
make -C third_party/streamvbyte
make[2]: Entering directory '/tmp/RtmpuYPnne/R.INSTALL576af467af/rhdf5filters/src/vbz/third_party/streamvbyte'
gcc -std=gnu99 -g -O2 -fstack-protector-strong -Wformat -Wformat-security -Wdate-time -D_FORTIFY_SOURCE=2 -g -fpic -Iinclude -I/usr/local/include -I"/mnt/library/Rhdf5lib/include" -mavx  -c ./src/streamvbyte_decode.c
gcc -std=gnu99 -g -O2 -fstack-protector-strong -Wformat -Wformat-security -Wdate-time -D_FORTIFY_SOURCE=2 -g -fpic -Iinclude -I/usr/local/include -I"/mnt/library/Rhdf5lib/include" -mavx  -c ./src/streamvbyte_encode.c
gcc -std=gnu99 -g -O2 -fstack-protector-strong -Wformat -Wformat-security -Wdate-time -D_FORTIFY_SOURCE=2 -g -fpic -Iinclude -I/usr/local/include -I"/mnt/library/Rhdf5lib/include" -mavx  -c ./src/streamvbytedelta_decode.c
gcc -std=gnu99 -g -O2 -fstack-protector-strong -Wformat -Wformat-security -Wdate-time -D_FORTIFY_SOURCE=2 -g -fpic -Iinclude -I/usr/local/include -I"/mnt/library/Rhdf5lib/include" -mavx  -c ./src/streamvbytedelta_encode.c
gcc -std=gnu99 -g -O2 -fstack-protector-strong -Wformat -Wformat-security -Wdate-time -D_FORTIFY_SOURCE=2 -g -fpic -Iinclude -I/usr/local/include -I"/mnt/library/Rhdf5lib/include" -mavx  -c ./src/streamvbyte_0124_encode.c
gcc -std=gnu99 -g -O2 -fstack-protector-strong -Wformat -Wformat-security -Wdate-time -D_FORTIFY_SOURCE=2 -g -fpic -Iinclude -I/usr/local/include -I"/mnt/library/Rhdf5lib/include" -mavx  -c ./src/streamvbyte_0124_decode.c
gcc -std=gnu99 -g -O2 -fstack-protector-strong -Wformat -Wformat-security -Wdate-time -D_FORTIFY_SOURCE=2 -g -fpic -Iinclude -I/usr/local/include -I"/mnt/library/Rhdf5lib/include" -mavx  -c ./src/streamvbyte_zigzag.c
rm -f libstreamvbyte.a
ar cq libstreamvbyte.a streamvbyte_decode.o streamvbyte_encode.o streamvbytedelta_decode.o streamvbytedelta_encode.o streamvbyte_0124_encode.o streamvbyte_0124_decode.o streamvbyte_zigzag.o
ranlib libstreamvbyte.a 
make[2]: Leaving directory '/tmp/RtmpuYPnne/R.INSTALL576af467af/rhdf5filters/src/vbz/third_party/streamvbyte'
make -C vbz
make[2]: Entering directory '/tmp/RtmpuYPnne/R.INSTALL576af467af/rhdf5filters/src/vbz/vbz'
g++ -std=gnu++17 -g -O2 -fstack-protector-strong -Wformat -Wformat-security -Wdate-time -D_FORTIFY_SOURCE=2 -g -fpic -I/usr/local/include -I"/mnt/library/Rhdf5lib/include" -I../third_party/streamvbyte/include/ -I../third_party/ -I../../zstd/ -mssse3 -c vbz.cpp -o vbz.o
g++ -std=gnu++17 -g -O2 -fstack-protector-strong -Wformat -Wformat-security -Wdate-time -D_FORTIFY_SOURCE=2 -g -fpic -I/usr/local/include -I"/mnt/library/Rhdf5lib/include" -I../third_party/streamvbyte/include/ -I../third_party/ -I../../zstd/ -mssse3 -c v0/vbz_streamvbyte.cpp -o v0/vbz_streamvbyte.o
g++ -std=gnu++17 -g -O2 -fstack-protector-strong -Wformat -Wformat-security -Wdate-time -D_FORTIFY_SOURCE=2 -g -fpic -I/usr/local/include -I"/mnt/library/Rhdf5lib/include" -I../third_party/streamvbyte/include/ -I../third_party/ -I../../zstd/ -mssse3 -c v1/vbz_streamvbyte.cpp -o v1/vbz_streamvbyte.o
make[2]: Leaving directory '/tmp/RtmpuYPnne/R.INSTALL576af467af/rhdf5filters/src/vbz/vbz'
rm -f libvbz.a
ar cq libvbz.a vbz/vbz.o vbz/v0/vbz_streamvbyte.o vbz/v1/vbz_streamvbyte.o
ranlib libvbz.a
g++ -std=gnu++17 -g -O2 -fstack-protector-strong -Wformat -Wformat-security -Wdate-time -D_FORTIFY_SOURCE=2 -g -fpic -I/usr/local/include -I"/mnt/library/Rhdf5lib/include" -shared vbz_plugin.cpp \
libvbz.a -L/usr/local/lib -lzstd third_party/streamvbyte/libstreamvbyte.a -o libH5Zvbz.so
make[1]: Leaving directory '/tmp/RtmpuYPnne/R.INSTALL576af467af/rhdf5filters/src/vbz'
mkdir -p "/mnt/library/00LOCK-rhdf5filters/00new/rhdf5filters/lib/"
cp bzip2/libH5Zbz2.so blosc/libH5Zblosc.so lzf/libH5Zlzf.so zstd/libH5Zzstd.so vbz/libH5Zvbz.so "/mnt/library/00LOCK-rhdf5filters/00new/rhdf5filters/lib/"
gcc -I"/usr/local/lib/R/include" -DNDEBUG -I/usr/local/include -I"/mnt/library/Rhdf5lib/include" -I'/mnt/library/Rhdf5lib/include' -I/usr/local/include   -g -O2 -fstack-protector-strong -Wformat -Wformat-security -Wdate-time -D_FORTIFY_SOURCE=2 -g -fpic  -g -O2 -fstack-protector-strong -Wformat -Wformat-security -Wdate-time -D_FORTIFY_SOURCE=2 -g  -c rhdf5filters.c -o rhdf5filters.o
gcc -shared -L/usr/local/lib/R/lib -L/usr/local/lib -o rhdf5filters.so rhdf5filters.o -L/usr/local/lib/R/lib -lR
installing to /mnt/library/00LOCK-rhdf5filters/00new/rhdf5filters/libs
** R
** inst
** byte-compile and prepare package for lazy loading
** help
*** installing help indices
*** copying figures
** building package indices
** installing vignettes
** testing if installed package can be loaded from temporary location
** checking absolute paths in shared objects and dynamic libraries
** testing if installed package can be loaded from final location
** testing if installed package keeps a record of temporary installation path
* creating tarball
packaged installation of ‘rhdf5filters’ as ‘rhdf5filters_1.18.1_R_x86_64-pc-linux-gnu.tar.gz’
* DONE (rhdf5filters)
* installing *binary* package ‘V8’ ...
* ‘V8’ was already a binary package and will not be rebuilt
* creating tarball
packaged installation of ‘V8’ as ‘V8_6.0.1_R_x86_64-pc-linux-gnu.tar.gz’
* DONE (V8)
ERROR: failed to lock directory ‘/mnt/library’ for modifying
Try removing ‘/mnt/library/00LOCK-BiocGenerics’
* installing *source* package ‘gypsum’ ...
** package ‘gypsum’ successfully unpacked and MD5 sums checked
** using staged installation
** R
** inst
** byte-compile and prepare package for lazy loading
** help
*** installing help indices
** building package indices
** installing vignettes
** testing if installed package can be loaded from temporary location
** testing if installed package can be loaded from final location
** testing if installed package keeps a record of temporary installation path
* creating tarball
packaged installation of ‘gypsum’ as ‘gypsum_1.2.0_R_x86_64-pc-linux-gnu.tar.gz’
* DONE (gypsum)
* installing *source* package ‘scFeatureFilter’ ...
** package ‘scFeatureFilter’ successfully unpacked and MD5 sums checked
** using staged installation
** R
** data
*** moving datasets to lazyload DB
** inst
** byte-compile and prepare package for lazy loading
** help
*** installing help indices
** building package indices
** installing vignettes
** testing if installed package can be loaded from temporary location
** testing if installed package can be loaded from final location
** testing if installed package keeps a record of temporary installation path
* creating tarball
packaged installation of ‘scFeatureFilter’ as ‘scFeatureFilter_1.26.0_R_x86_64-pc-linux-gnu.tar.gz’
* DONE (scFeatureFilter)
ERROR: dependency ‘S4Vectors’ is not available for package ‘XVector’
* removing ‘/mnt/library/XVector’
* installing *source* package ‘rhdf5’ ...
** package ‘rhdf5’ successfully unpacked and MD5 sums checked
** using staged installation
configure: creating ./config.status
config.status: creating src/external_filters.h
** libs
using C compiler: ‘gcc (Ubuntu 13.3.0-6ubuntu2~24.04) 13.3.0’
using C++ compiler: ‘g++ (Ubuntu 13.3.0-6ubuntu2~24.04) 13.3.0’
gcc -I"/usr/local/lib/R/include" -DNDEBUG  -I'/mnt/library/Rhdf5lib/include' -I/usr/local/include    -fpic  -g -O2 -fstack-protector-strong -Wformat -Wformat-security -Wdate-time -D_FORTIFY_SOURCE=2 -g  -c H5.c -o H5.o
gcc -I"/usr/local/lib/R/include" -DNDEBUG  -I'/mnt/library/Rhdf5lib/include' -I/usr/local/include    -fpic  -g -O2 -fstack-protector-strong -Wformat -Wformat-security -Wdate-time -D_FORTIFY_SOURCE=2 -g  -c H5A.c -o H5A.o
gcc -I"/usr/local/lib/R/include" -DNDEBUG  -I'/mnt/library/Rhdf5lib/include' -I/usr/local/include    -fpic  -g -O2 -fstack-protector-strong -Wformat -Wformat-security -Wdate-time -D_FORTIFY_SOURCE=2 -g  -c H5D.c -o H5D.o
gcc -I"/usr/local/lib/R/include" -DNDEBUG  -I'/mnt/library/Rhdf5lib/include' -I/usr/local/include    -fpic  -g -O2 -fstack-protector-strong -Wformat -Wformat-security -Wdate-time -D_FORTIFY_SOURCE=2 -g  -c H5E.c -o H5E.o
gcc -I"/usr/local/lib/R/include" -DNDEBUG  -I'/mnt/library/Rhdf5lib/include' -I/usr/local/include    -fpic  -g -O2 -fstack-protector-strong -Wformat -Wformat-security -Wdate-time -D_FORTIFY_SOURCE=2 -g  -c H5F.c -o H5F.o
gcc -I"/usr/local/lib/R/include" -DNDEBUG  -I'/mnt/library/Rhdf5lib/include' -I/usr/local/include    -fpic  -g -O2 -fstack-protector-strong -Wformat -Wformat-security -Wdate-time -D_FORTIFY_SOURCE=2 -g  -c H5G.c -o H5G.o
gcc -I"/usr/local/lib/R/include" -DNDEBUG  -I'/mnt/library/Rhdf5lib/include' -I/usr/local/include    -fpic  -g -O2 -fstack-protector-strong -Wformat -Wformat-security -Wdate-time -D_FORTIFY_SOURCE=2 -g  -c H5I.c -o H5I.o
gcc -I"/usr/local/lib/R/include" -DNDEBUG  -I'/mnt/library/Rhdf5lib/include' -I/usr/local/include    -fpic  -g -O2 -fstack-protector-strong -Wformat -Wformat-security -Wdate-time -D_FORTIFY_SOURCE=2 -g  -c H5L.c -o H5L.o
gcc -I"/usr/local/lib/R/include" -DNDEBUG  -I'/mnt/library/Rhdf5lib/include' -I/usr/local/include    -fpic  -g -O2 -fstack-protector-strong -Wformat -Wformat-security -Wdate-time -D_FORTIFY_SOURCE=2 -g  -c H5O.c -o H5O.o
gcc -I"/usr/local/lib/R/include" -DNDEBUG  -I'/mnt/library/Rhdf5lib/include' -I/usr/local/include    -fpic  -g -O2 -fstack-protector-strong -Wformat -Wformat-security -Wdate-time -D_FORTIFY_SOURCE=2 -g  -c H5P.c -o H5P.o
gcc -I"/usr/local/lib/R/include" -DNDEBUG  -I'/mnt/library/Rhdf5lib/include' -I/usr/local/include    -fpic  -g -O2 -fstack-protector-strong -Wformat -Wformat-security -Wdate-time -D_FORTIFY_SOURCE=2 -g  -c H5PL.c -o H5PL.o
gcc -I"/usr/local/lib/R/include" -DNDEBUG  -I'/mnt/library/Rhdf5lib/include' -I/usr/local/include    -fpic  -g -O2 -fstack-protector-strong -Wformat -Wformat-security -Wdate-time -D_FORTIFY_SOURCE=2 -g  -c H5R.c -o H5R.o
gcc -I"/usr/local/lib/R/include" -DNDEBUG  -I'/mnt/library/Rhdf5lib/include' -I/usr/local/include    -fpic  -g -O2 -fstack-protector-strong -Wformat -Wformat-security -Wdate-time -D_FORTIFY_SOURCE=2 -g  -c H5S.c -o H5S.o
gcc -I"/usr/local/lib/R/include" -DNDEBUG  -I'/mnt/library/Rhdf5lib/include' -I/usr/local/include    -fpic  -g -O2 -fstack-protector-strong -Wformat -Wformat-security -Wdate-time -D_FORTIFY_SOURCE=2 -g  -c H5S_extras.c -o H5S_extras.o
gcc -I"/usr/local/lib/R/include" -DNDEBUG  -I'/mnt/library/Rhdf5lib/include' -I/usr/local/include    -fpic  -g -O2 -fstack-protector-strong -Wformat -Wformat-security -Wdate-time -D_FORTIFY_SOURCE=2 -g  -c H5T.c -o H5T.o
gcc -I"/usr/local/lib/R/include" -DNDEBUG  -I'/mnt/library/Rhdf5lib/include' -I/usr/local/include    -fpic  -g -O2 -fstack-protector-strong -Wformat -Wformat-security -Wdate-time -D_FORTIFY_SOURCE=2 -g  -c H5T_extras.c -o H5T_extras.o
gcc -I"/usr/local/lib/R/include" -DNDEBUG  -I'/mnt/library/Rhdf5lib/include' -I/usr/local/include    -fpic  -g -O2 -fstack-protector-strong -Wformat -Wformat-security -Wdate-time -D_FORTIFY_SOURCE=2 -g  -c H5Z.c -o H5Z.o
gcc -I"/usr/local/lib/R/include" -DNDEBUG  -I'/mnt/library/Rhdf5lib/include' -I/usr/local/include    -fpic  -g -O2 -fstack-protector-strong -Wformat -Wformat-security -Wdate-time -D_FORTIFY_SOURCE=2 -g  -c H5constants.c -o H5constants.o
g++ -std=gnu++17 -I"/usr/local/lib/R/include" -DNDEBUG  -I'/mnt/library/Rhdf5lib/include' -I/usr/local/include    -fpic  -g -O2 -fstack-protector-strong -Wformat -Wformat-security -Wdate-time -D_FORTIFY_SOURCE=2 -g  -DR_NO_REMAP -c HandleList.cpp -o HandleList.o
gcc -I"/usr/local/lib/R/include" -DNDEBUG  -I'/mnt/library/Rhdf5lib/include' -I/usr/local/include    -fpic  -g -O2 -fstack-protector-strong -Wformat -Wformat-security -Wdate-time -D_FORTIFY_SOURCE=2 -g  -c HandleListWrap.c -o HandleListWrap.o
gcc -I"/usr/local/lib/R/include" -DNDEBUG  -I'/mnt/library/Rhdf5lib/include' -I/usr/local/include    -fpic  -g -O2 -fstack-protector-strong -Wformat -Wformat-security -Wdate-time -D_FORTIFY_SOURCE=2 -g  -c bit64conversion.c -o bit64conversion.o
gcc -I"/usr/local/lib/R/include" -DNDEBUG  -I'/mnt/library/Rhdf5lib/include' -I/usr/local/include    -fpic  -g -O2 -fstack-protector-strong -Wformat -Wformat-security -Wdate-time -D_FORTIFY_SOURCE=2 -g  -c external_filters.c -o external_filters.o
gcc -I"/usr/local/lib/R/include" -DNDEBUG  -I'/mnt/library/Rhdf5lib/include' -I/usr/local/include    -fpic  -g -O2 -fstack-protector-strong -Wformat -Wformat-security -Wdate-time -D_FORTIFY_SOURCE=2 -g  -c h5dump.c -o h5dump.o
gcc -I"/usr/local/lib/R/include" -DNDEBUG  -I'/mnt/library/Rhdf5lib/include' -I/usr/local/include    -fpic  -g -O2 -fstack-protector-strong -Wformat -Wformat-security -Wdate-time -D_FORTIFY_SOURCE=2 -g  -c h5ls.c -o h5ls.o
gcc -I"/usr/local/lib/R/include" -DNDEBUG  -I'/mnt/library/Rhdf5lib/include' -I/usr/local/include    -fpic  -g -O2 -fstack-protector-strong -Wformat -Wformat-security -Wdate-time -D_FORTIFY_SOURCE=2 -g  -c h5testLock.c -o h5testLock.o
gcc -I"/usr/local/lib/R/include" -DNDEBUG  -I'/mnt/library/Rhdf5lib/include' -I/usr/local/include    -fpic  -g -O2 -fstack-protector-strong -Wformat -Wformat-security -Wdate-time -D_FORTIFY_SOURCE=2 -g  -c h5writeDataFrame.c -o h5writeDataFrame.o
gcc -I"/usr/local/lib/R/include" -DNDEBUG  -I'/mnt/library/Rhdf5lib/include' -I/usr/local/include    -fpic  -g -O2 -fstack-protector-strong -Wformat -Wformat-security -Wdate-time -D_FORTIFY_SOURCE=2 -g  -c printdatatype.c -o printdatatype.o
gcc -I"/usr/local/lib/R/include" -DNDEBUG  -I'/mnt/library/Rhdf5lib/include' -I/usr/local/include    -fpic  -g -O2 -fstack-protector-strong -Wformat -Wformat-security -Wdate-time -D_FORTIFY_SOURCE=2 -g  -c utils.c -o utils.o
gcc -I"/usr/local/lib/R/include" -DNDEBUG  -I'/mnt/library/Rhdf5lib/include' -I/usr/local/include    -fpic  -g -O2 -fstack-protector-strong -Wformat -Wformat-security -Wdate-time -D_FORTIFY_SOURCE=2 -g  -c wrap.c -o wrap.o
g++ -std=gnu++17 -shared -L/usr/local/lib/R/lib -L/usr/local/lib -o rhdf5.so H5.o H5A.o H5D.o H5E.o H5F.o H5G.o H5I.o H5L.o H5O.o H5P.o H5PL.o H5R.o H5S.o H5S_extras.o H5T.o H5T_extras.o H5Z.o H5constants.o HandleList.o HandleListWrap.o bit64conversion.o external_filters.o h5dump.o h5ls.o h5testLock.o h5writeDataFrame.o printdatatype.o utils.o wrap.o /mnt/library/Rhdf5lib/lib/libhdf5.a -lcrypto -lcurl -lsz -laec -lz -ldl -lm -L/usr/local/lib/R/lib -lR
installing to /mnt/library/00LOCK-rhdf5/00new/rhdf5/libs
** R
** inst
** byte-compile and prepare package for lazy loading
** help
*** installing help indices
*** copying figures
** building package indices
** installing vignettes
** testing if installed package can be loaded from temporary location
** checking absolute paths in shared objects and dynamic libraries
** testing if installed package can be loaded from final location
** testing if installed package keeps a record of temporary installation path
* creating tarball
packaged installation of ‘rhdf5’ as ‘rhdf5_2.50.2_R_x86_64-pc-linux-gnu.tar.gz’
* DONE (rhdf5)
* installing *binary* package ‘jsonvalidate’ ...
* ‘jsonvalidate’ was already a binary package and will not be rebuilt
* creating tarball
packaged installation of ‘jsonvalidate’ as ‘jsonvalidate_1.5.0_R_x86_64-pc-linux-gnu.tar.gz’
* DONE (jsonvalidate)
* installing *source* package ‘Biobase’ ...
** package ‘Biobase’ successfully unpacked and MD5 sums checked
** using staged installation
** libs
using C compiler: ‘gcc (Ubuntu 13.3.0-6ubuntu2~24.04) 13.3.0’
gcc -I"/usr/local/lib/R/include" -DNDEBUG   -I/usr/local/include    -fpic  -g -O2 -fstack-protector-strong -Wformat -Wformat-security -Wdate-time -D_FORTIFY_SOURCE=2 -g  -c Rinit.c -o Rinit.o
gcc -I"/usr/local/lib/R/include" -DNDEBUG   -I/usr/local/include    -fpic  -g -O2 -fstack-protector-strong -Wformat -Wformat-security -Wdate-time -D_FORTIFY_SOURCE=2 -g  -c anyMissing.c -o anyMissing.o
gcc -I"/usr/local/lib/R/include" -DNDEBUG   -I/usr/local/include    -fpic  -g -O2 -fstack-protector-strong -Wformat -Wformat-security -Wdate-time -D_FORTIFY_SOURCE=2 -g  -c envir.c -o envir.o
gcc -I"/usr/local/lib/R/include" -DNDEBUG   -I/usr/local/include    -fpic  -g -O2 -fstack-protector-strong -Wformat -Wformat-security -Wdate-time -D_FORTIFY_SOURCE=2 -g  -c matchpt.c -o matchpt.o
gcc -I"/usr/local/lib/R/include" -DNDEBUG   -I/usr/local/include    -fpic  -g -O2 -fstack-protector-strong -Wformat -Wformat-security -Wdate-time -D_FORTIFY_SOURCE=2 -g  -c rowMedians.c -o rowMedians.o
gcc -I"/usr/local/lib/R/include" -DNDEBUG   -I/usr/local/include    -fpic  -g -O2 -fstack-protector-strong -Wformat -Wformat-security -Wdate-time -D_FORTIFY_SOURCE=2 -g  -c sublist_extract.c -o sublist_extract.o
gcc -shared -L/usr/local/lib/R/lib -L/usr/local/lib -o Biobase.so Rinit.o anyMissing.o envir.o matchpt.o rowMedians.o sublist_extract.o -L/usr/local/lib/R/lib -lR
installing to /mnt/library/00LOCK-Biobase/00new/Biobase/libs
** R
** data
** inst
** byte-compile and prepare package for lazy loading
** help
*** installing help indices
** building package indices
** installing vignettes
** testing if installed package can be loaded from temporary location
** checking absolute paths in shared objects and dynamic libraries
** testing if installed package can be loaded from final location
** testing if installed package keeps a record of temporary installation path
* creating tarball
packaged installation of ‘Biobase’ as ‘Biobase_2.66.0_R_x86_64-pc-linux-gnu.tar.gz’
* DONE (Biobase)
ERROR: dependency ‘IRanges’ is not available for package ‘GenomeInfoDb’
* removing ‘/mnt/library/GenomeInfoDb’
ERROR: dependency ‘IRanges’ is not available for package ‘S4Arrays’
* removing ‘/mnt/library/S4Arrays’
ERROR: dependencies ‘IRanges’, ‘XVector’, ‘GenomeInfoDb’ are not available for package ‘Biostrings’
* removing ‘/mnt/library/Biostrings’
ERROR: dependencies ‘IRanges’, ‘GenomeInfoDb’, ‘XVector’ are not available for package ‘GenomicRanges’
* removing ‘/mnt/library/GenomicRanges’
ERROR: dependencies ‘S4Arrays’, ‘IRanges’, ‘XVector’ are not available for package ‘SparseArray’
* removing ‘/mnt/library/SparseArray’
* installing *source* package ‘alabaster.base’ ...
** using staged installation
** libs
using C++ compiler: ‘g++ (Ubuntu 13.3.0-6ubuntu2~24.04) 13.3.0’
using C++17
g++ -std=gnu++17 -I"/usr/local/lib/R/include" -DNDEBUG -I../inst/include -I'/usr/local/lib/R/site-library/Rcpp/include' -I'/mnt/library/Rhdf5lib/include' -I/usr/local/include    -fpic  -g -O2 -fstack-protector-strong -Wformat -Wformat-security -Wdate-time -D_FORTIFY_SOURCE=2 -g  -DR_NO_REMAP -c RcppExports.cpp -o RcppExports.o
g++ -std=gnu++17 -I"/usr/local/lib/R/include" -DNDEBUG -I../inst/include -I'/usr/local/lib/R/site-library/Rcpp/include' -I'/mnt/library/Rhdf5lib/include' -I/usr/local/include    -fpic  -g -O2 -fstack-protector-strong -Wformat -Wformat-security -Wdate-time -D_FORTIFY_SOURCE=2 -g  -DR_NO_REMAP -c check_csv.cpp -o check_csv.o
g++ -std=gnu++17 -I"/usr/local/lib/R/include" -DNDEBUG -I../inst/include -I'/usr/local/lib/R/site-library/Rcpp/include' -I'/mnt/library/Rhdf5lib/include' -I/usr/local/include    -fpic  -g -O2 -fstack-protector-strong -Wformat -Wformat-security -Wdate-time -D_FORTIFY_SOURCE=2 -g  -DR_NO_REMAP -c check_list.cpp -o check_list.o
g++ -std=gnu++17 -I"/usr/local/lib/R/include" -DNDEBUG -I../inst/include -I'/usr/local/lib/R/site-library/Rcpp/include' -I'/mnt/library/Rhdf5lib/include' -I/usr/local/include    -fpic  -g -O2 -fstack-protector-strong -Wformat -Wformat-security -Wdate-time -D_FORTIFY_SOURCE=2 -g  -DR_NO_REMAP -c choose_numeric_missing_placeholder.cpp -o choose_numeric_missing_placeholder.o
g++ -std=gnu++17 -I"/usr/local/lib/R/include" -DNDEBUG -I../inst/include -I'/usr/local/lib/R/site-library/Rcpp/include' -I'/mnt/library/Rhdf5lib/include' -I/usr/local/include    -fpic  -g -O2 -fstack-protector-strong -Wformat -Wformat-security -Wdate-time -D_FORTIFY_SOURCE=2 -g  -DR_NO_REMAP -c is_rfc3339.cpp -o is_rfc3339.o
g++ -std=gnu++17 -I"/usr/local/lib/R/include" -DNDEBUG -I../inst/include -I'/usr/local/lib/R/site-library/Rcpp/include' -I'/mnt/library/Rhdf5lib/include' -I/usr/local/include    -fpic  -g -O2 -fstack-protector-strong -Wformat -Wformat-security -Wdate-time -D_FORTIFY_SOURCE=2 -g  -DR_NO_REMAP -c load_csv.cpp -o load_csv.o
g++ -std=gnu++17 -I"/usr/local/lib/R/include" -DNDEBUG -I../inst/include -I'/usr/local/lib/R/site-library/Rcpp/include' -I'/mnt/library/Rhdf5lib/include' -I/usr/local/include    -fpic  -g -O2 -fstack-protector-strong -Wformat -Wformat-security -Wdate-time -D_FORTIFY_SOURCE=2 -g  -DR_NO_REMAP -c load_list.cpp -o load_list.o
g++ -std=gnu++17 -I"/usr/local/lib/R/include" -DNDEBUG -I../inst/include -I'/usr/local/lib/R/site-library/Rcpp/include' -I'/mnt/library/Rhdf5lib/include' -I/usr/local/include    -fpic  -g -O2 -fstack-protector-strong -Wformat -Wformat-security -Wdate-time -D_FORTIFY_SOURCE=2 -g  -DR_NO_REMAP -c validate.cpp -o validate.o
g++ -std=gnu++17 -shared -L/usr/local/lib/R/lib -L/usr/local/lib -o alabaster.base.so RcppExports.o check_csv.o check_list.o choose_numeric_missing_placeholder.o is_rfc3339.o load_csv.o load_list.o validate.o /mnt/library/Rhdf5lib/lib/libhdf5_cpp.a /mnt/library/Rhdf5lib/lib/libhdf5.a -lcrypto -lcurl -lsz -laec -lz -ldl -lm -lz -L/usr/local/lib/R/lib -lR
installing to /mnt/library/00LOCK-alabaster.base/00new/alabaster.base/libs
** R
** inst
** byte-compile and prepare package for lazy loading
** help
*** installing help indices
** building package indices
** installing vignettes
** testing if installed package can be loaded from temporary location
** checking absolute paths in shared objects and dynamic libraries
** testing if installed package can be loaded from final location
** testing if installed package keeps a record of temporary installation path
* creating tarball
packaged installation of ‘alabaster.base’ as ‘alabaster.base_1.6.1_R_x86_64-pc-linux-gnu.tar.gz’
* DONE (alabaster.base)
ERROR: dependencies ‘GenomicRanges’, ‘GenomeInfoDb’ are not available for package ‘alabaster.ranges’
* removing ‘/mnt/library/alabaster.ranges’
ERROR: dependency ‘Biostrings’ is not available for package ‘KEGGREST’
* removing ‘/mnt/library/KEGGREST’
ERROR: dependency ‘GenomicRanges’ is not available for package ‘AnnotationFilter’
* removing ‘/mnt/library/AnnotationFilter’
ERROR: dependencies ‘GenomeInfoDb’, ‘GenomicRanges’, ‘Biostrings’, ‘XVector’ are not available for package ‘Rsamtools’
* removing ‘/mnt/library/Rsamtools’
ERROR: dependencies ‘S4Arrays’, ‘SparseArray’ are not available for package ‘DelayedArray’
* removing ‘/mnt/library/DelayedArray’
ERROR: dependencies ‘SparseArray’, ‘DelayedArray’, ‘S4Arrays’ are not available for package ‘HDF5Array’
* removing ‘/mnt/library/HDF5Array’
ERROR: dependency ‘KEGGREST’ is not available for package ‘AnnotationDbi’
* removing ‘/mnt/library/AnnotationDbi’
ERROR: dependencies ‘GenomicRanges’, ‘GenomeInfoDb’, ‘S4Arrays’, ‘DelayedArray’ are not available for package ‘SummarizedExperiment’
* removing ‘/mnt/library/SummarizedExperiment’
ERROR: dependencies ‘GenomeInfoDb’, ‘GenomicRanges’, ‘SummarizedExperiment’, ‘Biostrings’, ‘Rsamtools’ are not available for package ‘GenomicAlignments’
* removing ‘/mnt/library/GenomicAlignments’
ERROR: dependency ‘AnnotationDbi’ is not available for package ‘AnnotationHub’
* removing ‘/mnt/library/AnnotationHub’
ERROR: dependencies ‘DelayedArray’, ‘S4Arrays’, ‘SparseArray’, ‘HDF5Array’ are not available for package ‘alabaster.matrix’
* removing ‘/mnt/library/alabaster.matrix’
ERROR: dependencies ‘SummarizedExperiment’, ‘GenomicRanges’, ‘DelayedArray’ are not available for package ‘SingleCellExperiment’
* removing ‘/mnt/library/SingleCellExperiment’
ERROR: dependencies ‘GenomicRanges’, ‘XVector’, ‘GenomeInfoDb’, ‘Biostrings’, ‘Rsamtools’, ‘GenomicAlignments’ are not available for package ‘rtracklayer’
* removing ‘/mnt/library/rtracklayer’
ERROR: dependencies ‘SummarizedExperiment’, ‘alabaster.ranges’, ‘alabaster.matrix’, ‘GenomicRanges’ are not available for package ‘alabaster.se’
* removing ‘/mnt/library/alabaster.se’
ERROR: dependency ‘AnnotationHub’ is not available for package ‘ExperimentHub’
* removing ‘/mnt/library/ExperimentHub’
ERROR: dependencies ‘GenomeInfoDb’, ‘GenomicRanges’, ‘AnnotationDbi’, ‘XVector’, ‘Biostrings’, ‘rtracklayer’ are not available for package ‘GenomicFeatures’
* removing ‘/mnt/library/GenomicFeatures’
ERROR: dependencies ‘SingleCellExperiment’, ‘alabaster.se’ are not available for package ‘alabaster.sce’
* removing ‘/mnt/library/alabaster.sce’
ERROR: dependencies ‘GenomicRanges’, ‘GenomicFeatures’, ‘AnnotationFilter’, ‘GenomeInfoDb’, ‘AnnotationDbi’, ‘rtracklayer’, ‘Rsamtools’, ‘Biostrings’ are not available for package ‘ensembldb’
* removing ‘/mnt/library/ensembldb’
ERROR: dependencies ‘SingleCellExperiment’, ‘SparseArray’, ‘DelayedArray’, ‘GenomicRanges’, ‘SummarizedExperiment’, ‘ExperimentHub’, ‘AnnotationHub’, ‘AnnotationDbi’, ‘ensembldb’, ‘GenomicFeatures’, ‘alabaster.matrix’, ‘alabaster.sce’ are not available for package ‘scRNAseq’
* removing ‘/mnt/library/scRNAseq’

The downloaded source packages are in
	‘/tmp/RtmptauW4t/downloaded_packages’
Old packages: 'bslib', 'cli', 'cpp11', 'curl', 'evaluate', 'httr2', 'jsonlite',
  'openssl', 'pillar', 'pkgbuild', 'processx', 'ps', 'purrr', 'R6', 'Rcpp',
  'rlang', 'sessioninfo', 'systemfonts', 'testthat', 'textshaping', 'tinytex',
  'xfun', 'xml2', 'zip', 'class', 'foreign', 'KernSmooth', 'MASS', 'Matrix',
  'nlme', 'nnet', 'rpart', 'spatial'
There were 26 warnings (use warnings() to see them)

real	3m34.010s
user	1m56.839s
sys	0m24.863s
