+ Rscript -e 'Sys.setenv(BIOCONDUCTOR_USE_CONTAINER_REPOSITORY=FALSE);
  p <- .libPaths();
  p <- c('\'''\'', '\'''\'', p);
  .libPaths(p);
  if(BiocManager::install('\''RankProd'\'', INSTALL_opts = '\''--build'\'', update = TRUE, quiet = FALSE, dependencies=TRUE, force = TRUE, keep_outputs = TRUE) %in% rownames(installed.packages())) q(status = 0) else q(status = 1)'
'getOption("repos")' replaces Bioconductor standard repositories, see
'help("repositories", package = "BiocManager")' for details.
Replacement repositories:
    CRAN: https://p3m.dev/cran/__linux__/noble/latest
Bioconductor version 3.21 (BiocManager 1.30.25), R 4.5.0 (2025-04-11)
Installing package(s) 'RankProd'
also installing the dependencies ‘Rmpfr’, ‘gmp’

trying URL 'https://p3m.dev/cran/__linux__/noble/latest/src/contrib/Rmpfr_1.1-0.tar.gz'
trying URL 'https://p3m.dev/cran/__linux__/noble/latest/src/contrib/gmp_0.7-5.tar.gz'
trying URL 'https://bioconductor.org/packages/3.21/bioc/src/contrib/RankProd_3.34.0.tar.gz'
* installing *binary* package ‘gmp’ ...
* ‘gmp’ was already a binary package and will not be rebuilt
* creating tarball
packaged installation of ‘gmp’ as ‘gmp_0.7-5_R_x86_64-pc-linux-gnu.tar.gz’
* DONE (gmp)
* installing *binary* package ‘Rmpfr’ ...
* ‘Rmpfr’ was already a binary package and will not be rebuilt
* creating tarball
packaged installation of ‘Rmpfr’ as ‘Rmpfr_1.1-0_R_x86_64-pc-linux-gnu.tar.gz’
* DONE (Rmpfr)
* installing *source* package ‘RankProd’ ...
** this is package ‘RankProd’ version ‘3.34.0’
** using staged installation
** R
** data
** inst
** byte-compile and prepare package for lazy loading
** help
*** installing help indices
** building package indices
** installing vignettes
** testing if installed package can be loaded from temporary location
** testing if installed package can be loaded from final location
** testing if installed package keeps a record of temporary installation path
* creating tarball
packaged installation of ‘RankProd’ as ‘RankProd_3.34.0_R_x86_64-pc-linux-gnu.tar.gz’
* DONE (RankProd)

The downloaded source packages are in
	‘/tmp/Rtmplvl2zg/downloaded_packages’
Old packages: 'cli', 'diffobj', 'pkgdown', 'systemfonts', 'textshaping',
  'utf8', 'zip'

real	0m6.473s
user	0m4.870s
sys	0m2.101s
