+ Rscript -e 'Sys.setenv(BIOCONDUCTOR_USE_CONTAINER_REPOSITORY=FALSE);
  p <- .libPaths();
  p <- c('\'''\'', '\'''\'', p);
  .libPaths(p);
  if(BiocManager::install('\''rTRM'\'', INSTALL_opts = '\''--build'\'', update = TRUE, quiet = FALSE, dependencies=TRUE, force = TRUE, keep_outputs = TRUE) %in% rownames(installed.packages())) q(status = 0) else q(status = 1)'
'getOption("repos")' replaces Bioconductor standard repositories, see
'help("repositories", package = "BiocManager")' for details.
Replacement repositories:
    CRAN: https://cloud.r-project.org
Bioconductor version 3.21 (BiocManager 1.30.25), R 4.5.0 (2025-04-11)
Installing package(s) 'rTRM'
also installing the dependencies ‘splitstackshape’, ‘seqLogo’, ‘gdata’, ‘evd’, ‘BSgenome’, ‘BSgenome.Mmusculus.UCSC.mm8’, ‘bookdown’, ‘RUnit’, ‘MotifDb’, ‘graph’, ‘PWMEnrich’, ‘biomaRt’, ‘BSgenome.Mmusculus.UCSC.mm8.masked’, ‘org.Hs.eg.db’, ‘org.Mm.eg.db’, ‘BiocStyle’

trying URL 'https://cloud.r-project.org/src/contrib/splitstackshape_1.4.8.tar.gz'
trying URL 'https://bioconductor.org/packages/3.21/bioc/src/contrib/seqLogo_1.74.0.tar.gz'
trying URL 'https://cloud.r-project.org/src/contrib/gdata_3.0.1.tar.gz'
trying URL 'https://cloud.r-project.org/src/contrib/evd_2.3-7.1.tar.gz'
trying URL 'https://bioconductor.org/packages/3.21/bioc/src/contrib/BSgenome_1.76.0.tar.gz'
trying URL 'https://bioconductor.org/packages/3.21/data/annotation/src/contrib/BSgenome.Mmusculus.UCSC.mm8_1.4.0.tar.gz'
trying URL 'https://cloud.r-project.org/src/contrib/bookdown_0.43.tar.gz'
trying URL 'https://cloud.r-project.org/src/contrib/RUnit_0.4.33.tar.gz'
trying URL 'https://bioconductor.org/packages/3.21/bioc/src/contrib/MotifDb_1.50.0.tar.gz'
trying URL 'https://bioconductor.org/packages/3.21/bioc/src/contrib/graph_1.86.0.tar.gz'
trying URL 'https://bioconductor.org/packages/3.21/bioc/src/contrib/PWMEnrich_4.44.0.tar.gz'
trying URL 'https://bioconductor.org/packages/3.21/bioc/src/contrib/biomaRt_2.64.0.tar.gz'
trying URL 'https://bioconductor.org/packages/3.21/data/annotation/src/contrib/BSgenome.Mmusculus.UCSC.mm8.masked_1.3.99.tar.gz'
trying URL 'https://bioconductor.org/packages/3.21/data/annotation/src/contrib/org.Hs.eg.db_3.21.0.tar.gz'
trying URL 'https://bioconductor.org/packages/3.21/data/annotation/src/contrib/org.Mm.eg.db_3.21.0.tar.gz'
trying URL 'https://bioconductor.org/packages/3.21/bioc/src/contrib/BiocStyle_2.36.0.tar.gz'
trying URL 'https://bioconductor.org/packages/3.21/bioc/src/contrib/rTRM_1.46.0.tar.gz'
* installing *source* package ‘splitstackshape’ ...
** this is package ‘splitstackshape’ version ‘1.4.8’
** package ‘splitstackshape’ successfully unpacked and MD5 sums checked
** using staged installation
** R
** data
*** moving datasets to lazyload DB
** byte-compile and prepare package for lazy loading
** help
*** installing help indices
** building package indices
** testing if installed package can be loaded from temporary location
** testing if installed package can be loaded from final location
** testing if installed package keeps a record of temporary installation path
* creating tarball
packaged installation of ‘splitstackshape’ as ‘splitstackshape_1.4.8_R_x86_64-pc-linux-gnu.tar.gz’
* DONE (splitstackshape)
* installing *source* package ‘seqLogo’ ...
** this is package ‘seqLogo’ version ‘1.74.0’
** using staged installation
** R
** inst
** byte-compile and prepare package for lazy loading
** help
*** installing help indices
** building package indices
** installing vignettes
** testing if installed package can be loaded from temporary location
** testing if installed package can be loaded from final location
** testing if installed package keeps a record of temporary installation path
* creating tarball
packaged installation of ‘seqLogo’ as ‘seqLogo_1.74.0_R_x86_64-pc-linux-gnu.tar.gz’
* DONE (seqLogo)
* installing *source* package ‘gdata’ ...
** this is package ‘gdata’ version ‘3.0.1’
** package ‘gdata’ successfully unpacked and MD5 sums checked
** using staged installation
** R
** data
** inst
** byte-compile and prepare package for lazy loading
** help
*** installing help indices
** building package indices
** installing vignettes
** testing if installed package can be loaded from temporary location
** testing if installed package can be loaded from final location
** testing if installed package keeps a record of temporary installation path
* creating tarball
packaged installation of ‘gdata’ as ‘gdata_3.0.1_R_x86_64-pc-linux-gnu.tar.gz’
* DONE (gdata)
* installing *source* package ‘evd’ ...
** this is package ‘evd’ version ‘2.3-7.1’
** package ‘evd’ successfully unpacked and MD5 sums checked
** using staged installation
** libs
using C compiler: ‘gcc (Ubuntu 11.4.0-1ubuntu1~22.04) 11.4.0’
gcc -I"/usr/share/R/include" -DNDEBUG       -fpic  -g -O2 -ffile-prefix-map=/build/r-base-rgGXCp/r-base-4.5.0=. -fstack-protector-strong -Wformat -Werror=format-security -Wdate-time -D_FORTIFY_SOURCE=2  -c bvpot.c -o bvpot.o
gcc -I"/usr/share/R/include" -DNDEBUG       -fpic  -g -O2 -ffile-prefix-map=/build/r-base-rgGXCp/r-base-4.5.0=. -fstack-protector-strong -Wformat -Werror=format-security -Wdate-time -D_FORTIFY_SOURCE=2  -c ccop.c -o ccop.o
gcc -I"/usr/share/R/include" -DNDEBUG       -fpic  -g -O2 -ffile-prefix-map=/build/r-base-rgGXCp/r-base-4.5.0=. -fstack-protector-strong -Wformat -Werror=format-security -Wdate-time -D_FORTIFY_SOURCE=2  -c evd_init.c -o evd_init.o
gcc -I"/usr/share/R/include" -DNDEBUG       -fpic  -g -O2 -ffile-prefix-map=/build/r-base-rgGXCp/r-base-4.5.0=. -fstack-protector-strong -Wformat -Werror=format-security -Wdate-time -D_FORTIFY_SOURCE=2  -c fit.c -o fit.o
gcc -I"/usr/share/R/include" -DNDEBUG       -fpic  -g -O2 -ffile-prefix-map=/build/r-base-rgGXCp/r-base-4.5.0=. -fstack-protector-strong -Wformat -Werror=format-security -Wdate-time -D_FORTIFY_SOURCE=2  -c pot.c -o pot.o
gcc -I"/usr/share/R/include" -DNDEBUG       -fpic  -g -O2 -ffile-prefix-map=/build/r-base-rgGXCp/r-base-4.5.0=. -fstack-protector-strong -Wformat -Werror=format-security -Wdate-time -D_FORTIFY_SOURCE=2  -c sim.c -o sim.o
gcc -shared -L/usr/lib/R/lib -Wl,-Bsymbolic-functions -flto=auto -ffat-lto-objects -flto=auto -Wl,-z,relro -o evd.so bvpot.o ccop.o evd_init.o fit.o pot.o sim.o -L/usr/lib/R/lib -lR
installing to /usr/local/lib/R/site-library/00LOCK-evd/00new/evd/libs
** R
** data
*** moving datasets to lazyload DB
** inst
** byte-compile and prepare package for lazy loading
** help
*** installing help indices
** building package indices
** installing vignettes
** testing if installed package can be loaded from temporary location
** checking absolute paths in shared objects and dynamic libraries
** testing if installed package can be loaded from final location
** testing if installed package keeps a record of temporary installation path
* creating tarball
packaged installation of ‘evd’ as ‘evd_2.3-7.1_R_x86_64-pc-linux-gnu.tar.gz’
* DONE (evd)
* installing *source* package ‘BSgenome’ ...
** this is package ‘BSgenome’ version ‘1.76.0’
** using staged installation
** R
** inst
** byte-compile and prepare package for lazy loading
** help
*** installing help indices
** building package indices
** installing vignettes
** testing if installed package can be loaded from temporary location
** testing if installed package can be loaded from final location
** testing if installed package keeps a record of temporary installation path
* creating tarball
packaged installation of ‘BSgenome’ as ‘BSgenome_1.76.0_R_x86_64-pc-linux-gnu.tar.gz’
* DONE (BSgenome)
* installing *source* package ‘bookdown’ ...
** this is package ‘bookdown’ version ‘0.43’
** package ‘bookdown’ successfully unpacked and MD5 sums checked
** using staged installation
** R
** inst
** byte-compile and prepare package for lazy loading
** help
*** installing help indices
*** copying figures
** building package indices
** installing vignettes
** testing if installed package can be loaded from temporary location
** testing if installed package can be loaded from final location
** testing if installed package keeps a record of temporary installation path
* creating tarball
packaged installation of ‘bookdown’ as ‘bookdown_0.43_R_x86_64-pc-linux-gnu.tar.gz’
* DONE (bookdown)
* installing *source* package ‘RUnit’ ...
** this is package ‘RUnit’ version ‘0.4.33’
** package ‘RUnit’ successfully unpacked and MD5 sums checked
** using staged installation
** R
** inst
** byte-compile and prepare package for lazy loading
** help
*** installing help indices
** building package indices
** installing vignettes
** testing if installed package can be loaded from temporary location
** testing if installed package can be loaded from final location
** testing if installed package keeps a record of temporary installation path
* creating tarball
packaged installation of ‘RUnit’ as ‘RUnit_0.4.33_R_x86_64-pc-linux-gnu.tar.gz’
* DONE (RUnit)
* installing *source* package ‘graph’ ...
** this is package ‘graph’ version ‘1.86.0’
** using staged installation
** libs
using C compiler: ‘gcc (Ubuntu 11.4.0-1ubuntu1~22.04) 11.4.0’
gcc -I"/usr/share/R/include" -DNDEBUG       -fpic  -g -O2 -ffile-prefix-map=/build/r-base-rgGXCp/r-base-4.5.0=. -fstack-protector-strong -Wformat -Werror=format-security -Wdate-time -D_FORTIFY_SOURCE=2  -c graph.c -o graph.o
gcc -shared -L/usr/lib/R/lib -Wl,-Bsymbolic-functions -flto=auto -ffat-lto-objects -flto=auto -Wl,-z,relro -o graph.so graph.o -L/usr/lib/R/lib -lR
mv graph.so BioC_graph.so
installing to /usr/local/lib/R/site-library/00LOCK-graph/00new/graph/libs
** R
** data
** inst
** byte-compile and prepare package for lazy loading
** help
*** installing help indices
** building package indices
** installing vignettes
** testing if installed package can be loaded from temporary location
** checking absolute paths in shared objects and dynamic libraries
** testing if installed package can be loaded from final location
** testing if installed package keeps a record of temporary installation path
* creating tarball
packaged installation of ‘graph’ as ‘graph_1.86.0_R_x86_64-pc-linux-gnu.tar.gz’
* DONE (graph)
* installing *source* package ‘biomaRt’ ...
** this is package ‘biomaRt’ version ‘2.64.0’
** using staged installation
** R
** inst
** byte-compile and prepare package for lazy loading
Warning: program compiled against libxml 213 using older 209
** help
*** installing help indices
** building package indices
** installing vignettes
** testing if installed package can be loaded from temporary location
Warning: program compiled against libxml 213 using older 209
** testing if installed package can be loaded from final location
Warning: program compiled against libxml 213 using older 209
** testing if installed package keeps a record of temporary installation path
* creating tarball
packaged installation of ‘biomaRt’ as ‘biomaRt_2.64.0_R_x86_64-pc-linux-gnu.tar.gz’
* DONE (biomaRt)
* installing *source* package ‘org.Hs.eg.db’ ...
** this is package ‘org.Hs.eg.db’ version ‘3.21.0’
** using staged installation
** R
** inst
** byte-compile and prepare package for lazy loading
** help
*** installing help indices
** building package indices
** testing if installed package can be loaded from temporary location
** testing if installed package can be loaded from final location
** testing if installed package keeps a record of temporary installation path
* creating tarball
packaged installation of ‘org.Hs.eg.db’ as ‘org.Hs.eg.db_3.21.0_R_x86_64-pc-linux-gnu.tar.gz’
* DONE (org.Hs.eg.db)
* installing *source* package ‘org.Mm.eg.db’ ...
** this is package ‘org.Mm.eg.db’ version ‘3.21.0’
** using staged installation
** R
** inst
** byte-compile and prepare package for lazy loading
** help
*** installing help indices
** building package indices
** testing if installed package can be loaded from temporary location
** testing if installed package can be loaded from final location
** testing if installed package keeps a record of temporary installation path
* creating tarball
packaged installation of ‘org.Mm.eg.db’ as ‘org.Mm.eg.db_3.21.0_R_x86_64-pc-linux-gnu.tar.gz’
* DONE (org.Mm.eg.db)
* installing *source* package ‘rTRM’ ...
** this is package ‘rTRM’ version ‘1.46.0’
** using staged installation
** R
** data
** inst
** byte-compile and prepare package for lazy loading
** help
Loading required package: igraph

Attaching package: ‘igraph’

The following objects are masked from ‘package:stats’:

    decompose, spectrum

The following object is masked from ‘package:base’:

    union

This graph was created by an old(er) igraph version.
ℹ Call `igraph::upgrade_graph()` on it to use with the current igraph version.
For now we convert it on the fly...
This graph was created by an old(er) igraph version.
ℹ Call `igraph::upgrade_graph()` on it to use with the current igraph version.
For now we convert it on the fly...
*** installing help indices
** building package indices
** installing vignettes
** testing if installed package can be loaded from temporary location
** testing if installed package can be loaded from final location
** testing if installed package keeps a record of temporary installation path
* creating tarball
packaged installation of ‘rTRM’ as ‘rTRM_1.46.0_R_x86_64-pc-linux-gnu.tar.gz’
* DONE (rTRM)
* installing *source* package ‘BSgenome.Mmusculus.UCSC.mm8’ ...
** this is package ‘BSgenome.Mmusculus.UCSC.mm8’ version ‘1.4.0’
** using staged installation
** R
** inst
** byte-compile and prepare package for lazy loading
** help
*** installing help indices
** building package indices
** testing if installed package can be loaded from temporary location
** testing if installed package can be loaded from final location
** testing if installed package keeps a record of temporary installation path
* creating tarball
packaged installation of ‘BSgenome.Mmusculus.UCSC.mm8’ as ‘BSgenome.Mmusculus.UCSC.mm8_1.4.0_R_x86_64-pc-linux-gnu.tar.gz’
* DONE (BSgenome.Mmusculus.UCSC.mm8)
* installing *source* package ‘MotifDb’ ...
** this is package ‘MotifDb’ version ‘1.50.0’
** using staged installation
** R
** inst
** byte-compile and prepare package for lazy loading
** help
*** installing help indices
** building package indices
** installing vignettes
** testing if installed package can be loaded from temporary location
See system.file("LICENSE", package="MotifDb") for use restrictions.
** testing if installed package can be loaded from final location
See system.file("LICENSE", package="MotifDb") for use restrictions.
** testing if installed package keeps a record of temporary installation path
* creating tarball
packaged installation of ‘MotifDb’ as ‘MotifDb_1.50.0_R_x86_64-pc-linux-gnu.tar.gz’
* DONE (MotifDb)
* installing *source* package ‘PWMEnrich’ ...
** this is package ‘PWMEnrich’ version ‘4.44.0’
** using staged installation
** R
** inst
** byte-compile and prepare package for lazy loading
** help
*** installing help indices
** building package indices
** installing vignettes
** testing if installed package can be loaded from temporary location
** testing if installed package can be loaded from final location
** testing if installed package keeps a record of temporary installation path
* creating tarball
packaged installation of ‘PWMEnrich’ as ‘PWMEnrich_4.44.0_R_x86_64-pc-linux-gnu.tar.gz’
* DONE (PWMEnrich)
* installing *source* package ‘BiocStyle’ ...
** this is package ‘BiocStyle’ version ‘2.36.0’
** using staged installation
** R
** inst
** byte-compile and prepare package for lazy loading
** help
*** installing help indices
** building package indices
** installing vignettes
** testing if installed package can be loaded from temporary location
** testing if installed package can be loaded from final location
** testing if installed package keeps a record of temporary installation path
* creating tarball
packaged installation of ‘BiocStyle’ as ‘BiocStyle_2.36.0_R_x86_64-pc-linux-gnu.tar.gz’
* DONE (BiocStyle)
* installing *source* package ‘BSgenome.Mmusculus.UCSC.mm8.masked’ ...
** this is package ‘BSgenome.Mmusculus.UCSC.mm8.masked’ version ‘1.3.99’
** using staged installation
** R
** inst
** byte-compile and prepare package for lazy loading
** help
*** installing help indices
** building package indices
** testing if installed package can be loaded from temporary location
** testing if installed package can be loaded from final location
** testing if installed package keeps a record of temporary installation path
* creating tarball
packaged installation of ‘BSgenome.Mmusculus.UCSC.mm8.masked’ as ‘BSgenome.Mmusculus.UCSC.mm8.masked_1.3.99_R_x86_64-pc-linux-gnu.tar.gz’
* DONE (BSgenome.Mmusculus.UCSC.mm8.masked)

The downloaded source packages are in
	‘/tmp/Rtmp8EIw64/downloaded_packages’
Old packages: 'cli', 'data.table', 'DelayedArray', 'DESeq2', 'diffobj',
  'edgeR', 'future', 'generics', 'globals', 'parallelly', 'pkgdown',
  'RcppArmadillo', 'RSQLite', 'scales', 'sctransform', 'Seurat',
  'SeuratObject', 'SingleCellExperiment', 'spatstat.univar', 'spatstat.utils',
  'SummarizedExperiment', 'systemfonts', 'textshaping', 'utf8', 'zip'

real	11m58.899s
user	11m15.067s
sys	1m6.357s
