+ Rscript -e 'Sys.setenv(BIOCONDUCTOR_USE_CONTAINER_REPOSITORY=FALSE);
  p <- .libPaths();
  p <- c('\'''\'', '\'''\'', p);
  .libPaths(p);
  if(BiocManager::install('\''sitePath'\'', INSTALL_opts = '\''--build'\'', update = TRUE, quiet = FALSE, dependencies=TRUE, force = TRUE, keep_outputs = TRUE) %in% rownames(installed.packages())) q(status = 0) else q(status = 1)'
'getOption("repos")' replaces Bioconductor standard repositories, see
'help("repositories", package = "BiocManager")' for details.
Replacement repositories:
    CRAN: https://p3m.dev/cran/__linux__/noble/latest
Bioconductor version 3.20 (BiocManager 1.30.25), R 4.4.2 (2024-10-31)
Installing package(s) 'sitePath'
also installing the dependencies ‘colorspace’, ‘gridGraphics’, ‘farver’, ‘labeling’, ‘munsell’, ‘viridisLite’, ‘generics’, ‘pixmap’, ‘sp’, ‘RcppArmadillo’, ‘ggfun’, ‘ggplotify’, ‘patchwork’, ‘yulab.utils’, ‘gtable’, ‘isoband’, ‘scales’, ‘dplyr’, ‘tidyr’, ‘treeio’, ‘ade4’, ‘segmented’, ‘lazyeval’, ‘tidyselect’, ‘bookdown’, ‘RColorBrewer’, ‘ape’, ‘aplot’, ‘ggplot2’, ‘ggrepel’, ‘ggtree’, ‘gridExtra’, ‘seqinr’, ‘tidytree’, ‘BiocStyle’, ‘magick’

trying URL 'https://p3m.dev/cran/__linux__/noble/latest/src/contrib/colorspace_2.1-1.tar.gz'
Content type 'binary/octet-stream' length 2626614 bytes (2.5 MB)
==================================================
downloaded 2.5 MB

trying URL 'https://p3m.dev/cran/__linux__/noble/latest/src/contrib/gridGraphics_0.5-1.tar.gz'
Content type 'binary/octet-stream' length 249372 bytes (243 KB)
==================================================
downloaded 243 KB

trying URL 'https://p3m.dev/cran/__linux__/noble/latest/src/contrib/farver_2.1.2.tar.gz'
Content type 'binary/octet-stream' length 1466627 bytes (1.4 MB)
==================================================
downloaded 1.4 MB

trying URL 'https://p3m.dev/cran/__linux__/noble/latest/src/contrib/labeling_0.4.3.tar.gz'
Content type 'binary/octet-stream' length 60952 bytes (59 KB)
==================================================
downloaded 59 KB

trying URL 'https://p3m.dev/cran/__linux__/noble/latest/src/contrib/munsell_0.5.1.tar.gz'
Content type 'binary/octet-stream' length 243099 bytes (237 KB)
==================================================
downloaded 237 KB

trying URL 'https://p3m.dev/cran/__linux__/noble/latest/src/contrib/viridisLite_0.4.2.tar.gz'
Content type 'binary/octet-stream' length 1297555 bytes (1.2 MB)
==================================================
downloaded 1.2 MB

trying URL 'https://p3m.dev/cran/__linux__/noble/latest/src/contrib/generics_0.1.3.tar.gz'
Content type 'binary/octet-stream' length 81013 bytes (79 KB)
==================================================
downloaded 79 KB

trying URL 'https://p3m.dev/cran/__linux__/noble/latest/src/contrib/pixmap_0.4-13.tar.gz'
Content type 'binary/octet-stream' length 213309 bytes (208 KB)
==================================================
downloaded 208 KB

trying URL 'https://p3m.dev/cran/__linux__/noble/latest/src/contrib/sp_2.2-0.tar.gz'
Content type 'binary/octet-stream' length 5308015 bytes (5.1 MB)
==================================================
downloaded 5.1 MB

trying URL 'https://p3m.dev/cran/__linux__/noble/latest/src/contrib/RcppArmadillo_14.2.3-1.tar.gz'
Content type 'binary/octet-stream' length 1066881 bytes (1.0 MB)
==================================================
downloaded 1.0 MB

trying URL 'https://p3m.dev/cran/__linux__/noble/latest/src/contrib/ggfun_0.1.8.tar.gz'
Content type 'binary/octet-stream' length 223532 bytes (218 KB)
==================================================
downloaded 218 KB

trying URL 'https://p3m.dev/cran/__linux__/noble/latest/src/contrib/ggplotify_0.1.2.tar.gz'
Content type 'binary/octet-stream' length 140239 bytes (136 KB)
==================================================
downloaded 136 KB

trying URL 'https://p3m.dev/cran/__linux__/noble/latest/src/contrib/patchwork_1.3.0.tar.gz'
Content type 'binary/octet-stream' length 3345779 bytes (3.2 MB)
==================================================
downloaded 3.2 MB

trying URL 'https://p3m.dev/cran/__linux__/noble/latest/src/contrib/yulab.utils_0.2.0.tar.gz'
Content type 'binary/octet-stream' length 117174 bytes (114 KB)
==================================================
downloaded 114 KB

trying URL 'https://p3m.dev/cran/__linux__/noble/latest/src/contrib/gtable_0.3.6.tar.gz'
Content type 'binary/octet-stream' length 222627 bytes (217 KB)
==================================================
downloaded 217 KB

trying URL 'https://p3m.dev/cran/__linux__/noble/latest/src/contrib/isoband_0.2.7.tar.gz'
Content type 'binary/octet-stream' length 1644325 bytes (1.6 MB)
==================================================
downloaded 1.6 MB

trying URL 'https://p3m.dev/cran/__linux__/noble/latest/src/contrib/scales_1.3.0.tar.gz'
Content type 'binary/octet-stream' length 710365 bytes (693 KB)
==================================================
downloaded 693 KB

trying URL 'https://p3m.dev/cran/__linux__/noble/latest/src/contrib/dplyr_1.1.4.tar.gz'
Content type 'binary/octet-stream' length 1491332 bytes (1.4 MB)
==================================================
downloaded 1.4 MB

trying URL 'https://p3m.dev/cran/__linux__/noble/latest/src/contrib/tidyr_1.3.1.tar.gz'
Content type 'binary/octet-stream' length 1177490 bytes (1.1 MB)
==================================================
downloaded 1.1 MB

trying URL 'https://bioconductor.org/packages/3.20/bioc/src/contrib/treeio_1.30.0.tar.gz'
Content type 'application/x-gzip' length 701622 bytes (685 KB)
==================================================
downloaded 685 KB

trying URL 'https://p3m.dev/cran/__linux__/noble/latest/src/contrib/ade4_1.7-23.tar.gz'
Content type 'binary/octet-stream' length 5458853 bytes (5.2 MB)
==================================================
downloaded 5.2 MB

trying URL 'https://p3m.dev/cran/__linux__/noble/latest/src/contrib/segmented_2.1-4.tar.gz'
Content type 'binary/octet-stream' length 1378231 bytes (1.3 MB)
==================================================
downloaded 1.3 MB

trying URL 'https://p3m.dev/cran/__linux__/noble/latest/src/contrib/lazyeval_0.2.2.tar.gz'
Content type 'binary/octet-stream' length 157375 bytes (153 KB)
==================================================
downloaded 153 KB

trying URL 'https://p3m.dev/cran/__linux__/noble/latest/src/contrib/tidyselect_1.2.1.tar.gz'
Content type 'binary/octet-stream' length 225331 bytes (220 KB)
==================================================
downloaded 220 KB

trying URL 'https://p3m.dev/cran/__linux__/noble/latest/src/contrib/bookdown_0.42.tar.gz'
Content type 'binary/octet-stream' length 1090748 bytes (1.0 MB)
==================================================
downloaded 1.0 MB

trying URL 'https://p3m.dev/cran/__linux__/noble/latest/src/contrib/RColorBrewer_1.1-3.tar.gz'
Content type 'binary/octet-stream' length 51823 bytes (50 KB)
==================================================
downloaded 50 KB

trying URL 'https://p3m.dev/cran/__linux__/noble/latest/src/contrib/ape_5.8-1.tar.gz'
Content type 'binary/octet-stream' length 2968524 bytes (2.8 MB)
==================================================
downloaded 2.8 MB

trying URL 'https://p3m.dev/cran/__linux__/noble/latest/src/contrib/aplot_0.2.5.tar.gz'
Content type 'binary/octet-stream' length 75498 bytes (73 KB)
==================================================
downloaded 73 KB

trying URL 'https://p3m.dev/cran/__linux__/noble/latest/src/contrib/ggplot2_3.5.1.tar.gz'
Content type 'binary/octet-stream' length 5005317 bytes (4.8 MB)
==================================================
downloaded 4.8 MB

trying URL 'https://p3m.dev/cran/__linux__/noble/latest/src/contrib/ggrepel_0.9.6.tar.gz'
Content type 'binary/octet-stream' length 290115 bytes (283 KB)
==================================================
downloaded 283 KB

trying URL 'https://bioconductor.org/packages/3.20/bioc/src/contrib/ggtree_3.14.0.tar.gz'
Content type 'application/x-gzip' length 366978 bytes (358 KB)
==================================================
downloaded 358 KB

trying URL 'https://p3m.dev/cran/__linux__/noble/latest/src/contrib/gridExtra_2.3.tar.gz'
Content type 'binary/octet-stream' length 1106795 bytes (1.1 MB)
==================================================
downloaded 1.1 MB

trying URL 'https://p3m.dev/cran/__linux__/noble/latest/src/contrib/seqinr_4.2-36.tar.gz'
Content type 'binary/octet-stream' length 4157370 bytes (4.0 MB)
==================================================
downloaded 4.0 MB

trying URL 'https://p3m.dev/cran/__linux__/noble/latest/src/contrib/tidytree_0.4.6.tar.gz'
Content type 'binary/octet-stream' length 341867 bytes (333 KB)
==================================================
downloaded 333 KB

trying URL 'https://bioconductor.org/packages/3.20/bioc/src/contrib/BiocStyle_2.34.0.tar.gz'
Content type 'application/x-gzip' length 908772 bytes (887 KB)
==================================================
downloaded 887 KB

trying URL 'https://p3m.dev/cran/__linux__/noble/latest/src/contrib/magick_2.8.5.tar.gz'
Content type 'binary/octet-stream' length 5043422 bytes (4.8 MB)
==================================================
downloaded 4.8 MB

trying URL 'https://bioconductor.org/packages/3.20/bioc/src/contrib/sitePath_1.22.0.tar.gz'
Content type 'application/x-gzip' length 1273638 bytes (1.2 MB)
==================================================
downloaded 1.2 MB

* installing *binary* package ‘colorspace’ ...
* ‘colorspace’ was already a binary package and will not be rebuilt
* creating tarball
packaged installation of ‘colorspace’ as ‘colorspace_2.1-1_R_x86_64-pc-linux-gnu.tar.gz’
* DONE (colorspace)
* installing *binary* package ‘gridGraphics’ ...
* ‘gridGraphics’ was already a binary package and will not be rebuilt
* creating tarball
packaged installation of ‘gridGraphics’ as ‘gridGraphics_0.5-1_R_x86_64-pc-linux-gnu.tar.gz’
* DONE (gridGraphics)
* installing *binary* package ‘farver’ ...
* ‘farver’ was already a binary package and will not be rebuilt
* creating tarball
packaged installation of ‘farver’ as ‘farver_2.1.2_R_x86_64-pc-linux-gnu.tar.gz’
* DONE (farver)
* installing *binary* package ‘labeling’ ...
* ‘labeling’ was already a binary package and will not be rebuilt
* creating tarball
packaged installation of ‘labeling’ as ‘labeling_0.4.3_R_x86_64-pc-linux-gnu.tar.gz’
* DONE (labeling)
* installing *binary* package ‘viridisLite’ ...
* ‘viridisLite’ was already a binary package and will not be rebuilt
* creating tarball
packaged installation of ‘viridisLite’ as ‘viridisLite_0.4.2_R_x86_64-pc-linux-gnu.tar.gz’
* DONE (viridisLite)
* installing *binary* package ‘generics’ ...
* ‘generics’ was already a binary package and will not be rebuilt
* creating tarball
packaged installation of ‘generics’ as ‘generics_0.1.3_R_x86_64-pc-linux-gnu.tar.gz’
* DONE (generics)
* installing *binary* package ‘pixmap’ ...
* ‘pixmap’ was already a binary package and will not be rebuilt
* creating tarball
packaged installation of ‘pixmap’ as ‘pixmap_0.4-13_R_x86_64-pc-linux-gnu.tar.gz’
* DONE (pixmap)
* installing *binary* package ‘sp’ ...
* ‘sp’ was already a binary package and will not be rebuilt
* creating tarball
packaged installation of ‘sp’ as ‘sp_2.2-0_R_x86_64-pc-linux-gnu.tar.gz’
* DONE (sp)
* installing *binary* package ‘RcppArmadillo’ ...
* ‘RcppArmadillo’ was already a binary package and will not be rebuilt
* creating tarball
packaged installation of ‘RcppArmadillo’ as ‘RcppArmadillo_14.2.3-1_R_x86_64-pc-linux-gnu.tar.gz’
* DONE (RcppArmadillo)
* installing *binary* package ‘yulab.utils’ ...
* ‘yulab.utils’ was already a binary package and will not be rebuilt
* creating tarball
packaged installation of ‘yulab.utils’ as ‘yulab.utils_0.2.0_R_x86_64-pc-linux-gnu.tar.gz’
* DONE (yulab.utils)
* installing *binary* package ‘gtable’ ...
* ‘gtable’ was already a binary package and will not be rebuilt
* creating tarball
packaged installation of ‘gtable’ as ‘gtable_0.3.6_R_x86_64-pc-linux-gnu.tar.gz’
* DONE (gtable)
* installing *binary* package ‘isoband’ ...
* ‘isoband’ was already a binary package and will not be rebuilt
* creating tarball
packaged installation of ‘isoband’ as ‘isoband_0.2.7_R_x86_64-pc-linux-gnu.tar.gz’
* DONE (isoband)
* installing *binary* package ‘segmented’ ...
* ‘segmented’ was already a binary package and will not be rebuilt
* creating tarball
packaged installation of ‘segmented’ as ‘segmented_2.1-4_R_x86_64-pc-linux-gnu.tar.gz’
* DONE (segmented)
* installing *binary* package ‘lazyeval’ ...
* ‘lazyeval’ was already a binary package and will not be rebuilt
* creating tarball
packaged installation of ‘lazyeval’ as ‘lazyeval_0.2.2_R_x86_64-pc-linux-gnu.tar.gz’
* DONE (lazyeval)
* installing *binary* package ‘tidyselect’ ...
* ‘tidyselect’ was already a binary package and will not be rebuilt
* creating tarball
packaged installation of ‘tidyselect’ as ‘tidyselect_1.2.1_R_x86_64-pc-linux-gnu.tar.gz’
* DONE (tidyselect)
* installing *binary* package ‘bookdown’ ...
* ‘bookdown’ was already a binary package and will not be rebuilt
* creating tarball
packaged installation of ‘bookdown’ as ‘bookdown_0.42_R_x86_64-pc-linux-gnu.tar.gz’
* DONE (bookdown)
* installing *binary* package ‘RColorBrewer’ ...
* ‘RColorBrewer’ was already a binary package and will not be rebuilt
* creating tarball
packaged installation of ‘RColorBrewer’ as ‘RColorBrewer_1.1-3_R_x86_64-pc-linux-gnu.tar.gz’
* DONE (RColorBrewer)
* installing *binary* package ‘ape’ ...
* ‘ape’ was already a binary package and will not be rebuilt
* creating tarball
packaged installation of ‘ape’ as ‘ape_5.8-1_R_x86_64-pc-linux-gnu.tar.gz’
* DONE (ape)
* installing *binary* package ‘magick’ ...
* ‘magick’ was already a binary package and will not be rebuilt
* creating tarball
packaged installation of ‘magick’ as ‘magick_2.8.5_R_x86_64-pc-linux-gnu.tar.gz’
* DONE (magick)
* installing *binary* package ‘munsell’ ...
* ‘munsell’ was already a binary package and will not be rebuilt
* creating tarball
packaged installation of ‘munsell’ as ‘munsell_0.5.1_R_x86_64-pc-linux-gnu.tar.gz’
* DONE (munsell)
* installing *binary* package ‘dplyr’ ...
* ‘dplyr’ was already a binary package and will not be rebuilt
* creating tarball
packaged installation of ‘dplyr’ as ‘dplyr_1.1.4_R_x86_64-pc-linux-gnu.tar.gz’
* DONE (dplyr)
* installing *binary* package ‘ade4’ ...
* ‘ade4’ was already a binary package and will not be rebuilt
* creating tarball
packaged installation of ‘ade4’ as ‘ade4_1.7-23_R_x86_64-pc-linux-gnu.tar.gz’
* DONE (ade4)
* installing *binary* package ‘gridExtra’ ...
* ‘gridExtra’ was already a binary package and will not be rebuilt
* creating tarball
packaged installation of ‘gridExtra’ as ‘gridExtra_2.3_R_x86_64-pc-linux-gnu.tar.gz’
* DONE (gridExtra)
* installing *source* package ‘BiocStyle’ ...
** package ‘BiocStyle’ successfully unpacked and MD5 sums checked
** using staged installation
** R
** inst
** byte-compile and prepare package for lazy loading
** help
*** installing help indices
** building package indices
** installing vignettes
** testing if installed package can be loaded from temporary location
** testing if installed package can be loaded from final location
** testing if installed package keeps a record of temporary installation path
* creating tarball
packaged installation of ‘BiocStyle’ as ‘BiocStyle_2.34.0_R_x86_64-pc-linux-gnu.tar.gz’
* DONE (BiocStyle)
* installing *binary* package ‘scales’ ...
* ‘scales’ was already a binary package and will not be rebuilt
* creating tarball
packaged installation of ‘scales’ as ‘scales_1.3.0_R_x86_64-pc-linux-gnu.tar.gz’
* DONE (scales)
* installing *binary* package ‘tidyr’ ...
* ‘tidyr’ was already a binary package and will not be rebuilt
* creating tarball
packaged installation of ‘tidyr’ as ‘tidyr_1.3.1_R_x86_64-pc-linux-gnu.tar.gz’
* DONE (tidyr)
* installing *binary* package ‘seqinr’ ...
* ‘seqinr’ was already a binary package and will not be rebuilt
* creating tarball
packaged installation of ‘seqinr’ as ‘seqinr_4.2-36_R_x86_64-pc-linux-gnu.tar.gz’
* DONE (seqinr)
* installing *binary* package ‘ggplot2’ ...
* ‘ggplot2’ was already a binary package and will not be rebuilt
* creating tarball
packaged installation of ‘ggplot2’ as ‘ggplot2_3.5.1_R_x86_64-pc-linux-gnu.tar.gz’
* DONE (ggplot2)
* installing *binary* package ‘tidytree’ ...
* ‘tidytree’ was already a binary package and will not be rebuilt
* creating tarball
packaged installation of ‘tidytree’ as ‘tidytree_0.4.6_R_x86_64-pc-linux-gnu.tar.gz’
* DONE (tidytree)
* installing *binary* package ‘ggfun’ ...
* ‘ggfun’ was already a binary package and will not be rebuilt
* creating tarball
packaged installation of ‘ggfun’ as ‘ggfun_0.1.8_R_x86_64-pc-linux-gnu.tar.gz’
* DONE (ggfun)
* installing *binary* package ‘ggplotify’ ...
* ‘ggplotify’ was already a binary package and will not be rebuilt
* creating tarball
packaged installation of ‘ggplotify’ as ‘ggplotify_0.1.2_R_x86_64-pc-linux-gnu.tar.gz’
* DONE (ggplotify)
* installing *binary* package ‘patchwork’ ...
* ‘patchwork’ was already a binary package and will not be rebuilt
* creating tarball
packaged installation of ‘patchwork’ as ‘patchwork_1.3.0_R_x86_64-pc-linux-gnu.tar.gz’
* DONE (patchwork)
* installing *source* package ‘treeio’ ...
** package ‘treeio’ successfully unpacked and MD5 sums checked
** using staged installation
** R
** inst
** byte-compile and prepare package for lazy loading
** help
*** installing help indices
*** copying figures
** building package indices
** installing vignettes
** testing if installed package can be loaded from temporary location
** testing if installed package can be loaded from final location
** testing if installed package keeps a record of temporary installation path
* creating tarball
packaged installation of ‘treeio’ as ‘treeio_1.30.0_R_x86_64-pc-linux-gnu.tar.gz’
* DONE (treeio)
* installing *binary* package ‘ggrepel’ ...
* ‘ggrepel’ was already a binary package and will not be rebuilt
* creating tarball
packaged installation of ‘ggrepel’ as ‘ggrepel_0.9.6_R_x86_64-pc-linux-gnu.tar.gz’
* DONE (ggrepel)
* installing *binary* package ‘aplot’ ...
* ‘aplot’ was already a binary package and will not be rebuilt
* creating tarball
packaged installation of ‘aplot’ as ‘aplot_0.2.5_R_x86_64-pc-linux-gnu.tar.gz’
* DONE (aplot)
* installing *source* package ‘ggtree’ ...
** package ‘ggtree’ successfully unpacked and MD5 sums checked
** using staged installation
** R
** inst
** byte-compile and prepare package for lazy loading
** help
*** installing help indices
** building package indices
** installing vignettes
** testing if installed package can be loaded from temporary location
** testing if installed package can be loaded from final location
** testing if installed package keeps a record of temporary installation path
* creating tarball
packaged installation of ‘ggtree’ as ‘ggtree_3.14.0_R_x86_64-pc-linux-gnu.tar.gz’
* DONE (ggtree)
* installing *source* package ‘sitePath’ ...
** package ‘sitePath’ successfully unpacked and MD5 sums checked
** using staged installation
** libs
using C++ compiler: ‘g++ (Ubuntu 13.3.0-6ubuntu2~24.04) 13.3.0’
g++ -std=gnu++17 -I"/usr/local/lib/R/include" -DNDEBUG  -I'/usr/local/lib/R/site-library/Rcpp/include' -I/usr/local/include    -fpic  -g -O2 -fstack-protector-strong -Wformat -Wformat-security -Wdate-time -D_FORTIFY_SOURCE=2 -g  -DR_NO_REMAP -c RcppExports.cpp -o RcppExports.o
g++ -std=gnu++17 -I"/usr/local/lib/R/include" -DNDEBUG  -I'/usr/local/lib/R/site-library/Rcpp/include' -I/usr/local/include    -fpic  -g -O2 -fstack-protector-strong -Wformat -Wformat-security -Wdate-time -D_FORTIFY_SOURCE=2 -g  -DR_NO_REMAP -c lumpyCluster.cpp -o lumpyCluster.o
g++ -std=gnu++17 -I"/usr/local/lib/R/include" -DNDEBUG  -I'/usr/local/lib/R/site-library/Rcpp/include' -I/usr/local/include    -fpic  -g -O2 -fstack-protector-strong -Wformat -Wformat-security -Wdate-time -D_FORTIFY_SOURCE=2 -g  -DR_NO_REMAP -c minEntropy.cpp -o minEntropy.o
g++ -std=gnu++17 -I"/usr/local/lib/R/include" -DNDEBUG  -I'/usr/local/lib/R/site-library/Rcpp/include' -I/usr/local/include    -fpic  -g -O2 -fstack-protector-strong -Wformat -Wformat-security -Wdate-time -D_FORTIFY_SOURCE=2 -g  -DR_NO_REMAP -c searchNode.cpp -o searchNode.o
g++ -std=gnu++17 -I"/usr/local/lib/R/include" -DNDEBUG  -I'/usr/local/lib/R/site-library/Rcpp/include' -I/usr/local/include    -fpic  -g -O2 -fstack-protector-strong -Wformat -Wformat-security -Wdate-time -D_FORTIFY_SOURCE=2 -g  -DR_NO_REMAP -c searchTree.cpp -o searchTree.o
g++ -std=gnu++17 -I"/usr/local/lib/R/include" -DNDEBUG  -I'/usr/local/lib/R/site-library/Rcpp/include' -I/usr/local/include    -fpic  -g -O2 -fstack-protector-strong -Wformat -Wformat-security -Wdate-time -D_FORTIFY_SOURCE=2 -g  -DR_NO_REMAP -c treemer.cpp -o treemer.o
g++ -std=gnu++17 -I"/usr/local/lib/R/include" -DNDEBUG  -I'/usr/local/lib/R/site-library/Rcpp/include' -I/usr/local/include    -fpic  -g -O2 -fstack-protector-strong -Wformat -Wformat-security -Wdate-time -D_FORTIFY_SOURCE=2 -g  -DR_NO_REMAP -c util.cpp -o util.o
g++ -std=gnu++17 -shared -L/usr/local/lib/R/lib -L/usr/local/lib -o sitePath.so RcppExports.o lumpyCluster.o minEntropy.o searchNode.o searchTree.o treemer.o util.o -L/usr/local/lib/R/lib -lR
installing to /usr/local/lib/R/site-library/00LOCK-sitePath/00new/sitePath/libs
** R
** data
** inst
** byte-compile and prepare package for lazy loading
** help
*** installing help indices
** building package indices
** installing vignettes
** testing if installed package can be loaded from temporary location
** checking absolute paths in shared objects and dynamic libraries
** testing if installed package can be loaded from final location
** testing if installed package keeps a record of temporary installation path
* creating tarball
packaged installation of ‘sitePath’ as ‘sitePath_1.22.0_R_x86_64-pc-linux-gnu.tar.gz’
* DONE (sitePath)

The downloaded source packages are in
	‘/tmp/RtmpvMqSIe/downloaded_packages’
Old packages: 'bslib', 'cli', 'cpp11', 'curl', 'evaluate', 'httr2', 'jsonlite',
  'openssl', 'pillar', 'pkgbuild', 'processx', 'ps', 'purrr', 'R6', 'Rcpp',
  'rlang', 'sessioninfo', 'systemfonts', 'testthat', 'textshaping', 'tinytex',
  'xfun', 'xml2', 'zip', 'class', 'foreign', 'KernSmooth', 'MASS', 'Matrix',
  'nlme', 'nnet', 'rpart', 'spatial'

real	1m13.184s
user	0m56.107s
sys	0m15.291s
