'getOption("repos")' replaces Bioconductor standard repositories, see
'help("repositories", package = "BiocManager")' for details.
Replacement repositories:
    CRAN: https://p3m.dev/cran/__linux__/noble/latest
Bioconductor version 3.20 (BiocManager 1.30.25), R 4.4.2 (2024-10-31)
Installing package(s) 'MACSr'
also installing the dependency ‘MACSdata’

trying URL 'https://bioconductor.org/packages/3.20/data/experiment/src/contrib/MACSdata_1.14.0.tar.gz'
Content type 'application/x-gzip' length 2788 bytes
==================================================
downloaded 2788 bytes

trying URL 'https://bioconductor.org/packages/3.20/bioc/src/contrib/MACSr_1.14.0.tar.gz'
Content type 'application/x-gzip' length 5362489 bytes (5.1 MB)
==================================================
downloaded 5.1 MB

* installing *source* package ‘MACSdata’ ...
** using staged installation
** R
** inst
** byte-compile and prepare package for lazy loading
** help
*** installing help indices
** building package indices
** testing if installed package can be loaded from temporary location
** testing if installed package can be loaded from final location
** testing if installed package keeps a record of temporary installation path
* creating tarball
packaged installation of ‘MACSdata’ as ‘MACSdata_1.14.0_R_x86_64-pc-linux-gnu.tar.gz’
* DONE (MACSdata)
* installing *source* package ‘MACSr’ ...
** package ‘MACSr’ successfully unpacked and MD5 sums checked
** using non-staged installation via StagedInstall field
** R
** inst
** byte-compile and prepare package for lazy loading
** help
*** installing help indices
** building package indices
** installing vignettes
** testing if installed package can be loaded
* creating tarball
packaged installation of ‘MACSr’ as ‘MACSr_1.14.0_R_x86_64-pc-linux-gnu.tar.gz’
* DONE (MACSr)

The downloaded source packages are in
	‘/tmp/Rtmpqh1t7s/downloaded_packages’
Old packages: 'bslib', 'cli', 'cpp11', 'curl', 'evaluate', 'httr2', 'jsonlite',
  'openssl', 'pillar', 'pkgbuild', 'processx', 'ps', 'purrr', 'R6', 'Rcpp',
  'rlang', 'sessioninfo', 'systemfonts', 'testthat', 'textshaping', 'tinytex',
  'xfun', 'xml2', 'zip', 'class', 'foreign', 'KernSmooth', 'MASS', 'Matrix',
  'nlme', 'nnet', 'rpart', 'spatial'

real	1m8.139s
user	0m26.122s
sys	0m6.741s
