+ Rscript -e 'Sys.setenv(BIOCONDUCTOR_USE_CONTAINER_REPOSITORY=FALSE);
  p <- .libPaths();
  p <- c('\'''\'', '\'''\'', p);
  .libPaths(p);
  if(BiocManager::install('\''GraphAT'\'', INSTALL_opts = '\''--build'\'', update = TRUE, quiet = FALSE, dependencies=TRUE, force = TRUE, keep_outputs = TRUE) %in% rownames(installed.packages())) q(status = 0) else q(status = 1)'
'getOption("repos")' replaces Bioconductor standard repositories, see
'help("repositories", package = "BiocManager")' for details.
Replacement repositories:
    CRAN: https://cloud.r-project.org
Bioconductor version 3.21 (BiocManager 1.30.25), R Under development (unstable)
  (2025-03-08 r87910)
Installing package(s) 'GraphAT'
also installing the dependencies ‘generics’, ‘SparseM’, ‘MatrixModels’, ‘BiocGenerics’, ‘coda’, ‘mcmc’, ‘quantreg’, ‘graph’, ‘MCMCpack’

trying URL 'https://cloud.r-project.org/src/contrib/generics_0.1.3.tar.gz'
trying URL 'https://cloud.r-project.org/src/contrib/SparseM_1.84-2.tar.gz'
trying URL 'https://cloud.r-project.org/src/contrib/MatrixModels_0.5-3.tar.gz'
trying URL 'https://bioconductor.org/packages/3.21/bioc/src/contrib/BiocGenerics_0.53.6.tar.gz'
trying URL 'https://cloud.r-project.org/src/contrib/coda_0.19-4.1.tar.gz'
trying URL 'https://cloud.r-project.org/src/contrib/mcmc_0.9-8.tar.gz'
trying URL 'https://cloud.r-project.org/src/contrib/quantreg_6.1.tar.gz'
trying URL 'https://bioconductor.org/packages/3.21/bioc/src/contrib/graph_1.85.1.tar.gz'
trying URL 'https://cloud.r-project.org/src/contrib/MCMCpack_1.7-1.tar.gz'
trying URL 'https://bioconductor.org/packages/3.21/bioc/src/contrib/GraphAT_1.79.0.tar.gz'
* installing *source* package ‘generics’ ...
** this is package ‘generics’ version ‘0.1.3’
** package ‘generics’ successfully unpacked and MD5 sums checked
** using staged installation
** R
** byte-compile and prepare package for lazy loading
** help
*** installing help indices
** building package indices
** testing if installed package can be loaded from temporary location
** testing if installed package can be loaded from final location
** testing if installed package keeps a record of temporary installation path
* creating tarball
packaged installation of ‘generics’ as ‘generics_0.1.3_R_x86_64-pc-linux-gnu.tar.gz’
* DONE (generics)
* installing *source* package ‘SparseM’ ...
** this is package ‘SparseM’ version ‘1.84-2’
** package ‘SparseM’ successfully unpacked and MD5 sums checked
** using staged installation
** libs
using C compiler: ‘gcc (Ubuntu 13.3.0-6ubuntu2~24.04) 13.3.0’
using Fortran compiler: ‘GNU Fortran (Ubuntu 13.3.0-6ubuntu2~24.04) 13.3.0’
gfortran  -fpic  -g -O2  -c bckslv.f -o bckslv.o
gfortran  -fpic  -g -O2  -c chol.f -o chol.o
gfortran  -fpic  -g -O2  -c chol2csr.f -o chol2csr.o
gfortran  -fpic  -g -O2  -c cholesky.f -o cholesky.o
gfortran  -fpic  -g -O2  -c csr.f -o csr.o
gfortran  -fpic  -g -O2  -c extract.f -o extract.o
gcc -std=gnu2x -I"/usr/local/lib/R/include" -DNDEBUG   -I/usr/local/include    -fpic  -g -O2 -fstack-protector-strong -Wformat -Werror=format-security -Wdate-time -D_FORTIFY_SOURCE=2 -g  -c init.c -o init.o
gfortran  -fpic  -g -O2  -c sparskit.f -o sparskit.o
gfortran  -fpic  -g -O2  -c subscr.f -o subscr.o
gcc -std=gnu2x -shared -L/usr/local/lib/R/lib -L/usr/local/lib -o SparseM.so bckslv.o chol.o chol2csr.o cholesky.o csr.o extract.o init.o sparskit.o subscr.o -lgfortran -lm -lquadmath -L/usr/local/lib/R/lib -lR
installing to /usr/local/lib/R/site-library/00LOCK-SparseM/00new/SparseM/libs
** R
** data
** demo
** inst
** byte-compile and prepare package for lazy loading
Creating a generic function for ‘diag’ from package ‘base’ in package ‘SparseM’
Creating a generic function for ‘diag<-’ from package ‘base’ in package ‘SparseM’
Creating a generic function for ‘norm’ from package ‘base’ in package ‘SparseM’
Creating a generic function for ‘backsolve’ from package ‘base’ in package ‘SparseM’
Creating a generic function for ‘forwardsolve’ from package ‘base’ in package ‘SparseM’
Creating a generic function for ‘model.response’ from package ‘stats’ in package ‘SparseM’
** help
*** installing help indices
** building package indices
** installing vignettes
** testing if installed package can be loaded from temporary location
** checking absolute paths in shared objects and dynamic libraries
** testing if installed package can be loaded from final location
** testing if installed package keeps a record of temporary installation path
* creating tarball
packaged installation of ‘SparseM’ as ‘SparseM_1.84-2_R_x86_64-pc-linux-gnu.tar.gz’
* DONE (SparseM)
* installing *source* package ‘MatrixModels’ ...
** this is package ‘MatrixModels’ version ‘0.5-3’
** package ‘MatrixModels’ successfully unpacked and MD5 sums checked
** using staged installation
** R
** byte-compile and prepare package for lazy loading
** help
*** installing help indices
** building package indices
** testing if installed package can be loaded from temporary location
** testing if installed package can be loaded from final location
** testing if installed package keeps a record of temporary installation path
* creating tarball
packaged installation of ‘MatrixModels’ as ‘MatrixModels_0.5-3_R_x86_64-pc-linux-gnu.tar.gz’
* DONE (MatrixModels)
* installing *source* package ‘coda’ ...
** this is package ‘coda’ version ‘0.19-4.1’
** package ‘coda’ successfully unpacked and MD5 sums checked
** using staged installation
** R
** data
** inst
** byte-compile and prepare package for lazy loading
** help
*** installing help indices
** building package indices
** testing if installed package can be loaded from temporary location
** testing if installed package can be loaded from final location
** testing if installed package keeps a record of temporary installation path
* creating tarball
packaged installation of ‘coda’ as ‘coda_0.19-4.1_R_x86_64-pc-linux-gnu.tar.gz’
* DONE (coda)
* installing *source* package ‘mcmc’ ...
** this is package ‘mcmc’ version ‘0.9-8’
** package ‘mcmc’ successfully unpacked and MD5 sums checked
** using staged installation
** libs
using C compiler: ‘gcc (Ubuntu 13.3.0-6ubuntu2~24.04) 13.3.0’
gcc -std=gnu2x -I"/usr/local/lib/R/include" -DNDEBUG   -I/usr/local/include   -fvisibility=hidden -fpic  -g -O2 -fstack-protector-strong -Wformat -Werror=format-security -Wdate-time -D_FORTIFY_SOURCE=2 -g  -c getListElement.c -o getListElement.o
gcc -std=gnu2x -I"/usr/local/lib/R/include" -DNDEBUG   -I/usr/local/include   -fvisibility=hidden -fpic  -g -O2 -fstack-protector-strong -Wformat -Werror=format-security -Wdate-time -D_FORTIFY_SOURCE=2 -g  -c getScalarInteger.c -o getScalarInteger.o
gcc -std=gnu2x -I"/usr/local/lib/R/include" -DNDEBUG   -I/usr/local/include   -fvisibility=hidden -fpic  -g -O2 -fstack-protector-strong -Wformat -Werror=format-security -Wdate-time -D_FORTIFY_SOURCE=2 -g  -c getScalarLogical.c -o getScalarLogical.o
gcc -std=gnu2x -I"/usr/local/lib/R/include" -DNDEBUG   -I/usr/local/include   -fvisibility=hidden -fpic  -g -O2 -fstack-protector-strong -Wformat -Werror=format-security -Wdate-time -D_FORTIFY_SOURCE=2 -g  -c init.c -o init.o
gcc -std=gnu2x -I"/usr/local/lib/R/include" -DNDEBUG   -I/usr/local/include   -fvisibility=hidden -fpic  -g -O2 -fstack-protector-strong -Wformat -Werror=format-security -Wdate-time -D_FORTIFY_SOURCE=2 -g  -c initseq.c -o initseq.o
gcc -std=gnu2x -I"/usr/local/lib/R/include" -DNDEBUG   -I/usr/local/include   -fvisibility=hidden -fpic  -g -O2 -fstack-protector-strong -Wformat -Werror=format-security -Wdate-time -D_FORTIFY_SOURCE=2 -g  -c isAllFinite.c -o isAllFinite.o
gcc -std=gnu2x -I"/usr/local/lib/R/include" -DNDEBUG   -I/usr/local/include   -fvisibility=hidden -fpic  -g -O2 -fstack-protector-strong -Wformat -Werror=format-security -Wdate-time -D_FORTIFY_SOURCE=2 -g  -c metrop.c -o metrop.o
gcc -std=gnu2x -I"/usr/local/lib/R/include" -DNDEBUG   -I/usr/local/include   -fvisibility=hidden -fpic  -g -O2 -fstack-protector-strong -Wformat -Werror=format-security -Wdate-time -D_FORTIFY_SOURCE=2 -g  -c olbm.c -o olbm.o
gcc -std=gnu2x -I"/usr/local/lib/R/include" -DNDEBUG   -I/usr/local/include   -fvisibility=hidden -fpic  -g -O2 -fstack-protector-strong -Wformat -Werror=format-security -Wdate-time -D_FORTIFY_SOURCE=2 -g  -c temper.c -o temper.o
gcc -std=gnu2x -shared -L/usr/local/lib/R/lib -L/usr/local/lib -o mcmc.so getListElement.o getScalarInteger.o getScalarLogical.o init.o initseq.o isAllFinite.o metrop.o olbm.o temper.o -L/usr/local/lib/R/lib -lR
installing to /usr/local/lib/R/site-library/00LOCK-mcmc/00new/mcmc/libs
** R
** data
** inst
** byte-compile and prepare package for lazy loading
** help
*** installing help indices
** building package indices
** installing vignettes
** testing if installed package can be loaded from temporary location
** checking absolute paths in shared objects and dynamic libraries
** testing if installed package can be loaded from final location
** testing if installed package keeps a record of temporary installation path
* creating tarball
packaged installation of ‘mcmc’ as ‘mcmc_0.9-8_R_x86_64-pc-linux-gnu.tar.gz’
* DONE (mcmc)
* installing *source* package ‘BiocGenerics’ ...
** this is package ‘BiocGenerics’ version ‘0.53.6’
** using staged installation
** R
** inst
** byte-compile and prepare package for lazy loading
Creating a new generic function for ‘aperm’ in package ‘BiocGenerics’
Creating a new generic function for ‘append’ in package ‘BiocGenerics’
Creating a new generic function for ‘as.data.frame’ in package ‘BiocGenerics’
Creating a new generic function for ‘cbind’ in package ‘BiocGenerics’
Creating a new generic function for ‘rbind’ in package ‘BiocGenerics’
Creating a new generic function for ‘do.call’ in package ‘BiocGenerics’
Creating a new generic function for ‘duplicated’ in package ‘BiocGenerics’
Creating a new generic function for ‘anyDuplicated’ in package ‘BiocGenerics’
Creating a new generic function for ‘eval’ in package ‘BiocGenerics’
Creating a new generic function for ‘pmax’ in package ‘BiocGenerics’
Creating a new generic function for ‘pmin’ in package ‘BiocGenerics’
Creating a new generic function for ‘pmax.int’ in package ‘BiocGenerics’
Creating a new generic function for ‘pmin.int’ in package ‘BiocGenerics’
Creating a new generic function for ‘Reduce’ in package ‘BiocGenerics’
Creating a new generic function for ‘Filter’ in package ‘BiocGenerics’
Creating a new generic function for ‘Find’ in package ‘BiocGenerics’
Creating a new generic function for ‘Map’ in package ‘BiocGenerics’
Creating a new generic function for ‘Position’ in package ‘BiocGenerics’
Creating a new generic function for ‘get’ in package ‘BiocGenerics’
Creating a new generic function for ‘mget’ in package ‘BiocGenerics’
Creating a new generic function for ‘grep’ in package ‘BiocGenerics’
Creating a new generic function for ‘grepl’ in package ‘BiocGenerics’
Creating a new generic function for ‘is.unsorted’ in package ‘BiocGenerics’
Creating a new generic function for ‘lapply’ in package ‘BiocGenerics’
Creating a new generic function for ‘sapply’ in package ‘BiocGenerics’
Creating a new generic function for ‘mapply’ in package ‘BiocGenerics’
Creating a new generic function for ‘match’ in package ‘BiocGenerics’
Creating a new generic function for ‘order’ in package ‘BiocGenerics’
Creating a new generic function for ‘paste’ in package ‘BiocGenerics’
Creating a new generic function for ‘rank’ in package ‘BiocGenerics’
Creating a new generic function for ‘rownames’ in package ‘BiocGenerics’
Creating a new generic function for ‘colnames’ in package ‘BiocGenerics’
Creating a new generic function for ‘saveRDS’ in package ‘BiocGenerics’
Creating a new generic function for ‘table’ in package ‘BiocGenerics’
Creating a new generic function for ‘tapply’ in package ‘BiocGenerics’
Creating a new generic function for ‘unique’ in package ‘BiocGenerics’
Creating a new generic function for ‘unsplit’ in package ‘BiocGenerics’
Creating a new generic function for ‘var’ in package ‘BiocGenerics’
Creating a new generic function for ‘sd’ in package ‘BiocGenerics’
Creating a new generic function for ‘which.min’ in package ‘BiocGenerics’
Creating a new generic function for ‘which.max’ in package ‘BiocGenerics’
Creating a new generic function for ‘IQR’ in package ‘BiocGenerics’
Creating a new generic function for ‘mad’ in package ‘BiocGenerics’
Creating a new generic function for ‘xtabs’ in package ‘BiocGenerics’
Creating a new generic function for ‘basename’ in package ‘BiocGenerics’
Creating a new generic function for ‘dirname’ in package ‘BiocGenerics’
** help
*** installing help indices
** building package indices
** testing if installed package can be loaded from temporary location
** testing if installed package can be loaded from final location
** testing if installed package keeps a record of temporary installation path
* creating tarball
packaged installation of ‘BiocGenerics’ as ‘BiocGenerics_0.53.6_R_x86_64-pc-linux-gnu.tar.gz’
* DONE (BiocGenerics)
* installing *source* package ‘quantreg’ ...
** this is package ‘quantreg’ version ‘6.1’
** package ‘quantreg’ successfully unpacked and MD5 sums checked
** using staged installation
** libs
using C compiler: ‘gcc (Ubuntu 13.3.0-6ubuntu2~24.04) 13.3.0’
using Fortran compiler: ‘GNU Fortran (Ubuntu 13.3.0-6ubuntu2~24.04) 13.3.0’
gfortran  -fpic  -g -O2  -c akj.f -o akj.o
gfortran  -fpic  -g -O2  -c boot.f -o boot.o
gfortran  -fpic  -g -O2  -c bound.f -o bound.o
gfortran  -fpic  -g -O2  -c boundc.f -o boundc.o
gfortran  -fpic  -g -O2  -c brute.f -o brute.o
gfortran  -fpic  -g -O2  -c chlfct.f -o chlfct.o
gfortran  -fpic  -g -O2  -c cholesky.f -o cholesky.o
gfortran  -fpic  -g -O2  -c combos.f -o combos.o
gfortran  -fpic  -g -O2  -c crqf.f -o crqf.o
gfortran  -fpic  -g -O2  -c crqfnb.f -o crqfnb.o
gfortran  -fpic  -g -O2  -c dsel05.f -o dsel05.o
gfortran  -fpic  -g -O2  -c extract.f -o extract.o
gcc -std=gnu2x -I"/usr/local/lib/R/include" -DNDEBUG   -I/usr/local/include    -fpic  -g -O2 -fstack-protector-strong -Wformat -Werror=format-security -Wdate-time -D_FORTIFY_SOURCE=2 -g  -c frand.c -o frand.o
gfortran  -fpic  -g -O2  -c grexp.f -o grexp.o
gfortran  -fpic  -g -O2  -c idmin.f -o idmin.o
gfortran  -fpic  -g -O2  -c iswap.f -o iswap.o
gfortran  -fpic  -g -O2  -c kuantile.f -o kuantile.o
gfortran  -fpic  -g -O2  -c kuantiles.f -o kuantiles.o
gfortran  -fpic  -g -O2  -c linpack.f -o linpack.o
gcc -std=gnu2x -I"/usr/local/lib/R/include" -DNDEBUG   -I/usr/local/include    -fpic  -g -O2 -fstack-protector-strong -Wformat -Werror=format-security -Wdate-time -D_FORTIFY_SOURCE=2 -g  -c mcmb.c -o mcmb.o
gfortran  -fpic  -g -O2  -c penalty.f -o penalty.o
gfortran  -fpic  -g -O2  -c pfnb.f -o pfnb.o
gfortran  -fpic  -g -O2  -c powell.f -o powell.o
gfortran  -fpic  -g -O2  -c profnb.f -o profnb.o
gfortran  -fpic  -g -O2  -c pwxy.f -o pwxy.o
gfortran  -fpic  -g -O2  -c qfnb.f -o qfnb.o
gfortran  -fpic  -g -O2  -c qselect.f -o qselect.o
gcc -std=gnu2x -I"/usr/local/lib/R/include" -DNDEBUG   -I/usr/local/include    -fpic  -g -O2 -fstack-protector-strong -Wformat -Werror=format-security -Wdate-time -D_FORTIFY_SOURCE=2 -g  -c quantreg_init.c -o quantreg_init.o
gfortran  -fpic  -g -O2  -c rls.f -o rls.o
gfortran  -fpic  -g -O2  -c rq0.f -o rq0.o
gfortran  -fpic  -g -O2  -c rq1.f -o rq1.o
gfortran  -fpic  -g -O2  -c rqbr.f -o rqbr.o
gfortran  -fpic  -g -O2  -c rqfn.f -o rqfn.o
gfortran  -fpic  -g -O2  -c rqfnb.f -o rqfnb.o
gfortran  -fpic  -g -O2  -c rqfnc.f -o rqfnc.o
gfortran  -fpic  -g -O2  -c rqs.f -o rqs.o
gfortran  -fpic  -g -O2  -c sakj.f -o sakj.o
gfortran  -fpic  -g -O2  -c sparskit2.f -o sparskit2.o
gfortran  -fpic  -g -O2  -c srqfn.f -o srqfn.o
gfortran  -fpic  -g -O2  -c srqfnc.f -o srqfnc.o
gfortran  -fpic  -g -O2  -c srtpai.f -o srtpai.o
gcc -std=gnu2x -shared -L/usr/local/lib/R/lib -L/usr/local/lib -o quantreg.so akj.o boot.o bound.o boundc.o brute.o chlfct.o cholesky.o combos.o crqf.o crqfnb.o dsel05.o extract.o frand.o grexp.o idmin.o iswap.o kuantile.o kuantiles.o linpack.o mcmb.o penalty.o pfnb.o powell.o profnb.o pwxy.o qfnb.o qselect.o quantreg_init.o rls.o rq0.o rq1.o rqbr.o rqfn.o rqfnb.o rqfnc.o rqs.o sakj.o sparskit2.o srqfn.o srqfnc.o srtpai.o -llapack -lblas -lgfortran -lm -lquadmath -lgfortran -lm -lquadmath -L/usr/local/lib/R/lib -lR
installing to /usr/local/lib/R/site-library/00LOCK-quantreg/00new/quantreg/libs
** R
** data
** demo
** inst
** byte-compile and prepare package for lazy loading
** help
*** installing help indices
** building package indices
** installing vignettes
** testing if installed package can be loaded from temporary location
** checking absolute paths in shared objects and dynamic libraries
** testing if installed package can be loaded from final location
** testing if installed package keeps a record of temporary installation path
* creating tarball
packaged installation of ‘quantreg’ as ‘quantreg_6.1_R_x86_64-pc-linux-gnu.tar.gz’
* DONE (quantreg)
* installing *source* package ‘graph’ ...
** this is package ‘graph’ version ‘1.85.1’
** using staged installation
** libs
using C compiler: ‘gcc (Ubuntu 13.3.0-6ubuntu2~24.04) 13.3.0’
gcc -std=gnu2x -I"/usr/local/lib/R/include" -DNDEBUG   -I/usr/local/include    -fpic  -g -O2 -fstack-protector-strong -Wformat -Werror=format-security -Wdate-time -D_FORTIFY_SOURCE=2 -g  -c graph.c -o graph.o
gcc -std=gnu2x -shared -L/usr/local/lib/R/lib -L/usr/local/lib -o graph.so graph.o -L/usr/local/lib/R/lib -lR
mv graph.so BioC_graph.so
installing to /usr/local/lib/R/site-library/00LOCK-graph/00new/graph/libs
** R
** data
** inst
** byte-compile and prepare package for lazy loading
** help
*** installing help indices
** building package indices
** installing vignettes
** testing if installed package can be loaded from temporary location
** checking absolute paths in shared objects and dynamic libraries
** testing if installed package can be loaded from final location
** testing if installed package keeps a record of temporary installation path
* creating tarball
packaged installation of ‘graph’ as ‘graph_1.85.1_R_x86_64-pc-linux-gnu.tar.gz’
* DONE (graph)
* installing *source* package ‘MCMCpack’ ...
** this is package ‘MCMCpack’ version ‘1.7-1’
** package ‘MCMCpack’ successfully unpacked and MD5 sums checked
** using staged installation
checking whether the C++ compiler works... yes
checking for C++ compiler default output file name... a.out
checking for suffix of executables... 
checking whether we are cross compiling... no
checking for suffix of object files... o
checking whether we are using the GNU C++ compiler... yes
checking whether g++ -std=gnu++17 accepts -g... yes
checking for gcc... gcc -std=gnu2x
checking whether we are using the GNU C compiler... yes
checking whether gcc -std=gnu2x accepts -g... yes
checking for gcc -std=gnu2x option to accept ISO C89... none needed
checking how to run the C preprocessor... gcc -std=gnu2x -E
checking for grep that handles long lines and -e... /usr/bin/grep
checking for egrep... /usr/bin/grep -E
checking for ANSI C header files... yes
checking for sys/types.h... yes
checking for sys/stat.h... yes
checking for stdlib.h... yes
checking for string.h... yes
checking for memory.h... yes
checking for strings.h... yes
checking for inttypes.h... yes
checking for stdint.h... yes
checking for unistd.h... yes
checking ieeefp.h usability... no
checking ieeefp.h presence... no
checking for ieeefp.h... no
checking for trunc... no
configure: creating ./config.status
config.status: creating src/Makevars
** libs
using C compiler: ‘gcc (Ubuntu 13.3.0-6ubuntu2~24.04) 13.3.0’
using C++ compiler: ‘g++ (Ubuntu 13.3.0-6ubuntu2~24.04) 13.3.0’
g++ -std=gnu++17 -I"/usr/local/lib/R/include" -DNDEBUG -DSCYTHE_COMPILE_DIRECT -DSCYTHE_DEBUG=0 -DSCYTHE_RPACK -DHAVE_TRUNC     -I/usr/local/include    -fpic  -g -O2 -fstack-protector-strong -Wformat -Werror=format-security -Wdate-time -D_FORTIFY_SOURCE=2 -g   -c HMMmultivariateGaussian.cc -o HMMmultivariateGaussian.o
g++ -std=gnu++17 -I"/usr/local/lib/R/include" -DNDEBUG -DSCYTHE_COMPILE_DIRECT -DSCYTHE_DEBUG=0 -DSCYTHE_RPACK -DHAVE_TRUNC     -I/usr/local/include    -fpic  -g -O2 -fstack-protector-strong -Wformat -Werror=format-security -Wdate-time -D_FORTIFY_SOURCE=2 -g   -c MCMCdynamicEI.cc -o MCMCdynamicEI.o
g++ -std=gnu++17 -I"/usr/local/lib/R/include" -DNDEBUG -DSCYTHE_COMPILE_DIRECT -DSCYTHE_DEBUG=0 -DSCYTHE_RPACK -DHAVE_TRUNC     -I/usr/local/include    -fpic  -g -O2 -fstack-protector-strong -Wformat -Werror=format-security -Wdate-time -D_FORTIFY_SOURCE=2 -g   -c MCMChierBetaBinom.cc -o MCMChierBetaBinom.o
g++ -std=gnu++17 -I"/usr/local/lib/R/include" -DNDEBUG -DSCYTHE_COMPILE_DIRECT -DSCYTHE_DEBUG=0 -DSCYTHE_RPACK -DHAVE_TRUNC     -I/usr/local/include    -fpic  -g -O2 -fstack-protector-strong -Wformat -Werror=format-security -Wdate-time -D_FORTIFY_SOURCE=2 -g   -c MCMChierEI.cc -o MCMChierEI.o
g++ -std=gnu++17 -I"/usr/local/lib/R/include" -DNDEBUG -DSCYTHE_COMPILE_DIRECT -DSCYTHE_DEBUG=0 -DSCYTHE_RPACK -DHAVE_TRUNC     -I/usr/local/include    -fpic  -g -O2 -fstack-protector-strong -Wformat -Werror=format-security -Wdate-time -D_FORTIFY_SOURCE=2 -g   -c MCMCirtKdHet.cc -o MCMCirtKdHet.o
g++ -std=gnu++17 -I"/usr/local/lib/R/include" -DNDEBUG -DSCYTHE_COMPILE_DIRECT -DSCYTHE_DEBUG=0 -DSCYTHE_RPACK -DHAVE_TRUNC     -I/usr/local/include    -fpic  -g -O2 -fstack-protector-strong -Wformat -Werror=format-security -Wdate-time -D_FORTIFY_SOURCE=2 -g   -c MCMCirtKdRob.cc -o MCMCirtKdRob.o
g++ -std=gnu++17 -I"/usr/local/lib/R/include" -DNDEBUG -DSCYTHE_COMPILE_DIRECT -DSCYTHE_DEBUG=0 -DSCYTHE_RPACK -DHAVE_TRUNC     -I/usr/local/include    -fpic  -g -O2 -fstack-protector-strong -Wformat -Werror=format-security -Wdate-time -D_FORTIFY_SOURCE=2 -g   -c MCMClogituserprior.cc -o MCMClogituserprior.o
g++ -std=gnu++17 -I"/usr/local/lib/R/include" -DNDEBUG -DSCYTHE_COMPILE_DIRECT -DSCYTHE_DEBUG=0 -DSCYTHE_RPACK -DHAVE_TRUNC     -I/usr/local/include    -fpic  -g -O2 -fstack-protector-strong -Wformat -Werror=format-security -Wdate-time -D_FORTIFY_SOURCE=2 -g   -c MCMCmetrop1R.cc -o MCMCmetrop1R.o
g++ -std=gnu++17 -I"/usr/local/lib/R/include" -DNDEBUG -DSCYTHE_COMPILE_DIRECT -DSCYTHE_DEBUG=0 -DSCYTHE_RPACK -DHAVE_TRUNC     -I/usr/local/include    -fpic  -g -O2 -fstack-protector-strong -Wformat -Werror=format-security -Wdate-time -D_FORTIFY_SOURCE=2 -g   -c MCMCmixfactanal.cc -o MCMCmixfactanal.o
g++ -std=gnu++17 -I"/usr/local/lib/R/include" -DNDEBUG -DSCYTHE_COMPILE_DIRECT -DSCYTHE_DEBUG=0 -DSCYTHE_RPACK -DHAVE_TRUNC     -I/usr/local/include    -fpic  -g -O2 -fstack-protector-strong -Wformat -Werror=format-security -Wdate-time -D_FORTIFY_SOURCE=2 -g   -c MCMCmnlMH.cc -o MCMCmnlMH.o
g++ -std=gnu++17 -I"/usr/local/lib/R/include" -DNDEBUG -DSCYTHE_COMPILE_DIRECT -DSCYTHE_DEBUG=0 -DSCYTHE_RPACK -DHAVE_TRUNC     -I/usr/local/include    -fpic  -g -O2 -fstack-protector-strong -Wformat -Werror=format-security -Wdate-time -D_FORTIFY_SOURCE=2 -g   -c MCMCmnlslice.cc -o MCMCmnlslice.o
g++ -std=gnu++17 -I"/usr/local/lib/R/include" -DNDEBUG -DSCYTHE_COMPILE_DIRECT -DSCYTHE_DEBUG=0 -DSCYTHE_RPACK -DHAVE_TRUNC     -I/usr/local/include    -fpic  -g -O2 -fstack-protector-strong -Wformat -Werror=format-security -Wdate-time -D_FORTIFY_SOURCE=2 -g   -c MCMCnbutil.cc -o MCMCnbutil.o
g++ -std=gnu++17 -I"/usr/local/lib/R/include" -DNDEBUG -DSCYTHE_COMPILE_DIRECT -DSCYTHE_DEBUG=0 -DSCYTHE_RPACK -DHAVE_TRUNC     -I/usr/local/include    -fpic  -g -O2 -fstack-protector-strong -Wformat -Werror=format-security -Wdate-time -D_FORTIFY_SOURCE=2 -g   -c MCMCordfactanal.cc -o MCMCordfactanal.o
gcc -std=gnu2x -I"/usr/local/lib/R/include" -DNDEBUG -DSCYTHE_COMPILE_DIRECT -DSCYTHE_DEBUG=0 -DSCYTHE_RPACK -DHAVE_TRUNC     -I/usr/local/include    -fpic  -g -O2 -fstack-protector-strong -Wformat -Werror=format-security -Wdate-time -D_FORTIFY_SOURCE=2 -g  -c MCMCpack_init.c -o MCMCpack_init.o
g++ -std=gnu++17 -I"/usr/local/lib/R/include" -DNDEBUG -DSCYTHE_COMPILE_DIRECT -DSCYTHE_DEBUG=0 -DSCYTHE_RPACK -DHAVE_TRUNC     -I/usr/local/include    -fpic  -g -O2 -fstack-protector-strong -Wformat -Werror=format-security -Wdate-time -D_FORTIFY_SOURCE=2 -g   -c cHDPHMMnegbin.cc -o cHDPHMMnegbin.o
g++ -std=gnu++17 -I"/usr/local/lib/R/include" -DNDEBUG -DSCYTHE_COMPILE_DIRECT -DSCYTHE_DEBUG=0 -DSCYTHE_RPACK -DHAVE_TRUNC     -I/usr/local/include    -fpic  -g -O2 -fstack-protector-strong -Wformat -Werror=format-security -Wdate-time -D_FORTIFY_SOURCE=2 -g   -c cHDPHMMpoisson.cc -o cHDPHMMpoisson.o
g++ -std=gnu++17 -I"/usr/local/lib/R/include" -DNDEBUG -DSCYTHE_COMPILE_DIRECT -DSCYTHE_DEBUG=0 -DSCYTHE_RPACK -DHAVE_TRUNC     -I/usr/local/include    -fpic  -g -O2 -fstack-protector-strong -Wformat -Werror=format-security -Wdate-time -D_FORTIFY_SOURCE=2 -g   -c cHDPHSMMnegbin.cc -o cHDPHSMMnegbin.o
g++ -std=gnu++17 -I"/usr/local/lib/R/include" -DNDEBUG -DSCYTHE_COMPILE_DIRECT -DSCYTHE_DEBUG=0 -DSCYTHE_RPACK -DHAVE_TRUNC     -I/usr/local/include    -fpic  -g -O2 -fstack-protector-strong -Wformat -Werror=format-security -Wdate-time -D_FORTIFY_SOURCE=2 -g   -c cHMMpanelFE.cc -o cHMMpanelFE.o
g++ -std=gnu++17 -I"/usr/local/lib/R/include" -DNDEBUG -DSCYTHE_COMPILE_DIRECT -DSCYTHE_DEBUG=0 -DSCYTHE_RPACK -DHAVE_TRUNC     -I/usr/local/include    -fpic  -g -O2 -fstack-protector-strong -Wformat -Werror=format-security -Wdate-time -D_FORTIFY_SOURCE=2 -g   -c cHMMpanelRE.cc -o cHMMpanelRE.o
g++ -std=gnu++17 -I"/usr/local/lib/R/include" -DNDEBUG -DSCYTHE_COMPILE_DIRECT -DSCYTHE_DEBUG=0 -DSCYTHE_RPACK -DHAVE_TRUNC     -I/usr/local/include    -fpic  -g -O2 -fstack-protector-strong -Wformat -Werror=format-security -Wdate-time -D_FORTIFY_SOURCE=2 -g   -c cMCMCSVDreg.cc -o cMCMCSVDreg.o
g++ -std=gnu++17 -I"/usr/local/lib/R/include" -DNDEBUG -DSCYTHE_COMPILE_DIRECT -DSCYTHE_DEBUG=0 -DSCYTHE_RPACK -DHAVE_TRUNC     -I/usr/local/include    -fpic  -g -O2 -fstack-protector-strong -Wformat -Werror=format-security -Wdate-time -D_FORTIFY_SOURCE=2 -g   -c cMCMCbinaryChange.cc -o cMCMCbinaryChange.o
g++ -std=gnu++17 -I"/usr/local/lib/R/include" -DNDEBUG -DSCYTHE_COMPILE_DIRECT -DSCYTHE_DEBUG=0 -DSCYTHE_RPACK -DHAVE_TRUNC     -I/usr/local/include    -fpic  -g -O2 -fstack-protector-strong -Wformat -Werror=format-security -Wdate-time -D_FORTIFY_SOURCE=2 -g   -c cMCMCdynamicIRT1d-b.cc -o cMCMCdynamicIRT1d-b.o
g++ -std=gnu++17 -I"/usr/local/lib/R/include" -DNDEBUG -DSCYTHE_COMPILE_DIRECT -DSCYTHE_DEBUG=0 -DSCYTHE_RPACK -DHAVE_TRUNC     -I/usr/local/include    -fpic  -g -O2 -fstack-protector-strong -Wformat -Werror=format-security -Wdate-time -D_FORTIFY_SOURCE=2 -g   -c cMCMCdynamicIRT1d.cc -o cMCMCdynamicIRT1d.o
g++ -std=gnu++17 -I"/usr/local/lib/R/include" -DNDEBUG -DSCYTHE_COMPILE_DIRECT -DSCYTHE_DEBUG=0 -DSCYTHE_RPACK -DHAVE_TRUNC     -I/usr/local/include    -fpic  -g -O2 -fstack-protector-strong -Wformat -Werror=format-security -Wdate-time -D_FORTIFY_SOURCE=2 -g   -c cMCMCfactanal.cc -o cMCMCfactanal.o
g++ -std=gnu++17 -I"/usr/local/lib/R/include" -DNDEBUG -DSCYTHE_COMPILE_DIRECT -DSCYTHE_DEBUG=0 -DSCYTHE_RPACK -DHAVE_TRUNC     -I/usr/local/include    -fpic  -g -O2 -fstack-protector-strong -Wformat -Werror=format-security -Wdate-time -D_FORTIFY_SOURCE=2 -g   -c cMCMChlogit.cc -o cMCMChlogit.o
g++ -std=gnu++17 -I"/usr/local/lib/R/include" -DNDEBUG -DSCYTHE_COMPILE_DIRECT -DSCYTHE_DEBUG=0 -DSCYTHE_RPACK -DHAVE_TRUNC     -I/usr/local/include    -fpic  -g -O2 -fstack-protector-strong -Wformat -Werror=format-security -Wdate-time -D_FORTIFY_SOURCE=2 -g   -c cMCMChpoisson.cc -o cMCMChpoisson.o
g++ -std=gnu++17 -I"/usr/local/lib/R/include" -DNDEBUG -DSCYTHE_COMPILE_DIRECT -DSCYTHE_DEBUG=0 -DSCYTHE_RPACK -DHAVE_TRUNC     -I/usr/local/include    -fpic  -g -O2 -fstack-protector-strong -Wformat -Werror=format-security -Wdate-time -D_FORTIFY_SOURCE=2 -g   -c cMCMChregress.cc -o cMCMChregress.o
g++ -std=gnu++17 -I"/usr/local/lib/R/include" -DNDEBUG -DSCYTHE_COMPILE_DIRECT -DSCYTHE_DEBUG=0 -DSCYTHE_RPACK -DHAVE_TRUNC     -I/usr/local/include    -fpic  -g -O2 -fstack-protector-strong -Wformat -Werror=format-security -Wdate-time -D_FORTIFY_SOURCE=2 -g   -c cMCMCirt1d.cc -o cMCMCirt1d.o
g++ -std=gnu++17 -I"/usr/local/lib/R/include" -DNDEBUG -DSCYTHE_COMPILE_DIRECT -DSCYTHE_DEBUG=0 -DSCYTHE_RPACK -DHAVE_TRUNC     -I/usr/local/include    -fpic  -g -O2 -fstack-protector-strong -Wformat -Werror=format-security -Wdate-time -D_FORTIFY_SOURCE=2 -g   -c cMCMCirtHier1d.cc -o cMCMCirtHier1d.o
g++ -std=gnu++17 -I"/usr/local/lib/R/include" -DNDEBUG -DSCYTHE_COMPILE_DIRECT -DSCYTHE_DEBUG=0 -DSCYTHE_RPACK -DHAVE_TRUNC     -I/usr/local/include    -fpic  -g -O2 -fstack-protector-strong -Wformat -Werror=format-security -Wdate-time -D_FORTIFY_SOURCE=2 -g   -c cMCMClogit.cc -o cMCMClogit.o
g++ -std=gnu++17 -I"/usr/local/lib/R/include" -DNDEBUG -DSCYTHE_COMPILE_DIRECT -DSCYTHE_DEBUG=0 -DSCYTHE_RPACK -DHAVE_TRUNC     -I/usr/local/include    -fpic  -g -O2 -fstack-protector-strong -Wformat -Werror=format-security -Wdate-time -D_FORTIFY_SOURCE=2 -g   -c cMCMCnegbin.cc -o cMCMCnegbin.o
g++ -std=gnu++17 -I"/usr/local/lib/R/include" -DNDEBUG -DSCYTHE_COMPILE_DIRECT -DSCYTHE_DEBUG=0 -DSCYTHE_RPACK -DHAVE_TRUNC     -I/usr/local/include    -fpic  -g -O2 -fstack-protector-strong -Wformat -Werror=format-security -Wdate-time -D_FORTIFY_SOURCE=2 -g   -c cMCMCnegbinChange.cc -o cMCMCnegbinChange.o
g++ -std=gnu++17 -I"/usr/local/lib/R/include" -DNDEBUG -DSCYTHE_COMPILE_DIRECT -DSCYTHE_DEBUG=0 -DSCYTHE_RPACK -DHAVE_TRUNC     -I/usr/local/include    -fpic  -g -O2 -fstack-protector-strong -Wformat -Werror=format-security -Wdate-time -D_FORTIFY_SOURCE=2 -g   -c cMCMCoprobit.cc -o cMCMCoprobit.o
g++ -std=gnu++17 -I"/usr/local/lib/R/include" -DNDEBUG -DSCYTHE_COMPILE_DIRECT -DSCYTHE_DEBUG=0 -DSCYTHE_RPACK -DHAVE_TRUNC     -I/usr/local/include    -fpic  -g -O2 -fstack-protector-strong -Wformat -Werror=format-security -Wdate-time -D_FORTIFY_SOURCE=2 -g   -c cMCMCoprobitChange.cc -o cMCMCoprobitChange.o
g++ -std=gnu++17 -I"/usr/local/lib/R/include" -DNDEBUG -DSCYTHE_COMPILE_DIRECT -DSCYTHE_DEBUG=0 -DSCYTHE_RPACK -DHAVE_TRUNC     -I/usr/local/include    -fpic  -g -O2 -fstack-protector-strong -Wformat -Werror=format-security -Wdate-time -D_FORTIFY_SOURCE=2 -g   -c cMCMCpaircompare.cc -o cMCMCpaircompare.o
g++ -std=gnu++17 -I"/usr/local/lib/R/include" -DNDEBUG -DSCYTHE_COMPILE_DIRECT -DSCYTHE_DEBUG=0 -DSCYTHE_RPACK -DHAVE_TRUNC     -I/usr/local/include    -fpic  -g -O2 -fstack-protector-strong -Wformat -Werror=format-security -Wdate-time -D_FORTIFY_SOURCE=2 -g   -c cMCMCpaircompare2d.cc -o cMCMCpaircompare2d.o
g++ -std=gnu++17 -I"/usr/local/lib/R/include" -DNDEBUG -DSCYTHE_COMPILE_DIRECT -DSCYTHE_DEBUG=0 -DSCYTHE_RPACK -DHAVE_TRUNC     -I/usr/local/include    -fpic  -g -O2 -fstack-protector-strong -Wformat -Werror=format-security -Wdate-time -D_FORTIFY_SOURCE=2 -g   -c cMCMCpaircompare2dDP.cc -o cMCMCpaircompare2dDP.o
g++ -std=gnu++17 -I"/usr/local/lib/R/include" -DNDEBUG -DSCYTHE_COMPILE_DIRECT -DSCYTHE_DEBUG=0 -DSCYTHE_RPACK -DHAVE_TRUNC     -I/usr/local/include    -fpic  -g -O2 -fstack-protector-strong -Wformat -Werror=format-security -Wdate-time -D_FORTIFY_SOURCE=2 -g   -c cMCMCpoisson.cc -o cMCMCpoisson.o
g++ -std=gnu++17 -I"/usr/local/lib/R/include" -DNDEBUG -DSCYTHE_COMPILE_DIRECT -DSCYTHE_DEBUG=0 -DSCYTHE_RPACK -DHAVE_TRUNC     -I/usr/local/include    -fpic  -g -O2 -fstack-protector-strong -Wformat -Werror=format-security -Wdate-time -D_FORTIFY_SOURCE=2 -g   -c cMCMCpoissonChange.cc -o cMCMCpoissonChange.o
g++ -std=gnu++17 -I"/usr/local/lib/R/include" -DNDEBUG -DSCYTHE_COMPILE_DIRECT -DSCYTHE_DEBUG=0 -DSCYTHE_RPACK -DHAVE_TRUNC     -I/usr/local/include    -fpic  -g -O2 -fstack-protector-strong -Wformat -Werror=format-security -Wdate-time -D_FORTIFY_SOURCE=2 -g   -c cMCMCprobit.cc -o cMCMCprobit.o
g++ -std=gnu++17 -I"/usr/local/lib/R/include" -DNDEBUG -DSCYTHE_COMPILE_DIRECT -DSCYTHE_DEBUG=0 -DSCYTHE_RPACK -DHAVE_TRUNC     -I/usr/local/include    -fpic  -g -O2 -fstack-protector-strong -Wformat -Werror=format-security -Wdate-time -D_FORTIFY_SOURCE=2 -g   -c cMCMCprobitChange.cc -o cMCMCprobitChange.o
g++ -std=gnu++17 -I"/usr/local/lib/R/include" -DNDEBUG -DSCYTHE_COMPILE_DIRECT -DSCYTHE_DEBUG=0 -DSCYTHE_RPACK -DHAVE_TRUNC     -I/usr/local/include    -fpic  -g -O2 -fstack-protector-strong -Wformat -Werror=format-security -Wdate-time -D_FORTIFY_SOURCE=2 -g   -c cMCMCprobitres.cc -o cMCMCprobitres.o
g++ -std=gnu++17 -I"/usr/local/lib/R/include" -DNDEBUG -DSCYTHE_COMPILE_DIRECT -DSCYTHE_DEBUG=0 -DSCYTHE_RPACK -DHAVE_TRUNC     -I/usr/local/include    -fpic  -g -O2 -fstack-protector-strong -Wformat -Werror=format-security -Wdate-time -D_FORTIFY_SOURCE=2 -g   -c cMCMCquantreg.cc -o cMCMCquantreg.o
g++ -std=gnu++17 -I"/usr/local/lib/R/include" -DNDEBUG -DSCYTHE_COMPILE_DIRECT -DSCYTHE_DEBUG=0 -DSCYTHE_RPACK -DHAVE_TRUNC     -I/usr/local/include    -fpic  -g -O2 -fstack-protector-strong -Wformat -Werror=format-security -Wdate-time -D_FORTIFY_SOURCE=2 -g   -c cMCMCregress.cc -o cMCMCregress.o
g++ -std=gnu++17 -I"/usr/local/lib/R/include" -DNDEBUG -DSCYTHE_COMPILE_DIRECT -DSCYTHE_DEBUG=0 -DSCYTHE_RPACK -DHAVE_TRUNC     -I/usr/local/include    -fpic  -g -O2 -fstack-protector-strong -Wformat -Werror=format-security -Wdate-time -D_FORTIFY_SOURCE=2 -g   -c cMCMCregressChange.cc -o cMCMCregressChange.o
g++ -std=gnu++17 -I"/usr/local/lib/R/include" -DNDEBUG -DSCYTHE_COMPILE_DIRECT -DSCYTHE_DEBUG=0 -DSCYTHE_RPACK -DHAVE_TRUNC     -I/usr/local/include    -fpic  -g -O2 -fstack-protector-strong -Wformat -Werror=format-security -Wdate-time -D_FORTIFY_SOURCE=2 -g   -c cMCMCresidualBreakAnalysis.cc -o cMCMCresidualBreakAnalysis.o
g++ -std=gnu++17 -I"/usr/local/lib/R/include" -DNDEBUG -DSCYTHE_COMPILE_DIRECT -DSCYTHE_DEBUG=0 -DSCYTHE_RPACK -DHAVE_TRUNC     -I/usr/local/include    -fpic  -g -O2 -fstack-protector-strong -Wformat -Werror=format-security -Wdate-time -D_FORTIFY_SOURCE=2 -g   -c cMCMCtobit.cc -o cMCMCtobit.o
g++ -std=gnu++17 -I"/usr/local/lib/R/include" -DNDEBUG -DSCYTHE_COMPILE_DIRECT -DSCYTHE_DEBUG=0 -DSCYTHE_RPACK -DHAVE_TRUNC     -I/usr/local/include    -fpic  -g -O2 -fstack-protector-strong -Wformat -Werror=format-security -Wdate-time -D_FORTIFY_SOURCE=2 -g   -c cSSVSquantreg.cc -o cSSVSquantreg.o
g++ -std=gnu++17 -I"/usr/local/lib/R/include" -DNDEBUG -DSCYTHE_COMPILE_DIRECT -DSCYTHE_DEBUG=0 -DSCYTHE_RPACK -DHAVE_TRUNC     -I/usr/local/include    -fpic  -g -O2 -fstack-protector-strong -Wformat -Werror=format-security -Wdate-time -D_FORTIFY_SOURCE=2 -g   -c lecuyer.cc -o lecuyer.o
g++ -std=gnu++17 -shared -L/usr/local/lib/R/lib -L/usr/local/lib -o MCMCpack.so HMMmultivariateGaussian.o MCMCdynamicEI.o MCMChierBetaBinom.o MCMChierEI.o MCMCirtKdHet.o MCMCirtKdRob.o MCMClogituserprior.o MCMCmetrop1R.o MCMCmixfactanal.o MCMCmnlMH.o MCMCmnlslice.o MCMCnbutil.o MCMCordfactanal.o MCMCpack_init.o cHDPHMMnegbin.o cHDPHMMpoisson.o cHDPHSMMnegbin.o cHMMpanelFE.o cHMMpanelRE.o cMCMCSVDreg.o cMCMCbinaryChange.o cMCMCdynamicIRT1d-b.o cMCMCdynamicIRT1d.o cMCMCfactanal.o cMCMChlogit.o cMCMChpoisson.o cMCMChregress.o cMCMCirt1d.o cMCMCirtHier1d.o cMCMClogit.o cMCMCnegbin.o cMCMCnegbinChange.o cMCMCoprobit.o cMCMCoprobitChange.o cMCMCpaircompare.o cMCMCpaircompare2d.o cMCMCpaircompare2dDP.o cMCMCpoisson.o cMCMCpoissonChange.o cMCMCprobit.o cMCMCprobitChange.o cMCMCprobitres.o cMCMCquantreg.o cMCMCregress.o cMCMCregressChange.o cMCMCresidualBreakAnalysis.o cMCMCtobit.o cSSVSquantreg.o lecuyer.o -L/usr/local/lib/R/lib -lR
installing to /usr/local/lib/R/site-library/00LOCK-MCMCpack/00new/MCMCpack/libs
** R
** data
** inst
** byte-compile and prepare package for lazy loading
** help
*** installing help indices
** building package indices
** testing if installed package can be loaded from temporary location
** checking absolute paths in shared objects and dynamic libraries
** testing if installed package can be loaded from final location
** testing if installed package keeps a record of temporary installation path
* creating tarball
packaged installation of ‘MCMCpack’ as ‘MCMCpack_1.7-1_R_x86_64-pc-linux-gnu.tar.gz’
* DONE (MCMCpack)
* installing *source* package ‘GraphAT’ ...
** this is package ‘GraphAT’ version ‘1.79.0’
** using staged installation
** R
** data
** byte-compile and prepare package for lazy loading
** help
*** installing help indices
** building package indices
** testing if installed package can be loaded from temporary location
** testing if installed package can be loaded from final location
** testing if installed package keeps a record of temporary installation path
* creating tarball
packaged installation of ‘GraphAT’ as ‘GraphAT_1.79.0_R_x86_64-pc-linux-gnu.tar.gz’
* DONE (GraphAT)

The downloaded source packages are in
	‘/tmp/RtmpY6VOVp/downloaded_packages’
Old packages: 'commonmark', 'knitr', 'mime', 'xml2'

real	4m20.323s
user	3m53.619s
sys	0m28.314s
