+ Rscript -e 'Sys.setenv(BIOCONDUCTOR_USE_CONTAINER_REPOSITORY=FALSE);
  p <- .libPaths();
  p <- c('\'''\'', '\'''\'', p);
  .libPaths(p);
  if(BiocManager::install('\''pgca'\'', INSTALL_opts = '\''--build'\'', update = TRUE, quiet = FALSE, dependencies=TRUE, force = TRUE, keep_outputs = TRUE) %in% rownames(installed.packages())) q(status = 0) else q(status = 1)'
'getOption("repos")' replaces Bioconductor standard repositories, see
'help("repositories", package = "BiocManager")' for details.
Replacement repositories:
    CRAN: https://cloud.r-project.org
Bioconductor version 3.21 (BiocManager 1.30.25), R Under development (unstable)
  (2025-03-08 r87910)
Installing package(s) 'pgca'
trying URL 'https://bioconductor.org/packages/3.21/bioc/src/contrib/pgca_1.31.0.tar.gz'
Content type 'application/x-gzip' length 222716 bytes (217 KB)
==================================================
downloaded 217 KB

* installing *source* package ‘pgca’ ...
** this is package ‘pgca’ version ‘1.31.0’
** using staged installation
** R
** data
*** moving datasets to lazyload DB
** inst
** byte-compile and prepare package for lazy loading
** help
*** installing help indices
** building package indices
** installing vignettes
** testing if installed package can be loaded from temporary location
** testing if installed package can be loaded from final location
** testing if installed package keeps a record of temporary installation path
* creating tarball
packaged installation of ‘pgca’ as ‘pgca_1.31.0_R_x86_64-pc-linux-gnu.tar.gz’
* DONE (pgca)

The downloaded source packages are in
	‘/tmp/Rtmp7KdE5d/downloaded_packages’
Old packages: 'commonmark', 'curl', 'gert', 'knitr', 'littler', 'mime',
  'pkgbuild', 'xml2', 'foreign'

real	0m4.741s
user	0m2.903s
sys	0m1.257s
