'getOption("repos")' replaces Bioconductor standard repositories, see
'help("repositories", package = "BiocManager")' for details.
Replacement repositories:
    CRAN: https://p3m.dev/cran/__linux__/noble/latest
Bioconductor version 3.20 (BiocManager 1.30.25), R 4.4.2 (2024-10-31)
Installing package(s) 'cosmosR'
trying URL 'https://bioconductor.org/packages/3.20/bioc/src/contrib/cosmosR_1.14.0.tar.gz'
Content type 'application/x-gzip' length 3532452 bytes (3.4 MB)
==================================================
downloaded 3.4 MB

* installing *source* package ‘cosmosR’ ...
** package ‘cosmosR’ successfully unpacked and MD5 sums checked
** using staged installation
** R
** data
** inst
** byte-compile and prepare package for lazy loading
** help
*** installing help indices
*** copying figures
** building package indices
** installing vignettes
** testing if installed package can be loaded from temporary location
** testing if installed package can be loaded from final location
** testing if installed package keeps a record of temporary installation path
* creating tarball
packaged installation of ‘cosmosR’ as ‘cosmosR_1.14.0_R_x86_64-pc-linux-gnu.tar.gz’
* DONE (cosmosR)

The downloaded source packages are in
	‘/tmp/Rtmpj9WY8C/downloaded_packages’
Old packages: 'bslib', 'cli', 'cpp11', 'curl', 'evaluate', 'httr2', 'jsonlite',
  'openssl', 'pillar', 'pkgbuild', 'processx', 'ps', 'purrr', 'R6', 'Rcpp',
  'rlang', 'sessioninfo', 'systemfonts', 'testthat', 'textshaping', 'tinytex',
  'xfun', 'xml2', 'zip', 'class', 'foreign', 'KernSmooth', 'MASS', 'Matrix',
  'nlme', 'nnet', 'rpart', 'spatial'

real	1m23.137s
user	0m16.083s
sys	0m4.822s
