'getOption("repos")' replaces Bioconductor standard repositories, see
'help("repositories", package = "BiocManager")' for details.
Replacement repositories:
    CRAN: https://p3m.dev/cran/__linux__/noble/latest
Bioconductor version 3.20 (BiocManager 1.30.25), R 4.4.2 (2024-10-31)
Installing package(s) 'BgeeCall'
also installing the dependencies ‘sjlabelled’, ‘sjmisc’, ‘rslurm’

trying URL 'https://p3m.dev/cran/__linux__/noble/latest/src/contrib/sjlabelled_1.2.0.tar.gz'
Content type 'binary/octet-stream' length 322119 bytes (314 KB)
==================================================
downloaded 314 KB

trying URL 'https://p3m.dev/cran/__linux__/noble/latest/src/contrib/sjmisc_2.8.10.tar.gz'
Content type 'binary/octet-stream' length 539437 bytes (526 KB)
==================================================
downloaded 526 KB

trying URL 'https://p3m.dev/cran/__linux__/noble/latest/src/contrib/rslurm_0.6.2.tar.gz'
Content type 'binary/octet-stream' length 158383 bytes (154 KB)
==================================================
downloaded 154 KB

trying URL 'https://bioconductor.org/packages/3.20/bioc/src/contrib/BgeeCall_1.22.0.tar.gz'
Content type 'application/x-gzip' length 5941491 bytes (5.7 MB)
==================================================
downloaded 5.7 MB

* installing *binary* package ‘sjlabelled’ ...
* ‘sjlabelled’ was already a binary package and will not be rebuilt
* creating tarball
packaged installation of ‘sjlabelled’ as ‘sjlabelled_1.2.0_R_x86_64-pc-linux-gnu.tar.gz’
* DONE (sjlabelled)
* installing *binary* package ‘rslurm’ ...
* ‘rslurm’ was already a binary package and will not be rebuilt
* creating tarball
packaged installation of ‘rslurm’ as ‘rslurm_0.6.2_R_x86_64-pc-linux-gnu.tar.gz’
* DONE (rslurm)
* installing *binary* package ‘sjmisc’ ...
* ‘sjmisc’ was already a binary package and will not be rebuilt
* creating tarball
packaged installation of ‘sjmisc’ as ‘sjmisc_2.8.10_R_x86_64-pc-linux-gnu.tar.gz’
* DONE (sjmisc)
* installing *source* package ‘BgeeCall’ ...
** package ‘BgeeCall’ successfully unpacked and MD5 sums checked
** using staged installation
** R
** inst
** byte-compile and prepare package for lazy loading
** help
*** installing help indices
** building package indices
** installing vignettes
** testing if installed package can be loaded from temporary location
** testing if installed package can be loaded from final location
** testing if installed package keeps a record of temporary installation path
* creating tarball
packaged installation of ‘BgeeCall’ as ‘BgeeCall_1.22.0_R_x86_64-pc-linux-gnu.tar.gz’
* DONE (BgeeCall)

The downloaded source packages are in
	‘/tmp/Rtmp6njPV9/downloaded_packages’
Old packages: 'bslib', 'cli', 'cpp11', 'curl', 'evaluate', 'httr2', 'jsonlite',
  'openssl', 'pillar', 'pkgbuild', 'processx', 'ps', 'purrr', 'R6', 'Rcpp',
  'rlang', 'sessioninfo', 'systemfonts', 'testthat', 'textshaping', 'tinytex',
  'xfun', 'xml2', 'zip', 'class', 'foreign', 'KernSmooth', 'MASS', 'Matrix',
  'nlme', 'nnet', 'rpart', 'spatial'

real	2m27.523s
user	0m40.779s
sys	0m7.800s
