+ Rscript -e 'Sys.setenv(BIOCONDUCTOR_USE_CONTAINER_REPOSITORY=FALSE);
  p <- .libPaths();
  p <- c('\'''\'', '\'''\'', p);
  .libPaths(p);
  if(BiocManager::install('\''Director'\'', INSTALL_opts = '\''--build'\'', update = TRUE, quiet = FALSE, dependencies=TRUE, force = TRUE, keep_outputs = TRUE) %in% rownames(installed.packages())) q(status = 0) else q(status = 1)'
'getOption("repos")' replaces Bioconductor standard repositories, see
'help("repositories", package = "BiocManager")' for details.
Replacement repositories:
    CRAN: https://cloud.r-project.org
Bioconductor version 3.21 (BiocManager 1.30.25), R Under development (unstable)
  (2025-03-08 r87910)
Installing package(s) 'Director'
trying URL 'https://bioconductor.org/packages/3.21/bioc/src/contrib/Director_1.33.1.tar.gz'
Content type 'application/x-gzip' length 711958 bytes (695 KB)
==================================================
downloaded 695 KB

* installing *source* package ‘Director’ ...
** this is package ‘Director’ version ‘1.33.1’
** using staged installation
** R
** data
*** moving datasets to lazyload DB
** inst
** byte-compile and prepare package for lazy loading
** help
*** installing help indices
** building package indices
** installing vignettes
** testing if installed package can be loaded from temporary location
Warning in fun(libname, pkgname) :
  Package 'Director' is deprecated and will be removed from Bioconductor
  version 3.22
** testing if installed package can be loaded from final location
Warning in fun(libname, pkgname) :
  Package 'Director' is deprecated and will be removed from Bioconductor
  version 3.22
** testing if installed package keeps a record of temporary installation path
* creating tarball
packaged installation of ‘Director’ as ‘Director_1.33.1_R_x86_64-pc-linux-gnu.tar.gz’
* DONE (Director)

The downloaded source packages are in
	‘/tmp/RtmpUatA7O/downloaded_packages’
Old packages: 'commonmark', 'knitr', 'mime', 'xml2'

real	0m5.660s
user	0m3.724s
sys	0m1.460s
