+ Rscript -e 'Sys.setenv(BIOCONDUCTOR_USE_CONTAINER_REPOSITORY=FALSE);
  p <- .libPaths();
  p <- c('\'''\'', '\'''\'', p);
  .libPaths(p);
  if(BiocManager::install('\''struct'\'', INSTALL_opts = '\''--build'\'', update = TRUE, quiet = FALSE, dependencies=TRUE, force = TRUE, keep_outputs = TRUE) %in% rownames(installed.packages())) q(status = 0) else q(status = 1)'
'getOption("repos")' replaces Bioconductor standard repositories, see
'help("repositories", package = "BiocManager")' for details.
Replacement repositories:
    CRAN: https://cloud.r-project.org
Bioconductor version 3.21 (BiocManager 1.30.25), R 4.5.0 (2025-04-11)
Installing package(s) 'struct'
also installing the dependencies ‘rex’, ‘bookdown’, ‘ontologyIndex’, ‘rols’, ‘covr’, ‘BiocStyle’, ‘openxlsx’, ‘magick’

trying URL 'https://cloud.r-project.org/src/contrib/rex_1.2.1.tar.gz'
trying URL 'https://cloud.r-project.org/src/contrib/bookdown_0.43.tar.gz'
trying URL 'https://cloud.r-project.org/src/contrib/ontologyIndex_2.12.tar.gz'
trying URL 'https://bioconductor.org/packages/3.21/bioc/src/contrib/rols_3.4.0.tar.gz'
trying URL 'https://cloud.r-project.org/src/contrib/covr_3.6.4.tar.gz'
trying URL 'https://bioconductor.org/packages/3.21/bioc/src/contrib/BiocStyle_2.36.0.tar.gz'
trying URL 'https://cloud.r-project.org/src/contrib/openxlsx_4.2.8.tar.gz'
trying URL 'https://cloud.r-project.org/src/contrib/magick_2.8.6.tar.gz'
trying URL 'https://bioconductor.org/packages/3.21/bioc/src/contrib/struct_1.20.1.tar.gz'
* installing *source* package ‘rex’ ...
** this is package ‘rex’ version ‘1.2.1’
** package ‘rex’ successfully unpacked and MD5 sums checked
** using staged installation
** R
** inst
** byte-compile and prepare package for lazy loading
** help
*** installing help indices
** building package indices
** installing vignettes
** testing if installed package can be loaded from temporary location
** testing if installed package can be loaded from final location
** testing if installed package keeps a record of temporary installation path
* creating tarball
packaged installation of ‘rex’ as ‘rex_1.2.1_R_x86_64-pc-linux-gnu.tar.gz’
* DONE (rex)
* installing *source* package ‘bookdown’ ...
** this is package ‘bookdown’ version ‘0.43’
** package ‘bookdown’ successfully unpacked and MD5 sums checked
** using staged installation
** R
** inst
** byte-compile and prepare package for lazy loading
** help
*** installing help indices
*** copying figures
** building package indices
** installing vignettes
** testing if installed package can be loaded from temporary location
** testing if installed package can be loaded from final location
** testing if installed package keeps a record of temporary installation path
* creating tarball
packaged installation of ‘bookdown’ as ‘bookdown_0.43_R_x86_64-pc-linux-gnu.tar.gz’
* DONE (bookdown)
* installing *source* package ‘ontologyIndex’ ...
** this is package ‘ontologyIndex’ version ‘2.12’
** package ‘ontologyIndex’ successfully unpacked and MD5 sums checked
** using staged installation
** R
** data
** inst
** byte-compile and prepare package for lazy loading
** help
*** installing help indices
** building package indices
** installing vignettes
** testing if installed package can be loaded from temporary location
** testing if installed package can be loaded from final location
** testing if installed package keeps a record of temporary installation path
* creating tarball
packaged installation of ‘ontologyIndex’ as ‘ontologyIndex_2.12_R_x86_64-pc-linux-gnu.tar.gz’
* DONE (ontologyIndex)
* installing *source* package ‘rols’ ...
** this is package ‘rols’ version ‘3.4.0’
** using staged installation
** R
** inst
** byte-compile and prepare package for lazy loading
Creating a generic function for ‘lapply’ from package ‘base’ in package ‘rols’
** help
*** installing help indices
** building package indices
** installing vignettes
** testing if installed package can be loaded from temporary location
** testing if installed package can be loaded from final location
** testing if installed package keeps a record of temporary installation path
* creating tarball
packaged installation of ‘rols’ as ‘rols_3.4.0_R_x86_64-pc-linux-gnu.tar.gz’
* DONE (rols)
* installing *source* package ‘openxlsx’ ...
** this is package ‘openxlsx’ version ‘4.2.8’
** package ‘openxlsx’ successfully unpacked and MD5 sums checked
** using staged installation
** libs
using C++ compiler: ‘g++ (Ubuntu 11.4.0-1ubuntu1~22.04) 11.4.0’
g++ -std=gnu++17 -I"/usr/share/R/include" -DNDEBUG  -I'/usr/local/lib/R/site-library/Rcpp/include'     -fpic  -g -O2 -ffile-prefix-map=/build/r-base-rgGXCp/r-base-4.5.0=. -fstack-protector-strong -Wformat -Werror=format-security -Wdate-time -D_FORTIFY_SOURCE=2   -c RcppExports.cpp -o RcppExports.o
g++ -std=gnu++17 -I"/usr/share/R/include" -DNDEBUG  -I'/usr/local/lib/R/site-library/Rcpp/include'     -fpic  -g -O2 -ffile-prefix-map=/build/r-base-rgGXCp/r-base-4.5.0=. -fstack-protector-strong -Wformat -Werror=format-security -Wdate-time -D_FORTIFY_SOURCE=2   -c helper_functions.cpp -o helper_functions.o
g++ -std=gnu++17 -I"/usr/share/R/include" -DNDEBUG  -I'/usr/local/lib/R/site-library/Rcpp/include'     -fpic  -g -O2 -ffile-prefix-map=/build/r-base-rgGXCp/r-base-4.5.0=. -fstack-protector-strong -Wformat -Werror=format-security -Wdate-time -D_FORTIFY_SOURCE=2   -c load_workbook.cpp -o load_workbook.o
g++ -std=gnu++17 -I"/usr/share/R/include" -DNDEBUG  -I'/usr/local/lib/R/site-library/Rcpp/include'     -fpic  -g -O2 -ffile-prefix-map=/build/r-base-rgGXCp/r-base-4.5.0=. -fstack-protector-strong -Wformat -Werror=format-security -Wdate-time -D_FORTIFY_SOURCE=2   -c read_workbook.cpp -o read_workbook.o
g++ -std=gnu++17 -I"/usr/share/R/include" -DNDEBUG  -I'/usr/local/lib/R/site-library/Rcpp/include'     -fpic  -g -O2 -ffile-prefix-map=/build/r-base-rgGXCp/r-base-4.5.0=. -fstack-protector-strong -Wformat -Werror=format-security -Wdate-time -D_FORTIFY_SOURCE=2   -c write_data.cpp -o write_data.o
g++ -std=gnu++17 -I"/usr/share/R/include" -DNDEBUG  -I'/usr/local/lib/R/site-library/Rcpp/include'     -fpic  -g -O2 -ffile-prefix-map=/build/r-base-rgGXCp/r-base-4.5.0=. -fstack-protector-strong -Wformat -Werror=format-security -Wdate-time -D_FORTIFY_SOURCE=2   -c write_file.cpp -o write_file.o
g++ -std=gnu++17 -I"/usr/share/R/include" -DNDEBUG  -I'/usr/local/lib/R/site-library/Rcpp/include'     -fpic  -g -O2 -ffile-prefix-map=/build/r-base-rgGXCp/r-base-4.5.0=. -fstack-protector-strong -Wformat -Werror=format-security -Wdate-time -D_FORTIFY_SOURCE=2   -c write_file_2.cpp -o write_file_2.o
g++ -std=gnu++17 -shared -L/usr/lib/R/lib -Wl,-Bsymbolic-functions -flto=auto -ffat-lto-objects -flto=auto -Wl,-z,relro -o openxlsx.so RcppExports.o helper_functions.o load_workbook.o read_workbook.o write_data.o write_file.o write_file_2.o -L/usr/lib/R/lib -lR
installing to /usr/local/lib/R/site-library/00LOCK-openxlsx/00new/openxlsx/libs
** R
** data
*** moving datasets to lazyload DB
** inst
** byte-compile and prepare package for lazy loading
** help
*** installing help indices
*** copying figures
** building package indices
** installing vignettes
** testing if installed package can be loaded from temporary location
** checking absolute paths in shared objects and dynamic libraries
** testing if installed package can be loaded from final location
** testing if installed package keeps a record of temporary installation path
* creating tarball
packaged installation of ‘openxlsx’ as ‘openxlsx_4.2.8_R_x86_64-pc-linux-gnu.tar.gz’
* DONE (openxlsx)
* installing *source* package ‘magick’ ...
** this is package ‘magick’ version ‘2.8.6’
** package ‘magick’ successfully unpacked and MD5 sums checked
** using staged installation
Found pkg-config cflags and libs!
Using PKG_CFLAGS=-I/usr/include/x86_64-linux-gnu/ImageMagick-6 -I/usr/include/ImageMagick-6 -fopenmp -DMAGICKCORE_HDRI_ENABLE=0 -DMAGICKCORE_QUANTUM_DEPTH=16 
Using PKG_LIBS=-lMagick++-6.Q16 -lMagickWand-6.Q16 -lMagickCore-6.Q16 
** libs
using C++ compiler: ‘g++ (Ubuntu 11.4.0-1ubuntu1~22.04) 11.4.0’
g++ -std=gnu++17 -I"/usr/share/R/include" -DNDEBUG -I/usr/include/x86_64-linux-gnu/ImageMagick-6 -I/usr/include/ImageMagick-6 -fopenmp -DMAGICKCORE_HDRI_ENABLE=0 -DMAGICKCORE_QUANTUM_DEPTH=16  -I'/usr/local/lib/R/site-library/Rcpp/include'    -fvisibility=hidden -fpic  -g -O2 -ffile-prefix-map=/build/r-base-rgGXCp/r-base-4.5.0=. -fstack-protector-strong -Wformat -Werror=format-security -Wdate-time -D_FORTIFY_SOURCE=2   -c RcppExports.cpp -o RcppExports.o
g++ -std=gnu++17 -I"/usr/share/R/include" -DNDEBUG -I/usr/include/x86_64-linux-gnu/ImageMagick-6 -I/usr/include/ImageMagick-6 -fopenmp -DMAGICKCORE_HDRI_ENABLE=0 -DMAGICKCORE_QUANTUM_DEPTH=16  -I'/usr/local/lib/R/site-library/Rcpp/include'    -fvisibility=hidden -fpic  -g -O2 -ffile-prefix-map=/build/r-base-rgGXCp/r-base-4.5.0=. -fstack-protector-strong -Wformat -Werror=format-security -Wdate-time -D_FORTIFY_SOURCE=2   -c animation.cpp -o animation.o
g++ -std=gnu++17 -I"/usr/share/R/include" -DNDEBUG -I/usr/include/x86_64-linux-gnu/ImageMagick-6 -I/usr/include/ImageMagick-6 -fopenmp -DMAGICKCORE_HDRI_ENABLE=0 -DMAGICKCORE_QUANTUM_DEPTH=16  -I'/usr/local/lib/R/site-library/Rcpp/include'    -fvisibility=hidden -fpic  -g -O2 -ffile-prefix-map=/build/r-base-rgGXCp/r-base-4.5.0=. -fstack-protector-strong -Wformat -Werror=format-security -Wdate-time -D_FORTIFY_SOURCE=2   -c attributes.cpp -o attributes.o
g++ -std=gnu++17 -I"/usr/share/R/include" -DNDEBUG -I/usr/include/x86_64-linux-gnu/ImageMagick-6 -I/usr/include/ImageMagick-6 -fopenmp -DMAGICKCORE_HDRI_ENABLE=0 -DMAGICKCORE_QUANTUM_DEPTH=16  -I'/usr/local/lib/R/site-library/Rcpp/include'    -fvisibility=hidden -fpic  -g -O2 -ffile-prefix-map=/build/r-base-rgGXCp/r-base-4.5.0=. -fstack-protector-strong -Wformat -Werror=format-security -Wdate-time -D_FORTIFY_SOURCE=2   -c base.cpp -o base.o
g++ -std=gnu++17 -I"/usr/share/R/include" -DNDEBUG -I/usr/include/x86_64-linux-gnu/ImageMagick-6 -I/usr/include/ImageMagick-6 -fopenmp -DMAGICKCORE_HDRI_ENABLE=0 -DMAGICKCORE_QUANTUM_DEPTH=16  -I'/usr/local/lib/R/site-library/Rcpp/include'    -fvisibility=hidden -fpic  -g -O2 -ffile-prefix-map=/build/r-base-rgGXCp/r-base-4.5.0=. -fstack-protector-strong -Wformat -Werror=format-security -Wdate-time -D_FORTIFY_SOURCE=2   -c color.cpp -o color.o
g++ -std=gnu++17 -I"/usr/share/R/include" -DNDEBUG -I/usr/include/x86_64-linux-gnu/ImageMagick-6 -I/usr/include/ImageMagick-6 -fopenmp -DMAGICKCORE_HDRI_ENABLE=0 -DMAGICKCORE_QUANTUM_DEPTH=16  -I'/usr/local/lib/R/site-library/Rcpp/include'    -fvisibility=hidden -fpic  -g -O2 -ffile-prefix-map=/build/r-base-rgGXCp/r-base-4.5.0=. -fstack-protector-strong -Wformat -Werror=format-security -Wdate-time -D_FORTIFY_SOURCE=2   -c composite.cpp -o composite.o
g++ -std=gnu++17 -I"/usr/share/R/include" -DNDEBUG -I/usr/include/x86_64-linux-gnu/ImageMagick-6 -I/usr/include/ImageMagick-6 -fopenmp -DMAGICKCORE_HDRI_ENABLE=0 -DMAGICKCORE_QUANTUM_DEPTH=16  -I'/usr/local/lib/R/site-library/Rcpp/include'    -fvisibility=hidden -fpic  -g -O2 -ffile-prefix-map=/build/r-base-rgGXCp/r-base-4.5.0=. -fstack-protector-strong -Wformat -Werror=format-security -Wdate-time -D_FORTIFY_SOURCE=2   -c config.cc -o config.o
g++ -std=gnu++17 -I"/usr/share/R/include" -DNDEBUG -I/usr/include/x86_64-linux-gnu/ImageMagick-6 -I/usr/include/ImageMagick-6 -fopenmp -DMAGICKCORE_HDRI_ENABLE=0 -DMAGICKCORE_QUANTUM_DEPTH=16  -I'/usr/local/lib/R/site-library/Rcpp/include'    -fvisibility=hidden -fpic  -g -O2 -ffile-prefix-map=/build/r-base-rgGXCp/r-base-4.5.0=. -fstack-protector-strong -Wformat -Werror=format-security -Wdate-time -D_FORTIFY_SOURCE=2   -c convolve.cpp -o convolve.o
g++ -std=gnu++17 -I"/usr/share/R/include" -DNDEBUG -I/usr/include/x86_64-linux-gnu/ImageMagick-6 -I/usr/include/ImageMagick-6 -fopenmp -DMAGICKCORE_HDRI_ENABLE=0 -DMAGICKCORE_QUANTUM_DEPTH=16  -I'/usr/local/lib/R/site-library/Rcpp/include'    -fvisibility=hidden -fpic  -g -O2 -ffile-prefix-map=/build/r-base-rgGXCp/r-base-4.5.0=. -fstack-protector-strong -Wformat -Werror=format-security -Wdate-time -D_FORTIFY_SOURCE=2   -c device.cpp -o device.o
g++ -std=gnu++17 -I"/usr/share/R/include" -DNDEBUG -I/usr/include/x86_64-linux-gnu/ImageMagick-6 -I/usr/include/ImageMagick-6 -fopenmp -DMAGICKCORE_HDRI_ENABLE=0 -DMAGICKCORE_QUANTUM_DEPTH=16  -I'/usr/local/lib/R/site-library/Rcpp/include'    -fvisibility=hidden -fpic  -g -O2 -ffile-prefix-map=/build/r-base-rgGXCp/r-base-4.5.0=. -fstack-protector-strong -Wformat -Werror=format-security -Wdate-time -D_FORTIFY_SOURCE=2   -c edges.cpp -o edges.o
g++ -std=gnu++17 -I"/usr/share/R/include" -DNDEBUG -I/usr/include/x86_64-linux-gnu/ImageMagick-6 -I/usr/include/ImageMagick-6 -fopenmp -DMAGICKCORE_HDRI_ENABLE=0 -DMAGICKCORE_QUANTUM_DEPTH=16  -I'/usr/local/lib/R/site-library/Rcpp/include'    -fvisibility=hidden -fpic  -g -O2 -ffile-prefix-map=/build/r-base-rgGXCp/r-base-4.5.0=. -fstack-protector-strong -Wformat -Werror=format-security -Wdate-time -D_FORTIFY_SOURCE=2   -c edit.cpp -o edit.o
g++ -std=gnu++17 -I"/usr/share/R/include" -DNDEBUG -I/usr/include/x86_64-linux-gnu/ImageMagick-6 -I/usr/include/ImageMagick-6 -fopenmp -DMAGICKCORE_HDRI_ENABLE=0 -DMAGICKCORE_QUANTUM_DEPTH=16  -I'/usr/local/lib/R/site-library/Rcpp/include'    -fvisibility=hidden -fpic  -g -O2 -ffile-prefix-map=/build/r-base-rgGXCp/r-base-4.5.0=. -fstack-protector-strong -Wformat -Werror=format-security -Wdate-time -D_FORTIFY_SOURCE=2   -c fonts.cpp -o fonts.o
g++ -std=gnu++17 -I"/usr/share/R/include" -DNDEBUG -I/usr/include/x86_64-linux-gnu/ImageMagick-6 -I/usr/include/ImageMagick-6 -fopenmp -DMAGICKCORE_HDRI_ENABLE=0 -DMAGICKCORE_QUANTUM_DEPTH=16  -I'/usr/local/lib/R/site-library/Rcpp/include'    -fvisibility=hidden -fpic  -g -O2 -ffile-prefix-map=/build/r-base-rgGXCp/r-base-4.5.0=. -fstack-protector-strong -Wformat -Werror=format-security -Wdate-time -D_FORTIFY_SOURCE=2   -c options.cpp -o options.o
g++ -std=gnu++17 -I"/usr/share/R/include" -DNDEBUG -I/usr/include/x86_64-linux-gnu/ImageMagick-6 -I/usr/include/ImageMagick-6 -fopenmp -DMAGICKCORE_HDRI_ENABLE=0 -DMAGICKCORE_QUANTUM_DEPTH=16  -I'/usr/local/lib/R/site-library/Rcpp/include'    -fvisibility=hidden -fpic  -g -O2 -ffile-prefix-map=/build/r-base-rgGXCp/r-base-4.5.0=. -fstack-protector-strong -Wformat -Werror=format-security -Wdate-time -D_FORTIFY_SOURCE=2   -c properties.cpp -o properties.o
g++ -std=gnu++17 -I"/usr/share/R/include" -DNDEBUG -I/usr/include/x86_64-linux-gnu/ImageMagick-6 -I/usr/include/ImageMagick-6 -fopenmp -DMAGICKCORE_HDRI_ENABLE=0 -DMAGICKCORE_QUANTUM_DEPTH=16  -I'/usr/local/lib/R/site-library/Rcpp/include'    -fvisibility=hidden -fpic  -g -O2 -ffile-prefix-map=/build/r-base-rgGXCp/r-base-4.5.0=. -fstack-protector-strong -Wformat -Werror=format-security -Wdate-time -D_FORTIFY_SOURCE=2   -c resize.cpp -o resize.o
g++ -std=gnu++17 -I"/usr/share/R/include" -DNDEBUG -I/usr/include/x86_64-linux-gnu/ImageMagick-6 -I/usr/include/ImageMagick-6 -fopenmp -DMAGICKCORE_HDRI_ENABLE=0 -DMAGICKCORE_QUANTUM_DEPTH=16  -I'/usr/local/lib/R/site-library/Rcpp/include'    -fvisibility=hidden -fpic  -g -O2 -ffile-prefix-map=/build/r-base-rgGXCp/r-base-4.5.0=. -fstack-protector-strong -Wformat -Werror=format-security -Wdate-time -D_FORTIFY_SOURCE=2   -c segment.cpp -o segment.o
g++ -std=gnu++17 -I"/usr/share/R/include" -DNDEBUG -I/usr/include/x86_64-linux-gnu/ImageMagick-6 -I/usr/include/ImageMagick-6 -fopenmp -DMAGICKCORE_HDRI_ENABLE=0 -DMAGICKCORE_QUANTUM_DEPTH=16  -I'/usr/local/lib/R/site-library/Rcpp/include'    -fvisibility=hidden -fpic  -g -O2 -ffile-prefix-map=/build/r-base-rgGXCp/r-base-4.5.0=. -fstack-protector-strong -Wformat -Werror=format-security -Wdate-time -D_FORTIFY_SOURCE=2   -c transformations.cpp -o transformations.o
g++ -std=gnu++17 -shared -L/usr/lib/R/lib -Wl,-Bsymbolic-functions -flto=auto -ffat-lto-objects -flto=auto -Wl,-z,relro -o magick.so RcppExports.o animation.o attributes.o base.o color.o composite.o config.o convolve.o device.o edges.o edit.o fonts.o options.o properties.o resize.o segment.o transformations.o -lMagick++-6.Q16 -lMagickWand-6.Q16 -lMagickCore-6.Q16 -L/usr/lib/R/lib -lR
installing to /usr/local/lib/R/site-library/00LOCK-magick/00new/magick/libs
** R
** inst
** byte-compile and prepare package for lazy loading
** help
*** installing help indices
** building package indices
** installing vignettes
** testing if installed package can be loaded from temporary location
** checking absolute paths in shared objects and dynamic libraries
** testing if installed package can be loaded from final location
** testing if installed package keeps a record of temporary installation path
* creating tarball
packaged installation of ‘magick’ as ‘magick_2.8.6_R_x86_64-pc-linux-gnu.tar.gz’
* DONE (magick)
* installing *source* package ‘covr’ ...
** this is package ‘covr’ version ‘3.6.4’
** package ‘covr’ successfully unpacked and MD5 sums checked
** using staged installation
** libs
using C compiler: ‘gcc (Ubuntu 11.4.0-1ubuntu1~22.04) 11.4.0’
gcc -I"/usr/share/R/include" -DNDEBUG       -fpic  -g -O2 -ffile-prefix-map=/build/r-base-rgGXCp/r-base-4.5.0=. -fstack-protector-strong -Wformat -Werror=format-security -Wdate-time -D_FORTIFY_SOURCE=2  -c reassign.c -o reassign.o
gcc -shared -L/usr/lib/R/lib -Wl,-Bsymbolic-functions -flto=auto -ffat-lto-objects -flto=auto -Wl,-z,relro -o covr.so reassign.o -L/usr/lib/R/lib -lR
installing to /usr/local/lib/R/site-library/00LOCK-covr/00new/covr/libs
** R
** inst
** byte-compile and prepare package for lazy loading
** help
*** installing help indices
*** copying figures
** building package indices
** installing vignettes
** testing if installed package can be loaded from temporary location
** checking absolute paths in shared objects and dynamic libraries
** testing if installed package can be loaded from final location
** testing if installed package keeps a record of temporary installation path
* creating tarball
packaged installation of ‘covr’ as ‘covr_3.6.4_R_x86_64-pc-linux-gnu.tar.gz’
* DONE (covr)
* installing *source* package ‘BiocStyle’ ...
** this is package ‘BiocStyle’ version ‘2.36.0’
** using staged installation
** R
** inst
** byte-compile and prepare package for lazy loading
** help
*** installing help indices
** building package indices
** installing vignettes
** testing if installed package can be loaded from temporary location
** testing if installed package can be loaded from final location
** testing if installed package keeps a record of temporary installation path
* creating tarball
packaged installation of ‘BiocStyle’ as ‘BiocStyle_2.36.0_R_x86_64-pc-linux-gnu.tar.gz’
* DONE (BiocStyle)
* installing *source* package ‘struct’ ...
** this is package ‘struct’ version ‘1.20.1’
** using staged installation
** R
** inst
** byte-compile and prepare package for lazy loading
** help
*** installing help indices
** building package indices
** installing vignettes
** testing if installed package can be loaded from temporary location
** testing if installed package can be loaded from final location
** testing if installed package keeps a record of temporary installation path
* creating tarball
packaged installation of ‘struct’ as ‘struct_1.20.1_R_x86_64-pc-linux-gnu.tar.gz’
* DONE (struct)

The downloaded source packages are in
	‘/tmp/RtmpTriWi9/downloaded_packages’
Old packages: 'cli', 'DelayedArray', 'diffobj', 'edgeR', 'globals',
  'parallelly', 'pkgdown', 'RcppArmadillo', 'RSQLite', 'scales', 'sctransform',
  'Seurat', 'SeuratObject', 'SingleCellExperiment', 'spatstat.univar',
  'SummarizedExperiment', 'systemfonts', 'textshaping', 'utf8'

real	2m33.447s
user	2m11.207s
sys	0m33.455s
