'getOption("repos")' replaces Bioconductor standard repositories, see
'help("repositories", package = "BiocManager")' for details.
Replacement repositories:
    CRAN: https://p3m.dev/cran/__linux__/noble/latest
Bioconductor version 3.20 (BiocManager 1.30.25), R 4.4.2 (2024-10-31)
Installing package(s) 'SeqSQC'
trying URL 'https://bioconductor.org/packages/3.20/bioc/src/contrib/SeqSQC_1.28.0.tar.gz'
Content type 'application/x-gzip' length 4711026 bytes (4.5 MB)
==================================================
downloaded 4.5 MB

* installing *source* package ‘SeqSQC’ ...
** package ‘SeqSQC’ successfully unpacked and MD5 sums checked
** using staged installation
** R
** inst
** byte-compile and prepare package for lazy loading
Warning: replacing previous import ‘S4Vectors::rename’ by ‘plotly::rename’ when loading ‘SeqSQC’
Warning: replacing previous import ‘IRanges::slice’ by ‘plotly::slice’ when loading ‘SeqSQC’
Warning: replacing previous import ‘ggplot2::last_plot’ by ‘plotly::last_plot’ when loading ‘SeqSQC’
** help
*** installing help indices
** building package indices
** installing vignettes
** testing if installed package can be loaded from temporary location
Warning: replacing previous import ‘S4Vectors::rename’ by ‘plotly::rename’ when loading ‘SeqSQC’
Warning: replacing previous import ‘IRanges::slice’ by ‘plotly::slice’ when loading ‘SeqSQC’
Warning: replacing previous import ‘ggplot2::last_plot’ by ‘plotly::last_plot’ when loading ‘SeqSQC’
** testing if installed package can be loaded from final location
Warning: replacing previous import ‘S4Vectors::rename’ by ‘plotly::rename’ when loading ‘SeqSQC’
Warning: replacing previous import ‘IRanges::slice’ by ‘plotly::slice’ when loading ‘SeqSQC’
Warning: replacing previous import ‘ggplot2::last_plot’ by ‘plotly::last_plot’ when loading ‘SeqSQC’
** testing if installed package keeps a record of temporary installation path
* creating tarball
packaged installation of ‘SeqSQC’ as ‘SeqSQC_1.28.0_R_x86_64-pc-linux-gnu.tar.gz’
* DONE (SeqSQC)

The downloaded source packages are in
	‘/tmp/RtmpASb6UK/downloaded_packages’
Old packages: 'bslib', 'cli', 'cpp11', 'curl', 'evaluate', 'httr2', 'jsonlite',
  'openssl', 'pillar', 'pkgbuild', 'processx', 'ps', 'purrr', 'R6', 'Rcpp',
  'rlang', 'sessioninfo', 'systemfonts', 'testthat', 'textshaping', 'tinytex',
  'xfun', 'xml2', 'zip', 'class', 'foreign', 'KernSmooth', 'MASS', 'Matrix',
  'nlme', 'nnet', 'rpart', 'spatial'

real	1m58.857s
user	0m22.003s
sys	0m5.562s
