+ Rscript -e 'Sys.setenv(BIOCONDUCTOR_USE_CONTAINER_REPOSITORY=FALSE);
  p <- .libPaths();
  p <- c('\'''\'', '\'''\'', p);
  .libPaths(p);
  if(BiocManager::install('\''Icens'\'', INSTALL_opts = '\''--build'\'', update = TRUE, quiet = FALSE, dependencies=TRUE, force = TRUE, keep_outputs = TRUE) %in% rownames(installed.packages())) q(status = 0) else q(status = 1)'
'getOption("repos")' replaces Bioconductor standard repositories, see
'help("repositories", package = "BiocManager")' for details.
Replacement repositories:
    CRAN: https://cloud.r-project.org
Bioconductor version 3.21 (BiocManager 1.30.25), R Under development (unstable)
  (2025-03-08 r87910)
Installing package(s) 'Icens'
trying URL 'https://bioconductor.org/packages/3.21/bioc/src/contrib/Icens_1.80.0.tar.gz'
Content type 'application/x-gzip' length 21320 bytes (20 KB)
==================================================
downloaded 20 KB

* installing *source* package ‘Icens’ ...
** this is package ‘Icens’ version ‘1.80.0’
** using staged installation
** R
** data
** inst
** byte-compile and prepare package for lazy loading
** help
*** installing help indices
** building package indices
** testing if installed package can be loaded from temporary location
** testing if installed package can be loaded from final location
** testing if installed package keeps a record of temporary installation path
* creating tarball
packaged installation of ‘Icens’ as ‘Icens_1.80.0_R_x86_64-pc-linux-gnu.tar.gz’
* DONE (Icens)

The downloaded source packages are in
	‘/tmp/RtmpYY31rT/downloaded_packages’
Old packages: 'commonmark', 'curl', 'diffobj', 'docopt', 'fs', 'gert',
  'httpuv', 'httr2', 'jsonlite', 'knitr', 'later', 'littler', 'mime', 'miniUI',
  'pillar', 'pkgbuild', 'preprocessCore', 'ps', 'ragg', 'rlang', 'sass',
  'stringi', 'systemfonts', 'tinytex', 'xfun', 'xml2', 'foreign', 'lattice',
  'mgcv', 'nlme'

real	0m7.480s
user	0m5.672s
sys	0m1.553s
