'getOption("repos")' replaces Bioconductor standard repositories, see
'help("repositories", package = "BiocManager")' for details.
Replacement repositories:
    CRAN: https://p3m.dev/cran/__linux__/noble/latest
Bioconductor version 3.20 (BiocManager 1.30.25), R 4.4.2 (2024-10-31)
Installing package(s) 'QUBIC'
also installing the dependencies ‘modeltools’, ‘flexclust’, ‘additivityTests’, ‘spam’, ‘biclust’, ‘QUBICdata’, ‘fields’

trying URL 'https://p3m.dev/cran/__linux__/noble/latest/src/contrib/modeltools_0.2-23.tar.gz'
Content type 'binary/octet-stream' length 223224 bytes (217 KB)
==================================================
downloaded 217 KB

trying URL 'https://p3m.dev/cran/__linux__/noble/latest/src/contrib/flexclust_1.5.0.tar.gz'
Content type 'binary/octet-stream' length 670274 bytes (654 KB)
==================================================
downloaded 654 KB

trying URL 'https://p3m.dev/cran/__linux__/noble/latest/src/contrib/additivityTests_1.1-4.2.tar.gz'
Content type 'binary/octet-stream' length 51064 bytes (49 KB)
==================================================
downloaded 49 KB

trying URL 'https://p3m.dev/cran/__linux__/noble/latest/src/contrib/spam_2.11-1.tar.gz'
Content type 'binary/octet-stream' length 2745557 bytes (2.6 MB)
==================================================
downloaded 2.6 MB

trying URL 'https://p3m.dev/cran/__linux__/noble/latest/src/contrib/biclust_2.0.3.1.tar.gz'
Content type 'binary/octet-stream' length 1313725 bytes (1.3 MB)
==================================================
downloaded 1.3 MB

trying URL 'https://bioconductor.org/packages/3.20/data/experiment/src/contrib/QUBICdata_1.34.0.tar.gz'
Content type 'application/x-gzip' length 10326098 bytes (9.8 MB)
==================================================
downloaded 9.8 MB

trying URL 'https://p3m.dev/cran/__linux__/noble/latest/src/contrib/fields_16.3.tar.gz'
Content type 'binary/octet-stream' length 4345785 bytes (4.1 MB)
==================================================
downloaded 4.1 MB

trying URL 'https://bioconductor.org/packages/3.20/bioc/src/contrib/QUBIC_1.34.0.tar.gz'
Content type 'application/x-gzip' length 507605 bytes (495 KB)
==================================================
downloaded 495 KB

* installing *binary* package ‘modeltools’ ...
* ‘modeltools’ was already a binary package and will not be rebuilt
* creating tarball
packaged installation of ‘modeltools’ as ‘modeltools_0.2-23_R_x86_64-pc-linux-gnu.tar.gz’
* DONE (modeltools)
* installing *binary* package ‘additivityTests’ ...
* ‘additivityTests’ was already a binary package and will not be rebuilt
* creating tarball
packaged installation of ‘additivityTests’ as ‘additivityTests_1.1-4.2_R_x86_64-pc-linux-gnu.tar.gz’
* DONE (additivityTests)
* installing *binary* package ‘spam’ ...
* ‘spam’ was already a binary package and will not be rebuilt
* creating tarball
packaged installation of ‘spam’ as ‘spam_2.11-1_R_x86_64-pc-linux-gnu.tar.gz’
* DONE (spam)
* installing *source* package ‘QUBICdata’ ...
** using staged installation
** data
** inst
** help
*** installing help indices
** building package indices
** installing vignettes
** testing if installed package can be loaded from temporary location
** testing if installed package can be loaded from final location
** testing if installed package keeps a record of temporary installation path
* creating tarball
packaged installation of ‘QUBICdata’ as ‘QUBICdata_1.34.0_R_x86_64-pc-linux-gnu.tar.gz’
* DONE (QUBICdata)
* installing *binary* package ‘flexclust’ ...
* ‘flexclust’ was already a binary package and will not be rebuilt
* creating tarball
packaged installation of ‘flexclust’ as ‘flexclust_1.5.0_R_x86_64-pc-linux-gnu.tar.gz’
* DONE (flexclust)
* installing *binary* package ‘fields’ ...
* ‘fields’ was already a binary package and will not be rebuilt
* creating tarball
packaged installation of ‘fields’ as ‘fields_16.3_R_x86_64-pc-linux-gnu.tar.gz’
* DONE (fields)
* installing *binary* package ‘biclust’ ...
* ‘biclust’ was already a binary package and will not be rebuilt
* creating tarball
packaged installation of ‘biclust’ as ‘biclust_2.0.3.1_R_x86_64-pc-linux-gnu.tar.gz’
* DONE (biclust)
* installing *source* package ‘QUBIC’ ...
** package ‘QUBIC’ successfully unpacked and MD5 sums checked
** using staged installation
** libs
using C compiler: ‘gcc (Ubuntu 13.3.0-6ubuntu2~24.04) 13.3.0’
using C++ compiler: ‘g++ (Ubuntu 13.3.0-6ubuntu2~24.04) 13.3.0’
using C++11
g++ -std=gnu++11 -I"/usr/local/lib/R/include" -DNDEBUG  -I'/usr/local/lib/R/site-library/Rcpp/include' -I'/mnt/library/RcppArmadillo/include' -I/usr/local/include   -fopenmp -fpic  -g -O2 -fstack-protector-strong -Wformat -Wformat-security -Wdate-time -D_FORTIFY_SOURCE=2 -g  -DR_NO_REMAP -c RcppExports.cpp -o RcppExports.o
g++ -std=gnu++11 -I"/usr/local/lib/R/include" -DNDEBUG  -I'/usr/local/lib/R/site-library/Rcpp/include' -I'/mnt/library/RcppArmadillo/include' -I/usr/local/include   -fopenmp -fpic  -g -O2 -fstack-protector-strong -Wformat -Wformat-security -Wdate-time -D_FORTIFY_SOURCE=2 -g  -DR_NO_REMAP -c charset.cc -o charset.o
g++ -std=gnu++11 -I"/usr/local/lib/R/include" -DNDEBUG  -I'/usr/local/lib/R/site-library/Rcpp/include' -I'/mnt/library/RcppArmadillo/include' -I/usr/local/include   -fopenmp -fpic  -g -O2 -fstack-protector-strong -Wformat -Wformat-security -Wdate-time -D_FORTIFY_SOURCE=2 -g  -DR_NO_REMAP -c cluster.cc -o cluster.o
g++ -std=gnu++11 -I"/usr/local/lib/R/include" -DNDEBUG  -I'/usr/local/lib/R/site-library/Rcpp/include' -I'/mnt/library/RcppArmadillo/include' -I/usr/local/include   -fopenmp -fpic  -g -O2 -fstack-protector-strong -Wformat -Wformat-security -Wdate-time -D_FORTIFY_SOURCE=2 -g  -DR_NO_REMAP -c discretize.cc -o discretize.o
g++ -std=gnu++11 -I"/usr/local/lib/R/include" -DNDEBUG  -I'/usr/local/lib/R/site-library/Rcpp/include' -I'/mnt/library/RcppArmadillo/include' -I/usr/local/include   -fopenmp -fpic  -g -O2 -fstack-protector-strong -Wformat -Wformat-security -Wdate-time -D_FORTIFY_SOURCE=2 -g  -DR_NO_REMAP -c edge_list.cc -o edge_list.o
gcc -I"/usr/local/lib/R/include" -DNDEBUG  -I'/usr/local/lib/R/site-library/Rcpp/include' -I'/mnt/library/RcppArmadillo/include' -I/usr/local/include    -fpic  -g -O2 -fstack-protector-strong -Wformat -Wformat-security -Wdate-time -D_FORTIFY_SOURCE=2 -g  -c fib.c -o fib.o
g++ -std=gnu++11 -I"/usr/local/lib/R/include" -DNDEBUG  -I'/usr/local/lib/R/site-library/Rcpp/include' -I'/mnt/library/RcppArmadillo/include' -I/usr/local/include   -fopenmp -fpic  -g -O2 -fstack-protector-strong -Wformat -Wformat-security -Wdate-time -D_FORTIFY_SOURCE=2 -g  -DR_NO_REMAP -c fopen_matrix.cc -o fopen_matrix.o
g++ -std=gnu++11 -I"/usr/local/lib/R/include" -DNDEBUG  -I'/usr/local/lib/R/site-library/Rcpp/include' -I'/mnt/library/RcppArmadillo/include' -I/usr/local/include   -fopenmp -fpic  -g -O2 -fstack-protector-strong -Wformat -Wformat-security -Wdate-time -D_FORTIFY_SOURCE=2 -g  -DR_NO_REMAP -c qubic.cc -o qubic.o
g++ -std=gnu++11 -I"/usr/local/lib/R/include" -DNDEBUG  -I'/usr/local/lib/R/site-library/Rcpp/include' -I'/mnt/library/RcppArmadillo/include' -I/usr/local/include   -fopenmp -fpic  -g -O2 -fstack-protector-strong -Wformat -Wformat-security -Wdate-time -D_FORTIFY_SOURCE=2 -g  -DR_NO_REMAP -c rcpp_qubic.cpp -o rcpp_qubic.o
g++ -std=gnu++11 -I"/usr/local/lib/R/include" -DNDEBUG  -I'/usr/local/lib/R/site-library/Rcpp/include' -I'/mnt/library/RcppArmadillo/include' -I/usr/local/include   -fopenmp -fpic  -g -O2 -fstack-protector-strong -Wformat -Wformat-security -Wdate-time -D_FORTIFY_SOURCE=2 -g  -DR_NO_REMAP -c struct.cc -o struct.o
g++ -std=gnu++11 -shared -L/usr/local/lib/R/lib -L/usr/local/lib -o QUBIC.so RcppExports.o charset.o cluster.o discretize.o edge_list.o fib.o fopen_matrix.o qubic.o rcpp_qubic.o struct.o -fopenmp -L/usr/local/lib/R/lib -lR
installing to /mnt/library/00LOCK-QUBIC/00new/QUBIC/libs
** R
** inst
** byte-compile and prepare package for lazy loading
** help
*** installing help indices
** building package indices
** installing vignettes
** testing if installed package can be loaded from temporary location
** checking absolute paths in shared objects and dynamic libraries
** testing if installed package can be loaded from final location
** testing if installed package keeps a record of temporary installation path
* creating tarball
packaged installation of ‘QUBIC’ as ‘QUBIC_1.34.0_R_x86_64-pc-linux-gnu.tar.gz’
* DONE (QUBIC)

The downloaded source packages are in
	‘/tmp/RtmpzWDPFT/downloaded_packages’
Old packages: 'bslib', 'cli', 'cpp11', 'curl', 'evaluate', 'httr2', 'jsonlite',
  'openssl', 'pillar', 'pkgbuild', 'processx', 'ps', 'purrr', 'R6', 'Rcpp',
  'rlang', 'sessioninfo', 'systemfonts', 'testthat', 'textshaping', 'tinytex',
  'xfun', 'xml2', 'zip', 'class', 'foreign', 'KernSmooth', 'MASS', 'Matrix',
  'nlme', 'nnet', 'rpart', 'spatial'

real	1m1.137s
user	0m26.700s
sys	0m8.029s
