+ Rscript -e 'Sys.setenv(BIOCONDUCTOR_USE_CONTAINER_REPOSITORY=FALSE);
  p <- .libPaths();
  p <- c('\'''\'', '\'''\'', p);
  .libPaths(p);
  if(BiocManager::install('\''Herper'\'', INSTALL_opts = '\''--build'\'', update = TRUE, quiet = FALSE, dependencies=TRUE, force = TRUE, keep_outputs = TRUE) %in% rownames(installed.packages())) q(status = 0) else q(status = 1)'
'getOption("repos")' replaces Bioconductor standard repositories, see
'help("repositories", package = "BiocManager")' for details.
Replacement repositories:
    CRAN: https://p3m.dev/cran/__linux__/noble/latest
Bioconductor version 3.21 (BiocManager 1.30.25), R 4.5.0 (2025-04-11)
Installing package(s) 'Herper'
also installing the dependencies ‘RcppTOML’, ‘here’, ‘png’, ‘bookdown’, ‘reticulate’, ‘rjson’, ‘BiocStyle’

trying URL 'https://p3m.dev/cran/__linux__/noble/latest/src/contrib/RcppTOML_0.2.3.tar.gz'
trying URL 'https://p3m.dev/cran/__linux__/noble/latest/src/contrib/here_1.0.1.tar.gz'
trying URL 'https://p3m.dev/cran/__linux__/noble/latest/src/contrib/png_0.1-8.tar.gz'
trying URL 'https://p3m.dev/cran/__linux__/noble/latest/src/contrib/bookdown_0.43.tar.gz'
trying URL 'https://p3m.dev/cran/__linux__/noble/latest/src/contrib/reticulate_1.42.0.tar.gz'
trying URL 'https://p3m.dev/cran/__linux__/noble/latest/src/contrib/rjson_0.2.23.tar.gz'
trying URL 'https://bioconductor.org/packages/3.21/bioc/src/contrib/BiocStyle_2.36.0.tar.gz'
trying URL 'https://bioconductor.org/packages/3.21/bioc/src/contrib/Herper_1.18.0.tar.gz'
* installing *binary* package ‘RcppTOML’ ...
* ‘RcppTOML’ was already a binary package and will not be rebuilt
* creating tarball
packaged installation of ‘RcppTOML’ as ‘RcppTOML_0.2.3_R_x86_64-pc-linux-gnu.tar.gz’
* DONE (RcppTOML)
* installing *binary* package ‘here’ ...
* ‘here’ was already a binary package and will not be rebuilt
* creating tarball
packaged installation of ‘here’ as ‘here_1.0.1_R_x86_64-pc-linux-gnu.tar.gz’
* DONE (here)
* installing *binary* package ‘png’ ...
* ‘png’ was already a binary package and will not be rebuilt
* creating tarball
packaged installation of ‘png’ as ‘png_0.1-8_R_x86_64-pc-linux-gnu.tar.gz’
* DONE (png)
* installing *binary* package ‘bookdown’ ...
* ‘bookdown’ was already a binary package and will not be rebuilt
* creating tarball
packaged installation of ‘bookdown’ as ‘bookdown_0.43_R_x86_64-pc-linux-gnu.tar.gz’
* DONE (bookdown)
* installing *binary* package ‘rjson’ ...
* ‘rjson’ was already a binary package and will not be rebuilt
* creating tarball
packaged installation of ‘rjson’ as ‘rjson_0.2.23_R_x86_64-pc-linux-gnu.tar.gz’
* DONE (rjson)
* installing *binary* package ‘reticulate’ ...
* ‘reticulate’ was already a binary package and will not be rebuilt
* creating tarball
packaged installation of ‘reticulate’ as ‘reticulate_1.42.0_R_x86_64-pc-linux-gnu.tar.gz’
* DONE (reticulate)
* installing *source* package ‘BiocStyle’ ...
** this is package ‘BiocStyle’ version ‘2.36.0’
** using staged installation
** R
** inst
** byte-compile and prepare package for lazy loading
** help
*** installing help indices
** building package indices
** installing vignettes
** testing if installed package can be loaded from temporary location
** testing if installed package can be loaded from final location
** testing if installed package keeps a record of temporary installation path
* creating tarball
packaged installation of ‘BiocStyle’ as ‘BiocStyle_2.36.0_R_x86_64-pc-linux-gnu.tar.gz’
* DONE (BiocStyle)
* installing *source* package ‘Herper’ ...
** this is package ‘Herper’ version ‘1.18.0’
** using staged installation
** R
** inst
** byte-compile and prepare package for lazy loading
** help
*** installing help indices
** building package indices
** installing vignettes
** testing if installed package can be loaded from temporary location
** testing if installed package can be loaded from final location
** testing if installed package keeps a record of temporary installation path
* creating tarball
packaged installation of ‘Herper’ as ‘Herper_1.18.0_R_x86_64-pc-linux-gnu.tar.gz’
* DONE (Herper)

The downloaded source packages are in
	‘/tmp/RtmpTnZmPS/downloaded_packages’
Old packages: 'cli', 'diffobj', 'pkgdown', 'systemfonts', 'textshaping',
  'utf8', 'zip'

real	0m12.981s
user	0m9.575s
sys	0m3.978s
