+ Rscript -e 'Sys.setenv(BIOCONDUCTOR_USE_CONTAINER_REPOSITORY=FALSE);
  p <- .libPaths();
  p <- c('\'''\'', '\'''\'', p);
  .libPaths(p);
  if(BiocManager::install('\''mina'\'', INSTALL_opts = '\''--build'\'', update = TRUE, quiet = FALSE, dependencies=TRUE, force = TRUE, keep_outputs = TRUE) %in% rownames(installed.packages())) q(status = 0) else q(status = 1)'
'getOption("repos")' replaces Bioconductor standard repositories, see
'help("repositories", package = "BiocManager")' for details.
Replacement repositories:
    CRAN: https://cloud.r-project.org
Bioconductor version 3.21 (BiocManager 1.30.25), R 4.5.0 (2025-04-11)
Installing package(s) 'mina'
also installing the dependencies ‘checkmate’, ‘expm’, ‘bigmemory.sri’, ‘iterators’, ‘biglm’, ‘htmlTable’, ‘viridis’, ‘Formula’, ‘MCL’, ‘apcluster’, ‘bigmemory’, ‘foreach’, ‘parallelDist’, ‘biganalytics’, ‘Hmisc’, ‘RcppParallel’

trying URL 'https://cloud.r-project.org/src/contrib/checkmate_2.3.2.tar.gz'
trying URL 'https://cloud.r-project.org/src/contrib/expm_1.0-0.tar.gz'
trying URL 'https://cloud.r-project.org/src/contrib/bigmemory.sri_0.1.8.tar.gz'
trying URL 'https://cloud.r-project.org/src/contrib/iterators_1.0.14.tar.gz'
trying URL 'https://cloud.r-project.org/src/contrib/biglm_0.9-3.tar.gz'
trying URL 'https://cloud.r-project.org/src/contrib/htmlTable_2.4.3.tar.gz'
trying URL 'https://cloud.r-project.org/src/contrib/viridis_0.6.5.tar.gz'
trying URL 'https://cloud.r-project.org/src/contrib/Formula_1.2-5.tar.gz'
trying URL 'https://cloud.r-project.org/src/contrib/MCL_1.0.tar.gz'
trying URL 'https://cloud.r-project.org/src/contrib/apcluster_1.4.13.tar.gz'
trying URL 'https://cloud.r-project.org/src/contrib/bigmemory_4.6.4.tar.gz'
trying URL 'https://cloud.r-project.org/src/contrib/foreach_1.5.2.tar.gz'
trying URL 'https://cloud.r-project.org/src/contrib/parallelDist_0.2.6.tar.gz'
trying URL 'https://cloud.r-project.org/src/contrib/biganalytics_1.1.22.tar.gz'
trying URL 'https://cloud.r-project.org/src/contrib/Hmisc_5.2-3.tar.gz'
trying URL 'https://cloud.r-project.org/src/contrib/RcppParallel_5.1.10.tar.gz'
trying URL 'https://bioconductor.org/packages/3.21/bioc/src/contrib/mina_1.16.0.tar.gz'
* installing *source* package ‘checkmate’ ...
** this is package ‘checkmate’ version ‘2.3.2’
** package ‘checkmate’ successfully unpacked and MD5 sums checked
** using staged installation
** libs
using C compiler: ‘gcc (Ubuntu 11.4.0-1ubuntu1~22.04) 11.4.0’
gcc -I"/usr/share/R/include" -DNDEBUG       -fpic  -g -O2 -ffile-prefix-map=/build/r-base-rgGXCp/r-base-4.5.0=. -fstack-protector-strong -Wformat -Werror=format-security -Wdate-time -D_FORTIFY_SOURCE=2  -c all_missing.c -o all_missing.o
gcc -I"/usr/share/R/include" -DNDEBUG       -fpic  -g -O2 -ffile-prefix-map=/build/r-base-rgGXCp/r-base-4.5.0=. -fstack-protector-strong -Wformat -Werror=format-security -Wdate-time -D_FORTIFY_SOURCE=2  -c any_infinite.c -o any_infinite.o
gcc -I"/usr/share/R/include" -DNDEBUG       -fpic  -g -O2 -ffile-prefix-map=/build/r-base-rgGXCp/r-base-4.5.0=. -fstack-protector-strong -Wformat -Werror=format-security -Wdate-time -D_FORTIFY_SOURCE=2  -c any_missing.c -o any_missing.o
gcc -I"/usr/share/R/include" -DNDEBUG       -fpic  -g -O2 -ffile-prefix-map=/build/r-base-rgGXCp/r-base-4.5.0=. -fstack-protector-strong -Wformat -Werror=format-security -Wdate-time -D_FORTIFY_SOURCE=2  -c any_nan.c -o any_nan.o
gcc -I"/usr/share/R/include" -DNDEBUG       -fpic  -g -O2 -ffile-prefix-map=/build/r-base-rgGXCp/r-base-4.5.0=. -fstack-protector-strong -Wformat -Werror=format-security -Wdate-time -D_FORTIFY_SOURCE=2  -c checks.c -o checks.o
gcc -I"/usr/share/R/include" -DNDEBUG       -fpic  -g -O2 -ffile-prefix-map=/build/r-base-rgGXCp/r-base-4.5.0=. -fstack-protector-strong -Wformat -Werror=format-security -Wdate-time -D_FORTIFY_SOURCE=2  -c find_nchar.c -o find_nchar.o
gcc -I"/usr/share/R/include" -DNDEBUG       -fpic  -g -O2 -ffile-prefix-map=/build/r-base-rgGXCp/r-base-4.5.0=. -fstack-protector-strong -Wformat -Werror=format-security -Wdate-time -D_FORTIFY_SOURCE=2  -c guess_type.c -o guess_type.o
gcc -I"/usr/share/R/include" -DNDEBUG       -fpic  -g -O2 -ffile-prefix-map=/build/r-base-rgGXCp/r-base-4.5.0=. -fstack-protector-strong -Wformat -Werror=format-security -Wdate-time -D_FORTIFY_SOURCE=2  -c helper.c -o helper.o
gcc -I"/usr/share/R/include" -DNDEBUG       -fpic  -g -O2 -ffile-prefix-map=/build/r-base-rgGXCp/r-base-4.5.0=. -fstack-protector-strong -Wformat -Werror=format-security -Wdate-time -D_FORTIFY_SOURCE=2  -c init.c -o init.o
gcc -I"/usr/share/R/include" -DNDEBUG       -fpic  -g -O2 -ffile-prefix-map=/build/r-base-rgGXCp/r-base-4.5.0=. -fstack-protector-strong -Wformat -Werror=format-security -Wdate-time -D_FORTIFY_SOURCE=2  -c integerish.c -o integerish.o
gcc -I"/usr/share/R/include" -DNDEBUG       -fpic  -g -O2 -ffile-prefix-map=/build/r-base-rgGXCp/r-base-4.5.0=. -fstack-protector-strong -Wformat -Werror=format-security -Wdate-time -D_FORTIFY_SOURCE=2  -c is_sorted.c -o is_sorted.o
gcc -I"/usr/share/R/include" -DNDEBUG       -fpic  -g -O2 -ffile-prefix-map=/build/r-base-rgGXCp/r-base-4.5.0=. -fstack-protector-strong -Wformat -Werror=format-security -Wdate-time -D_FORTIFY_SOURCE=2  -c qassert.c -o qassert.o
gcc -I"/usr/share/R/include" -DNDEBUG       -fpic  -g -O2 -ffile-prefix-map=/build/r-base-rgGXCp/r-base-4.5.0=. -fstack-protector-strong -Wformat -Werror=format-security -Wdate-time -D_FORTIFY_SOURCE=2  -c which_first.c -o which_first.o
gcc -shared -L/usr/lib/R/lib -Wl,-Bsymbolic-functions -flto=auto -ffat-lto-objects -flto=auto -Wl,-z,relro -o checkmate.so all_missing.o any_infinite.o any_missing.o any_nan.o checks.o find_nchar.o guess_type.o helper.o init.o integerish.o is_sorted.o qassert.o which_first.o -L/usr/lib/R/lib -lR
installing to /usr/local/lib/R/site-library/00LOCK-checkmate/00new/checkmate/libs
** R
** inst
** byte-compile and prepare package for lazy loading
** help
*** installing help indices
** building package indices
** installing vignettes
** testing if installed package can be loaded from temporary location
** checking absolute paths in shared objects and dynamic libraries
** testing if installed package can be loaded from final location
** testing if installed package keeps a record of temporary installation path
* creating tarball
packaged installation of ‘checkmate’ as ‘checkmate_2.3.2_R_x86_64-pc-linux-gnu.tar.gz’
* DONE (checkmate)
* installing *source* package ‘expm’ ...
** this is package ‘expm’ version ‘1.0-0’
** package ‘expm’ successfully unpacked and MD5 sums checked
** using staged installation
** libs
using C compiler: ‘gcc (Ubuntu 11.4.0-1ubuntu1~22.04) 11.4.0’
using Fortran compiler: ‘GNU Fortran (Ubuntu 11.4.0-1ubuntu1~22.04) 11.4.0’
gcc -I"/usr/share/R/include" -DNDEBUG       -fpic  -g -O2 -ffile-prefix-map=/build/r-base-rgGXCp/r-base-4.5.0=. -fstack-protector-strong -Wformat -Werror=format-security -Wdate-time -D_FORTIFY_SOURCE=2  -c R_dgebal.c -o R_dgebal.o
gcc -I"/usr/share/R/include" -DNDEBUG       -fpic  -g -O2 -ffile-prefix-map=/build/r-base-rgGXCp/r-base-4.5.0=. -fstack-protector-strong -Wformat -Werror=format-security -Wdate-time -D_FORTIFY_SOURCE=2  -c expm-eigen.c -o expm-eigen.o
gcc -I"/usr/share/R/include" -DNDEBUG       -fpic  -g -O2 -ffile-prefix-map=/build/r-base-rgGXCp/r-base-4.5.0=. -fstack-protector-strong -Wformat -Werror=format-security -Wdate-time -D_FORTIFY_SOURCE=2  -c expm.c -o expm.o
gcc -I"/usr/share/R/include" -DNDEBUG       -fpic  -g -O2 -ffile-prefix-map=/build/r-base-rgGXCp/r-base-4.5.0=. -fstack-protector-strong -Wformat -Werror=format-security -Wdate-time -D_FORTIFY_SOURCE=2  -c init.c -o init.o
gcc -I"/usr/share/R/include" -DNDEBUG       -fpic  -g -O2 -ffile-prefix-map=/build/r-base-rgGXCp/r-base-4.5.0=. -fstack-protector-strong -Wformat -Werror=format-security -Wdate-time -D_FORTIFY_SOURCE=2  -c logm-eigen.c -o logm-eigen.o
gfortran  -fpic  -g -O2 -ffile-prefix-map=/build/r-base-rgGXCp/r-base-4.5.0=. -fstack-protector-strong  -c matexp.f -o matexp.o
gcc -I"/usr/share/R/include" -DNDEBUG       -fpic  -g -O2 -ffile-prefix-map=/build/r-base-rgGXCp/r-base-4.5.0=. -fstack-protector-strong -Wformat -Werror=format-security -Wdate-time -D_FORTIFY_SOURCE=2  -c matexp_MH09.c -o matexp_MH09.o
gcc -I"/usr/share/R/include" -DNDEBUG       -fpic  -g -O2 -ffile-prefix-map=/build/r-base-rgGXCp/r-base-4.5.0=. -fstack-protector-strong -Wformat -Werror=format-security -Wdate-time -D_FORTIFY_SOURCE=2  -c matpow.c -o matpow.o
gfortran  -fpic  -g -O2 -ffile-prefix-map=/build/r-base-rgGXCp/r-base-4.5.0=. -fstack-protector-strong  -c matrexp.f -o matrexp.o
gfortran  -fpic  -g -O2 -ffile-prefix-map=/build/r-base-rgGXCp/r-base-4.5.0=. -fstack-protector-strong  -c matrexpO.f -o matrexpO.o
gfortran  -fpic  -g -O2 -ffile-prefix-map=/build/r-base-rgGXCp/r-base-4.5.0=. -fstack-protector-strong  -c mexp-common.f -o mexp-common.o
gcc -shared -L/usr/lib/R/lib -Wl,-Bsymbolic-functions -flto=auto -ffat-lto-objects -flto=auto -Wl,-z,relro -o expm.so R_dgebal.o expm-eigen.o expm.o init.o logm-eigen.o matexp.o matexp_MH09.o matpow.o matrexp.o matrexpO.o mexp-common.o -llapack -lblas -lgfortran -lm -lquadmath -lgfortran -lm -lquadmath -L/usr/lib/R/lib -lR
installing to /usr/local/lib/R/site-library/00LOCK-expm/00new/expm/libs
** R
** data
** demo
** inst
** byte-compile and prepare package for lazy loading
** help
*** installing help indices
** building package indices
** installing vignettes
** testing if installed package can be loaded from temporary location
** checking absolute paths in shared objects and dynamic libraries
** testing if installed package can be loaded from final location
** testing if installed package keeps a record of temporary installation path
* creating tarball
packaged installation of ‘expm’ as ‘expm_1.0-0_R_x86_64-pc-linux-gnu.tar.gz’
* DONE (expm)
* installing *source* package ‘bigmemory.sri’ ...
** this is package ‘bigmemory.sri’ version ‘0.1.8’
** package ‘bigmemory.sri’ successfully unpacked and MD5 sums checked
** using staged installation
** R
** byte-compile and prepare package for lazy loading
** help
*** installing help indices
** building package indices
** testing if installed package can be loaded from temporary location
** testing if installed package can be loaded from final location
** testing if installed package keeps a record of temporary installation path
* creating tarball
packaged installation of ‘bigmemory.sri’ as ‘bigmemory.sri_0.1.8_R_x86_64-pc-linux-gnu.tar.gz’
* DONE (bigmemory.sri)
* installing *source* package ‘iterators’ ...
** this is package ‘iterators’ version ‘1.0.14’
** package ‘iterators’ successfully unpacked and MD5 sums checked
** using staged installation
** R
** inst
** byte-compile and prepare package for lazy loading
** help
*** installing help indices
** building package indices
** installing vignettes
** testing if installed package can be loaded from temporary location
** testing if installed package can be loaded from final location
** testing if installed package keeps a record of temporary installation path
* creating tarball
packaged installation of ‘iterators’ as ‘iterators_1.0.14_R_x86_64-pc-linux-gnu.tar.gz’
* DONE (iterators)
* installing *source* package ‘biglm’ ...
** this is package ‘biglm’ version ‘0.9-3’
** package ‘biglm’ successfully unpacked and MD5 sums checked
** using staged installation
** libs
using C compiler: ‘gcc (Ubuntu 11.4.0-1ubuntu1~22.04) 11.4.0’
using Fortran compiler: ‘GNU Fortran (Ubuntu 11.4.0-1ubuntu1~22.04) 11.4.0’
gcc -I"/usr/share/R/include" -DNDEBUG       -fpic  -g -O2 -ffile-prefix-map=/build/r-base-rgGXCp/r-base-4.5.0=. -fstack-protector-strong -Wformat -Werror=format-security -Wdate-time -D_FORTIFY_SOURCE=2  -c boundedQR.c -o boundedQR.o
gfortran  -fpic  -g -O2 -ffile-prefix-map=/build/r-base-rgGXCp/r-base-4.5.0=. -fstack-protector-strong  -c boundedQRf.f -o boundedQRf.o
gcc -I"/usr/share/R/include" -DNDEBUG       -fpic  -g -O2 -ffile-prefix-map=/build/r-base-rgGXCp/r-base-4.5.0=. -fstack-protector-strong -Wformat -Werror=format-security -Wdate-time -D_FORTIFY_SOURCE=2  -c init.c -o init.o
gcc -shared -L/usr/lib/R/lib -Wl,-Bsymbolic-functions -flto=auto -ffat-lto-objects -flto=auto -Wl,-z,relro -o biglm.so boundedQR.o boundedQRf.o init.o -lgfortran -lm -lquadmath -L/usr/lib/R/lib -lR
installing to /usr/local/lib/R/site-library/00LOCK-biglm/00new/biglm/libs
** R
** inst
** byte-compile and prepare package for lazy loading
** help
*** installing help indices
** building package indices
** testing if installed package can be loaded from temporary location
** checking absolute paths in shared objects and dynamic libraries
** testing if installed package can be loaded from final location
** testing if installed package keeps a record of temporary installation path
* creating tarball
packaged installation of ‘biglm’ as ‘biglm_0.9-3_R_x86_64-pc-linux-gnu.tar.gz’
* DONE (biglm)
* installing *source* package ‘viridis’ ...
** this is package ‘viridis’ version ‘0.6.5’
** package ‘viridis’ successfully unpacked and MD5 sums checked
** using staged installation
** R
** data
*** moving datasets to lazyload DB
** inst
** byte-compile and prepare package for lazy loading
** help
*** installing help indices
*** copying figures
** building package indices
** installing vignettes
** testing if installed package can be loaded from temporary location
** testing if installed package can be loaded from final location
** testing if installed package keeps a record of temporary installation path
* creating tarball
packaged installation of ‘viridis’ as ‘viridis_0.6.5_R_x86_64-pc-linux-gnu.tar.gz’
* DONE (viridis)
* installing *source* package ‘Formula’ ...
** this is package ‘Formula’ version ‘1.2-5’
** package ‘Formula’ successfully unpacked and MD5 sums checked
** using staged installation
** R
** inst
** byte-compile and prepare package for lazy loading
** help
*** installing help indices
** building package indices
** installing vignettes
** testing if installed package can be loaded from temporary location
** testing if installed package can be loaded from final location
** testing if installed package keeps a record of temporary installation path
* creating tarball
packaged installation of ‘Formula’ as ‘Formula_1.2-5_R_x86_64-pc-linux-gnu.tar.gz’
* DONE (Formula)
* installing *source* package ‘apcluster’ ...
** this is package ‘apcluster’ version ‘1.4.13’
** package ‘apcluster’ successfully unpacked and MD5 sums checked
** using staged installation
** libs
using C compiler: ‘gcc (Ubuntu 11.4.0-1ubuntu1~22.04) 11.4.0’
using C++ compiler: ‘g++ (Ubuntu 11.4.0-1ubuntu1~22.04) 11.4.0’
g++ -std=gnu++17 -I"/usr/share/R/include" -DNDEBUG  -I'/usr/local/lib/R/site-library/Rcpp/include'     -fpic  -g -O2 -ffile-prefix-map=/build/r-base-rgGXCp/r-base-4.5.0=. -fstack-protector-strong -Wformat -Werror=format-security -Wdate-time -D_FORTIFY_SOURCE=2   -c R_init_apcluster.cpp -o R_init_apcluster.o
g++ -std=gnu++17 -I"/usr/share/R/include" -DNDEBUG  -I'/usr/local/lib/R/site-library/Rcpp/include'     -fpic  -g -O2 -ffile-prefix-map=/build/r-base-rgGXCp/r-base-4.5.0=. -fstack-protector-strong -Wformat -Werror=format-security -Wdate-time -D_FORTIFY_SOURCE=2   -c aggExClusterC.cpp -o aggExClusterC.o
g++ -std=gnu++17 -I"/usr/share/R/include" -DNDEBUG  -I'/usr/local/lib/R/site-library/Rcpp/include'     -fpic  -g -O2 -ffile-prefix-map=/build/r-base-rgGXCp/r-base-4.5.0=. -fstack-protector-strong -Wformat -Werror=format-security -Wdate-time -D_FORTIFY_SOURCE=2   -c apclusterC.cpp -o apclusterC.o
g++ -std=gnu++17 -I"/usr/share/R/include" -DNDEBUG  -I'/usr/local/lib/R/site-library/Rcpp/include'     -fpic  -g -O2 -ffile-prefix-map=/build/r-base-rgGXCp/r-base-4.5.0=. -fstack-protector-strong -Wformat -Werror=format-security -Wdate-time -D_FORTIFY_SOURCE=2   -c apclusterLeveragedC.cpp -o apclusterLeveragedC.o
g++ -std=gnu++17 -I"/usr/share/R/include" -DNDEBUG  -I'/usr/local/lib/R/site-library/Rcpp/include'     -fpic  -g -O2 -ffile-prefix-map=/build/r-base-rgGXCp/r-base-4.5.0=. -fstack-protector-strong -Wformat -Werror=format-security -Wdate-time -D_FORTIFY_SOURCE=2   -c apclusterSparseC.cpp -o apclusterSparseC.o
gcc -I"/usr/share/R/include" -DNDEBUG  -I'/usr/local/lib/R/site-library/Rcpp/include'     -fpic  -g -O2 -ffile-prefix-map=/build/r-base-rgGXCp/r-base-4.5.0=. -fstack-protector-strong -Wformat -Werror=format-security -Wdate-time -D_FORTIFY_SOURCE=2  -c distanceL.c -o distanceL.o
g++ -std=gnu++17 -I"/usr/share/R/include" -DNDEBUG  -I'/usr/local/lib/R/site-library/Rcpp/include'     -fpic  -g -O2 -ffile-prefix-map=/build/r-base-rgGXCp/r-base-4.5.0=. -fstack-protector-strong -Wformat -Werror=format-security -Wdate-time -D_FORTIFY_SOURCE=2   -c preferenceRangeC.cpp -o preferenceRangeC.o
g++ -std=gnu++17 -I"/usr/share/R/include" -DNDEBUG  -I'/usr/local/lib/R/site-library/Rcpp/include'     -fpic  -g -O2 -ffile-prefix-map=/build/r-base-rgGXCp/r-base-4.5.0=. -fstack-protector-strong -Wformat -Werror=format-security -Wdate-time -D_FORTIFY_SOURCE=2   -c preferenceRangeSparseC.cpp -o preferenceRangeSparseC.o
g++ -std=gnu++17 -shared -L/usr/lib/R/lib -Wl,-Bsymbolic-functions -flto=auto -ffat-lto-objects -flto=auto -Wl,-z,relro -o apcluster.so R_init_apcluster.o aggExClusterC.o apclusterC.o apclusterLeveragedC.o apclusterSparseC.o distanceL.o preferenceRangeC.o preferenceRangeSparseC.o -L/usr/lib/R/lib -lR
installing to /usr/local/lib/R/site-library/00LOCK-apcluster/00new/apcluster/libs
** R
** inst
** byte-compile and prepare package for lazy loading
Creating a new generic function for ‘heatmap’ in package ‘apcluster’
Creating a generic function for ‘cutree’ from package ‘stats’ in package ‘apcluster’
** help
*** installing help indices
** building package indices
** installing vignettes
** testing if installed package can be loaded from temporary location
** checking absolute paths in shared objects and dynamic libraries
** testing if installed package can be loaded from final location
** testing if installed package keeps a record of temporary installation path
* creating tarball
packaged installation of ‘apcluster’ as ‘apcluster_1.4.13_R_x86_64-pc-linux-gnu.tar.gz’
* DONE (apcluster)
* installing *source* package ‘RcppParallel’ ...
** this is package ‘RcppParallel’ version ‘5.1.10’
** package ‘RcppParallel’ successfully unpacked and MD5 sums checked
** using staged installation
** preparing to configure package 'RcppParallel' ...
*** configured file: 'R/tbb-autodetected.R.in' => 'R/tbb-autodetected.R'
*** configured file: 'src/install.libs.R.in' => 'src/install.libs.R'
*** configured file: 'src/Makevars.in' => 'src/Makevars'
** finished configure for package 'RcppParallel'
** libs
using C++ compiler: ‘g++ (Ubuntu 11.4.0-1ubuntu1~22.04) 11.4.0’
(tbb) Building TBB using bundled sources ...
make[1]: Entering directory '/tmp/Rtmps4KfMm/R.INSTALL5037b797df/RcppParallel/src/tbb/src'
OS: linux
arch=intel64
compiler=gcc
runtime=cc11.4.0_libc2.35_kernel5.15.0
tbb_build_prefix=linux_intel64_gcc_cc11.4.0_libc2.35_kernel5.15.0
work_dir=/tmp/Rtmps4KfMm/R.INSTALL5037b797df/RcppParallel/src/build/linux_intel64_gcc_cc11.4.0_libc2.35_kernel5.15.0_release
make[1]: Leaving directory '/tmp/Rtmps4KfMm/R.INSTALL5037b797df/RcppParallel/src/tbb/src'
(tbb) TBB compilation finished successfully.
g++ -std=gnu++17 -I"/usr/share/R/include" -DNDEBUG -I../inst/include     -std=gnu++11 -DRCPP_PARALLEL_USE_TBB=1 -DTBB_SUPPRESS_DEPRECATED_MESSAGES=1 -fpic  -g -O2 -ffile-prefix-map=/build/r-base-rgGXCp/r-base-4.5.0=. -fstack-protector-strong -Wformat -Werror=format-security -Wdate-time -D_FORTIFY_SOURCE=2   -c init.cpp -o init.o
g++ -std=gnu++17 -I"/usr/share/R/include" -DNDEBUG -I../inst/include     -std=gnu++11 -DRCPP_PARALLEL_USE_TBB=1 -DTBB_SUPPRESS_DEPRECATED_MESSAGES=1 -fpic  -g -O2 -ffile-prefix-map=/build/r-base-rgGXCp/r-base-4.5.0=. -fstack-protector-strong -Wformat -Werror=format-security -Wdate-time -D_FORTIFY_SOURCE=2   -c options.cpp -o options.o
g++ -std=gnu++17 -I"/usr/share/R/include" -DNDEBUG -I../inst/include     -std=gnu++11 -DRCPP_PARALLEL_USE_TBB=1 -DTBB_SUPPRESS_DEPRECATED_MESSAGES=1 -fpic  -g -O2 -ffile-prefix-map=/build/r-base-rgGXCp/r-base-4.5.0=. -fstack-protector-strong -Wformat -Werror=format-security -Wdate-time -D_FORTIFY_SOURCE=2   -c tbb.cpp -o tbb.o
g++ -std=gnu++17 -shared -L/usr/lib/R/lib -Wl,-Bsymbolic-functions -flto=auto -ffat-lto-objects -flto=auto -Wl,-z,relro -o RcppParallel.so init.o options.o tbb.o -L/usr/lib/R/lib -lR
installing via 'install.libs.R' to /usr/local/lib/R/site-library/00LOCK-RcppParallel/00new/RcppParallel
** R
** inst
** byte-compile and prepare package for lazy loading
** help
*** installing help indices
** building package indices
** testing if installed package can be loaded from temporary location
** checking absolute paths in shared objects and dynamic libraries
** testing if installed package can be loaded from final location
** testing if installed package keeps a record of temporary installation path
* creating tarball
packaged installation of ‘RcppParallel’ as ‘RcppParallel_5.1.10_R_x86_64-pc-linux-gnu.tar.gz’
* DONE (RcppParallel)
* installing *source* package ‘htmlTable’ ...
** this is package ‘htmlTable’ version ‘2.4.3’
** package ‘htmlTable’ successfully unpacked and MD5 sums checked
** using staged installation
** R
** data
** inst
** byte-compile and prepare package for lazy loading
** help
*** installing help indices
** building package indices
** installing vignettes
** testing if installed package can be loaded from temporary location
** testing if installed package can be loaded from final location
** testing if installed package keeps a record of temporary installation path
* creating tarball
packaged installation of ‘htmlTable’ as ‘htmlTable_2.4.3_R_x86_64-pc-linux-gnu.tar.gz’
* DONE (htmlTable)
* installing *source* package ‘MCL’ ...
** this is package ‘MCL’ version ‘1.0’
** package ‘MCL’ successfully unpacked and MD5 sums checked
** using staged installation
** R
** byte-compile and prepare package for lazy loading
** help
*** installing help indices
** building package indices
** testing if installed package can be loaded from temporary location
** testing if installed package can be loaded from final location
** testing if installed package keeps a record of temporary installation path
* creating tarball
packaged installation of ‘MCL’ as ‘MCL_1.0_R_x86_64-pc-linux-gnu.tar.gz’
* DONE (MCL)
* installing *source* package ‘bigmemory’ ...
** this is package ‘bigmemory’ version ‘4.6.4’
** package ‘bigmemory’ successfully unpacked and MD5 sums checked
** using staged installation
  checking for Sun Studio compiler...
no
  checking for OS...
Linux
** libs
using C++ compiler: ‘g++ (Ubuntu 11.4.0-1ubuntu1~22.04) 11.4.0’
g++ -std=gnu++17 -I"/usr/share/R/include" -DNDEBUG -I../inst/include -DLINUX -I'/usr/local/lib/R/site-library/BH/include' -I'/usr/local/lib/R/site-library/uuid/include' -I'/usr/local/lib/R/site-library/Rcpp/include'     -fpic  -g -O2 -ffile-prefix-map=/build/r-base-rgGXCp/r-base-4.5.0=. -fstack-protector-strong -Wformat -Werror=format-security -Wdate-time -D_FORTIFY_SOURCE=2   -c BigMatrix.cpp -o BigMatrix.o
In file included from /usr/local/lib/R/site-library/BH/include/boost/smart_ptr/shared_ptr.hpp:17,
                 from /usr/local/lib/R/site-library/BH/include/boost/shared_ptr.hpp:17,
                 from ../inst/include/bigmemory/BigMatrix.h:10,
                 from BigMatrix.cpp:22:
/usr/local/lib/R/site-library/BH/include/boost/smart_ptr/detail/shared_count.hpp:326:33: warning: ‘template<class> class std::auto_ptr’ is deprecated: use 'std::unique_ptr' instead [-Wdeprecated-declarations]
  326 |     explicit shared_count( std::auto_ptr<Y> & r ): pi_( new sp_counted_impl_p<Y>( r.get() ) )
      |                                 ^~~~~~~~
In file included from /usr/include/c++/11/bits/locale_conv.h:41,
                 from /usr/include/c++/11/locale:43,
                 from /usr/include/c++/11/iomanip:43,
                 from /usr/local/lib/R/site-library/Rcpp/include/RcppCommon.h:54,
                 from /usr/local/lib/R/site-library/Rcpp/include/Rcpp.h:27,
                 from BigMatrix.cpp:11:
/usr/include/c++/11/bits/unique_ptr.h:57:28: note: declared here
   57 |   template<typename> class auto_ptr;
      |                            ^~~~~~~~
In file included from /usr/local/lib/R/site-library/BH/include/boost/shared_ptr.hpp:17,
                 from ../inst/include/bigmemory/BigMatrix.h:10,
                 from BigMatrix.cpp:22:
/usr/local/lib/R/site-library/BH/include/boost/smart_ptr/shared_ptr.hpp:354:31: warning: ‘template<class> class std::auto_ptr’ is deprecated: use 'std::unique_ptr' instead [-Wdeprecated-declarations]
  354 |     explicit shared_ptr( std::auto_ptr<Y> & r ): px(r.get()), pn()
      |                               ^~~~~~~~
In file included from /usr/include/c++/11/bits/locale_conv.h:41,
                 from /usr/include/c++/11/locale:43,
                 from /usr/include/c++/11/iomanip:43,
                 from /usr/local/lib/R/site-library/Rcpp/include/RcppCommon.h:54,
                 from /usr/local/lib/R/site-library/Rcpp/include/Rcpp.h:27,
                 from BigMatrix.cpp:11:
/usr/include/c++/11/bits/unique_ptr.h:57:28: note: declared here
   57 |   template<typename> class auto_ptr;
      |                            ^~~~~~~~
In file included from /usr/local/lib/R/site-library/BH/include/boost/shared_ptr.hpp:17,
                 from ../inst/include/bigmemory/BigMatrix.h:10,
                 from BigMatrix.cpp:22:
/usr/local/lib/R/site-library/BH/include/boost/smart_ptr/shared_ptr.hpp:365:22: warning: ‘template<class> class std::auto_ptr’ is deprecated: use 'std::unique_ptr' instead [-Wdeprecated-declarations]
  365 |     shared_ptr( std::auto_ptr<Y> && r ): px(r.get()), pn()
      |                      ^~~~~~~~
In file included from /usr/include/c++/11/bits/locale_conv.h:41,
                 from /usr/include/c++/11/locale:43,
                 from /usr/include/c++/11/iomanip:43,
                 from /usr/local/lib/R/site-library/Rcpp/include/RcppCommon.h:54,
                 from /usr/local/lib/R/site-library/Rcpp/include/Rcpp.h:27,
                 from BigMatrix.cpp:11:
/usr/include/c++/11/bits/unique_ptr.h:57:28: note: declared here
   57 |   template<typename> class auto_ptr;
      |                            ^~~~~~~~
In file included from /usr/local/lib/R/site-library/BH/include/boost/shared_ptr.hpp:17,
                 from ../inst/include/bigmemory/BigMatrix.h:10,
                 from BigMatrix.cpp:22:
/usr/local/lib/R/site-library/BH/include/boost/smart_ptr/shared_ptr.hpp:423:34: warning: ‘template<class> class std::auto_ptr’ is deprecated: use 'std::unique_ptr' instead [-Wdeprecated-declarations]
  423 |     shared_ptr & operator=( std::auto_ptr<Y> & r )
      |                                  ^~~~~~~~
In file included from /usr/include/c++/11/bits/locale_conv.h:41,
                 from /usr/include/c++/11/locale:43,
                 from /usr/include/c++/11/iomanip:43,
                 from /usr/local/lib/R/site-library/Rcpp/include/RcppCommon.h:54,
                 from /usr/local/lib/R/site-library/Rcpp/include/Rcpp.h:27,
                 from BigMatrix.cpp:11:
/usr/include/c++/11/bits/unique_ptr.h:57:28: note: declared here
   57 |   template<typename> class auto_ptr;
      |                            ^~~~~~~~
In file included from /usr/local/lib/R/site-library/BH/include/boost/shared_ptr.hpp:17,
                 from ../inst/include/bigmemory/BigMatrix.h:10,
                 from BigMatrix.cpp:22:
/usr/local/lib/R/site-library/BH/include/boost/smart_ptr/shared_ptr.hpp:430:34: warning: ‘template<class> class std::auto_ptr’ is deprecated: use 'std::unique_ptr' instead [-Wdeprecated-declarations]
  430 |     shared_ptr & operator=( std::auto_ptr<Y> && r )
      |                                  ^~~~~~~~
In file included from /usr/include/c++/11/bits/locale_conv.h:41,
                 from /usr/include/c++/11/locale:43,
                 from /usr/include/c++/11/iomanip:43,
                 from /usr/local/lib/R/site-library/Rcpp/include/RcppCommon.h:54,
                 from /usr/local/lib/R/site-library/Rcpp/include/Rcpp.h:27,
                 from BigMatrix.cpp:11:
/usr/include/c++/11/bits/unique_ptr.h:57:28: note: declared here
   57 |   template<typename> class auto_ptr;
      |                            ^~~~~~~~
In file included from /usr/local/lib/R/site-library/BH/include/boost/shared_ptr.hpp:17,
                 from ../inst/include/bigmemory/BigMatrix.h:10,
                 from BigMatrix.cpp:22:
/usr/local/lib/R/site-library/BH/include/boost/smart_ptr/shared_ptr.hpp: In member function ‘boost::shared_ptr<T>& boost::shared_ptr<T>::operator=(std::auto_ptr<_Up>&&)’:
/usr/local/lib/R/site-library/BH/include/boost/smart_ptr/shared_ptr.hpp:432:38: warning: ‘template<class> class std::auto_ptr’ is deprecated: use 'std::unique_ptr' instead [-Wdeprecated-declarations]
  432 |         this_type( static_cast< std::auto_ptr<Y> && >( r ) ).swap( *this );
      |                                      ^~~~~~~~
In file included from /usr/include/c++/11/bits/locale_conv.h:41,
                 from /usr/include/c++/11/locale:43,
                 from /usr/include/c++/11/iomanip:43,
                 from /usr/local/lib/R/site-library/Rcpp/include/RcppCommon.h:54,
                 from /usr/local/lib/R/site-library/Rcpp/include/Rcpp.h:27,
                 from BigMatrix.cpp:11:
/usr/include/c++/11/bits/unique_ptr.h:57:28: note: declared here
   57 |   template<typename> class auto_ptr;
      |                            ^~~~~~~~
g++ -std=gnu++17 -I"/usr/share/R/include" -DNDEBUG -I../inst/include -DLINUX -I'/usr/local/lib/R/site-library/BH/include' -I'/usr/local/lib/R/site-library/uuid/include' -I'/usr/local/lib/R/site-library/Rcpp/include'     -fpic  -g -O2 -ffile-prefix-map=/build/r-base-rgGXCp/r-base-4.5.0=. -fstack-protector-strong -Wformat -Werror=format-security -Wdate-time -D_FORTIFY_SOURCE=2   -c RcppExports.cpp -o RcppExports.o
g++ -std=gnu++17 -I"/usr/share/R/include" -DNDEBUG -I../inst/include -DLINUX -I'/usr/local/lib/R/site-library/BH/include' -I'/usr/local/lib/R/site-library/uuid/include' -I'/usr/local/lib/R/site-library/Rcpp/include'     -fpic  -g -O2 -ffile-prefix-map=/build/r-base-rgGXCp/r-base-4.5.0=. -fstack-protector-strong -Wformat -Werror=format-security -Wdate-time -D_FORTIFY_SOURCE=2   -c SharedCounter.cpp -o SharedCounter.o
g++ -std=gnu++17 -I"/usr/share/R/include" -DNDEBUG -I../inst/include -DLINUX -I'/usr/local/lib/R/site-library/BH/include' -I'/usr/local/lib/R/site-library/uuid/include' -I'/usr/local/lib/R/site-library/Rcpp/include'     -fpic  -g -O2 -ffile-prefix-map=/build/r-base-rgGXCp/r-base-4.5.0=. -fstack-protector-strong -Wformat -Werror=format-security -Wdate-time -D_FORTIFY_SOURCE=2   -c bigmemory.cpp -o bigmemory.o
In file included from /usr/local/lib/R/site-library/BH/include/boost/smart_ptr/shared_ptr.hpp:17,
                 from /usr/local/lib/R/site-library/BH/include/boost/shared_ptr.hpp:17,
                 from ../inst/include/bigmemory/BigMatrix.h:10,
                 from bigmemory.cpp:7:
/usr/local/lib/R/site-library/BH/include/boost/smart_ptr/detail/shared_count.hpp:326:33: warning: ‘template<class> class std::auto_ptr’ is deprecated: use 'std::unique_ptr' instead [-Wdeprecated-declarations]
  326 |     explicit shared_count( std::auto_ptr<Y> & r ): pi_( new sp_counted_impl_p<Y>( r.get() ) )
      |                                 ^~~~~~~~
In file included from /usr/include/c++/11/bits/locale_conv.h:41,
                 from /usr/include/c++/11/locale:43,
                 from /usr/include/c++/11/iomanip:43,
                 from /usr/local/lib/R/site-library/Rcpp/include/RcppCommon.h:54,
                 from /usr/local/lib/R/site-library/Rcpp/include/Rcpp.h:27,
                 from bigmemory.cpp:6:
/usr/include/c++/11/bits/unique_ptr.h:57:28: note: declared here
   57 |   template<typename> class auto_ptr;
      |                            ^~~~~~~~
In file included from /usr/local/lib/R/site-library/BH/include/boost/shared_ptr.hpp:17,
                 from ../inst/include/bigmemory/BigMatrix.h:10,
                 from bigmemory.cpp:7:
/usr/local/lib/R/site-library/BH/include/boost/smart_ptr/shared_ptr.hpp:354:31: warning: ‘template<class> class std::auto_ptr’ is deprecated: use 'std::unique_ptr' instead [-Wdeprecated-declarations]
  354 |     explicit shared_ptr( std::auto_ptr<Y> & r ): px(r.get()), pn()
      |                               ^~~~~~~~
In file included from /usr/include/c++/11/bits/locale_conv.h:41,
                 from /usr/include/c++/11/locale:43,
                 from /usr/include/c++/11/iomanip:43,
                 from /usr/local/lib/R/site-library/Rcpp/include/RcppCommon.h:54,
                 from /usr/local/lib/R/site-library/Rcpp/include/Rcpp.h:27,
                 from bigmemory.cpp:6:
/usr/include/c++/11/bits/unique_ptr.h:57:28: note: declared here
   57 |   template<typename> class auto_ptr;
      |                            ^~~~~~~~
In file included from /usr/local/lib/R/site-library/BH/include/boost/shared_ptr.hpp:17,
                 from ../inst/include/bigmemory/BigMatrix.h:10,
                 from bigmemory.cpp:7:
/usr/local/lib/R/site-library/BH/include/boost/smart_ptr/shared_ptr.hpp:365:22: warning: ‘template<class> class std::auto_ptr’ is deprecated: use 'std::unique_ptr' instead [-Wdeprecated-declarations]
  365 |     shared_ptr( std::auto_ptr<Y> && r ): px(r.get()), pn()
      |                      ^~~~~~~~
In file included from /usr/include/c++/11/bits/locale_conv.h:41,
                 from /usr/include/c++/11/locale:43,
                 from /usr/include/c++/11/iomanip:43,
                 from /usr/local/lib/R/site-library/Rcpp/include/RcppCommon.h:54,
                 from /usr/local/lib/R/site-library/Rcpp/include/Rcpp.h:27,
                 from bigmemory.cpp:6:
/usr/include/c++/11/bits/unique_ptr.h:57:28: note: declared here
   57 |   template<typename> class auto_ptr;
      |                            ^~~~~~~~
In file included from /usr/local/lib/R/site-library/BH/include/boost/shared_ptr.hpp:17,
                 from ../inst/include/bigmemory/BigMatrix.h:10,
                 from bigmemory.cpp:7:
/usr/local/lib/R/site-library/BH/include/boost/smart_ptr/shared_ptr.hpp:423:34: warning: ‘template<class> class std::auto_ptr’ is deprecated: use 'std::unique_ptr' instead [-Wdeprecated-declarations]
  423 |     shared_ptr & operator=( std::auto_ptr<Y> & r )
      |                                  ^~~~~~~~
In file included from /usr/include/c++/11/bits/locale_conv.h:41,
                 from /usr/include/c++/11/locale:43,
                 from /usr/include/c++/11/iomanip:43,
                 from /usr/local/lib/R/site-library/Rcpp/include/RcppCommon.h:54,
                 from /usr/local/lib/R/site-library/Rcpp/include/Rcpp.h:27,
                 from bigmemory.cpp:6:
/usr/include/c++/11/bits/unique_ptr.h:57:28: note: declared here
   57 |   template<typename> class auto_ptr;
      |                            ^~~~~~~~
In file included from /usr/local/lib/R/site-library/BH/include/boost/shared_ptr.hpp:17,
                 from ../inst/include/bigmemory/BigMatrix.h:10,
                 from bigmemory.cpp:7:
/usr/local/lib/R/site-library/BH/include/boost/smart_ptr/shared_ptr.hpp:430:34: warning: ‘template<class> class std::auto_ptr’ is deprecated: use 'std::unique_ptr' instead [-Wdeprecated-declarations]
  430 |     shared_ptr & operator=( std::auto_ptr<Y> && r )
      |                                  ^~~~~~~~
In file included from /usr/include/c++/11/bits/locale_conv.h:41,
                 from /usr/include/c++/11/locale:43,
                 from /usr/include/c++/11/iomanip:43,
                 from /usr/local/lib/R/site-library/Rcpp/include/RcppCommon.h:54,
                 from /usr/local/lib/R/site-library/Rcpp/include/Rcpp.h:27,
                 from bigmemory.cpp:6:
/usr/include/c++/11/bits/unique_ptr.h:57:28: note: declared here
   57 |   template<typename> class auto_ptr;
      |                            ^~~~~~~~
In file included from /usr/local/lib/R/site-library/BH/include/boost/shared_ptr.hpp:17,
                 from ../inst/include/bigmemory/BigMatrix.h:10,
                 from bigmemory.cpp:7:
/usr/local/lib/R/site-library/BH/include/boost/smart_ptr/shared_ptr.hpp: In member function ‘boost::shared_ptr<T>& boost::shared_ptr<T>::operator=(std::auto_ptr<_Up>&&)’:
/usr/local/lib/R/site-library/BH/include/boost/smart_ptr/shared_ptr.hpp:432:38: warning: ‘template<class> class std::auto_ptr’ is deprecated: use 'std::unique_ptr' instead [-Wdeprecated-declarations]
  432 |         this_type( static_cast< std::auto_ptr<Y> && >( r ) ).swap( *this );
      |                                      ^~~~~~~~
In file included from /usr/include/c++/11/bits/locale_conv.h:41,
                 from /usr/include/c++/11/locale:43,
                 from /usr/include/c++/11/iomanip:43,
                 from /usr/local/lib/R/site-library/Rcpp/include/RcppCommon.h:54,
                 from /usr/local/lib/R/site-library/Rcpp/include/Rcpp.h:27,
                 from bigmemory.cpp:6:
/usr/include/c++/11/bits/unique_ptr.h:57:28: note: declared here
   57 |   template<typename> class auto_ptr;
      |                            ^~~~~~~~
g++ -std=gnu++17 -I"/usr/share/R/include" -DNDEBUG -I../inst/include -DLINUX -I'/usr/local/lib/R/site-library/BH/include' -I'/usr/local/lib/R/site-library/uuid/include' -I'/usr/local/lib/R/site-library/Rcpp/include'     -fpic  -g -O2 -ffile-prefix-map=/build/r-base-rgGXCp/r-base-4.5.0=. -fstack-protector-strong -Wformat -Werror=format-security -Wdate-time -D_FORTIFY_SOURCE=2   -c deepcopy.cpp -o deepcopy.o
In file included from /usr/local/lib/R/site-library/BH/include/boost/smart_ptr/shared_ptr.hpp:17,
                 from /usr/local/lib/R/site-library/BH/include/boost/shared_ptr.hpp:17,
                 from ../inst/include/bigmemory/BigMatrix.h:10,
                 from deepcopy.cpp:10:
/usr/local/lib/R/site-library/BH/include/boost/smart_ptr/detail/shared_count.hpp:326:33: warning: ‘template<class> class std::auto_ptr’ is deprecated: use 'std::unique_ptr' instead [-Wdeprecated-declarations]
  326 |     explicit shared_count( std::auto_ptr<Y> & r ): pi_( new sp_counted_impl_p<Y>( r.get() ) )
      |                                 ^~~~~~~~
In file included from /usr/include/c++/11/bits/locale_conv.h:41,
                 from /usr/include/c++/11/locale:43,
                 from /usr/local/lib/R/site-library/BH/include/boost/lexical_cast/detail/converter_lexical_streams.hpp:46,
                 from /usr/local/lib/R/site-library/BH/include/boost/lexical_cast/detail/converter_lexical.hpp:52,
                 from /usr/local/lib/R/site-library/BH/include/boost/lexical_cast/try_lexical_convert.hpp:32,
                 from /usr/local/lib/R/site-library/BH/include/boost/lexical_cast.hpp:33,
                 from deepcopy.cpp:6:
/usr/include/c++/11/bits/unique_ptr.h:57:28: note: declared here
   57 |   template<typename> class auto_ptr;
      |                            ^~~~~~~~
In file included from /usr/local/lib/R/site-library/BH/include/boost/shared_ptr.hpp:17,
                 from ../inst/include/bigmemory/BigMatrix.h:10,
                 from deepcopy.cpp:10:
/usr/local/lib/R/site-library/BH/include/boost/smart_ptr/shared_ptr.hpp:354:31: warning: ‘template<class> class std::auto_ptr’ is deprecated: use 'std::unique_ptr' instead [-Wdeprecated-declarations]
  354 |     explicit shared_ptr( std::auto_ptr<Y> & r ): px(r.get()), pn()
      |                               ^~~~~~~~
In file included from /usr/include/c++/11/bits/locale_conv.h:41,
                 from /usr/include/c++/11/locale:43,
                 from /usr/local/lib/R/site-library/BH/include/boost/lexical_cast/detail/converter_lexical_streams.hpp:46,
                 from /usr/local/lib/R/site-library/BH/include/boost/lexical_cast/detail/converter_lexical.hpp:52,
                 from /usr/local/lib/R/site-library/BH/include/boost/lexical_cast/try_lexical_convert.hpp:32,
                 from /usr/local/lib/R/site-library/BH/include/boost/lexical_cast.hpp:33,
                 from deepcopy.cpp:6:
/usr/include/c++/11/bits/unique_ptr.h:57:28: note: declared here
   57 |   template<typename> class auto_ptr;
      |                            ^~~~~~~~
In file included from /usr/local/lib/R/site-library/BH/include/boost/shared_ptr.hpp:17,
                 from ../inst/include/bigmemory/BigMatrix.h:10,
                 from deepcopy.cpp:10:
/usr/local/lib/R/site-library/BH/include/boost/smart_ptr/shared_ptr.hpp:365:22: warning: ‘template<class> class std::auto_ptr’ is deprecated: use 'std::unique_ptr' instead [-Wdeprecated-declarations]
  365 |     shared_ptr( std::auto_ptr<Y> && r ): px(r.get()), pn()
      |                      ^~~~~~~~
In file included from /usr/include/c++/11/bits/locale_conv.h:41,
                 from /usr/include/c++/11/locale:43,
                 from /usr/local/lib/R/site-library/BH/include/boost/lexical_cast/detail/converter_lexical_streams.hpp:46,
                 from /usr/local/lib/R/site-library/BH/include/boost/lexical_cast/detail/converter_lexical.hpp:52,
                 from /usr/local/lib/R/site-library/BH/include/boost/lexical_cast/try_lexical_convert.hpp:32,
                 from /usr/local/lib/R/site-library/BH/include/boost/lexical_cast.hpp:33,
                 from deepcopy.cpp:6:
/usr/include/c++/11/bits/unique_ptr.h:57:28: note: declared here
   57 |   template<typename> class auto_ptr;
      |                            ^~~~~~~~
In file included from /usr/local/lib/R/site-library/BH/include/boost/shared_ptr.hpp:17,
                 from ../inst/include/bigmemory/BigMatrix.h:10,
                 from deepcopy.cpp:10:
/usr/local/lib/R/site-library/BH/include/boost/smart_ptr/shared_ptr.hpp:423:34: warning: ‘template<class> class std::auto_ptr’ is deprecated: use 'std::unique_ptr' instead [-Wdeprecated-declarations]
  423 |     shared_ptr & operator=( std::auto_ptr<Y> & r )
      |                                  ^~~~~~~~
In file included from /usr/include/c++/11/bits/locale_conv.h:41,
                 from /usr/include/c++/11/locale:43,
                 from /usr/local/lib/R/site-library/BH/include/boost/lexical_cast/detail/converter_lexical_streams.hpp:46,
                 from /usr/local/lib/R/site-library/BH/include/boost/lexical_cast/detail/converter_lexical.hpp:52,
                 from /usr/local/lib/R/site-library/BH/include/boost/lexical_cast/try_lexical_convert.hpp:32,
                 from /usr/local/lib/R/site-library/BH/include/boost/lexical_cast.hpp:33,
                 from deepcopy.cpp:6:
/usr/include/c++/11/bits/unique_ptr.h:57:28: note: declared here
   57 |   template<typename> class auto_ptr;
      |                            ^~~~~~~~
In file included from /usr/local/lib/R/site-library/BH/include/boost/shared_ptr.hpp:17,
                 from ../inst/include/bigmemory/BigMatrix.h:10,
                 from deepcopy.cpp:10:
/usr/local/lib/R/site-library/BH/include/boost/smart_ptr/shared_ptr.hpp:430:34: warning: ‘template<class> class std::auto_ptr’ is deprecated: use 'std::unique_ptr' instead [-Wdeprecated-declarations]
  430 |     shared_ptr & operator=( std::auto_ptr<Y> && r )
      |                                  ^~~~~~~~
In file included from /usr/include/c++/11/bits/locale_conv.h:41,
                 from /usr/include/c++/11/locale:43,
                 from /usr/local/lib/R/site-library/BH/include/boost/lexical_cast/detail/converter_lexical_streams.hpp:46,
                 from /usr/local/lib/R/site-library/BH/include/boost/lexical_cast/detail/converter_lexical.hpp:52,
                 from /usr/local/lib/R/site-library/BH/include/boost/lexical_cast/try_lexical_convert.hpp:32,
                 from /usr/local/lib/R/site-library/BH/include/boost/lexical_cast.hpp:33,
                 from deepcopy.cpp:6:
/usr/include/c++/11/bits/unique_ptr.h:57:28: note: declared here
   57 |   template<typename> class auto_ptr;
      |                            ^~~~~~~~
In file included from /usr/local/lib/R/site-library/BH/include/boost/shared_ptr.hpp:17,
                 from ../inst/include/bigmemory/BigMatrix.h:10,
                 from deepcopy.cpp:10:
/usr/local/lib/R/site-library/BH/include/boost/smart_ptr/shared_ptr.hpp: In member function ‘boost::shared_ptr<T>& boost::shared_ptr<T>::operator=(std::auto_ptr<_Up>&&)’:
/usr/local/lib/R/site-library/BH/include/boost/smart_ptr/shared_ptr.hpp:432:38: warning: ‘template<class> class std::auto_ptr’ is deprecated: use 'std::unique_ptr' instead [-Wdeprecated-declarations]
  432 |         this_type( static_cast< std::auto_ptr<Y> && >( r ) ).swap( *this );
      |                                      ^~~~~~~~
In file included from /usr/include/c++/11/bits/locale_conv.h:41,
                 from /usr/include/c++/11/locale:43,
                 from /usr/local/lib/R/site-library/BH/include/boost/lexical_cast/detail/converter_lexical_streams.hpp:46,
                 from /usr/local/lib/R/site-library/BH/include/boost/lexical_cast/detail/converter_lexical.hpp:52,
                 from /usr/local/lib/R/site-library/BH/include/boost/lexical_cast/try_lexical_convert.hpp:32,
                 from /usr/local/lib/R/site-library/BH/include/boost/lexical_cast.hpp:33,
                 from deepcopy.cpp:6:
/usr/include/c++/11/bits/unique_ptr.h:57:28: note: declared here
   57 |   template<typename> class auto_ptr;
      |                            ^~~~~~~~
g++ -std=gnu++17 -I"/usr/share/R/include" -DNDEBUG -I../inst/include -DLINUX -I'/usr/local/lib/R/site-library/BH/include' -I'/usr/local/lib/R/site-library/uuid/include' -I'/usr/local/lib/R/site-library/Rcpp/include'     -fpic  -g -O2 -ffile-prefix-map=/build/r-base-rgGXCp/r-base-4.5.0=. -fstack-protector-strong -Wformat -Werror=format-security -Wdate-time -D_FORTIFY_SOURCE=2   -c util.cpp -o util.o
g++ -std=gnu++17 -shared -L/usr/lib/R/lib -Wl,-Bsymbolic-functions -flto=auto -ffat-lto-objects -flto=auto -Wl,-z,relro -o bigmemory.so BigMatrix.o RcppExports.o SharedCounter.o bigmemory.o deepcopy.o util.o -lrt -lm -L/usr/lib/R/lib -lR
installing to /usr/local/lib/R/site-library/00LOCK-bigmemory/00new/bigmemory/libs
** R
** inst
** byte-compile and prepare package for lazy loading
Creating a generic function for ‘ncol’ from package ‘base’ in package ‘bigmemory’
Creating a generic function for ‘nrow’ from package ‘base’ in package ‘bigmemory’
Creating a generic function for ‘typeof’ from package ‘base’ in package ‘bigmemory’
** help
*** installing help indices
** building package indices
** testing if installed package can be loaded from temporary location
** checking absolute paths in shared objects and dynamic libraries
** testing if installed package can be loaded from final location
** testing if installed package keeps a record of temporary installation path
* creating tarball
packaged installation of ‘bigmemory’ as ‘bigmemory_4.6.4_R_x86_64-pc-linux-gnu.tar.gz’
* DONE (bigmemory)
* installing *source* package ‘foreach’ ...
** this is package ‘foreach’ version ‘1.5.2’
** package ‘foreach’ successfully unpacked and MD5 sums checked
** using staged installation
** R
** demo
** inst
** byte-compile and prepare package for lazy loading
** help
*** installing help indices
** building package indices
** installing vignettes
** testing if installed package can be loaded from temporary location
** testing if installed package can be loaded from final location
** testing if installed package keeps a record of temporary installation path
* creating tarball
packaged installation of ‘foreach’ as ‘foreach_1.5.2_R_x86_64-pc-linux-gnu.tar.gz’
* DONE (foreach)
* installing *source* package ‘parallelDist’ ...
** this is package ‘parallelDist’ version ‘0.2.6’
** package ‘parallelDist’ successfully unpacked and MD5 sums checked
** using staged installation
** libs
using C++ compiler: ‘g++ (Ubuntu 11.4.0-1ubuntu1~22.04) 11.4.0’
using C++11
g++ -std=gnu++11 -I"/usr/share/R/include" -DNDEBUG  -I'/usr/local/lib/R/site-library/Rcpp/include' -I'/usr/local/lib/R/site-library/RcppParallel/include' -I'/usr/local/lib/R/site-library/RcppArmadillo/include'     -fpic  -g -O2 -ffile-prefix-map=/build/r-base-rgGXCp/r-base-4.5.0=. -fstack-protector-strong -Wformat -Werror=format-security -Wdate-time -D_FORTIFY_SOURCE=2   -c DistanceDTWFactory.cpp -o DistanceDTWFactory.o
g++ -std=gnu++11 -I"/usr/share/R/include" -DNDEBUG  -I'/usr/local/lib/R/site-library/Rcpp/include' -I'/usr/local/lib/R/site-library/RcppParallel/include' -I'/usr/local/lib/R/site-library/RcppArmadillo/include'     -fpic  -g -O2 -ffile-prefix-map=/build/r-base-rgGXCp/r-base-4.5.0=. -fstack-protector-strong -Wformat -Werror=format-security -Wdate-time -D_FORTIFY_SOURCE=2   -c DistanceFactory.cpp -o DistanceFactory.o
g++ -std=gnu++11 -I"/usr/share/R/include" -DNDEBUG  -I'/usr/local/lib/R/site-library/Rcpp/include' -I'/usr/local/lib/R/site-library/RcppParallel/include' -I'/usr/local/lib/R/site-library/RcppArmadillo/include'     -fpic  -g -O2 -ffile-prefix-map=/build/r-base-rgGXCp/r-base-4.5.0=. -fstack-protector-strong -Wformat -Werror=format-security -Wdate-time -D_FORTIFY_SOURCE=2   -c RcppExports.cpp -o RcppExports.o
g++ -std=gnu++11 -I"/usr/share/R/include" -DNDEBUG  -I'/usr/local/lib/R/site-library/Rcpp/include' -I'/usr/local/lib/R/site-library/RcppParallel/include' -I'/usr/local/lib/R/site-library/RcppArmadillo/include'     -fpic  -g -O2 -ffile-prefix-map=/build/r-base-rgGXCp/r-base-4.5.0=. -fstack-protector-strong -Wformat -Werror=format-security -Wdate-time -D_FORTIFY_SOURCE=2   -c Util.cpp -o Util.o
g++ -std=gnu++11 -I"/usr/share/R/include" -DNDEBUG  -I'/usr/local/lib/R/site-library/Rcpp/include' -I'/usr/local/lib/R/site-library/RcppParallel/include' -I'/usr/local/lib/R/site-library/RcppArmadillo/include'     -fpic  -g -O2 -ffile-prefix-map=/build/r-base-rgGXCp/r-base-4.5.0=. -fstack-protector-strong -Wformat -Werror=format-security -Wdate-time -D_FORTIFY_SOURCE=2   -c parallelDist.cpp -o parallelDist.o
g++ -std=gnu++11 -shared -L/usr/lib/R/lib -Wl,-Bsymbolic-functions -flto=auto -ffat-lto-objects -flto=auto -Wl,-z,relro -o parallelDist.so DistanceDTWFactory.o DistanceFactory.o RcppExports.o Util.o parallelDist.o -llapack -lblas -lgfortran -lm -lquadmath -L/usr/lib/R/lib -lR
installing to /usr/local/lib/R/site-library/00LOCK-parallelDist/00new/parallelDist/libs
** R
** inst
** byte-compile and prepare package for lazy loading
** help
*** installing help indices
** building package indices
** installing vignettes
** testing if installed package can be loaded from temporary location
** checking absolute paths in shared objects and dynamic libraries
** testing if installed package can be loaded from final location
** testing if installed package keeps a record of temporary installation path
* creating tarball
packaged installation of ‘parallelDist’ as ‘parallelDist_0.2.6_R_x86_64-pc-linux-gnu.tar.gz’
* DONE (parallelDist)
* installing *source* package ‘biganalytics’ ...
** this is package ‘biganalytics’ version ‘1.1.22’
** package ‘biganalytics’ successfully unpacked and MD5 sums checked
** using staged installation
  checking for Sun Studio compiler...
no
  checking for OS...
Linux
** libs
using C compiler: ‘gcc (Ubuntu 11.4.0-1ubuntu1~22.04) 11.4.0’
using C++ compiler: ‘g++ (Ubuntu 11.4.0-1ubuntu1~22.04) 11.4.0’
gcc -I"/usr/share/R/include" -DNDEBUG -I../include -DLINUX -I'/usr/local/lib/R/site-library/Rcpp/include' -I'/usr/local/lib/R/site-library/bigmemory/include' -I'/usr/local/lib/R/site-library/BH/include'     -fpic  -g -O2 -ffile-prefix-map=/build/r-base-rgGXCp/r-base-4.5.0=. -fstack-protector-strong -Wformat -Werror=format-security -Wdate-time -D_FORTIFY_SOURCE=2  -c biganalytics_init.c -o biganalytics_init.o
g++ -std=gnu++17 -I"/usr/share/R/include" -DNDEBUG -I../include -DLINUX -I'/usr/local/lib/R/site-library/Rcpp/include' -I'/usr/local/lib/R/site-library/bigmemory/include' -I'/usr/local/lib/R/site-library/BH/include'     -fpic  -g -O2 -ffile-prefix-map=/build/r-base-rgGXCp/r-base-4.5.0=. -fstack-protector-strong -Wformat -Werror=format-security -Wdate-time -D_FORTIFY_SOURCE=2   -c binit.cpp -o binit.o
In file included from /usr/local/lib/R/site-library/BH/include/boost/smart_ptr/shared_ptr.hpp:17,
                 from /usr/local/lib/R/site-library/BH/include/boost/shared_ptr.hpp:17,
                 from /usr/local/lib/R/site-library/bigmemory/include/bigmemory/BigMatrix.h:10,
                 from binit.cpp:4:
/usr/local/lib/R/site-library/BH/include/boost/smart_ptr/detail/shared_count.hpp:326:33: warning: ‘template<class> class std::auto_ptr’ is deprecated: use 'std::unique_ptr' instead [-Wdeprecated-declarations]
  326 |     explicit shared_count( std::auto_ptr<Y> & r ): pi_( new sp_counted_impl_p<Y>( r.get() ) )
      |                                 ^~~~~~~~
In file included from /usr/include/c++/11/bits/locale_conv.h:41,
                 from /usr/include/c++/11/locale:43,
                 from /usr/include/c++/11/iomanip:43,
                 from /usr/local/lib/R/site-library/Rcpp/include/RcppCommon.h:54,
                 from /usr/local/lib/R/site-library/Rcpp/include/Rcpp.h:27,
                 from binit.cpp:3:
/usr/include/c++/11/bits/unique_ptr.h:57:28: note: declared here
   57 |   template<typename> class auto_ptr;
      |                            ^~~~~~~~
In file included from /usr/local/lib/R/site-library/BH/include/boost/shared_ptr.hpp:17,
                 from /usr/local/lib/R/site-library/bigmemory/include/bigmemory/BigMatrix.h:10,
                 from binit.cpp:4:
/usr/local/lib/R/site-library/BH/include/boost/smart_ptr/shared_ptr.hpp:354:31: warning: ‘template<class> class std::auto_ptr’ is deprecated: use 'std::unique_ptr' instead [-Wdeprecated-declarations]
  354 |     explicit shared_ptr( std::auto_ptr<Y> & r ): px(r.get()), pn()
      |                               ^~~~~~~~
In file included from /usr/include/c++/11/bits/locale_conv.h:41,
                 from /usr/include/c++/11/locale:43,
                 from /usr/include/c++/11/iomanip:43,
                 from /usr/local/lib/R/site-library/Rcpp/include/RcppCommon.h:54,
                 from /usr/local/lib/R/site-library/Rcpp/include/Rcpp.h:27,
                 from binit.cpp:3:
/usr/include/c++/11/bits/unique_ptr.h:57:28: note: declared here
   57 |   template<typename> class auto_ptr;
      |                            ^~~~~~~~
In file included from /usr/local/lib/R/site-library/BH/include/boost/shared_ptr.hpp:17,
                 from /usr/local/lib/R/site-library/bigmemory/include/bigmemory/BigMatrix.h:10,
                 from binit.cpp:4:
/usr/local/lib/R/site-library/BH/include/boost/smart_ptr/shared_ptr.hpp:365:22: warning: ‘template<class> class std::auto_ptr’ is deprecated: use 'std::unique_ptr' instead [-Wdeprecated-declarations]
  365 |     shared_ptr( std::auto_ptr<Y> && r ): px(r.get()), pn()
      |                      ^~~~~~~~
In file included from /usr/include/c++/11/bits/locale_conv.h:41,
                 from /usr/include/c++/11/locale:43,
                 from /usr/include/c++/11/iomanip:43,
                 from /usr/local/lib/R/site-library/Rcpp/include/RcppCommon.h:54,
                 from /usr/local/lib/R/site-library/Rcpp/include/Rcpp.h:27,
                 from binit.cpp:3:
/usr/include/c++/11/bits/unique_ptr.h:57:28: note: declared here
   57 |   template<typename> class auto_ptr;
      |                            ^~~~~~~~
In file included from /usr/local/lib/R/site-library/BH/include/boost/shared_ptr.hpp:17,
                 from /usr/local/lib/R/site-library/bigmemory/include/bigmemory/BigMatrix.h:10,
                 from binit.cpp:4:
/usr/local/lib/R/site-library/BH/include/boost/smart_ptr/shared_ptr.hpp:423:34: warning: ‘template<class> class std::auto_ptr’ is deprecated: use 'std::unique_ptr' instead [-Wdeprecated-declarations]
  423 |     shared_ptr & operator=( std::auto_ptr<Y> & r )
      |                                  ^~~~~~~~
In file included from /usr/include/c++/11/bits/locale_conv.h:41,
                 from /usr/include/c++/11/locale:43,
                 from /usr/include/c++/11/iomanip:43,
                 from /usr/local/lib/R/site-library/Rcpp/include/RcppCommon.h:54,
                 from /usr/local/lib/R/site-library/Rcpp/include/Rcpp.h:27,
                 from binit.cpp:3:
/usr/include/c++/11/bits/unique_ptr.h:57:28: note: declared here
   57 |   template<typename> class auto_ptr;
      |                            ^~~~~~~~
In file included from /usr/local/lib/R/site-library/BH/include/boost/shared_ptr.hpp:17,
                 from /usr/local/lib/R/site-library/bigmemory/include/bigmemory/BigMatrix.h:10,
                 from binit.cpp:4:
/usr/local/lib/R/site-library/BH/include/boost/smart_ptr/shared_ptr.hpp:430:34: warning: ‘template<class> class std::auto_ptr’ is deprecated: use 'std::unique_ptr' instead [-Wdeprecated-declarations]
  430 |     shared_ptr & operator=( std::auto_ptr<Y> && r )
      |                                  ^~~~~~~~
In file included from /usr/include/c++/11/bits/locale_conv.h:41,
                 from /usr/include/c++/11/locale:43,
                 from /usr/include/c++/11/iomanip:43,
                 from /usr/local/lib/R/site-library/Rcpp/include/RcppCommon.h:54,
                 from /usr/local/lib/R/site-library/Rcpp/include/Rcpp.h:27,
                 from binit.cpp:3:
/usr/include/c++/11/bits/unique_ptr.h:57:28: note: declared here
   57 |   template<typename> class auto_ptr;
      |                            ^~~~~~~~
In file included from /usr/local/lib/R/site-library/BH/include/boost/shared_ptr.hpp:17,
                 from /usr/local/lib/R/site-library/bigmemory/include/bigmemory/BigMatrix.h:10,
                 from binit.cpp:4:
/usr/local/lib/R/site-library/BH/include/boost/smart_ptr/shared_ptr.hpp: In member function ‘boost::shared_ptr<T>& boost::shared_ptr<T>::operator=(std::auto_ptr<_Up>&&)’:
/usr/local/lib/R/site-library/BH/include/boost/smart_ptr/shared_ptr.hpp:432:38: warning: ‘template<class> class std::auto_ptr’ is deprecated: use 'std::unique_ptr' instead [-Wdeprecated-declarations]
  432 |         this_type( static_cast< std::auto_ptr<Y> && >( r ) ).swap( *this );
      |                                      ^~~~~~~~
In file included from /usr/include/c++/11/bits/locale_conv.h:41,
                 from /usr/include/c++/11/locale:43,
                 from /usr/include/c++/11/iomanip:43,
                 from /usr/local/lib/R/site-library/Rcpp/include/RcppCommon.h:54,
                 from /usr/local/lib/R/site-library/Rcpp/include/Rcpp.h:27,
                 from binit.cpp:3:
/usr/include/c++/11/bits/unique_ptr.h:57:28: note: declared here
   57 |   template<typename> class auto_ptr;
      |                            ^~~~~~~~
g++ -std=gnu++17 -I"/usr/share/R/include" -DNDEBUG -I../include -DLINUX -I'/usr/local/lib/R/site-library/Rcpp/include' -I'/usr/local/lib/R/site-library/bigmemory/include' -I'/usr/local/lib/R/site-library/BH/include'     -fpic  -g -O2 -ffile-prefix-map=/build/r-base-rgGXCp/r-base-4.5.0=. -fstack-protector-strong -Wformat -Werror=format-security -Wdate-time -D_FORTIFY_SOURCE=2   -c hash.cpp -o hash.o
In file included from /usr/local/lib/R/site-library/BH/include/boost/smart_ptr/shared_ptr.hpp:17,
                 from /usr/local/lib/R/site-library/BH/include/boost/shared_ptr.hpp:17,
                 from /usr/local/lib/R/site-library/bigmemory/include/bigmemory/BigMatrix.h:10,
                 from hash.cpp:2:
/usr/local/lib/R/site-library/BH/include/boost/smart_ptr/detail/shared_count.hpp:326:33: warning: ‘template<class> class std::auto_ptr’ is deprecated: use 'std::unique_ptr' instead [-Wdeprecated-declarations]
  326 |     explicit shared_count( std::auto_ptr<Y> & r ): pi_( new sp_counted_impl_p<Y>( r.get() ) )
      |                                 ^~~~~~~~
In file included from /usr/include/c++/11/bits/locale_conv.h:41,
                 from /usr/include/c++/11/locale:43,
                 from /usr/include/c++/11/iomanip:43,
                 from /usr/local/lib/R/site-library/Rcpp/include/RcppCommon.h:54,
                 from /usr/local/lib/R/site-library/Rcpp/include/Rcpp.h:27,
                 from hash.cpp:1:
/usr/include/c++/11/bits/unique_ptr.h:57:28: note: declared here
   57 |   template<typename> class auto_ptr;
      |                            ^~~~~~~~
In file included from /usr/local/lib/R/site-library/BH/include/boost/shared_ptr.hpp:17,
                 from /usr/local/lib/R/site-library/bigmemory/include/bigmemory/BigMatrix.h:10,
                 from hash.cpp:2:
/usr/local/lib/R/site-library/BH/include/boost/smart_ptr/shared_ptr.hpp:354:31: warning: ‘template<class> class std::auto_ptr’ is deprecated: use 'std::unique_ptr' instead [-Wdeprecated-declarations]
  354 |     explicit shared_ptr( std::auto_ptr<Y> & r ): px(r.get()), pn()
      |                               ^~~~~~~~
In file included from /usr/include/c++/11/bits/locale_conv.h:41,
                 from /usr/include/c++/11/locale:43,
                 from /usr/include/c++/11/iomanip:43,
                 from /usr/local/lib/R/site-library/Rcpp/include/RcppCommon.h:54,
                 from /usr/local/lib/R/site-library/Rcpp/include/Rcpp.h:27,
                 from hash.cpp:1:
/usr/include/c++/11/bits/unique_ptr.h:57:28: note: declared here
   57 |   template<typename> class auto_ptr;
      |                            ^~~~~~~~
In file included from /usr/local/lib/R/site-library/BH/include/boost/shared_ptr.hpp:17,
                 from /usr/local/lib/R/site-library/bigmemory/include/bigmemory/BigMatrix.h:10,
                 from hash.cpp:2:
/usr/local/lib/R/site-library/BH/include/boost/smart_ptr/shared_ptr.hpp:365:22: warning: ‘template<class> class std::auto_ptr’ is deprecated: use 'std::unique_ptr' instead [-Wdeprecated-declarations]
  365 |     shared_ptr( std::auto_ptr<Y> && r ): px(r.get()), pn()
      |                      ^~~~~~~~
In file included from /usr/include/c++/11/bits/locale_conv.h:41,
                 from /usr/include/c++/11/locale:43,
                 from /usr/include/c++/11/iomanip:43,
                 from /usr/local/lib/R/site-library/Rcpp/include/RcppCommon.h:54,
                 from /usr/local/lib/R/site-library/Rcpp/include/Rcpp.h:27,
                 from hash.cpp:1:
/usr/include/c++/11/bits/unique_ptr.h:57:28: note: declared here
   57 |   template<typename> class auto_ptr;
      |                            ^~~~~~~~
In file included from /usr/local/lib/R/site-library/BH/include/boost/shared_ptr.hpp:17,
                 from /usr/local/lib/R/site-library/bigmemory/include/bigmemory/BigMatrix.h:10,
                 from hash.cpp:2:
/usr/local/lib/R/site-library/BH/include/boost/smart_ptr/shared_ptr.hpp:423:34: warning: ‘template<class> class std::auto_ptr’ is deprecated: use 'std::unique_ptr' instead [-Wdeprecated-declarations]
  423 |     shared_ptr & operator=( std::auto_ptr<Y> & r )
      |                                  ^~~~~~~~
In file included from /usr/include/c++/11/bits/locale_conv.h:41,
                 from /usr/include/c++/11/locale:43,
                 from /usr/include/c++/11/iomanip:43,
                 from /usr/local/lib/R/site-library/Rcpp/include/RcppCommon.h:54,
                 from /usr/local/lib/R/site-library/Rcpp/include/Rcpp.h:27,
                 from hash.cpp:1:
/usr/include/c++/11/bits/unique_ptr.h:57:28: note: declared here
   57 |   template<typename> class auto_ptr;
      |                            ^~~~~~~~
In file included from /usr/local/lib/R/site-library/BH/include/boost/shared_ptr.hpp:17,
                 from /usr/local/lib/R/site-library/bigmemory/include/bigmemory/BigMatrix.h:10,
                 from hash.cpp:2:
/usr/local/lib/R/site-library/BH/include/boost/smart_ptr/shared_ptr.hpp:430:34: warning: ‘template<class> class std::auto_ptr’ is deprecated: use 'std::unique_ptr' instead [-Wdeprecated-declarations]
  430 |     shared_ptr & operator=( std::auto_ptr<Y> && r )
      |                                  ^~~~~~~~
In file included from /usr/include/c++/11/bits/locale_conv.h:41,
                 from /usr/include/c++/11/locale:43,
                 from /usr/include/c++/11/iomanip:43,
                 from /usr/local/lib/R/site-library/Rcpp/include/RcppCommon.h:54,
                 from /usr/local/lib/R/site-library/Rcpp/include/Rcpp.h:27,
                 from hash.cpp:1:
/usr/include/c++/11/bits/unique_ptr.h:57:28: note: declared here
   57 |   template<typename> class auto_ptr;
      |                            ^~~~~~~~
In file included from /usr/local/lib/R/site-library/BH/include/boost/shared_ptr.hpp:17,
                 from /usr/local/lib/R/site-library/bigmemory/include/bigmemory/BigMatrix.h:10,
                 from hash.cpp:2:
/usr/local/lib/R/site-library/BH/include/boost/smart_ptr/shared_ptr.hpp: In member function ‘boost::shared_ptr<T>& boost::shared_ptr<T>::operator=(std::auto_ptr<_Up>&&)’:
/usr/local/lib/R/site-library/BH/include/boost/smart_ptr/shared_ptr.hpp:432:38: warning: ‘template<class> class std::auto_ptr’ is deprecated: use 'std::unique_ptr' instead [-Wdeprecated-declarations]
  432 |         this_type( static_cast< std::auto_ptr<Y> && >( r ) ).swap( *this );
      |                                      ^~~~~~~~
In file included from /usr/include/c++/11/bits/locale_conv.h:41,
                 from /usr/include/c++/11/locale:43,
                 from /usr/include/c++/11/iomanip:43,
                 from /usr/local/lib/R/site-library/Rcpp/include/RcppCommon.h:54,
                 from /usr/local/lib/R/site-library/Rcpp/include/Rcpp.h:27,
                 from hash.cpp:1:
/usr/include/c++/11/bits/unique_ptr.h:57:28: note: declared here
   57 |   template<typename> class auto_ptr;
      |                            ^~~~~~~~
g++ -std=gnu++17 -I"/usr/share/R/include" -DNDEBUG -I../include -DLINUX -I'/usr/local/lib/R/site-library/Rcpp/include' -I'/usr/local/lib/R/site-library/bigmemory/include' -I'/usr/local/lib/R/site-library/BH/include'     -fpic  -g -O2 -ffile-prefix-map=/build/r-base-rgGXCp/r-base-4.5.0=. -fstack-protector-strong -Wformat -Werror=format-security -Wdate-time -D_FORTIFY_SOURCE=2   -c kmeans.cpp -o kmeans.o
In file included from /usr/local/lib/R/site-library/BH/include/boost/smart_ptr/shared_ptr.hpp:17,
                 from /usr/local/lib/R/site-library/BH/include/boost/shared_ptr.hpp:17,
                 from /usr/local/lib/R/site-library/bigmemory/include/bigmemory/BigMatrix.h:10,
                 from kmeans.cpp:32:
/usr/local/lib/R/site-library/BH/include/boost/smart_ptr/detail/shared_count.hpp:326:33: warning: ‘template<class> class std::auto_ptr’ is deprecated: use 'std::unique_ptr' instead [-Wdeprecated-declarations]
  326 |     explicit shared_count( std::auto_ptr<Y> & r ): pi_( new sp_counted_impl_p<Y>( r.get() ) )
      |                                 ^~~~~~~~
In file included from /usr/include/c++/11/bits/locale_conv.h:41,
                 from /usr/include/c++/11/locale:43,
                 from /usr/include/c++/11/iomanip:43,
                 from /usr/local/lib/R/site-library/Rcpp/include/RcppCommon.h:54,
                 from /usr/local/lib/R/site-library/Rcpp/include/Rcpp.h:27,
                 from kmeans.cpp:30:
/usr/include/c++/11/bits/unique_ptr.h:57:28: note: declared here
   57 |   template<typename> class auto_ptr;
      |                            ^~~~~~~~
In file included from /usr/local/lib/R/site-library/BH/include/boost/shared_ptr.hpp:17,
                 from /usr/local/lib/R/site-library/bigmemory/include/bigmemory/BigMatrix.h:10,
                 from kmeans.cpp:32:
/usr/local/lib/R/site-library/BH/include/boost/smart_ptr/shared_ptr.hpp:354:31: warning: ‘template<class> class std::auto_ptr’ is deprecated: use 'std::unique_ptr' instead [-Wdeprecated-declarations]
  354 |     explicit shared_ptr( std::auto_ptr<Y> & r ): px(r.get()), pn()
      |                               ^~~~~~~~
In file included from /usr/include/c++/11/bits/locale_conv.h:41,
                 from /usr/include/c++/11/locale:43,
                 from /usr/include/c++/11/iomanip:43,
                 from /usr/local/lib/R/site-library/Rcpp/include/RcppCommon.h:54,
                 from /usr/local/lib/R/site-library/Rcpp/include/Rcpp.h:27,
                 from kmeans.cpp:30:
/usr/include/c++/11/bits/unique_ptr.h:57:28: note: declared here
   57 |   template<typename> class auto_ptr;
      |                            ^~~~~~~~
In file included from /usr/local/lib/R/site-library/BH/include/boost/shared_ptr.hpp:17,
                 from /usr/local/lib/R/site-library/bigmemory/include/bigmemory/BigMatrix.h:10,
                 from kmeans.cpp:32:
/usr/local/lib/R/site-library/BH/include/boost/smart_ptr/shared_ptr.hpp:365:22: warning: ‘template<class> class std::auto_ptr’ is deprecated: use 'std::unique_ptr' instead [-Wdeprecated-declarations]
  365 |     shared_ptr( std::auto_ptr<Y> && r ): px(r.get()), pn()
      |                      ^~~~~~~~
In file included from /usr/include/c++/11/bits/locale_conv.h:41,
                 from /usr/include/c++/11/locale:43,
                 from /usr/include/c++/11/iomanip:43,
                 from /usr/local/lib/R/site-library/Rcpp/include/RcppCommon.h:54,
                 from /usr/local/lib/R/site-library/Rcpp/include/Rcpp.h:27,
                 from kmeans.cpp:30:
/usr/include/c++/11/bits/unique_ptr.h:57:28: note: declared here
   57 |   template<typename> class auto_ptr;
      |                            ^~~~~~~~
In file included from /usr/local/lib/R/site-library/BH/include/boost/shared_ptr.hpp:17,
                 from /usr/local/lib/R/site-library/bigmemory/include/bigmemory/BigMatrix.h:10,
                 from kmeans.cpp:32:
/usr/local/lib/R/site-library/BH/include/boost/smart_ptr/shared_ptr.hpp:423:34: warning: ‘template<class> class std::auto_ptr’ is deprecated: use 'std::unique_ptr' instead [-Wdeprecated-declarations]
  423 |     shared_ptr & operator=( std::auto_ptr<Y> & r )
      |                                  ^~~~~~~~
In file included from /usr/include/c++/11/bits/locale_conv.h:41,
                 from /usr/include/c++/11/locale:43,
                 from /usr/include/c++/11/iomanip:43,
                 from /usr/local/lib/R/site-library/Rcpp/include/RcppCommon.h:54,
                 from /usr/local/lib/R/site-library/Rcpp/include/Rcpp.h:27,
                 from kmeans.cpp:30:
/usr/include/c++/11/bits/unique_ptr.h:57:28: note: declared here
   57 |   template<typename> class auto_ptr;
      |                            ^~~~~~~~
In file included from /usr/local/lib/R/site-library/BH/include/boost/shared_ptr.hpp:17,
                 from /usr/local/lib/R/site-library/bigmemory/include/bigmemory/BigMatrix.h:10,
                 from kmeans.cpp:32:
/usr/local/lib/R/site-library/BH/include/boost/smart_ptr/shared_ptr.hpp:430:34: warning: ‘template<class> class std::auto_ptr’ is deprecated: use 'std::unique_ptr' instead [-Wdeprecated-declarations]
  430 |     shared_ptr & operator=( std::auto_ptr<Y> && r )
      |                                  ^~~~~~~~
In file included from /usr/include/c++/11/bits/locale_conv.h:41,
                 from /usr/include/c++/11/locale:43,
                 from /usr/include/c++/11/iomanip:43,
                 from /usr/local/lib/R/site-library/Rcpp/include/RcppCommon.h:54,
                 from /usr/local/lib/R/site-library/Rcpp/include/Rcpp.h:27,
                 from kmeans.cpp:30:
/usr/include/c++/11/bits/unique_ptr.h:57:28: note: declared here
   57 |   template<typename> class auto_ptr;
      |                            ^~~~~~~~
In file included from /usr/local/lib/R/site-library/BH/include/boost/shared_ptr.hpp:17,
                 from /usr/local/lib/R/site-library/bigmemory/include/bigmemory/BigMatrix.h:10,
                 from kmeans.cpp:32:
/usr/local/lib/R/site-library/BH/include/boost/smart_ptr/shared_ptr.hpp: In member function ‘boost::shared_ptr<T>& boost::shared_ptr<T>::operator=(std::auto_ptr<_Up>&&)’:
/usr/local/lib/R/site-library/BH/include/boost/smart_ptr/shared_ptr.hpp:432:38: warning: ‘template<class> class std::auto_ptr’ is deprecated: use 'std::unique_ptr' instead [-Wdeprecated-declarations]
  432 |         this_type( static_cast< std::auto_ptr<Y> && >( r ) ).swap( *this );
      |                                      ^~~~~~~~
In file included from /usr/include/c++/11/bits/locale_conv.h:41,
                 from /usr/include/c++/11/locale:43,
                 from /usr/include/c++/11/iomanip:43,
                 from /usr/local/lib/R/site-library/Rcpp/include/RcppCommon.h:54,
                 from /usr/local/lib/R/site-library/Rcpp/include/Rcpp.h:27,
                 from kmeans.cpp:30:
/usr/include/c++/11/bits/unique_ptr.h:57:28: note: declared here
   57 |   template<typename> class auto_ptr;
      |                            ^~~~~~~~
g++ -std=gnu++17 -I"/usr/share/R/include" -DNDEBUG -I../include -DLINUX -I'/usr/local/lib/R/site-library/Rcpp/include' -I'/usr/local/lib/R/site-library/bigmemory/include' -I'/usr/local/lib/R/site-library/BH/include'     -fpic  -g -O2 -ffile-prefix-map=/build/r-base-rgGXCp/r-base-4.5.0=. -fstack-protector-strong -Wformat -Werror=format-security -Wdate-time -D_FORTIFY_SOURCE=2   -c summary_stat.cpp -o summary_stat.o
In file included from /usr/local/lib/R/site-library/BH/include/boost/smart_ptr/shared_ptr.hpp:17,
                 from /usr/local/lib/R/site-library/BH/include/boost/shared_ptr.hpp:17,
                 from /usr/local/lib/R/site-library/bigmemory/include/bigmemory/BigMatrix.h:10,
                 from summary_stat.cpp:7:
/usr/local/lib/R/site-library/BH/include/boost/smart_ptr/detail/shared_count.hpp:326:33: warning: ‘template<class> class std::auto_ptr’ is deprecated: use 'std::unique_ptr' instead [-Wdeprecated-declarations]
  326 |     explicit shared_count( std::auto_ptr<Y> & r ): pi_( new sp_counted_impl_p<Y>( r.get() ) )
      |                                 ^~~~~~~~
In file included from /usr/include/c++/11/bits/locale_conv.h:41,
                 from /usr/include/c++/11/locale:43,
                 from /usr/include/c++/11/iomanip:43,
                 from /usr/local/lib/R/site-library/Rcpp/include/RcppCommon.h:54,
                 from /usr/local/lib/R/site-library/Rcpp/include/Rcpp.h:27,
                 from summary_stat.cpp:5:
/usr/include/c++/11/bits/unique_ptr.h:57:28: note: declared here
   57 |   template<typename> class auto_ptr;
      |                            ^~~~~~~~
In file included from /usr/local/lib/R/site-library/BH/include/boost/shared_ptr.hpp:17,
                 from /usr/local/lib/R/site-library/bigmemory/include/bigmemory/BigMatrix.h:10,
                 from summary_stat.cpp:7:
/usr/local/lib/R/site-library/BH/include/boost/smart_ptr/shared_ptr.hpp:354:31: warning: ‘template<class> class std::auto_ptr’ is deprecated: use 'std::unique_ptr' instead [-Wdeprecated-declarations]
  354 |     explicit shared_ptr( std::auto_ptr<Y> & r ): px(r.get()), pn()
      |                               ^~~~~~~~
In file included from /usr/include/c++/11/bits/locale_conv.h:41,
                 from /usr/include/c++/11/locale:43,
                 from /usr/include/c++/11/iomanip:43,
                 from /usr/local/lib/R/site-library/Rcpp/include/RcppCommon.h:54,
                 from /usr/local/lib/R/site-library/Rcpp/include/Rcpp.h:27,
                 from summary_stat.cpp:5:
/usr/include/c++/11/bits/unique_ptr.h:57:28: note: declared here
   57 |   template<typename> class auto_ptr;
      |                            ^~~~~~~~
In file included from /usr/local/lib/R/site-library/BH/include/boost/shared_ptr.hpp:17,
                 from /usr/local/lib/R/site-library/bigmemory/include/bigmemory/BigMatrix.h:10,
                 from summary_stat.cpp:7:
/usr/local/lib/R/site-library/BH/include/boost/smart_ptr/shared_ptr.hpp:365:22: warning: ‘template<class> class std::auto_ptr’ is deprecated: use 'std::unique_ptr' instead [-Wdeprecated-declarations]
  365 |     shared_ptr( std::auto_ptr<Y> && r ): px(r.get()), pn()
      |                      ^~~~~~~~
In file included from /usr/include/c++/11/bits/locale_conv.h:41,
                 from /usr/include/c++/11/locale:43,
                 from /usr/include/c++/11/iomanip:43,
                 from /usr/local/lib/R/site-library/Rcpp/include/RcppCommon.h:54,
                 from /usr/local/lib/R/site-library/Rcpp/include/Rcpp.h:27,
                 from summary_stat.cpp:5:
/usr/include/c++/11/bits/unique_ptr.h:57:28: note: declared here
   57 |   template<typename> class auto_ptr;
      |                            ^~~~~~~~
In file included from /usr/local/lib/R/site-library/BH/include/boost/shared_ptr.hpp:17,
                 from /usr/local/lib/R/site-library/bigmemory/include/bigmemory/BigMatrix.h:10,
                 from summary_stat.cpp:7:
/usr/local/lib/R/site-library/BH/include/boost/smart_ptr/shared_ptr.hpp:423:34: warning: ‘template<class> class std::auto_ptr’ is deprecated: use 'std::unique_ptr' instead [-Wdeprecated-declarations]
  423 |     shared_ptr & operator=( std::auto_ptr<Y> & r )
      |                                  ^~~~~~~~
In file included from /usr/include/c++/11/bits/locale_conv.h:41,
                 from /usr/include/c++/11/locale:43,
                 from /usr/include/c++/11/iomanip:43,
                 from /usr/local/lib/R/site-library/Rcpp/include/RcppCommon.h:54,
                 from /usr/local/lib/R/site-library/Rcpp/include/Rcpp.h:27,
                 from summary_stat.cpp:5:
/usr/include/c++/11/bits/unique_ptr.h:57:28: note: declared here
   57 |   template<typename> class auto_ptr;
      |                            ^~~~~~~~
In file included from /usr/local/lib/R/site-library/BH/include/boost/shared_ptr.hpp:17,
                 from /usr/local/lib/R/site-library/bigmemory/include/bigmemory/BigMatrix.h:10,
                 from summary_stat.cpp:7:
/usr/local/lib/R/site-library/BH/include/boost/smart_ptr/shared_ptr.hpp:430:34: warning: ‘template<class> class std::auto_ptr’ is deprecated: use 'std::unique_ptr' instead [-Wdeprecated-declarations]
  430 |     shared_ptr & operator=( std::auto_ptr<Y> && r )
      |                                  ^~~~~~~~
In file included from /usr/include/c++/11/bits/locale_conv.h:41,
                 from /usr/include/c++/11/locale:43,
                 from /usr/include/c++/11/iomanip:43,
                 from /usr/local/lib/R/site-library/Rcpp/include/RcppCommon.h:54,
                 from /usr/local/lib/R/site-library/Rcpp/include/Rcpp.h:27,
                 from summary_stat.cpp:5:
/usr/include/c++/11/bits/unique_ptr.h:57:28: note: declared here
   57 |   template<typename> class auto_ptr;
      |                            ^~~~~~~~
In file included from /usr/local/lib/R/site-library/BH/include/boost/shared_ptr.hpp:17,
                 from /usr/local/lib/R/site-library/bigmemory/include/bigmemory/BigMatrix.h:10,
                 from summary_stat.cpp:7:
/usr/local/lib/R/site-library/BH/include/boost/smart_ptr/shared_ptr.hpp: In member function ‘boost::shared_ptr<T>& boost::shared_ptr<T>::operator=(std::auto_ptr<_Up>&&)’:
/usr/local/lib/R/site-library/BH/include/boost/smart_ptr/shared_ptr.hpp:432:38: warning: ‘template<class> class std::auto_ptr’ is deprecated: use 'std::unique_ptr' instead [-Wdeprecated-declarations]
  432 |         this_type( static_cast< std::auto_ptr<Y> && >( r ) ).swap( *this );
      |                                      ^~~~~~~~
In file included from /usr/include/c++/11/bits/locale_conv.h:41,
                 from /usr/include/c++/11/locale:43,
                 from /usr/include/c++/11/iomanip:43,
                 from /usr/local/lib/R/site-library/Rcpp/include/RcppCommon.h:54,
                 from /usr/local/lib/R/site-library/Rcpp/include/Rcpp.h:27,
                 from summary_stat.cpp:5:
/usr/include/c++/11/bits/unique_ptr.h:57:28: note: declared here
   57 |   template<typename> class auto_ptr;
      |                            ^~~~~~~~
g++ -std=gnu++17 -shared -L/usr/lib/R/lib -Wl,-Bsymbolic-functions -flto=auto -ffat-lto-objects -flto=auto -Wl,-z,relro -o biganalytics.so biganalytics_init.o binit.o hash.o kmeans.o summary_stat.o -lrt -L/usr/lib/R/lib -lR
installing to /usr/local/lib/R/site-library/00LOCK-biganalytics/00new/biganalytics/libs
** R
** byte-compile and prepare package for lazy loading
Creating a generic function for ‘apply’ from package ‘base’ in package ‘biganalytics’
** help
*** installing help indices
** building package indices
** testing if installed package can be loaded from temporary location
** checking absolute paths in shared objects and dynamic libraries
** testing if installed package can be loaded from final location
** testing if installed package keeps a record of temporary installation path
* creating tarball
packaged installation of ‘biganalytics’ as ‘biganalytics_1.1.22_R_x86_64-pc-linux-gnu.tar.gz’
* DONE (biganalytics)
* installing *source* package ‘Hmisc’ ...
** this is package ‘Hmisc’ version ‘5.2-3’
** package ‘Hmisc’ successfully unpacked and MD5 sums checked
** using staged installation
** libs
using C compiler: ‘gcc (Ubuntu 11.4.0-1ubuntu1~22.04) 11.4.0’
using Fortran compiler: ‘GNU Fortran (Ubuntu 11.4.0-1ubuntu1~22.04) 11.4.0’
gcc -I"/usr/share/R/include" -DNDEBUG       -fpic  -g -O2 -ffile-prefix-map=/build/r-base-rgGXCp/r-base-4.5.0=. -fstack-protector-strong -Wformat -Werror=format-security -Wdate-time -D_FORTIFY_SOURCE=2  -c Hmisc.c -o Hmisc.o
gfortran  -fpic  -g -O2 -ffile-prefix-map=/build/r-base-rgGXCp/r-base-4.5.0=. -fstack-protector-strong  -c  cidxcn.f90 -o cidxcn.o
gfortran  -fpic  -g -O2 -ffile-prefix-map=/build/r-base-rgGXCp/r-base-4.5.0=. -fstack-protector-strong  -c  cidxcp.f90 -o cidxcp.o
gfortran  -fpic  -g -O2 -ffile-prefix-map=/build/r-base-rgGXCp/r-base-4.5.0=. -fstack-protector-strong  -c  cutgn.f90 -o cutgn.o
gfortran  -fpic  -g -O2 -ffile-prefix-map=/build/r-base-rgGXCp/r-base-4.5.0=. -fstack-protector-strong  -c  hlqest.f90 -o hlqest.o
gfortran  -fpic  -g -O2 -ffile-prefix-map=/build/r-base-rgGXCp/r-base-4.5.0=. -fstack-protector-strong  -c  hoeffd.f90 -o hoeffd.o
gcc -I"/usr/share/R/include" -DNDEBUG       -fpic  -g -O2 -ffile-prefix-map=/build/r-base-rgGXCp/r-base-4.5.0=. -fstack-protector-strong -Wformat -Werror=format-security -Wdate-time -D_FORTIFY_SOURCE=2  -c init.c -o init.o
gfortran  -fpic  -g -O2 -ffile-prefix-map=/build/r-base-rgGXCp/r-base-4.5.0=. -fstack-protector-strong  -c  jacklins.f90 -o jacklins.o
gfortran  -fpic  -g -O2 -ffile-prefix-map=/build/r-base-rgGXCp/r-base-4.5.0=. -fstack-protector-strong  -c largrec.f -o largrec.o
gcc -I"/usr/share/R/include" -DNDEBUG       -fpic  -g -O2 -ffile-prefix-map=/build/r-base-rgGXCp/r-base-4.5.0=. -fstack-protector-strong -Wformat -Werror=format-security -Wdate-time -D_FORTIFY_SOURCE=2  -c mChoice.c -o mChoice.o
gfortran  -fpic  -g -O2 -ffile-prefix-map=/build/r-base-rgGXCp/r-base-4.5.0=. -fstack-protector-strong  -c  maxempr.f90 -o maxempr.o
gcc -I"/usr/share/R/include" -DNDEBUG       -fpic  -g -O2 -ffile-prefix-map=/build/r-base-rgGXCp/r-base-4.5.0=. -fstack-protector-strong -Wformat -Werror=format-security -Wdate-time -D_FORTIFY_SOURCE=2  -c nstr.c -o nstr.o
gcc -I"/usr/share/R/include" -DNDEBUG       -fpic  -g -O2 -ffile-prefix-map=/build/r-base-rgGXCp/r-base-4.5.0=. -fstack-protector-strong -Wformat -Werror=format-security -Wdate-time -D_FORTIFY_SOURCE=2  -c ranksort.c -o ranksort.o
gfortran  -fpic  -g -O2 -ffile-prefix-map=/build/r-base-rgGXCp/r-base-4.5.0=. -fstack-protector-strong  -c  rcorr.f90 -o rcorr.o
gcc -I"/usr/share/R/include" -DNDEBUG       -fpic  -g -O2 -ffile-prefix-map=/build/r-base-rgGXCp/r-base-4.5.0=. -fstack-protector-strong -Wformat -Werror=format-security -Wdate-time -D_FORTIFY_SOURCE=2  -c string_box.c -o string_box.o
gfortran  -fpic  -g -O2 -ffile-prefix-map=/build/r-base-rgGXCp/r-base-4.5.0=. -fstack-protector-strong  -c  wclosest.f90 -o wclosest.o
gcc -shared -L/usr/lib/R/lib -Wl,-Bsymbolic-functions -flto=auto -ffat-lto-objects -flto=auto -Wl,-z,relro -o Hmisc.so Hmisc.o cidxcn.o cidxcp.o cutgn.o hlqest.o hoeffd.o init.o jacklins.o largrec.o mChoice.o maxempr.o nstr.o ranksort.o rcorr.o string_box.o wclosest.o -lgfortran -lm -lquadmath -L/usr/lib/R/lib -lR
installing to /usr/local/lib/R/site-library/00LOCK-Hmisc/00new/Hmisc/libs
** R
** inst
** byte-compile and prepare package for lazy loading
** help
*** installing help indices
** building package indices
** testing if installed package can be loaded from temporary location
** checking absolute paths in shared objects and dynamic libraries
** testing if installed package can be loaded from final location
** testing if installed package keeps a record of temporary installation path
* creating tarball
packaged installation of ‘Hmisc’ as ‘Hmisc_5.2-3_R_x86_64-pc-linux-gnu.tar.gz’
* DONE (Hmisc)
* installing *source* package ‘mina’ ...
** this is package ‘mina’ version ‘1.16.0’
** using staged installation
** libs
using C++ compiler: ‘g++ (Ubuntu 11.4.0-1ubuntu1~22.04) 11.4.0’
g++ -std=gnu++17 -I"/usr/share/R/include" -DNDEBUG  -I'/usr/local/lib/R/site-library/Rcpp/include' -I'/usr/local/lib/R/site-library/RcppParallel/include' -I'/usr/local/lib/R/site-library/RcppArmadillo/include'     -fpic  -g -O2 -ffile-prefix-map=/build/r-base-rgGXCp/r-base-4.5.0=. -fstack-protector-strong -Wformat -Werror=format-security -Wdate-time -D_FORTIFY_SOURCE=2   -c RcppExports.cpp -o RcppExports.o
g++ -std=gnu++17 -I"/usr/share/R/include" -DNDEBUG  -I'/usr/local/lib/R/site-library/Rcpp/include' -I'/usr/local/lib/R/site-library/RcppParallel/include' -I'/usr/local/lib/R/site-library/RcppArmadillo/include'     -fpic  -g -O2 -ffile-prefix-map=/build/r-base-rgGXCp/r-base-4.5.0=. -fstack-protector-strong -Wformat -Werror=format-security -Wdate-time -D_FORTIFY_SOURCE=2   -c cp_cor.cpp -o cp_cor.o
g++ -std=gnu++17 -shared -L/usr/lib/R/lib -Wl,-Bsymbolic-functions -flto=auto -ffat-lto-objects -flto=auto -Wl,-z,relro -o mina.so RcppExports.o cp_cor.o -L/usr/lib/R/lib -lR
installing to /usr/local/lib/R/site-library/00LOCK-mina/00new/mina/libs
** R
** data
*** moving datasets to lazyload DB
** inst
** byte-compile and prepare package for lazy loading
Creating a new generic function for ‘norm’ in package ‘mina’
** help
*** installing help indices
** building package indices
** installing vignettes
** testing if installed package can be loaded from temporary location
** checking absolute paths in shared objects and dynamic libraries
** testing if installed package can be loaded from final location
** testing if installed package keeps a record of temporary installation path
* creating tarball
packaged installation of ‘mina’ as ‘mina_1.16.0_R_x86_64-pc-linux-gnu.tar.gz’
* DONE (mina)

The downloaded source packages are in
	‘/tmp/RtmpdFU9wd/downloaded_packages’
Old packages: 'cli', 'data.table', 'DelayedArray', 'DESeq2', 'diffobj',
  'edgeR', 'future', 'generics', 'globals', 'parallelly', 'pkgdown',
  'RcppArmadillo', 'RSQLite', 'scales', 'sctransform', 'Seurat',
  'SeuratObject', 'SingleCellExperiment', 'spatstat.univar', 'spatstat.utils',
  'SummarizedExperiment', 'systemfonts', 'textshaping', 'utf8', 'zip'

real	3m54.085s
user	3m10.294s
sys	1m3.289s
