+ Rscript -e 'Sys.setenv(BIOCONDUCTOR_USE_CONTAINER_REPOSITORY=FALSE);
  p <- .libPaths();
  p <- c('\'''\'', '\'''\'', p);
  .libPaths(p);
  if(BiocManager::install('\''EpiCompare'\'', INSTALL_opts = '\''--build'\'', update = TRUE, quiet = FALSE, dependencies=TRUE, force = TRUE, keep_outputs = TRUE) %in% rownames(installed.packages())) q(status = 0) else q(status = 1)'
'getOption("repos")' replaces Bioconductor standard repositories, see
'help("repositories", package = "BiocManager")' for details.
Replacement repositories:
    CRAN: https://cloud.r-project.org
Bioconductor version 3.21 (BiocManager 1.30.25), R Under development (unstable)
  (2025-03-08 r87910)
Installing package(s) 'EpiCompare'
also installing the dependencies ‘tweenr’, ‘polyclip’, ‘RcppEigen’, ‘bit’, ‘png’, ‘gridGraphics’, ‘ggforce’, ‘ape’, ‘tidytree’, ‘treeio’, ‘progress’, ‘timechange’, ‘formatR’, ‘cowplot’, ‘fastmatch’, ‘R.oo’, ‘R.methodsS3’, ‘abind’, ‘SparseArray’, ‘iterators’, ‘permute’, ‘bit64’, ‘blob’, ‘plogr’, ‘Biobase’, ‘KEGGREST’, ‘ggfun’, ‘ggplotify’, ‘ggnewscale’, ‘ggrepel’, ‘ggtangle’, ‘scatterpie’, ‘ggtree’, ‘caTools’, ‘hms’, ‘vroom’, ‘tzdb’, ‘bitops’, ‘Rhtslib’, ‘RCurl’, ‘rjson’, ‘lubridate’, ‘dlstats’, ‘rvcheck’, ‘lambda.r’, ‘futile.options’, ‘fgsea’, ‘R.utils’, ‘MatrixGenerics’, ‘S4Arrays’, ‘DelayedArray’, ‘ca’, ‘foreach’, ‘gclus’, ‘qap’, ‘registry’, ‘TSP’, ‘vegan’, ‘RSQLite’, ‘AnnotationDbi’, ‘S4Vectors’, ‘httr’, ‘dplyr’, ‘aplot’, ‘enrichplot’, ‘GenomicFeatures’, ‘gplots’, ‘gtools’, ‘plotrix’, ‘RColorBrewer’, ‘yulab.utils’, ‘Biostrings’, ‘BSgenome’, ‘gridBase’, ‘impute’, ‘matrixStats’, ‘plyr’, ‘readr’, ‘Rsamtools’, ‘seqPattern’, ‘XVector’, ‘UCSC.utils’, ‘GenomeInfoDbData’, ‘gtable’, ‘isoband’, ‘viridisLite’, ‘lazyeval’, ‘crosstalk’, ‘XML’, ‘BiocIO’, ‘restfulr’, ‘generics’, ‘writexl’, ‘bsplus’, ‘b64’, ‘here’, ‘badger’, ‘renv’, ‘dbplyr’, ‘DBI’, ‘filelock’, ‘futile.logger’, ‘snow’, ‘BH’, ‘bookdown’, ‘DOSE’, ‘GO.db’, ‘GOSemSim’, ‘gson’, ‘igraph’, ‘qvalue’, ‘SummarizedExperiment’, ‘tidyselect’, ‘patchwork’, ‘colorspace’, ‘farver’, ‘labeling’, ‘dendextend’, ‘seriation’, ‘webshot’, ‘assertthat’, ‘egg’, ‘gridExtra’, ‘AnnotationHub’, ‘ChIPseeker’, ‘data.table’, ‘genomation’, ‘GenomicRanges’, ‘IRanges’, ‘GenomeInfoDb’, ‘ggplot2’, ‘plotly’, ‘reshape2’, ‘rtracklayer’, ‘BiocGenerics’, ‘downloadthis’, ‘rworkflows’, ‘BiocFileCache’, ‘BiocParallel’, ‘BiocStyle’, ‘clusterProfiler’, ‘GenomicAlignments’, ‘org.Hs.eg.db’, ‘tidyr’, ‘TxDb.Hsapiens.UCSC.hg19.knownGene’, ‘TxDb.Hsapiens.UCSC.hg38.knownGene’, ‘TxDb.Mmusculus.UCSC.mm9.knownGene’, ‘TxDb.Mmusculus.UCSC.mm10.knownGene’, ‘BSgenome.Hsapiens.UCSC.hg19’, ‘BSgenome.Hsapiens.UCSC.hg38’, ‘BSgenome.Mmusculus.UCSC.mm9’, ‘BSgenome.Mmusculus.UCSC.mm10’, ‘ComplexUpset’, ‘plyranges’, ‘scales’, ‘consensusSeekeR’, ‘heatmaply’, ‘viridis’

trying URL 'https://cloud.r-project.org/src/contrib/tweenr_2.0.3.tar.gz'
trying URL 'https://cloud.r-project.org/src/contrib/polyclip_1.10-7.tar.gz'
trying URL 'https://cloud.r-project.org/src/contrib/RcppEigen_0.3.4.0.2.tar.gz'
trying URL 'https://cloud.r-project.org/src/contrib/bit_4.6.0.tar.gz'
trying URL 'https://cloud.r-project.org/src/contrib/png_0.1-8.tar.gz'
trying URL 'https://cloud.r-project.org/src/contrib/gridGraphics_0.5-1.tar.gz'
trying URL 'https://cloud.r-project.org/src/contrib/ggforce_0.4.2.tar.gz'
trying URL 'https://cloud.r-project.org/src/contrib/ape_5.8-1.tar.gz'
trying URL 'https://cloud.r-project.org/src/contrib/tidytree_0.4.6.tar.gz'
trying URL 'https://bioconductor.org/packages/3.21/bioc/src/contrib/treeio_1.32.0.tar.gz'
trying URL 'https://cloud.r-project.org/src/contrib/progress_1.2.3.tar.gz'
trying URL 'https://cloud.r-project.org/src/contrib/timechange_0.3.0.tar.gz'
trying URL 'https://cloud.r-project.org/src/contrib/formatR_1.14.tar.gz'
trying URL 'https://cloud.r-project.org/src/contrib/cowplot_1.1.3.tar.gz'
trying URL 'https://cloud.r-project.org/src/contrib/fastmatch_1.1-6.tar.gz'
trying URL 'https://cloud.r-project.org/src/contrib/R.oo_1.27.0.tar.gz'
trying URL 'https://cloud.r-project.org/src/contrib/R.methodsS3_1.8.2.tar.gz'
trying URL 'https://cloud.r-project.org/src/contrib/abind_1.4-8.tar.gz'
trying URL 'https://bioconductor.org/packages/3.21/bioc/src/contrib/SparseArray_1.8.0.tar.gz'
trying URL 'https://cloud.r-project.org/src/contrib/iterators_1.0.14.tar.gz'
trying URL 'https://cloud.r-project.org/src/contrib/permute_0.9-7.tar.gz'
trying URL 'https://cloud.r-project.org/src/contrib/bit64_4.6.0-1.tar.gz'
trying URL 'https://cloud.r-project.org/src/contrib/blob_1.2.4.tar.gz'
trying URL 'https://cloud.r-project.org/src/contrib/plogr_0.2.0.tar.gz'
trying URL 'https://bioconductor.org/packages/3.21/bioc/src/contrib/Biobase_2.68.0.tar.gz'
trying URL 'https://bioconductor.org/packages/3.21/bioc/src/contrib/KEGGREST_1.48.0.tar.gz'
trying URL 'https://cloud.r-project.org/src/contrib/ggfun_0.1.8.tar.gz'
trying URL 'https://cloud.r-project.org/src/contrib/ggplotify_0.1.2.tar.gz'
trying URL 'https://cloud.r-project.org/src/contrib/ggnewscale_0.5.1.tar.gz'
trying URL 'https://cloud.r-project.org/src/contrib/ggrepel_0.9.6.tar.gz'
trying URL 'https://cloud.r-project.org/src/contrib/ggtangle_0.0.6.tar.gz'
trying URL 'https://cloud.r-project.org/src/contrib/scatterpie_0.2.4.tar.gz'
trying URL 'https://bioconductor.org/packages/3.21/bioc/src/contrib/ggtree_3.16.0.tar.gz'
trying URL 'https://cloud.r-project.org/src/contrib/caTools_1.18.3.tar.gz'
trying URL 'https://cloud.r-project.org/src/contrib/hms_1.1.3.tar.gz'
trying URL 'https://cloud.r-project.org/src/contrib/vroom_1.6.5.tar.gz'
trying URL 'https://cloud.r-project.org/src/contrib/tzdb_0.5.0.tar.gz'
trying URL 'https://cloud.r-project.org/src/contrib/bitops_1.0-9.tar.gz'
trying URL 'https://bioconductor.org/packages/3.21/bioc/src/contrib/Rhtslib_3.4.0.tar.gz'
trying URL 'https://cloud.r-project.org/src/contrib/RCurl_1.98-1.17.tar.gz'
trying URL 'https://cloud.r-project.org/src/contrib/rjson_0.2.23.tar.gz'
trying URL 'https://cloud.r-project.org/src/contrib/lubridate_1.9.4.tar.gz'
trying URL 'https://cloud.r-project.org/src/contrib/dlstats_0.1.7.tar.gz'
trying URL 'https://cloud.r-project.org/src/contrib/rvcheck_0.2.1.tar.gz'
trying URL 'https://cloud.r-project.org/src/contrib/lambda.r_1.2.4.tar.gz'
trying URL 'https://cloud.r-project.org/src/contrib/futile.options_1.0.1.tar.gz'
trying URL 'https://bioconductor.org/packages/3.21/bioc/src/contrib/fgsea_1.34.0.tar.gz'
trying URL 'https://cloud.r-project.org/src/contrib/R.utils_2.13.0.tar.gz'
trying URL 'https://bioconductor.org/packages/3.21/bioc/src/contrib/MatrixGenerics_1.20.0.tar.gz'
trying URL 'https://bioconductor.org/packages/3.21/bioc/src/contrib/S4Arrays_1.8.0.tar.gz'
trying URL 'https://bioconductor.org/packages/3.21/bioc/src/contrib/DelayedArray_0.34.1.tar.gz'
trying URL 'https://cloud.r-project.org/src/contrib/ca_0.71.1.tar.gz'
trying URL 'https://cloud.r-project.org/src/contrib/foreach_1.5.2.tar.gz'
trying URL 'https://cloud.r-project.org/src/contrib/gclus_1.3.3.tar.gz'
trying URL 'https://cloud.r-project.org/src/contrib/qap_0.1-2.tar.gz'
trying URL 'https://cloud.r-project.org/src/contrib/registry_0.5-1.tar.gz'
trying URL 'https://cloud.r-project.org/src/contrib/TSP_1.2-4.tar.gz'
trying URL 'https://cloud.r-project.org/src/contrib/vegan_2.6-10.tar.gz'
trying URL 'https://cloud.r-project.org/src/contrib/RSQLite_2.3.9.tar.gz'
trying URL 'https://bioconductor.org/packages/3.21/bioc/src/contrib/AnnotationDbi_1.70.0.tar.gz'
trying URL 'https://bioconductor.org/packages/3.21/bioc/src/contrib/S4Vectors_0.46.0.tar.gz'
trying URL 'https://cloud.r-project.org/src/contrib/httr_1.4.7.tar.gz'
trying URL 'https://cloud.r-project.org/src/contrib/dplyr_1.1.4.tar.gz'
trying URL 'https://cloud.r-project.org/src/contrib/aplot_0.2.5.tar.gz'
trying URL 'https://bioconductor.org/packages/3.21/bioc/src/contrib/enrichplot_1.28.0.tar.gz'
trying URL 'https://bioconductor.org/packages/3.21/bioc/src/contrib/GenomicFeatures_1.60.0.tar.gz'
trying URL 'https://cloud.r-project.org/src/contrib/gplots_3.2.0.tar.gz'
trying URL 'https://cloud.r-project.org/src/contrib/gtools_3.9.5.tar.gz'
trying URL 'https://cloud.r-project.org/src/contrib/plotrix_3.8-4.tar.gz'
trying URL 'https://cloud.r-project.org/src/contrib/RColorBrewer_1.1-3.tar.gz'
trying URL 'https://cloud.r-project.org/src/contrib/yulab.utils_0.2.0.tar.gz'
trying URL 'https://bioconductor.org/packages/3.21/bioc/src/contrib/Biostrings_2.76.0.tar.gz'
trying URL 'https://bioconductor.org/packages/3.21/bioc/src/contrib/BSgenome_1.76.0.tar.gz'
trying URL 'https://cloud.r-project.org/src/contrib/gridBase_0.4-7.tar.gz'
trying URL 'https://bioconductor.org/packages/3.21/bioc/src/contrib/impute_1.82.0.tar.gz'
trying URL 'https://cloud.r-project.org/src/contrib/matrixStats_1.5.0.tar.gz'
trying URL 'https://cloud.r-project.org/src/contrib/plyr_1.8.9.tar.gz'
trying URL 'https://cloud.r-project.org/src/contrib/readr_2.1.5.tar.gz'
trying URL 'https://bioconductor.org/packages/3.21/bioc/src/contrib/Rsamtools_2.24.0.tar.gz'
trying URL 'https://bioconductor.org/packages/3.21/bioc/src/contrib/seqPattern_1.40.0.tar.gz'
trying URL 'https://bioconductor.org/packages/3.21/bioc/src/contrib/XVector_0.48.0.tar.gz'
trying URL 'https://bioconductor.org/packages/3.21/bioc/src/contrib/UCSC.utils_1.4.0.tar.gz'
trying URL 'https://bioconductor.org/packages/3.21/data/annotation/src/contrib/GenomeInfoDbData_1.2.14.tar.gz'
trying URL 'https://cloud.r-project.org/src/contrib/gtable_0.3.6.tar.gz'
trying URL 'https://cloud.r-project.org/src/contrib/isoband_0.2.7.tar.gz'
trying URL 'https://cloud.r-project.org/src/contrib/viridisLite_0.4.2.tar.gz'
trying URL 'https://cloud.r-project.org/src/contrib/lazyeval_0.2.2.tar.gz'
trying URL 'https://cloud.r-project.org/src/contrib/crosstalk_1.2.1.tar.gz'
trying URL 'https://cloud.r-project.org/src/contrib/XML_3.99-0.18.tar.gz'
trying URL 'https://bioconductor.org/packages/3.21/bioc/src/contrib/BiocIO_1.18.0.tar.gz'
trying URL 'https://cloud.r-project.org/src/contrib/restfulr_0.0.15.tar.gz'
trying URL 'https://cloud.r-project.org/src/contrib/generics_0.1.3.tar.gz'
trying URL 'https://cloud.r-project.org/src/contrib/writexl_1.5.4.tar.gz'
trying URL 'https://cloud.r-project.org/src/contrib/bsplus_0.1.5.tar.gz'
trying URL 'https://cloud.r-project.org/src/contrib/b64_0.1.5.tar.gz'
trying URL 'https://cloud.r-project.org/src/contrib/here_1.0.1.tar.gz'
trying URL 'https://cloud.r-project.org/src/contrib/badger_0.2.4.tar.gz'
trying URL 'https://cloud.r-project.org/src/contrib/renv_1.1.4.tar.gz'
trying URL 'https://cloud.r-project.org/src/contrib/dbplyr_2.5.0.tar.gz'
trying URL 'https://cloud.r-project.org/src/contrib/DBI_1.2.3.tar.gz'
trying URL 'https://cloud.r-project.org/src/contrib/filelock_1.0.3.tar.gz'
trying URL 'https://cloud.r-project.org/src/contrib/futile.logger_1.4.3.tar.gz'
trying URL 'https://cloud.r-project.org/src/contrib/snow_0.4-4.tar.gz'
trying URL 'https://cloud.r-project.org/src/contrib/BH_1.87.0-1.tar.gz'
trying URL 'https://cloud.r-project.org/src/contrib/bookdown_0.43.tar.gz'
trying URL 'https://bioconductor.org/packages/3.21/bioc/src/contrib/DOSE_4.2.0.tar.gz'
trying URL 'https://bioconductor.org/packages/3.21/data/annotation/src/contrib/GO.db_3.21.0.tar.gz'
trying URL 'https://bioconductor.org/packages/3.21/bioc/src/contrib/GOSemSim_2.34.0.tar.gz'
trying URL 'https://cloud.r-project.org/src/contrib/gson_0.1.0.tar.gz'
trying URL 'https://cloud.r-project.org/src/contrib/igraph_2.1.4.tar.gz'
trying URL 'https://bioconductor.org/packages/3.21/bioc/src/contrib/qvalue_2.40.0.tar.gz'
trying URL 'https://bioconductor.org/packages/3.21/bioc/src/contrib/SummarizedExperiment_1.38.0.tar.gz'
trying URL 'https://cloud.r-project.org/src/contrib/tidyselect_1.2.1.tar.gz'
trying URL 'https://cloud.r-project.org/src/contrib/patchwork_1.3.0.tar.gz'
trying URL 'https://cloud.r-project.org/src/contrib/colorspace_2.1-1.tar.gz'
trying URL 'https://cloud.r-project.org/src/contrib/farver_2.1.2.tar.gz'
trying URL 'https://cloud.r-project.org/src/contrib/labeling_0.4.3.tar.gz'
trying URL 'https://cloud.r-project.org/src/contrib/dendextend_1.19.0.tar.gz'
trying URL 'https://cloud.r-project.org/src/contrib/seriation_1.5.7.tar.gz'
trying URL 'https://cloud.r-project.org/src/contrib/webshot_0.5.5.tar.gz'
trying URL 'https://cloud.r-project.org/src/contrib/assertthat_0.2.1.tar.gz'
trying URL 'https://cloud.r-project.org/src/contrib/egg_0.4.5.tar.gz'
trying URL 'https://cloud.r-project.org/src/contrib/gridExtra_2.3.tar.gz'
trying URL 'https://bioconductor.org/packages/3.21/bioc/src/contrib/AnnotationHub_3.16.0.tar.gz'
trying URL 'https://bioconductor.org/packages/3.21/bioc/src/contrib/ChIPseeker_1.44.0.tar.gz'
trying URL 'https://cloud.r-project.org/src/contrib/data.table_1.17.0.tar.gz'
trying URL 'https://bioconductor.org/packages/3.21/bioc/src/contrib/genomation_1.40.0.tar.gz'
trying URL 'https://bioconductor.org/packages/3.21/bioc/src/contrib/GenomicRanges_1.60.0.tar.gz'
trying URL 'https://bioconductor.org/packages/3.21/bioc/src/contrib/IRanges_2.42.0.tar.gz'
trying URL 'https://bioconductor.org/packages/3.21/bioc/src/contrib/GenomeInfoDb_1.44.0.tar.gz'
trying URL 'https://cloud.r-project.org/src/contrib/ggplot2_3.5.2.tar.gz'
trying URL 'https://cloud.r-project.org/src/contrib/plotly_4.10.4.tar.gz'
trying URL 'https://cloud.r-project.org/src/contrib/reshape2_1.4.4.tar.gz'
trying URL 'https://bioconductor.org/packages/3.21/bioc/src/contrib/rtracklayer_1.68.0.tar.gz'
trying URL 'https://bioconductor.org/packages/3.21/bioc/src/contrib/BiocGenerics_0.54.0.tar.gz'
trying URL 'https://cloud.r-project.org/src/contrib/downloadthis_0.4.1.tar.gz'
trying URL 'https://cloud.r-project.org/src/contrib/rworkflows_1.0.6.tar.gz'
trying URL 'https://bioconductor.org/packages/3.21/bioc/src/contrib/BiocFileCache_2.16.0.tar.gz'
trying URL 'https://bioconductor.org/packages/3.21/bioc/src/contrib/BiocParallel_1.42.0.tar.gz'
trying URL 'https://bioconductor.org/packages/3.21/bioc/src/contrib/BiocStyle_2.36.0.tar.gz'
trying URL 'https://bioconductor.org/packages/3.21/bioc/src/contrib/clusterProfiler_4.16.0.tar.gz'
trying URL 'https://bioconductor.org/packages/3.21/bioc/src/contrib/GenomicAlignments_1.44.0.tar.gz'
trying URL 'https://bioconductor.org/packages/3.21/data/annotation/src/contrib/org.Hs.eg.db_3.21.0.tar.gz'
trying URL 'https://cloud.r-project.org/src/contrib/tidyr_1.3.1.tar.gz'
trying URL 'https://bioconductor.org/packages/3.21/data/annotation/src/contrib/TxDb.Hsapiens.UCSC.hg19.knownGene_3.2.2.tar.gz'
trying URL 'https://bioconductor.org/packages/3.21/data/annotation/src/contrib/TxDb.Hsapiens.UCSC.hg38.knownGene_3.21.0.tar.gz'
trying URL 'https://bioconductor.org/packages/3.21/data/annotation/src/contrib/TxDb.Mmusculus.UCSC.mm9.knownGene_3.2.2.tar.gz'
trying URL 'https://bioconductor.org/packages/3.21/data/annotation/src/contrib/TxDb.Mmusculus.UCSC.mm10.knownGene_3.10.0.tar.gz'
trying URL 'https://bioconductor.org/packages/3.21/data/annotation/src/contrib/BSgenome.Hsapiens.UCSC.hg19_1.4.3.tar.gz'
trying URL 'https://bioconductor.org/packages/3.21/data/annotation/src/contrib/BSgenome.Hsapiens.UCSC.hg38_1.4.5.tar.gz'
trying URL 'https://bioconductor.org/packages/3.21/data/annotation/src/contrib/BSgenome.Mmusculus.UCSC.mm9_1.4.0.tar.gz'
trying URL 'https://bioconductor.org/packages/3.21/data/annotation/src/contrib/BSgenome.Mmusculus.UCSC.mm10_1.4.3.tar.gz'
trying URL 'https://cloud.r-project.org/src/contrib/ComplexUpset_1.3.3.tar.gz'
trying URL 'https://bioconductor.org/packages/3.21/bioc/src/contrib/plyranges_1.28.0.tar.gz'
trying URL 'https://cloud.r-project.org/src/contrib/scales_1.4.0.tar.gz'
trying URL 'https://bioconductor.org/packages/3.21/bioc/src/contrib/consensusSeekeR_1.36.0.tar.gz'
trying URL 'https://cloud.r-project.org/src/contrib/heatmaply_1.5.0.tar.gz'
trying URL 'https://cloud.r-project.org/src/contrib/viridis_0.6.5.tar.gz'
trying URL 'https://bioconductor.org/packages/3.21/bioc/src/contrib/EpiCompare_1.12.0.tar.gz'
* installing *source* package ‘polyclip’ ...
** this is package ‘polyclip’ version ‘1.10-7’
** package ‘polyclip’ successfully unpacked and MD5 sums checked
** using staged installation
checking whether the C++ compiler works... yes
checking for C++ compiler default output file name... a.out
checking for suffix of executables... 
checking whether we are cross compiling... no
checking for suffix of object files... o
checking whether we are using the GNU C++ compiler... yes
checking whether g++ -std=gnu++17 accepts -g... yes
Using PKG_CONFIG: pkgconf
Compiling against bundled copy of clipper library.
checking for int64_t... yes
     In the clipper library, signed 64-bit integers (cInt)
     will be declared as 'int64_t'
checking for uint64_t... yes
     In the clipper library, unsigned 64-bit integers (cUInt)
     will be declared as 'uint64_t'
configure: creating ./config.status
config.status: creating src/Makevars
** libs
using C compiler: ‘gcc (Ubuntu 13.3.0-6ubuntu2~24.04) 13.3.0’
using C++ compiler: ‘g++ (Ubuntu 13.3.0-6ubuntu2~24.04) 13.3.0’
gcc -std=gnu2x -I"/usr/local/lib/R/include" -DNDEBUG -DPOLYCLIP_LONG64="int64_t" -DPOLYCLIP_ULONG64="uint64_t"  -I/usr/local/include    -fpic  -g -O2 -fstack-protector-strong -Wformat -Werror=format-security -Wdate-time -D_FORTIFY_SOURCE=2 -g  -c init.c -o init.o
g++ -std=gnu++17 -I"/usr/local/lib/R/include" -DNDEBUG -DPOLYCLIP_LONG64="int64_t" -DPOLYCLIP_ULONG64="uint64_t"  -I/usr/local/include   -g -O2 -fstack-protector-strong -Wformat -Werror=format-security -Wdate-time -D_FORTIFY_SOURCE=2 -g -fpic  -g -O2 -fstack-protector-strong -Wformat -Werror=format-security -Wdate-time -D_FORTIFY_SOURCE=2 -g   -c interface.cpp -o interface.o
g++ -std=gnu++17 -I"/usr/local/lib/R/include" -DNDEBUG -DPOLYCLIP_LONG64="int64_t" -DPOLYCLIP_ULONG64="uint64_t"  -I/usr/local/include   -g -O2 -fstack-protector-strong -Wformat -Werror=format-security -Wdate-time -D_FORTIFY_SOURCE=2 -g -fpic  -g -O2 -fstack-protector-strong -Wformat -Werror=format-security -Wdate-time -D_FORTIFY_SOURCE=2 -g   -c clipper.cpp -o clipper.o
g++ -std=gnu++17 -shared -L/usr/local/lib/R/lib -L/usr/local/lib -o polyclip.so init.o interface.o clipper.o -L/usr/local/lib/R/lib -lR
installing to /usr/local/lib/R/site-library/00LOCK-polyclip/00new/polyclip/libs
** R
** byte-compile and prepare package for lazy loading
** help
*** installing help indices
** building package indices
** testing if installed package can be loaded from temporary location
** checking absolute paths in shared objects and dynamic libraries
** testing if installed package can be loaded from final location
** testing if installed package keeps a record of temporary installation path
* creating tarball
packaged installation of ‘polyclip’ as ‘polyclip_1.10-7_R_x86_64-pc-linux-gnu.tar.gz’
* DONE (polyclip)
