'getOption("repos")' replaces Bioconductor standard repositories, see
'help("repositories", package = "BiocManager")' for details.
Replacement repositories:
    CRAN: https://p3m.dev/cran/__linux__/noble/latest
Bioconductor version 3.20 (BiocManager 1.30.25), R 4.4.2 (2024-10-31)
Installing package(s) 'STRINGdb'
also installing the dependencies ‘gsubfn’, ‘proto’, ‘chron’, ‘sqldf’, ‘hash’, ‘BiocGenerics’

trying URL 'https://p3m.dev/cran/__linux__/noble/latest/src/contrib/gsubfn_0.7.tar.gz'
Content type 'binary/octet-stream' length 355746 bytes (347 KB)
==================================================
downloaded 347 KB

trying URL 'https://p3m.dev/cran/__linux__/noble/latest/src/contrib/proto_1.0.0.tar.gz'
Content type 'binary/octet-stream' length 470499 bytes (459 KB)
==================================================
downloaded 459 KB

trying URL 'https://p3m.dev/cran/__linux__/noble/latest/src/contrib/chron_2.3-62.tar.gz'
Content type 'binary/octet-stream' length 189139 bytes (184 KB)
==================================================
downloaded 184 KB

trying URL 'https://p3m.dev/cran/__linux__/noble/latest/src/contrib/sqldf_0.4-11.tar.gz'
Content type 'binary/octet-stream' length 77638 bytes (75 KB)
==================================================
downloaded 75 KB

trying URL 'https://p3m.dev/cran/__linux__/noble/latest/src/contrib/hash_2.2.6.3.tar.gz'
Content type 'binary/octet-stream' length 191367 bytes (186 KB)
==================================================
downloaded 186 KB

trying URL 'https://bioconductor.org/packages/3.20/bioc/src/contrib/BiocGenerics_0.52.0.tar.gz'
Content type 'application/x-gzip' length 57066 bytes (55 KB)
==================================================
downloaded 55 KB

trying URL 'https://bioconductor.org/packages/3.20/bioc/src/contrib/STRINGdb_2.18.0.tar.gz'
Content type 'application/x-gzip' length 10434098 bytes (10.0 MB)
==================================================
downloaded 10.0 MB

* installing *binary* package ‘proto’ ...
* ‘proto’ was already a binary package and will not be rebuilt
* creating tarball
packaged installation of ‘proto’ as ‘proto_1.0.0_R_x86_64-pc-linux-gnu.tar.gz’
* DONE (proto)
* installing *binary* package ‘chron’ ...
* ‘chron’ was already a binary package and will not be rebuilt
* creating tarball
packaged installation of ‘chron’ as ‘chron_2.3-62_R_x86_64-pc-linux-gnu.tar.gz’
* DONE (chron)
* installing *binary* package ‘hash’ ...
* ‘hash’ was already a binary package and will not be rebuilt
* creating tarball
packaged installation of ‘hash’ as ‘hash_2.2.6.3_R_x86_64-pc-linux-gnu.tar.gz’
* DONE (hash)
ERROR: failed to lock directory ‘/mnt/library’ for modifying
Try removing ‘/mnt/library/00LOCK-BiocGenerics’
* installing *binary* package ‘gsubfn’ ...
* ‘gsubfn’ was already a binary package and will not be rebuilt
* creating tarball
packaged installation of ‘gsubfn’ as ‘gsubfn_0.7_R_x86_64-pc-linux-gnu.tar.gz’
* DONE (gsubfn)
* installing *binary* package ‘sqldf’ ...
* ‘sqldf’ was already a binary package and will not be rebuilt
* creating tarball
packaged installation of ‘sqldf’ as ‘sqldf_0.4-11_R_x86_64-pc-linux-gnu.tar.gz’
* DONE (sqldf)
* installing *source* package ‘STRINGdb’ ...
** package ‘STRINGdb’ successfully unpacked and MD5 sums checked
** using staged installation
** R
** data
** inst
** byte-compile and prepare package for lazy loading
** help
*** installing help indices
** building package indices
** installing vignettes
** testing if installed package can be loaded from temporary location
** testing if installed package can be loaded from final location
** testing if installed package keeps a record of temporary installation path
* creating tarball
packaged installation of ‘STRINGdb’ as ‘STRINGdb_2.18.0_R_x86_64-pc-linux-gnu.tar.gz’
* DONE (STRINGdb)

The downloaded source packages are in
	‘/tmp/RtmpGBz91L/downloaded_packages’
Old packages: 'bslib', 'cli', 'cpp11', 'curl', 'evaluate', 'httr2', 'jsonlite',
  'openssl', 'pillar', 'pkgbuild', 'processx', 'ps', 'purrr', 'R6', 'Rcpp',
  'rlang', 'sessioninfo', 'systemfonts', 'testthat', 'textshaping', 'tinytex',
  'xfun', 'xml2', 'zip', 'class', 'foreign', 'KernSmooth', 'MASS', 'Matrix',
  'nlme', 'nnet', 'rpart', 'spatial'
Warning message:
In install.packages(...) :
  installation of package ‘BiocGenerics’ had non-zero exit status

real	0m32.876s
user	0m7.890s
sys	0m4.662s
