'getOption("repos")' replaces Bioconductor standard repositories, see
'help("repositories", package = "BiocManager")' for details.
Replacement repositories:
    CRAN: https://p3m.dev/cran/__linux__/noble/latest
Bioconductor version 3.20 (BiocManager 1.30.25), R 4.4.2 (2024-10-31)
Installing package(s) 'RTCGA'
also installing the dependencies ‘exactRankTests’, ‘KMsurv’, ‘km.ci’, ‘UCSC.utils’, ‘maxstat’, ‘survMisc’, ‘ggtext’, ‘GenomeInfoDb’, ‘XVector’, ‘assertthat’, ‘survminer’, ‘ggthemes’, ‘pander’, ‘Biobase’, ‘GenomicRanges’, ‘IRanges’, ‘RTCGA.rnaseq’, ‘RTCGA.clinical’, ‘RTCGA.mutations’, ‘RTCGA.RPPA’, ‘RTCGA.mRNA’, ‘RTCGA.miRNASeq’, ‘RTCGA.methylation’, ‘RTCGA.CNV’

trying URL 'https://p3m.dev/cran/__linux__/noble/latest/src/contrib/exactRankTests_0.8-35.tar.gz'
Content type 'binary/octet-stream' length 148762 bytes (145 KB)
==================================================
downloaded 145 KB

trying URL 'https://p3m.dev/cran/__linux__/noble/latest/src/contrib/KMsurv_0.1-5.tar.gz'
Content type 'binary/octet-stream' length 125432 bytes (122 KB)
==================================================
downloaded 122 KB

trying URL 'https://p3m.dev/cran/__linux__/noble/latest/src/contrib/km.ci_0.5-6.tar.gz'
Content type 'binary/octet-stream' length 66919 bytes (65 KB)
==================================================
downloaded 65 KB

trying URL 'https://bioconductor.org/packages/3.20/bioc/src/contrib/UCSC.utils_1.2.0.tar.gz'
Content type 'application/x-gzip' length 236888 bytes (231 KB)
==================================================
downloaded 231 KB

trying URL 'https://p3m.dev/cran/__linux__/noble/latest/src/contrib/maxstat_0.7-25.tar.gz'
Content type 'binary/octet-stream' length 175315 bytes (171 KB)
==================================================
downloaded 171 KB

trying URL 'https://p3m.dev/cran/__linux__/noble/latest/src/contrib/survMisc_0.5.6.tar.gz'
Content type 'binary/octet-stream' length 340933 bytes (332 KB)
==================================================
downloaded 332 KB

trying URL 'https://p3m.dev/cran/__linux__/noble/latest/src/contrib/ggtext_0.1.2.tar.gz'
Content type 'binary/octet-stream' length 1260473 bytes (1.2 MB)
==================================================
downloaded 1.2 MB

trying URL 'https://bioconductor.org/packages/3.20/bioc/src/contrib/GenomeInfoDb_1.42.3.tar.gz'
Content type 'application/x-gzip' length 3592070 bytes (3.4 MB)
==================================================
downloaded 3.4 MB

trying URL 'https://bioconductor.org/packages/3.20/bioc/src/contrib/XVector_0.46.0.tar.gz'
Content type 'application/x-gzip' length 70185 bytes (68 KB)
==================================================
downloaded 68 KB

trying URL 'https://p3m.dev/cran/__linux__/noble/latest/src/contrib/assertthat_0.2.1.tar.gz'
Content type 'binary/octet-stream' length 53272 bytes (52 KB)
==================================================
downloaded 52 KB

trying URL 'https://p3m.dev/cran/__linux__/noble/latest/src/contrib/survminer_0.5.0.tar.gz'
Content type 'binary/octet-stream' length 2658765 bytes (2.5 MB)
==================================================
downloaded 2.5 MB

trying URL 'https://p3m.dev/cran/__linux__/noble/latest/src/contrib/ggthemes_5.1.0.tar.gz'
Content type 'binary/octet-stream' length 453852 bytes (443 KB)
==================================================
downloaded 443 KB

trying URL 'https://p3m.dev/cran/__linux__/noble/latest/src/contrib/pander_0.6.6.tar.gz'
Content type 'binary/octet-stream' length 926968 bytes (905 KB)
==================================================
downloaded 905 KB

trying URL 'https://bioconductor.org/packages/3.20/bioc/src/contrib/Biobase_2.66.0.tar.gz'
Content type 'application/x-gzip' length 1978998 bytes (1.9 MB)
==================================================
downloaded 1.9 MB

trying URL 'https://bioconductor.org/packages/3.20/bioc/src/contrib/GenomicRanges_1.58.0.tar.gz'
Content type 'application/x-gzip' length 1374658 bytes (1.3 MB)
==================================================
downloaded 1.3 MB

trying URL 'https://bioconductor.org/packages/3.20/bioc/src/contrib/IRanges_2.40.1.tar.gz'
Content type 'application/x-gzip' length 486989 bytes (475 KB)
==================================================
downloaded 475 KB

trying URL 'https://bioconductor.org/packages/3.20/data/experiment/src/contrib/RTCGA.rnaseq_20151101.36.0.tar.gz'
Content type 'application/x-gzip' length 642336272 bytes (612.6 MB)
==================================================
downloaded 612.6 MB

trying URL 'https://bioconductor.org/packages/3.20/data/experiment/src/contrib/RTCGA.clinical_20151101.36.0.tar.gz'
Content type 'application/x-gzip' length 14652891 bytes (14.0 MB)
==================================================
downloaded 14.0 MB

trying URL 'https://bioconductor.org/packages/3.20/data/experiment/src/contrib/RTCGA.mutations_20151101.36.0.tar.gz'
Content type 'application/x-gzip' length 108859657 bytes (103.8 MB)
==================================================
downloaded 103.8 MB

trying URL 'https://bioconductor.org/packages/3.20/data/experiment/src/contrib/RTCGA.RPPA_1.34.0.tar.gz'
Content type 'application/x-gzip' length 13728245 bytes (13.1 MB)
==================================================
downloaded 13.1 MB

trying URL 'https://bioconductor.org/packages/3.20/data/experiment/src/contrib/RTCGA.mRNA_1.34.0.tar.gz'
Content type 'application/x-gzip' length 89110792 bytes (85.0 MB)
==================================================
downloaded 85.0 MB

trying URL 'https://bioconductor.org/packages/3.20/data/experiment/src/contrib/RTCGA.miRNASeq_1.34.0.tar.gz'
Content type 'application/x-gzip' length 47436597 bytes (45.2 MB)
==================================================
downloaded 45.2 MB

trying URL 'https://bioconductor.org/packages/3.20/data/experiment/src/contrib/RTCGA.methylation_1.34.0.tar.gz'
Content type 'application/x-gzip' length 653009610 bytes (622.8 MB)
==================================================
downloaded 622.8 MB

trying URL 'https://bioconductor.org/packages/3.20/data/experiment/src/contrib/RTCGA.CNV_1.34.0.tar.gz'
Content type 'application/x-gzip' length 28699501 bytes (27.4 MB)
==================================================
downloaded 27.4 MB

trying URL 'https://bioconductor.org/packages/3.20/bioc/src/contrib/RTCGA_1.36.0.tar.gz'
Content type 'application/x-gzip' length 2452164 bytes (2.3 MB)
==================================================
downloaded 2.3 MB

* installing *binary* package ‘exactRankTests’ ...
* ‘exactRankTests’ was already a binary package and will not be rebuilt
* creating tarball
packaged installation of ‘exactRankTests’ as ‘exactRankTests_0.8-35_R_x86_64-pc-linux-gnu.tar.gz’
* DONE (exactRankTests)
* installing *binary* package ‘KMsurv’ ...
* ‘KMsurv’ was already a binary package and will not be rebuilt
* creating tarball
packaged installation of ‘KMsurv’ as ‘KMsurv_0.1-5_R_x86_64-pc-linux-gnu.tar.gz’
* DONE (KMsurv)
* installing *binary* package ‘km.ci’ ...
* ‘km.ci’ was already a binary package and will not be rebuilt
* creating tarball
packaged installation of ‘km.ci’ as ‘km.ci_0.5-6_R_x86_64-pc-linux-gnu.tar.gz’
* DONE (km.ci)
ERROR: dependency ‘S4Vectors’ is not available for package ‘UCSC.utils’
* removing ‘/mnt/library/UCSC.utils’
* installing *binary* package ‘ggtext’ ...
* ‘ggtext’ was already a binary package and will not be rebuilt
* creating tarball
packaged installation of ‘ggtext’ as ‘ggtext_0.1.2_R_x86_64-pc-linux-gnu.tar.gz’
* DONE (ggtext)
* installing *binary* package ‘assertthat’ ...
* ‘assertthat’ was already a binary package and will not be rebuilt
* creating tarball
packaged installation of ‘assertthat’ as ‘assertthat_0.2.1_R_x86_64-pc-linux-gnu.tar.gz’
* DONE (assertthat)
* installing *binary* package ‘ggthemes’ ...
* ‘ggthemes’ was already a binary package and will not be rebuilt
* creating tarball
packaged installation of ‘ggthemes’ as ‘ggthemes_5.1.0_R_x86_64-pc-linux-gnu.tar.gz’
* DONE (ggthemes)
* installing *binary* package ‘pander’ ...
* ‘pander’ was already a binary package and will not be rebuilt
* creating tarball
packaged installation of ‘pander’ as ‘pander_0.6.6_R_x86_64-pc-linux-gnu.tar.gz’
* DONE (pander)
* installing *source* package ‘Biobase’ ...
** package ‘Biobase’ successfully unpacked and MD5 sums checked
** using staged installation
** libs
using C compiler: ‘gcc (Ubuntu 13.3.0-6ubuntu2~24.04) 13.3.0’
gcc -I"/usr/local/lib/R/include" -DNDEBUG   -I/usr/local/include    -fpic  -g -O2 -fstack-protector-strong -Wformat -Wformat-security -Wdate-time -D_FORTIFY_SOURCE=2 -g  -c Rinit.c -o Rinit.o
gcc -I"/usr/local/lib/R/include" -DNDEBUG   -I/usr/local/include    -fpic  -g -O2 -fstack-protector-strong -Wformat -Wformat-security -Wdate-time -D_FORTIFY_SOURCE=2 -g  -c anyMissing.c -o anyMissing.o
gcc -I"/usr/local/lib/R/include" -DNDEBUG   -I/usr/local/include    -fpic  -g -O2 -fstack-protector-strong -Wformat -Wformat-security -Wdate-time -D_FORTIFY_SOURCE=2 -g  -c envir.c -o envir.o
gcc -I"/usr/local/lib/R/include" -DNDEBUG   -I/usr/local/include    -fpic  -g -O2 -fstack-protector-strong -Wformat -Wformat-security -Wdate-time -D_FORTIFY_SOURCE=2 -g  -c matchpt.c -o matchpt.o
gcc -I"/usr/local/lib/R/include" -DNDEBUG   -I/usr/local/include    -fpic  -g -O2 -fstack-protector-strong -Wformat -Wformat-security -Wdate-time -D_FORTIFY_SOURCE=2 -g  -c rowMedians.c -o rowMedians.o
gcc -I"/usr/local/lib/R/include" -DNDEBUG   -I/usr/local/include    -fpic  -g -O2 -fstack-protector-strong -Wformat -Wformat-security -Wdate-time -D_FORTIFY_SOURCE=2 -g  -c sublist_extract.c -o sublist_extract.o
gcc -shared -L/usr/local/lib/R/lib -L/usr/local/lib -o Biobase.so Rinit.o anyMissing.o envir.o matchpt.o rowMedians.o sublist_extract.o -L/usr/local/lib/R/lib -lR
installing to /mnt/library/00LOCK-Biobase/00new/Biobase/libs
** R
** data
** inst
** byte-compile and prepare package for lazy loading
** help
*** installing help indices
** building package indices
** installing vignettes
** testing if installed package can be loaded from temporary location
** checking absolute paths in shared objects and dynamic libraries
** testing if installed package can be loaded from final location
** testing if installed package keeps a record of temporary installation path
* creating tarball
packaged installation of ‘Biobase’ as ‘Biobase_2.66.0_R_x86_64-pc-linux-gnu.tar.gz’
* DONE (Biobase)
ERROR: failed to lock directory ‘/mnt/library’ for modifying
Try removing ‘/mnt/library/00LOCK-IRanges’
* installing *binary* package ‘maxstat’ ...
* ‘maxstat’ was already a binary package and will not be rebuilt
* creating tarball
packaged installation of ‘maxstat’ as ‘maxstat_0.7-25_R_x86_64-pc-linux-gnu.tar.gz’
* DONE (maxstat)
* installing *binary* package ‘survMisc’ ...
* ‘survMisc’ was already a binary package and will not be rebuilt
* creating tarball
packaged installation of ‘survMisc’ as ‘survMisc_0.5.6_R_x86_64-pc-linux-gnu.tar.gz’
* DONE (survMisc)
ERROR: dependencies ‘S4Vectors’, ‘IRanges’, ‘UCSC.utils’ are not available for package ‘GenomeInfoDb’
* removing ‘/mnt/library/GenomeInfoDb’
ERROR: dependencies ‘S4Vectors’, ‘IRanges’ are not available for package ‘XVector’
* removing ‘/mnt/library/XVector’
* installing *binary* package ‘survminer’ ...
* ‘survminer’ was already a binary package and will not be rebuilt
* creating tarball
packaged installation of ‘survminer’ as ‘survminer_0.5.0_R_x86_64-pc-linux-gnu.tar.gz’
* DONE (survminer)
ERROR: dependencies ‘S4Vectors’, ‘IRanges’, ‘GenomeInfoDb’, ‘XVector’ are not available for package ‘GenomicRanges’
* removing ‘/mnt/library/GenomicRanges’
* installing *source* package ‘RTCGA’ ...
** package ‘RTCGA’ successfully unpacked and MD5 sums checked
** using staged installation
** R
** inst
** byte-compile and prepare package for lazy loading
** help
*** installing help indices
** building package indices
** installing vignettes
** testing if installed package can be loaded from temporary location
** testing if installed package can be loaded from final location
** testing if installed package keeps a record of temporary installation path
* creating tarball
packaged installation of ‘RTCGA’ as ‘RTCGA_1.36.0_R_x86_64-pc-linux-gnu.tar.gz’
* DONE (RTCGA)
* installing *source* package ‘RTCGA.rnaseq’ ...
** using staged installation
** R
** data
*** moving datasets to lazyload DB
** inst
** byte-compile and prepare package for lazy loading
** help
*** installing help indices
** building package indices
** installing vignettes
** testing if installed package can be loaded from temporary location
** testing if installed package can be loaded from final location
** testing if installed package keeps a record of temporary installation path
* creating tarball
packaged installation of ‘RTCGA.rnaseq’ as ‘RTCGA.rnaseq_20151101.36.0_R_x86_64-pc-linux-gnu.tar.gz’
* DONE (RTCGA.rnaseq)
* installing *source* package ‘RTCGA.clinical’ ...
** using staged installation
** R
** data
*** moving datasets to lazyload DB
** inst
** byte-compile and prepare package for lazy loading
** help
*** installing help indices
** building package indices
** installing vignettes
** testing if installed package can be loaded from temporary location
** testing if installed package can be loaded from final location
** testing if installed package keeps a record of temporary installation path
* creating tarball
packaged installation of ‘RTCGA.clinical’ as ‘RTCGA.clinical_20151101.36.0_R_x86_64-pc-linux-gnu.tar.gz’
* DONE (RTCGA.clinical)
* installing *source* package ‘RTCGA.mutations’ ...
** using staged installation
** R
** data
*** moving datasets to lazyload DB
** inst
** byte-compile and prepare package for lazy loading
** help
*** installing help indices
** building package indices
** installing vignettes
** testing if installed package can be loaded from temporary location
** testing if installed package can be loaded from final location
** testing if installed package keeps a record of temporary installation path
* creating tarball
packaged installation of ‘RTCGA.mutations’ as ‘RTCGA.mutations_20151101.36.0_R_x86_64-pc-linux-gnu.tar.gz’
* DONE (RTCGA.mutations)
* installing *source* package ‘RTCGA.RPPA’ ...
** using staged installation
** R
** data
*** moving datasets to lazyload DB
** inst
** byte-compile and prepare package for lazy loading
** help
*** installing help indices
** building package indices
** installing vignettes
** testing if installed package can be loaded from temporary location
** testing if installed package can be loaded from final location
Error: package or namespace load failed for ‘RTCGA’ in namespaceExport(ns, exports):
 undefined exports: check_mnsl, chroma_slice, complement, complement_slice, darker, fix_mnsl, hue_slice, hvc2mnsl, in_gamut, lighter, mnsl, mnsl2hex, mnsl2hvc, mnsl_hues, pbgyr, plot_closest, plot_hex, plot_mnsl, rgb2mnsl, rygbp, saturate, seq_mnsl, text_colour, value_slice
Error : package ‘RTCGA’ could not be loaded
Error: loading failed
Execution halted
ERROR: loading failed
* removing ‘/mnt/library/RTCGA.RPPA’
* installing *source* package ‘RTCGA.mRNA’ ...
** using staged installation
** R
** data
*** moving datasets to lazyload DB
** inst
** byte-compile and prepare package for lazy loading
** help
*** installing help indices
** building package indices
** installing vignettes
** testing if installed package can be loaded from temporary location
** testing if installed package can be loaded from final location
** testing if installed package keeps a record of temporary installation path
* creating tarball
packaged installation of ‘RTCGA.mRNA’ as ‘RTCGA.mRNA_1.34.0_R_x86_64-pc-linux-gnu.tar.gz’
* DONE (RTCGA.mRNA)
* installing *source* package ‘RTCGA.miRNASeq’ ...
** using staged installation
** R
** data
*** moving datasets to lazyload DB
** inst
** byte-compile and prepare package for lazy loading
** help
*** installing help indices
** building package indices
** installing vignettes
** testing if installed package can be loaded from temporary location
** testing if installed package can be loaded from final location
** testing if installed package keeps a record of temporary installation path
* creating tarball
packaged installation of ‘RTCGA.miRNASeq’ as ‘RTCGA.miRNASeq_1.34.0_R_x86_64-pc-linux-gnu.tar.gz’
* DONE (RTCGA.miRNASeq)
* installing *source* package ‘RTCGA.methylation’ ...
** using staged installation
** R
** data
*** moving datasets to lazyload DB
** inst
** byte-compile and prepare package for lazy loading
** help
*** installing help indices
** building package indices
** installing vignettes
** testing if installed package can be loaded from temporary location
** testing if installed package can be loaded from final location
** testing if installed package keeps a record of temporary installation path
* creating tarball
packaged installation of ‘RTCGA.methylation’ as ‘RTCGA.methylation_1.34.0_R_x86_64-pc-linux-gnu.tar.gz’
* DONE (RTCGA.methylation)
* installing *source* package ‘RTCGA.CNV’ ...
** using staged installation
** R
** data
*** moving datasets to lazyload DB
** inst
** byte-compile and prepare package for lazy loading
** help
*** installing help indices
** building package indices
** installing vignettes
** testing if installed package can be loaded from temporary location
** testing if installed package can be loaded from final location
** testing if installed package keeps a record of temporary installation path
* creating tarball
packaged installation of ‘RTCGA.CNV’ as ‘RTCGA.CNV_1.34.0_R_x86_64-pc-linux-gnu.tar.gz’
* DONE (RTCGA.CNV)

The downloaded source packages are in
	‘/tmp/Rtmp4DRIED/downloaded_packages’
Old packages: 'bslib', 'cli', 'cpp11', 'curl', 'evaluate', 'httr2', 'jsonlite',
  'openssl', 'pillar', 'pkgbuild', 'processx', 'ps', 'purrr', 'R6', 'Rcpp',
  'rlang', 'sessioninfo', 'systemfonts', 'testthat', 'textshaping', 'tinytex',
  'xfun', 'xml2', 'zip', 'class', 'foreign', 'KernSmooth', 'MASS', 'Matrix',
  'nlme', 'nnet', 'rpart', 'spatial'
Warning messages:
1: In install.packages(...) :
  installation of package ‘UCSC.utils’ had non-zero exit status
2: In install.packages(...) :
  installation of package ‘IRanges’ had non-zero exit status
3: In install.packages(...) :
  installation of package ‘GenomeInfoDb’ had non-zero exit status
4: In install.packages(...) :
  installation of package ‘XVector’ had non-zero exit status
5: In install.packages(...) :
  installation of package ‘GenomicRanges’ had non-zero exit status
6: In install.packages(...) :
  installation of package ‘RTCGA.RPPA’ had non-zero exit status

real	15m58.993s
user	12m1.073s
sys	1m21.503s
