'getOption("repos")' replaces Bioconductor standard repositories, see
'help("repositories", package = "BiocManager")' for details.
Replacement repositories:
    CRAN: https://p3m.dev/cran/__linux__/noble/latest
Bioconductor version 3.20 (BiocManager 1.30.25), R 4.4.2 (2024-10-31)
Installing package(s) 'iterativeBMAsurv'
also installing the dependencies ‘pcaPP’, ‘inline’, ‘rrcov’, ‘BMA’, ‘leaps’

trying URL 'https://p3m.dev/cran/__linux__/noble/latest/src/contrib/pcaPP_2.0-5.tar.gz'
Content type 'binary/octet-stream' length 372654 bytes (363 KB)
==================================================
downloaded 363 KB

trying URL 'https://p3m.dev/cran/__linux__/noble/latest/src/contrib/inline_0.3.21.tar.gz'
Content type 'binary/octet-stream' length 130817 bytes (127 KB)
==================================================
downloaded 127 KB

trying URL 'https://p3m.dev/cran/__linux__/noble/latest/src/contrib/rrcov_1.7-6.tar.gz'
Content type 'binary/octet-stream' length 2293772 bytes (2.2 MB)
==================================================
downloaded 2.2 MB

trying URL 'https://p3m.dev/cran/__linux__/noble/latest/src/contrib/BMA_3.18.20.tar.gz'
Content type 'binary/octet-stream' length 443264 bytes (432 KB)
==================================================
downloaded 432 KB

trying URL 'https://p3m.dev/cran/__linux__/noble/latest/src/contrib/leaps_3.2.tar.gz'
Content type 'binary/octet-stream' length 82171 bytes (80 KB)
==================================================
downloaded 80 KB

trying URL 'https://bioconductor.org/packages/3.20/bioc/src/contrib/iterativeBMAsurv_1.64.0.tar.gz'
Content type 'application/x-gzip' length 203616 bytes (198 KB)
==================================================
downloaded 198 KB

* installing *binary* package ‘pcaPP’ ...
* ‘pcaPP’ was already a binary package and will not be rebuilt
* creating tarball
packaged installation of ‘pcaPP’ as ‘pcaPP_2.0-5_R_x86_64-pc-linux-gnu.tar.gz’
* DONE (pcaPP)
* installing *binary* package ‘inline’ ...
* ‘inline’ was already a binary package and will not be rebuilt
* creating tarball
packaged installation of ‘inline’ as ‘inline_0.3.21_R_x86_64-pc-linux-gnu.tar.gz’
* DONE (inline)
* installing *binary* package ‘leaps’ ...
* ‘leaps’ was already a binary package and will not be rebuilt
* creating tarball
packaged installation of ‘leaps’ as ‘leaps_3.2_R_x86_64-pc-linux-gnu.tar.gz’
* DONE (leaps)
* installing *binary* package ‘rrcov’ ...
* ‘rrcov’ was already a binary package and will not be rebuilt
* creating tarball
packaged installation of ‘rrcov’ as ‘rrcov_1.7-6_R_x86_64-pc-linux-gnu.tar.gz’
* DONE (rrcov)
* installing *binary* package ‘BMA’ ...
* ‘BMA’ was already a binary package and will not be rebuilt
* creating tarball
packaged installation of ‘BMA’ as ‘BMA_3.18.20_R_x86_64-pc-linux-gnu.tar.gz’
* DONE (BMA)
* installing *source* package ‘iterativeBMAsurv’ ...
** package ‘iterativeBMAsurv’ successfully unpacked and MD5 sums checked
** using staged installation
** R
** data
** inst
** byte-compile and prepare package for lazy loading
** help
*** installing help indices
** building package indices
** installing vignettes
** testing if installed package can be loaded from temporary location
** testing if installed package can be loaded from final location
** testing if installed package keeps a record of temporary installation path
* creating tarball
packaged installation of ‘iterativeBMAsurv’ as ‘iterativeBMAsurv_1.64.0_R_x86_64-pc-linux-gnu.tar.gz’
* DONE (iterativeBMAsurv)

The downloaded source packages are in
	‘/tmp/Rtmp3mkHkD/downloaded_packages’
Old packages: 'bslib', 'cli', 'cpp11', 'curl', 'evaluate', 'httr2', 'jsonlite',
  'openssl', 'pillar', 'pkgbuild', 'processx', 'ps', 'purrr', 'R6', 'Rcpp',
  'rlang', 'sessioninfo', 'systemfonts', 'testthat', 'textshaping', 'tinytex',
  'xfun', 'xml2', 'zip', 'class', 'foreign', 'KernSmooth', 'MASS', 'Matrix',
  'nlme', 'nnet', 'rpart', 'spatial'

real	0m19.903s
user	0m7.806s
sys	0m3.414s
