+ Rscript -e 'Sys.setenv(BIOCONDUCTOR_USE_CONTAINER_REPOSITORY=FALSE);
  p <- .libPaths();
  p <- c('\'''\'', '\'''\'', p);
  .libPaths(p);
  if(BiocManager::install('\''fCI'\'', INSTALL_opts = '\''--build'\'', update = TRUE, quiet = FALSE, dependencies=TRUE, force = TRUE, keep_outputs = TRUE) %in% rownames(installed.packages())) q(status = 0) else q(status = 1)'
'getOption("repos")' replaces Bioconductor standard repositories, see
'help("repositories", package = "BiocManager")' for details.
Replacement repositories:
    CRAN: https://p3m.dev/cran/__linux__/noble/latest
Bioconductor version 3.20 (BiocManager 1.30.25), R 4.4.2 (2024-10-31)
Installing package(s) 'fCI'
also installing the dependencies ‘formatR’, ‘lambda.r’, ‘futile.options’, ‘mnormt’, ‘GPArotation’, ‘futile.logger’, ‘bookdown’, ‘FNN’, ‘psych’, ‘gtools’, ‘zoo’, ‘rgl’, ‘VennDiagram’, ‘BiocStyle’

trying URL 'https://p3m.dev/cran/__linux__/noble/latest/src/contrib/formatR_1.14.tar.gz'
Content type 'binary/octet-stream' length 151517 bytes (147 KB)
==================================================
downloaded 147 KB

trying URL 'https://p3m.dev/cran/__linux__/noble/latest/src/contrib/lambda.r_1.2.4.tar.gz'
Content type 'binary/octet-stream' length 110485 bytes (107 KB)
==================================================
downloaded 107 KB

trying URL 'https://p3m.dev/cran/__linux__/noble/latest/src/contrib/futile.options_1.0.1.tar.gz'
Content type 'binary/octet-stream' length 18448 bytes (18 KB)
==================================================
downloaded 18 KB

trying URL 'https://p3m.dev/cran/__linux__/noble/latest/src/contrib/mnormt_2.1.1.tar.gz'
Content type 'binary/octet-stream' length 175750 bytes (171 KB)
==================================================
downloaded 171 KB

trying URL 'https://p3m.dev/cran/__linux__/noble/latest/src/contrib/GPArotation_2024.3-1.tar.gz'
Content type 'binary/octet-stream' length 391766 bytes (382 KB)
==================================================
downloaded 382 KB

trying URL 'https://p3m.dev/cran/__linux__/noble/latest/src/contrib/futile.logger_1.4.3.tar.gz'
Content type 'binary/octet-stream' length 97342 bytes (95 KB)
==================================================
downloaded 95 KB

trying URL 'https://p3m.dev/cran/__linux__/noble/latest/src/contrib/bookdown_0.42.tar.gz'
Content type 'binary/octet-stream' length 1090748 bytes (1.0 MB)
==================================================
downloaded 1.0 MB

trying URL 'https://p3m.dev/cran/__linux__/noble/latest/src/contrib/FNN_1.1.4.1.tar.gz'
Content type 'binary/octet-stream' length 128397 bytes (125 KB)
==================================================
downloaded 125 KB

trying URL 'https://p3m.dev/cran/__linux__/noble/latest/src/contrib/psych_2.4.12.tar.gz'
Content type 'binary/octet-stream' length 3736496 bytes (3.6 MB)
==================================================
downloaded 3.6 MB

trying URL 'https://p3m.dev/cran/__linux__/noble/latest/src/contrib/gtools_3.9.5.tar.gz'
Content type 'binary/octet-stream' length 361081 bytes (352 KB)
==================================================
downloaded 352 KB

trying URL 'https://p3m.dev/cran/__linux__/noble/latest/src/contrib/zoo_1.8-13.tar.gz'
Content type 'binary/octet-stream' length 1029051 bytes (1004 KB)
==================================================
downloaded 1004 KB

trying URL 'https://p3m.dev/cran/__linux__/noble/latest/src/contrib/rgl_1.3.17.tar.gz'
Content type 'binary/octet-stream' length 6478038 bytes (6.2 MB)
==================================================
downloaded 6.2 MB

trying URL 'https://p3m.dev/cran/__linux__/noble/latest/src/contrib/VennDiagram_1.7.3.tar.gz'
Content type 'binary/octet-stream' length 248167 bytes (242 KB)
==================================================
downloaded 242 KB

trying URL 'https://bioconductor.org/packages/3.20/bioc/src/contrib/BiocStyle_2.34.0.tar.gz'
Content type 'application/x-gzip' length 908772 bytes (887 KB)
==================================================
downloaded 887 KB

trying URL 'https://bioconductor.org/packages/3.20/bioc/src/contrib/fCI_1.36.0.tar.gz'
Content type 'application/x-gzip' length 1381829 bytes (1.3 MB)
==================================================
downloaded 1.3 MB

* installing *binary* package ‘formatR’ ...
* ‘formatR’ was already a binary package and will not be rebuilt
* creating tarball
packaged installation of ‘formatR’ as ‘formatR_1.14_R_x86_64-pc-linux-gnu.tar.gz’
* DONE (formatR)
* installing *binary* package ‘futile.options’ ...
* ‘futile.options’ was already a binary package and will not be rebuilt
* creating tarball
packaged installation of ‘futile.options’ as ‘futile.options_1.0.1_R_x86_64-pc-linux-gnu.tar.gz’
* DONE (futile.options)
* installing *binary* package ‘mnormt’ ...
* ‘mnormt’ was already a binary package and will not be rebuilt
* creating tarball
packaged installation of ‘mnormt’ as ‘mnormt_2.1.1_R_x86_64-pc-linux-gnu.tar.gz’
* DONE (mnormt)
* installing *binary* package ‘GPArotation’ ...
* ‘GPArotation’ was already a binary package and will not be rebuilt
* creating tarball
packaged installation of ‘GPArotation’ as ‘GPArotation_2024.3-1_R_x86_64-pc-linux-gnu.tar.gz’
* DONE (GPArotation)
* installing *binary* package ‘bookdown’ ...
* ‘bookdown’ was already a binary package and will not be rebuilt
* creating tarball
packaged installation of ‘bookdown’ as ‘bookdown_0.42_R_x86_64-pc-linux-gnu.tar.gz’
* DONE (bookdown)
* installing *binary* package ‘FNN’ ...
* ‘FNN’ was already a binary package and will not be rebuilt
* creating tarball
packaged installation of ‘FNN’ as ‘FNN_1.1.4.1_R_x86_64-pc-linux-gnu.tar.gz’
* DONE (FNN)
* installing *binary* package ‘gtools’ ...
* ‘gtools’ was already a binary package and will not be rebuilt
* creating tarball
packaged installation of ‘gtools’ as ‘gtools_3.9.5_R_x86_64-pc-linux-gnu.tar.gz’
* DONE (gtools)
* installing *binary* package ‘zoo’ ...
* ‘zoo’ was already a binary package and will not be rebuilt
* creating tarball
packaged installation of ‘zoo’ as ‘zoo_1.8-13_R_x86_64-pc-linux-gnu.tar.gz’
* DONE (zoo)
* installing *binary* package ‘rgl’ ...
* ‘rgl’ was already a binary package and will not be rebuilt
* creating tarball
packaged installation of ‘rgl’ as ‘rgl_1.3.17_R_x86_64-pc-linux-gnu.tar.gz’
* DONE (rgl)
* installing *binary* package ‘lambda.r’ ...
* ‘lambda.r’ was already a binary package and will not be rebuilt
* creating tarball
packaged installation of ‘lambda.r’ as ‘lambda.r_1.2.4_R_x86_64-pc-linux-gnu.tar.gz’
* DONE (lambda.r)
* installing *binary* package ‘psych’ ...
* ‘psych’ was already a binary package and will not be rebuilt
* creating tarball
packaged installation of ‘psych’ as ‘psych_2.4.12_R_x86_64-pc-linux-gnu.tar.gz’
* DONE (psych)
* installing *source* package ‘BiocStyle’ ...
** package ‘BiocStyle’ successfully unpacked and MD5 sums checked
** using staged installation
** R
** inst
** byte-compile and prepare package for lazy loading
** help
*** installing help indices
** building package indices
** installing vignettes
** testing if installed package can be loaded from temporary location
** testing if installed package can be loaded from final location
** testing if installed package keeps a record of temporary installation path
* creating tarball
packaged installation of ‘BiocStyle’ as ‘BiocStyle_2.34.0_R_x86_64-pc-linux-gnu.tar.gz’
* DONE (BiocStyle)
* installing *binary* package ‘futile.logger’ ...
* ‘futile.logger’ was already a binary package and will not be rebuilt
* creating tarball
packaged installation of ‘futile.logger’ as ‘futile.logger_1.4.3_R_x86_64-pc-linux-gnu.tar.gz’
* DONE (futile.logger)
* installing *binary* package ‘VennDiagram’ ...
* ‘VennDiagram’ was already a binary package and will not be rebuilt
* creating tarball
packaged installation of ‘VennDiagram’ as ‘VennDiagram_1.7.3_R_x86_64-pc-linux-gnu.tar.gz’
* DONE (VennDiagram)
* installing *source* package ‘fCI’ ...
** package ‘fCI’ successfully unpacked and MD5 sums checked
** using staged installation
** R
** data
** inst
** byte-compile and prepare package for lazy loading
Warning messages:
1: In rgl.init(initValue, onlyNULL) : RGL: unable to open X11 display
2: 'rgl.init' failed, will use the null device.
See '?rgl.useNULL' for ways to avoid this warning. 
in method for ‘initialize’ with signature ‘"NPCI"’: no definition for class “NPCI”
in method for ‘normalization’ with signature ‘"NPCI"’: no definition for class “NPCI”
in method for ‘setfCI’ with signature ‘"NPCI"’: no definition for class “NPCI”
in method for ‘populate’ with signature ‘"NPCI"’: no definition for class “NPCI”
in method for ‘find.fci.targets’ with signature ‘"NPCI"’: no definition for class “NPCI”
in method for ‘show.targets’ with signature ‘"NPCI"’: no definition for class “NPCI”
in method for ‘call.npci’ with signature ‘"NPCI"’: no definition for class “NPCI”
in method for ‘compute’ with signature ‘"NPCI"’: no definition for class “NPCI”
** help
*** installing help indices
** building package indices
** installing vignettes
** testing if installed package can be loaded from temporary location
Warning: 'rgl.init' failed, will use the null device.
See '?rgl.useNULL' for ways to avoid this warning.
** testing if installed package can be loaded from final location
Warning: 'rgl.init' failed, will use the null device.
See '?rgl.useNULL' for ways to avoid this warning.
** testing if installed package keeps a record of temporary installation path
* creating tarball
packaged installation of ‘fCI’ as ‘fCI_1.36.0_R_x86_64-pc-linux-gnu.tar.gz’
* DONE (fCI)

The downloaded source packages are in
	‘/tmp/Rtmp3TbFDF/downloaded_packages’
Old packages: 'bslib', 'cli', 'cpp11', 'curl', 'evaluate', 'httr2', 'jsonlite',
  'openssl', 'pillar', 'pkgbuild', 'processx', 'ps', 'purrr', 'R6', 'Rcpp',
  'rlang', 'sessioninfo', 'systemfonts', 'testthat', 'textshaping', 'tinytex',
  'xfun', 'xml2', 'zip', 'class', 'foreign', 'KernSmooth', 'MASS', 'Matrix',
  'nlme', 'nnet', 'rpart', 'spatial'

real	0m20.763s
user	0m13.393s
sys	0m5.760s
