+ Rscript -e 'Sys.setenv(BIOCONDUCTOR_USE_CONTAINER_REPOSITORY=FALSE);
  p <- .libPaths();
  p <- c('\'''\'', '\'''\'', p);
  .libPaths(p);
  if(BiocManager::install('\''flowCyBar'\'', INSTALL_opts = '\''--build'\'', update = TRUE, quiet = FALSE, dependencies=TRUE, force = TRUE, keep_outputs = TRUE) %in% rownames(installed.packages())) q(status = 0) else q(status = 1)'
'getOption("repos")' replaces Bioconductor standard repositories, see
'help("repositories", package = "BiocManager")' for details.
Replacement repositories:
    CRAN: https://p3m.dev/cran/__linux__/noble/latest
Bioconductor version 3.20 (BiocManager 1.30.25), R 4.4.2 (2024-10-31)
Installing package(s) 'flowCyBar'
also installing the dependencies ‘bitops’, ‘gtools’, ‘caTools’, ‘permute’, ‘gplots’, ‘vegan’

trying URL 'https://p3m.dev/cran/__linux__/noble/latest/src/contrib/bitops_1.0-9.tar.gz'
Content type 'binary/octet-stream' length 25879 bytes (25 KB)
==================================================
downloaded 25 KB

trying URL 'https://p3m.dev/cran/__linux__/noble/latest/src/contrib/gtools_3.9.5.tar.gz'
Content type 'binary/octet-stream' length 361081 bytes (352 KB)
==================================================
downloaded 352 KB

trying URL 'https://p3m.dev/cran/__linux__/noble/latest/src/contrib/caTools_1.18.3.tar.gz'
Content type 'binary/octet-stream' length 205153 bytes (200 KB)
==================================================
downloaded 200 KB

trying URL 'https://p3m.dev/cran/__linux__/noble/latest/src/contrib/permute_0.9-7.tar.gz'
Content type 'binary/octet-stream' length 233484 bytes (228 KB)
==================================================
downloaded 228 KB

trying URL 'https://p3m.dev/cran/__linux__/noble/latest/src/contrib/gplots_3.2.0.tar.gz'
Content type 'binary/octet-stream' length 496973 bytes (485 KB)
==================================================
downloaded 485 KB

trying URL 'https://p3m.dev/cran/__linux__/noble/latest/src/contrib/vegan_2.6-10.tar.gz'
Content type 'binary/octet-stream' length 3142555 bytes (3.0 MB)
==================================================
downloaded 3.0 MB

trying URL 'https://bioconductor.org/packages/3.20/bioc/src/contrib/flowCyBar_1.42.0.tar.gz'
Content type 'application/x-gzip' length 521108 bytes (508 KB)
==================================================
downloaded 508 KB

* installing *binary* package ‘bitops’ ...
* ‘bitops’ was already a binary package and will not be rebuilt
* creating tarball
packaged installation of ‘bitops’ as ‘bitops_1.0-9_R_x86_64-pc-linux-gnu.tar.gz’
* DONE (bitops)
* installing *binary* package ‘gtools’ ...
* ‘gtools’ was already a binary package and will not be rebuilt
* creating tarball
packaged installation of ‘gtools’ as ‘gtools_3.9.5_R_x86_64-pc-linux-gnu.tar.gz’
* DONE (gtools)
* installing *binary* package ‘permute’ ...
* ‘permute’ was already a binary package and will not be rebuilt
* creating tarball
packaged installation of ‘permute’ as ‘permute_0.9-7_R_x86_64-pc-linux-gnu.tar.gz’
* DONE (permute)
* installing *binary* package ‘caTools’ ...
* ‘caTools’ was already a binary package and will not be rebuilt
* creating tarball
packaged installation of ‘caTools’ as ‘caTools_1.18.3_R_x86_64-pc-linux-gnu.tar.gz’
* DONE (caTools)
* installing *binary* package ‘vegan’ ...
* ‘vegan’ was already a binary package and will not be rebuilt
* creating tarball
packaged installation of ‘vegan’ as ‘vegan_2.6-10_R_x86_64-pc-linux-gnu.tar.gz’
* DONE (vegan)
* installing *binary* package ‘gplots’ ...
* ‘gplots’ was already a binary package and will not be rebuilt
* creating tarball
packaged installation of ‘gplots’ as ‘gplots_3.2.0_R_x86_64-pc-linux-gnu.tar.gz’
* DONE (gplots)
* installing *source* package ‘flowCyBar’ ...
** package ‘flowCyBar’ successfully unpacked and MD5 sums checked
** using staged installation
** R
** data
** inst
** byte-compile and prepare package for lazy loading
** help
*** installing help indices
** building package indices
** installing vignettes
** testing if installed package can be loaded from temporary location
** testing if installed package can be loaded from final location
** testing if installed package keeps a record of temporary installation path
* creating tarball
packaged installation of ‘flowCyBar’ as ‘flowCyBar_1.42.0_R_x86_64-pc-linux-gnu.tar.gz’
* DONE (flowCyBar)

The downloaded source packages are in
	‘/tmp/Rtmpl7U7KW/downloaded_packages’
Old packages: 'bslib', 'cli', 'cpp11', 'curl', 'evaluate', 'httr2', 'jsonlite',
  'openssl', 'pillar', 'pkgbuild', 'processx', 'ps', 'purrr', 'R6', 'Rcpp',
  'rlang', 'sessioninfo', 'systemfonts', 'testthat', 'textshaping', 'tinytex',
  'xfun', 'xml2', 'zip', 'class', 'foreign', 'KernSmooth', 'MASS', 'Matrix',
  'nlme', 'nnet', 'rpart', 'spatial'

real	0m10.400s
user	0m7.081s
sys	0m3.337s
