'getOption("repos")' replaces Bioconductor standard repositories, see
'help("repositories", package = "BiocManager")' for details.
Replacement repositories:
    CRAN: https://p3m.dev/cran/__linux__/noble/latest
Bioconductor version 3.20 (BiocManager 1.30.25), R 4.4.2 (2024-10-31)
Installing package(s) 'GPA'
also installing the dependencies ‘permute’, ‘ggrepel’, ‘vegan’, ‘shinyBS’, ‘gpaExample’

trying URL 'https://p3m.dev/cran/__linux__/noble/latest/src/contrib/permute_0.9-7.tar.gz'
Content type 'binary/octet-stream' length 233484 bytes (228 KB)
==================================================
downloaded 228 KB

trying URL 'https://p3m.dev/cran/__linux__/noble/latest/src/contrib/ggrepel_0.9.6.tar.gz'
Content type 'binary/octet-stream' length 290115 bytes (283 KB)
==================================================
downloaded 283 KB

trying URL 'https://p3m.dev/cran/__linux__/noble/latest/src/contrib/vegan_2.6-10.tar.gz'
Content type 'binary/octet-stream' length 3142555 bytes (3.0 MB)
==================================================
downloaded 3.0 MB

trying URL 'https://p3m.dev/cran/__linux__/noble/latest/src/contrib/shinyBS_0.61.1.tar.gz'
Content type 'binary/octet-stream' length 108251 bytes (105 KB)
==================================================
downloaded 105 KB

trying URL 'https://bioconductor.org/packages/3.20/data/experiment/src/contrib/gpaExample_1.18.0.tar.gz'
Content type 'application/x-gzip' length 12081494 bytes (11.5 MB)
==================================================
downloaded 11.5 MB

trying URL 'https://bioconductor.org/packages/3.20/bioc/src/contrib/GPA_1.18.0.tar.gz'
Content type 'application/x-gzip' length 319638 bytes (312 KB)
==================================================
downloaded 312 KB

* installing *binary* package ‘permute’ ...
* ‘permute’ was already a binary package and will not be rebuilt
* creating tarball
packaged installation of ‘permute’ as ‘permute_0.9-7_R_x86_64-pc-linux-gnu.tar.gz’
* DONE (permute)
* installing *binary* package ‘ggrepel’ ...
* ‘ggrepel’ was already a binary package and will not be rebuilt
* creating tarball
packaged installation of ‘ggrepel’ as ‘ggrepel_0.9.6_R_x86_64-pc-linux-gnu.tar.gz’
* DONE (ggrepel)
* installing *binary* package ‘shinyBS’ ...
* ‘shinyBS’ was already a binary package and will not be rebuilt
* creating tarball
packaged installation of ‘shinyBS’ as ‘shinyBS_0.61.1_R_x86_64-pc-linux-gnu.tar.gz’
* DONE (shinyBS)
* installing *source* package ‘gpaExample’ ...
** using staged installation
** data
** help
*** installing help indices
** building package indices
** testing if installed package can be loaded from temporary location
** testing if installed package can be loaded from final location
** testing if installed package keeps a record of temporary installation path
* creating tarball
packaged installation of ‘gpaExample’ as ‘gpaExample_1.18.0_R_x86_64-pc-linux-gnu.tar.gz’
* DONE (gpaExample)
* installing *binary* package ‘vegan’ ...
* ‘vegan’ was already a binary package and will not be rebuilt
* creating tarball
packaged installation of ‘vegan’ as ‘vegan_2.6-10_R_x86_64-pc-linux-gnu.tar.gz’
* DONE (vegan)
* installing *source* package ‘GPA’ ...
** package ‘GPA’ successfully unpacked and MD5 sums checked
** using staged installation
** libs
using C++ compiler: ‘g++ (Ubuntu 13.3.0-6ubuntu2~24.04) 13.3.0’
g++ -std=gnu++17 -I"/usr/local/lib/R/include" -DNDEBUG  -I'/usr/local/lib/R/site-library/Rcpp/include' -I/usr/local/include    -fpic  -g -O2 -fstack-protector-strong -Wformat -Wformat-security -Wdate-time -D_FORTIFY_SOURCE=2 -g  -DR_NO_REMAP -c cppEM.cpp -o cppEM.o
g++ -std=gnu++17 -shared -L/usr/local/lib/R/lib -L/usr/local/lib -o GPA.so cppEM.o -L/usr/local/lib/R/lib -lR
installing to /mnt/library/00LOCK-GPA/00new/GPA/libs
** R
** inst
** byte-compile and prepare package for lazy loading
Creating a new generic function for ‘cov’ in package ‘GPA’
** help
*** installing help indices
** building package indices
** installing vignettes
** testing if installed package can be loaded from temporary location
** checking absolute paths in shared objects and dynamic libraries
** testing if installed package can be loaded from final location
** testing if installed package keeps a record of temporary installation path
* creating tarball
packaged installation of ‘GPA’ as ‘GPA_1.18.0_R_x86_64-pc-linux-gnu.tar.gz’
* DONE (GPA)

The downloaded source packages are in
	‘/tmp/Rtmp0LqZCu/downloaded_packages’
Old packages: 'bslib', 'cli', 'cpp11', 'curl', 'evaluate', 'httr2', 'jsonlite',
  'openssl', 'pillar', 'pkgbuild', 'processx', 'ps', 'purrr', 'R6', 'Rcpp',
  'rlang', 'sessioninfo', 'systemfonts', 'testthat', 'textshaping', 'tinytex',
  'xfun', 'xml2', 'zip', 'class', 'foreign', 'KernSmooth', 'MASS', 'Matrix',
  'nlme', 'nnet', 'rpart', 'spatial'

real	0m52.477s
user	0m15.543s
sys	0m5.426s
