'getOption("repos")' replaces Bioconductor standard repositories, see
'help("repositories", package = "BiocManager")' for details.
Replacement repositories:
    CRAN: https://p3m.dev/cran/__linux__/noble/latest
Bioconductor version 3.20 (BiocManager 1.30.25), R 4.4.2 (2024-10-31)
Installing package(s) 'lmdme'
also installing the dependency ‘stemHypoxia’

trying URL 'https://bioconductor.org/packages/3.20/data/experiment/src/contrib/stemHypoxia_1.42.0.tar.gz'
Content type 'application/x-gzip' length 2907563 bytes (2.8 MB)
==================================================
downloaded 2.8 MB

trying URL 'https://bioconductor.org/packages/3.20/bioc/src/contrib/lmdme_1.48.0.tar.gz'
Content type 'application/x-gzip' length 623759 bytes (609 KB)
==================================================
downloaded 609 KB

* installing *source* package ‘stemHypoxia’ ...
** using staged installation
** data
** help
*** installing help indices
** building package indices
** testing if installed package can be loaded from temporary location
** testing if installed package can be loaded from final location
** testing if installed package keeps a record of temporary installation path
* creating tarball
packaged installation of ‘stemHypoxia’ as ‘stemHypoxia_1.42.0_R_x86_64-pc-linux-gnu.tar.gz’
* DONE (stemHypoxia)
* installing *source* package ‘lmdme’ ...
** using staged installation
** R
** inst
** byte-compile and prepare package for lazy loading
Creating a new generic function for ‘p.adjust’ in package ‘lmdme’
** help
*** installing help indices
** building package indices
** installing vignettes
** testing if installed package can be loaded from temporary location
** testing if installed package can be loaded from final location
** testing if installed package keeps a record of temporary installation path
* creating tarball
packaged installation of ‘lmdme’ as ‘lmdme_1.48.0_R_x86_64-pc-linux-gnu.tar.gz’
* DONE (lmdme)

The downloaded source packages are in
	‘/tmp/Rtmpdn1JtE/downloaded_packages’
Old packages: 'bslib', 'cli', 'cpp11', 'curl', 'evaluate', 'httr2', 'jsonlite',
  'openssl', 'pillar', 'pkgbuild', 'processx', 'ps', 'purrr', 'R6', 'Rcpp',
  'rlang', 'sessioninfo', 'systemfonts', 'testthat', 'textshaping', 'tinytex',
  'xfun', 'xml2', 'zip', 'class', 'foreign', 'KernSmooth', 'MASS', 'Matrix',
  'nlme', 'nnet', 'rpart', 'spatial'

real	0m21.777s
user	0m7.731s
sys	0m3.873s
