'getOption("repos")' replaces Bioconductor standard repositories, see
'help("repositories", package = "BiocManager")' for details.
Replacement repositories:
    CRAN: https://p3m.dev/cran/__linux__/noble/latest
Bioconductor version 3.20 (BiocManager 1.30.25), R 4.4.2 (2024-10-31)
Installing package(s) 'xenLite'
also installing the dependencies ‘geometries’, ‘LearnBayes’, ‘sfheaders’, ‘spatialreg’, ‘spdep’, ‘SpatialFeatureExperiment’, ‘SFEData’

trying URL 'https://p3m.dev/cran/__linux__/noble/latest/src/contrib/geometries_0.2.4.tar.gz'
Content type 'binary/octet-stream' length 294834 bytes (287 KB)
==================================================
downloaded 287 KB

trying URL 'https://p3m.dev/cran/__linux__/noble/latest/src/contrib/LearnBayes_2.15.1.tar.gz'
Content type 'binary/octet-stream' length 1015547 bytes (991 KB)
==================================================
downloaded 991 KB

trying URL 'https://p3m.dev/cran/__linux__/noble/latest/src/contrib/sfheaders_0.4.4.tar.gz'
Content type 'binary/octet-stream' length 487953 bytes (476 KB)
==================================================
downloaded 476 KB

trying URL 'https://p3m.dev/cran/__linux__/noble/latest/src/contrib/spatialreg_1.3-6.tar.gz'
Content type 'binary/octet-stream' length 2248513 bytes (2.1 MB)
==================================================
downloaded 2.1 MB

trying URL 'https://p3m.dev/cran/__linux__/noble/latest/src/contrib/spdep_1.3-10.tar.gz'
Content type 'binary/octet-stream' length 5488954 bytes (5.2 MB)
==================================================
downloaded 5.2 MB

trying URL 'https://bioconductor.org/packages/3.20/bioc/src/contrib/SpatialFeatureExperiment_1.8.6.tar.gz'
Content type 'application/x-gzip' length 1903204 bytes (1.8 MB)
==================================================
downloaded 1.8 MB

trying URL 'https://bioconductor.org/packages/3.20/data/experiment/src/contrib/SFEData_1.8.1.tar.gz'
Content type 'application/x-gzip' length 263068 bytes (256 KB)
==================================================
downloaded 256 KB

trying URL 'https://bioconductor.org/packages/3.20/bioc/src/contrib/xenLite_1.0.0.tar.gz'
Content type 'application/x-gzip' length 3409444 bytes (3.3 MB)
==================================================
downloaded 3.3 MB

* installing *binary* package ‘geometries’ ...
* ‘geometries’ was already a binary package and will not be rebuilt
* creating tarball
packaged installation of ‘geometries’ as ‘geometries_0.2.4_R_x86_64-pc-linux-gnu.tar.gz’
* DONE (geometries)
* installing *binary* package ‘LearnBayes’ ...
* ‘LearnBayes’ was already a binary package and will not be rebuilt
* creating tarball
packaged installation of ‘LearnBayes’ as ‘LearnBayes_2.15.1_R_x86_64-pc-linux-gnu.tar.gz’
* DONE (LearnBayes)
* installing *binary* package ‘spdep’ ...
* ‘spdep’ was already a binary package and will not be rebuilt
* creating tarball
packaged installation of ‘spdep’ as ‘spdep_1.3-10_R_x86_64-pc-linux-gnu.tar.gz’
* DONE (spdep)
* installing *source* package ‘SFEData’ ...
** using staged installation
** R
** inst
** byte-compile and prepare package for lazy loading
** help
*** installing help indices
** building package indices
** installing vignettes
** testing if installed package can be loaded from temporary location
** testing if installed package can be loaded from final location
** testing if installed package keeps a record of temporary installation path
* creating tarball
packaged installation of ‘SFEData’ as ‘SFEData_1.8.1_R_x86_64-pc-linux-gnu.tar.gz’
* DONE (SFEData)
* installing *source* package ‘xenLite’ ...
** package ‘xenLite’ successfully unpacked and MD5 sums checked
** using staged installation
** R
** data
** inst
** byte-compile and prepare package for lazy loading
** help
*** installing help indices
*** copying figures
** building package indices
** installing vignettes
** testing if installed package can be loaded from temporary location
** testing if installed package can be loaded from final location
** testing if installed package keeps a record of temporary installation path
* creating tarball
packaged installation of ‘xenLite’ as ‘xenLite_1.0.0_R_x86_64-pc-linux-gnu.tar.gz’
* DONE (xenLite)
* installing *binary* package ‘sfheaders’ ...
* ‘sfheaders’ was already a binary package and will not be rebuilt
* creating tarball
packaged installation of ‘sfheaders’ as ‘sfheaders_0.4.4_R_x86_64-pc-linux-gnu.tar.gz’
* DONE (sfheaders)
* installing *binary* package ‘spatialreg’ ...
* ‘spatialreg’ was already a binary package and will not be rebuilt
* creating tarball
packaged installation of ‘spatialreg’ as ‘spatialreg_1.3-6_R_x86_64-pc-linux-gnu.tar.gz’
* DONE (spatialreg)
ERROR: failed to lock directory ‘/mnt/library’ for modifying
Try removing ‘/mnt/library/00LOCK-SpatialFeatureExperiment’

The downloaded source packages are in
	‘/tmp/RtmpY59y64/downloaded_packages’
Old packages: 'bslib', 'cli', 'cpp11', 'curl', 'evaluate', 'httr2', 'jsonlite',
  'openssl', 'pillar', 'pkgbuild', 'processx', 'ps', 'purrr', 'R6', 'Rcpp',
  'rlang', 'sessioninfo', 'systemfonts', 'testthat', 'textshaping', 'tinytex',
  'xfun', 'xml2', 'zip', 'class', 'foreign', 'KernSmooth', 'MASS', 'Matrix',
  'nlme', 'nnet', 'rpart', 'spatial'
Warning message:
In install.packages(...) :
  installation of package ‘SpatialFeatureExperiment’ had non-zero exit status

real	2m12.714s
user	0m45.675s
sys	0m9.504s
